Warning[w6]: Type conflict for external/entry "sys_errorcode_runcode", in module uart_config against external/entry in module timer; different basic types
  /* In module uart_config: */
  bool sys_errorcode_runcode;
  /* In module timer: */
  unsigned int sys_errorcode_runcode;
################################################################################
#                                                                              #
#      IAR Universal Linker V6.5.4.100                                         #
#                                                                              #
#           Link time     =  30/Nov/2020  10:23:08                             #
#           Target CPU    =  MSP430                                            #
#           List file     =  \\Mac\Home\work\ETL\Debug\List\RTUtest_GP.map     #
#           Output file 1 =  \\Mac\Home\work\ETL\Debug\Exe\RTUtest_GP.d43      #
#                            Format: ubrof10                                   #
#                            UBROF version 10.0.6                              #
#                            Using library modules for C-SPY (-rt)             #
#           Command line  =  -f C:\Users\83797\AppData\Local\Temp\EWD0CB.tmp   #
#                            (\\Mac\Home\work\ETL\Debug\Obj\adc10_a.r43        #
#                            \\Mac\Home\work\ETL\Debug\Obj\adc12_a.r43         #
#                            \\Mac\Home\work\ETL\Debug\Obj\aes.r43             #
#                            \\Mac\Home\work\ETL\Debug\Obj\battbak.r43         #
#                            \\Mac\Home\work\ETL\Debug\Obj\common.r43          #
#                            \\Mac\Home\work\ETL\Debug\Obj\comp_b.r43          #
#                            \\Mac\Home\work\ETL\Debug\Obj\Console.r43         #
#                            \\Mac\Home\work\ETL\Debug\Obj\crc.r43             #
#                            \\Mac\Home\work\ETL\Debug\Obj\cstartup.r43        #
#                            \\Mac\Home\work\ETL\Debug\Obj\ctsd16.r43          #
#                            \\Mac\Home\work\ETL\Debug\Obj\dac12_a.r43         #
#                            \\Mac\Home\work\ETL\Debug\Obj\datapage.r43        #
#                            \\Mac\Home\work\ETL\Debug\Obj\debug.r43           #
#                            \\Mac\Home\work\ETL\Debug\Obj\dma.r43             #
#                            \\Mac\Home\work\ETL\Debug\Obj\dualpool.r43        #
#                            \\Mac\Home\work\ETL\Debug\Obj\etl.r43             #
#                            \\Mac\Home\work\ETL\Debug\Obj\etltest.r43         #
#                            \\Mac\Home\work\ETL\Debug\Obj\eusci_a_spi.r43     #
#                            \\Mac\Home\work\ETL\Debug\Obj\eusci_a_uart.r43    #
#                            \\Mac\Home\work\ETL\Debug\Obj\eusci_b_i2c.r43     #
#                            \\Mac\Home\work\ETL\Debug\Obj\eusci_b_spi.r43     #
#                            \\Mac\Home\work\ETL\Debug\Obj\flashctl.r43        #
#                            \\Mac\Home\work\ETL\Debug\Obj\gpio.r43            #
#                            \\Mac\Home\work\ETL\Debug\Obj\infopage.r43        #
#                            \\Mac\Home\work\ETL\Debug\Obj\lcd_b.r43           #
#                            \\Mac\Home\work\ETL\Debug\Obj\lcd_c.r43           #
#                            \\Mac\Home\work\ETL\Debug\Obj\ldopwr.r43          #
#                            \\Mac\Home\work\ETL\Debug\Obj\led.r43             #
#                            \\Mac\Home\work\ETL\Debug\Obj\lowpower.r43        #
#                            \\Mac\Home\work\ETL\Debug\Obj\main.r43            #
#                            \\Mac\Home\work\ETL\Debug\Obj\mpy32.r43           #
#                            \\Mac\Home\work\ETL\Debug\Obj\oa.r43              #
#                            \\Mac\Home\work\ETL\Debug\Obj\pmap.r43            #
#                            \\Mac\Home\work\ETL\Debug\Obj\pmm.r43             #
#                            \\Mac\Home\work\ETL\Debug\Obj\ram.r43             #
#                            \\Mac\Home\work\ETL\Debug\Obj\ref.r43             #
#                            \\Mac\Home\work\ETL\Debug\Obj\rom.r43             #
#                            \\Mac\Home\work\ETL\Debug\Obj\rtc.r43             #
#                            \\Mac\Home\work\ETL\Debug\Obj\rtc_a.r43           #
#                            \\Mac\Home\work\ETL\Debug\Obj\rtc_b.r43           #
#                            \\Mac\Home\work\ETL\Debug\Obj\rtc_c.r43           #
#                            \\Mac\Home\work\ETL\Debug\Obj\sd24_b.r43          #
#                            \\Mac\Home\work\ETL\Debug\Obj\sfr.r43             #
#                            \\Mac\Home\work\ETL\Debug\Obj\sys_status.r43      #
#                            \\Mac\Home\work\ETL\Debug\Obj\sysctl.r43          #
#                            \\Mac\Home\work\ETL\Debug\Obj\tec.r43             #
#                            \\Mac\Home\work\ETL\Debug\Obj\timer.r43           #
#                            \\Mac\Home\work\ETL\Debug\Obj\timer_a.r43         #
#                            \\Mac\Home\work\ETL\Debug\Obj\timer_b.r43         #
#                            \\Mac\Home\work\ETL\Debug\Obj\timer_d.r43         #
#                            \\Mac\Home\work\ETL\Debug\Obj\tlv.r43             #
#                            \\Mac\Home\work\ETL\Debug\Obj\tool.r43            #
#                            \\Mac\Home\work\ETL\Debug\Obj\uart0.r43           #
#                            \\Mac\Home\work\ETL\Debug\Obj\uart1.r43           #
#                            \\Mac\Home\work\ETL\Debug\Obj\uart3.r43           #
#                            \\Mac\Home\work\ETL\Debug\Obj\uart_config.r43     #
#                            \\Mac\Home\work\ETL\Debug\Obj\ucs.r43             #
#                            \\Mac\Home\work\ETL\Debug\Obj\usci_a_spi.r43      #
#                            \\Mac\Home\work\ETL\Debug\Obj\usci_a_uart.r43     #
#                            \\Mac\Home\work\ETL\Debug\Obj\usci_b_i2c.r43      #
#                            \\Mac\Home\work\ETL\Debug\Obj\usci_b_spi.r43      #
#                            \\Mac\Home\work\ETL\Debug\Obj\wdt_a.r43 -o        #
#                            \\Mac\Home\work\ETL\Debug\Exe\RTUtest_GP.d43 -l   #
#                            \\Mac\Home\work\ETL\Debug\List\RTUtest_GP.map     #
#                            -xms                                              #
#                            "-IC:\Program Files (x86)\IAR Systems\Embedded Wo #
#                            rkbench 8.0\430\LIB\"                             #
#                            -f                                                #
#                            "C:\Program Files (x86)\IAR Systems\Embedded Work #
#                            bench 8.0\430\config\linker\lnk430f5438a.xcl"     #
#                            (-cmsp430 -D?CPU30_OFFSET=2 -QCODE_I=CODE_ID      #
#                            -QTLS16_I=TLS16_ID -D__iar_HWMUL=4C0              #
#                            -Z(CONST)INFO=1800-19FF                           #
#                            -Z(CONST)INFOA=1980-19FF                          #
#                            -Z(CONST)INFOB=1900-197F                          #
#                            -Z(CONST)INFOC=1880-18FF                          #
#                            -Z(CONST)INFOD=1800-187F                          #
#                            -Z(DATA)DATA16_I,DATA16_Z,DATA16_N,TLS16_I=1C00-5 #
#                            BFF                                               #
#                            -Z(DATA)DATA16_HEAP+_DATA16_HEAP_SIZE             #
#                            -Z(DATA)CODE_I                                    #
#                            -Z(DATA)DATA20_I,DATA20_Z,DATA20_N,DATA20_HEAP+_D #
#                            ATA20_HEAP_SIZE                                   #
#                            -Z(DATA)CSTACK+_STACK_SIZE#                       #
#                            -Z(CONST)DATA16_C,DATA16_ID,TLS16_ID,DIFUNCT,CHEC #
#                            KSUM=5C00-FF7F                                    #
#                            -Z(CODE)CSTART,ISR_CODE,CODE16=5C00-FF7F          #
#                            -P(CODE)CODE=5C00-FF7F,10000-45BFF                #
#                            -Z(CONST)DATA20_C,DATA20_ID,CODE_ID=5C00-FF7F,100 #
#                            40-45BFF                                          #
#                            -Z(CODE)INTVEC=FF80-FFFF                          #
#                            -Z(CODE)RESET=FFFE-FFFF) -f                       #
#                            "C:\Program Files (x86)\IAR Systems\Embedded Work #
#                            bench 8.0\430\config\linker\multiplier32.xcl"     #
#                            (-e?Mul8Hw=?Mul8 -e?Mul16Hw=?Mul16                #
#                            -e?Mul16to32uHw=?Mul16to32u                       #
#                            -e?Mul16to32sHw=?Mul16to32s -e?Mul32Hw32=?Mul32   #
#                            -e?Mul64Hw32=_Mul64i                              #
#                            -e?Mul32u32uto64iHw32=_Mul32u32uto64i             #
#                            -e?Mul32fHw32=_Mul32f                             #
#                            -e_Mul64fHw32Ptr=_Mul64fPtr) -D_STACK_SIZE=7D0    #
#                            -rt                                               #
#                            "C:\Program Files (x86)\IAR Systems\Embedded Work #
#                            bench 8.0\430\lib\dlib\dl430xlsfn.r43"            #
#                            -D_DATA16_HEAP_SIZE=2AF8 -s __program_start       #
#                            -D_DATA20_HEAP_SIZE=50)                           #
#                                                                              #
#                           Copyright (C) 1987-2018 IAR Systems AB.            #
################################################################################





                ****************************************
                *                                      *
                *           CROSS REFERENCE            *
                *                                      *
                ****************************************

       Program entry at :           607E  Relocatable, from module : ?cstart




                ****************************************
                *                                      *
                *            RUNTIME MODEL             *
                *                                      *
                ****************************************

  __Heap_Handler             = Basic
  __SystemLibrary            = DLib
  __code_model               = large
  __core                     = 430X
  __data_model               = small
  __dlib_file_descriptor     = 0
  __dlib_full_locale_support = 0
  __double_size              = 32
  __pic                      = no
  __reg_r4                   = free
  __reg_r5                   = free
  __rt_version               = 3

                ****************************************
                *                                      *
                *    AUTOMATIC SYMBOL REDIRECTIONS     *
                *                                      *
                ****************************************

       All references to: _Printf
         were redirected to: _PrintfSmallNoMb



                ****************************************
                *                                      *
                *              MODULE MAP              *
                *                                      *
                ****************************************


  DEFINED ABSOLUTE ENTRIES
    *************************************************************************

  DEFINED ABSOLUTE ENTRIES
  PROGRAM MODULE, NAME : ?ABS_ENTRY_MOD

Absolute parts
           ENTRY                   ADDRESS         REF BY
           =====                   =======         ======
           _DATA20_HEAP_SIZE       0050 
           _DATA16_HEAP_SIZE       2AF8 
           _STACK_SIZE             07D0 
           __iar_HWMUL             04C0            ETL::Read(unsigned long long, char *, int) (etl)
                                                   ETL::ReadDataPage(int, DataPage *) (etl)
                                                   ETL::Write(unsigned long long, char const *, int) (etl)
                                                   ETL::WriteDataPage(int, DataPage *) (etl)
                                                   Segment part 1 (?Mul8Hw)
           ?CPU30_OFFSET           0002 
    *************************************************************************

  FILE NAME : \\Mac\Home\work\ETL\Debug\Obj\adc10_a.r43
    *************************************************************************

  FILE NAME : \\Mac\Home\work\ETL\Debug\Obj\adc12_a.r43
    *************************************************************************

  FILE NAME : \\Mac\Home\work\ETL\Debug\Obj\aes.r43
    *************************************************************************

  FILE NAME : \\Mac\Home\work\ETL\Debug\Obj\battbak.r43
    *************************************************************************

  FILE NAME : \\Mac\Home\work\ETL\Debug\Obj\common.r43
  PROGRAM MODULE, NAME : common

  SEGMENTS IN THE MODULE
  ======================
DATA16_AN
  Relative segment, address: 021A - 021B (0x2 bytes), align: 0
  Segment part 1. ROOT        Intra module refs:   Restart_Init() (main)
           ENTRY                   ADDRESS         REF BY
           =====                   =======         ======
           _A_PAIE_L               021A 
           LOCAL                   ADDRESS         
           =====                   =======         
           PAIE                    021A 
           PAIE_H                  021B 
           PAIE_L                  021A 
    -------------------------------------------------------------------------
DATA16_AN
  Relative segment, address: 021C - 021D (0x2 bytes), align: 0
  Segment part 2. ROOT 
           ENTRY                   ADDRESS         REF BY
           =====                   =======         ======
           _A_PAIFG_L              021C 
           LOCAL                   ADDRESS         
           =====                   =======         
           PAIFG                   021C 
           PAIFG_H                 021D 
           PAIFG_L                 021C 
    -------------------------------------------------------------------------
DATA16_AN
  Relative segment, address: 024A - 024B (0x2 bytes), align: 0
  Segment part 3. ROOT        Intra module refs:   Clock_Init()
           ENTRY                   ADDRESS         REF BY
           =====                   =======         ======
           _A_PCSEL_L              024A 
           LOCAL                   ADDRESS         
           =====                   =======         
           PCSEL                   024A 
           PCSEL_H                 024B 
           PCSEL_L                 024A 
    -------------------------------------------------------------------------
DATA16_AN
  Relative segment, address: 0262 - 0263 (0x2 bytes), align: 0
  Segment part 4. ROOT        Intra module refs:   Clear_ExternWatchdog()
                                                   Restart_Init() (main)
                                                   TimerB_Init(unsigned int) (timer)
           ENTRY                   ADDRESS         REF BY
           =====                   =======         ======
           _A_PDOUT_L              0262 
           LOCAL                   ADDRESS         
           =====                   =======         
           PDOUT                   0262 
           PDOUT_H                 0263 
           PDOUT_L                 0262 
    -------------------------------------------------------------------------
DATA16_AN
  Relative segment, address: 026A - 026B (0x2 bytes), align: 0
  Segment part 5. ROOT        Intra module refs:   Clock_Init()
           ENTRY                   ADDRESS         REF BY
           =====                   =======         ======
           _A_PDSEL_L              026A 
           LOCAL                   ADDRESS         
           =====                   =======         
           PDSEL                   026A 
           PDSEL_H                 026B 
           PDSEL_L                 026A 
    -------------------------------------------------------------------------
DATA16_AN
  Relative segment, address: 0282 - 0283 (0x2 bytes), align: 0
  Segment part 6. ROOT        Intra module refs:   IIC_SCL_HIGH() (rtc)
                                                   IIC_SCL_LOW() (rtc)
                                                   IIC_SDA_HIGH() (rtc)
                                                   IIC_SDA_LOW() (rtc)
                                                   Max3222_Open()
                                                   Restart_Init() (main)
           ENTRY                   ADDRESS         REF BY
           =====                   =======         ======
           _A_PEOUT_L              0282 
           LOCAL                   ADDRESS         
           =====                   =======         
           PEOUT                   0282 
           PEOUT_H                 0283 
           PEOUT_L                 0282 
    -------------------------------------------------------------------------
DATA16_AN
  Relative segment, address: 0284 - 0285 (0x2 bytes), align: 0
  Segment part 7. ROOT        Intra module refs:   IIC_Send_Byte(unsigned char) (rtc)
                                                   IIC_Start() (rtc)
                                                   IIC_Stop() (rtc)
                                                   IIC_Wait_Ack() (rtc)
                                                   Max3222_Open()
                                                   RTC_Open() (rtc)
                                                   Restart_Init() (main)
                                                   UART3_Open(int) (uart3)
           ENTRY                   ADDRESS         REF BY
           =====                   =======         ======
           _A_PEDIR_L              0284 
           LOCAL                   ADDRESS         
           =====                   =======         
           PEDIR                   0284 
           PEDIR_H                 0285 
           PEDIR_L                 0284 
    -------------------------------------------------------------------------
DATA16_AN
  Relative segment, address: 0120 - 0121 (0x2 bytes), align: 0
  Segment part 8. ROOT        Intra module refs:   Set_Vcore(unsigned int)
           ENTRY                   ADDRESS         REF BY
           =====                   =======         ======
           _A_PMMCTL0_L            0120 
           LOCAL                   ADDRESS         
           =====                   =======         
           PMMCTL0                 0120 
           PMMCTL0_H               0121 
           PMMCTL0_L               0120 
    -------------------------------------------------------------------------
DATA16_AN
  Relative segment, address: 0124 - 0125 (0x2 bytes), align: 0
  Segment part 9. ROOT        Intra module refs:   Set_Vcore(unsigned int)
           ENTRY                   ADDRESS         REF BY
           =====                   =======         ======
           _A_SVSMHCTL_L           0124 
           LOCAL                   ADDRESS         
           =====                   =======         
           SVSMHCTL                0124 
           SVSMHCTL_H              0125 
           SVSMHCTL_L              0124 
    -------------------------------------------------------------------------
DATA16_AN
  Relative segment, address: 0126 - 0127 (0x2 bytes), align: 0
  Segment part 10. ROOT       Intra module refs:   Set_Vcore(unsigned int)
           ENTRY                   ADDRESS         REF BY
           =====                   =======         ======
           _A_SVSMLCTL_L           0126 
           LOCAL                   ADDRESS         
           =====                   =======         
           SVSMLCTL                0126 
           SVSMLCTL_H              0127 
           SVSMLCTL_L              0126 
    -------------------------------------------------------------------------
DATA16_AN
  Relative segment, address: 012C - 012D (0x2 bytes), align: 0
  Segment part 11. ROOT       Intra module refs:   Set_Vcore(unsigned int)
           ENTRY                   ADDRESS         REF BY
           =====                   =======         ======
           _A_PMMIFG_L             012C 
           LOCAL                   ADDRESS         
           =====                   =======         
           PMMIFG                  012C 
           PMMIFG_H                012D 
           PMMIFG_L                012C 
    -------------------------------------------------------------------------
DATA16_AN
  Relative segment, address: 0102 - 0103 (0x2 bytes), align: 0
  Segment part 12. ROOT       Intra module refs:   Clock_ACLK_DIV(int)
                                                   Clock_Init()
                                                   Clock_SMCLK_DIV(int)
           ENTRY                   ADDRESS         REF BY
           =====                   =======         ======
           _A_SFRIFG1_L            0102 
           LOCAL                   ADDRESS         
           =====                   =======         
           SFRIFG1                 0102 
           SFRIFG1_H               0103 
           SFRIFG1_L               0102 
    -------------------------------------------------------------------------
DATA16_AN
  Relative segment, address: 0168 - 0169 (0x2 bytes), align: 0
  Segment part 13. ROOT       Intra module refs:   Clock_Init()
           ENTRY                   ADDRESS         REF BY
           =====                   =======         ======
           _A_UCSCTL4_L            0168 
           LOCAL                   ADDRESS         
           =====                   =======         
           UCSCTL4                 0168 
           UCSCTL4_H               0169 
           UCSCTL4_L               0168 
    -------------------------------------------------------------------------
DATA16_AN
  Relative segment, address: 016A - 016B (0x2 bytes), align: 0
  Segment part 14. ROOT       Intra module refs:   Clock_ACLK_DIV(int)
                                                   Clock_SMCLK_DIV(int)
           ENTRY                   ADDRESS         REF BY
           =====                   =======         ======
           _A_UCSCTL5_L            016A 
           LOCAL                   ADDRESS         
           =====                   =======         
           UCSCTL5                 016A 
           UCSCTL5_H               016B 
           UCSCTL5_L               016A 
    -------------------------------------------------------------------------
DATA16_AN
  Relative segment, address: 016C - 016D (0x2 bytes), align: 0
  Segment part 15. ROOT       Intra module refs:   Clock_Init()
           ENTRY                   ADDRESS         REF BY
           =====                   =======         ======
           _A_UCSCTL6_L            016C 
           LOCAL                   ADDRESS         
           =====                   =======         
           UCSCTL6                 016C 
           UCSCTL6_H               016D 
           UCSCTL6_L               016C 
    -------------------------------------------------------------------------
DATA16_AN
  Relative segment, address: 016E - 016F (0x2 bytes), align: 0
  Segment part 16. ROOT       Intra module refs:   Clock_Init()
           ENTRY                   ADDRESS         REF BY
           =====                   =======         ======
           _A_UCSCTL7_L            016E 
           LOCAL                   ADDRESS         
           =====                   =======         
           UCSCTL7                 016E 
           UCSCTL7_H               016F 
           UCSCTL7_L               016E 
    -------------------------------------------------------------------------
DATA16_AN
  Relative segment, address: 015C - 015D (0x2 bytes), align: 0
  Segment part 17. ROOT       Intra module refs:   Clock_Init()
                                                   System_Reset()
                                                   WatchDog_Clear() (timer)
                                                   WatchDog_Init() (timer)
           ENTRY                   ADDRESS         REF BY
           =====                   =======         ======
           _A_WDTCTL_L             015C 
           LOCAL                   ADDRESS         
           =====                   =======         
           WDTCTL                  015C 
           WDTCTL_H                015D 
           WDTCTL_L                015C 
    -------------------------------------------------------------------------
DATA16_Z
  Relative segment, address: 1C02 - 1C03 (0x2 bytes), align: 1
  Segment part 36.            Intra module refs:   TraceFunctionLine(char const *, int)
                                                   TraceMsgFuncLine(char *, int, char const *, int)
                                                   TraceOpen()
           ENTRY                   ADDRESS         REF BY
           =====                   =======         ======
           trace_open              1C02 
    -------------------------------------------------------------------------
DATA16_Z
  Relative segment, address: 1C04 - 1C05 (0x2 bytes), align: 1
  Segment part 37.            Intra module refs:   System_Delayms(unsigned int)
           LOCAL                   ADDRESS         
           =====                   =======         
           s_clock                 1C04 
    -------------------------------------------------------------------------
DATA16_Z
  Relative segment, address: 1C06 - 1C07 (0x2 bytes), align: 1
  Segment part 38.            Intra module refs:   DownInt()
                                                   UpInt()
           LOCAL                   ADDRESS         
           =====                   =======         
           _int                    1C06 
    -------------------------------------------------------------------------
DATA16_Z
  Relative segment, address: 1C08 - 1C09 (0x2 bytes), align: 1
  Segment part 39.            Intra module refs:   Clear_ExternWatchdog()
           LOCAL                   ADDRESS         
           =====                   =======         
           s_reset_pin             1C08 
    -------------------------------------------------------------------------
<CODE> 1 (was CODE)
  Relative segment, address: A4AE - A4BB (0xe bytes), align: 1
  Segment part 40.
           ENTRY                   ADDRESS         REF BY
           =====                   =======         ======
           TraceOpen()             A4AE            Main_Init() (main)
               calls direct
    -------------------------------------------------------------------------
<CODE> 1 (was CODE)
  Relative segment, address: 9EF6 - 9F15 (0x20 bytes), align: 1
  Segment part 41.            Intra module refs:   TraceMsgFuncLine(char *, int, char const *, int)
           ENTRY                   ADDRESS         REF BY
           =====                   =======         ======
           TraceFunctionLine(char const *, int)
                                   9EF6 
               calls direct
    -------------------------------------------------------------------------
<CODE> 1 (was CODE)
  Relative segment, address: 9A34 - 9A65 (0x32 bytes), align: 1
  Segment part 43.            Intra module refs:   System_Reset()
           ENTRY                   ADDRESS         REF BY
           =====                   =======         ======
           TraceMsgFuncLine(char *, int, char const *, int)
                                   9A34            main (main)
               calls direct
    -------------------------------------------------------------------------
<CODE> 1 (was CODE)
  Relative segment, address: 98F2 - 9929 (0x38 bytes), align: 1
  Segment part 51.            Intra module refs:   Clock_Init()
                                                   System_Reset()
           ENTRY                   ADDRESS         REF BY
           =====                   =======         ======
           System_Delayms(unsigned int)
                                   98F2            I2C_STOP() (rom)
                                                   Led_Round() (led)
                                                   RTC_Open() (rtc)
                                                   UART3_Send(char *, int, int) (uart3)
                                                   main (main)
    -------------------------------------------------------------------------
<CODE> 1 (was CODE)
  Relative segment, address: A5E4 - A5ED (0xa bytes), align: 1
  Segment part 53.
           ENTRY                   ADDRESS         REF BY
           =====                   =======         ======
           DownInt()               A5E4            ROM_ReadBytes_Page(unsigned long long, char *, int) (rom)
                                                   ROM_WriteBytes_Page_(unsigned long long, char const *, int) (rom)
                                                   RTC_Open() (rtc)
                                                   UART3_ClearBuffer() (uart3)
    -------------------------------------------------------------------------
<CODE> 1 (was CODE)
  Relative segment, address: A1C0 - A1D7 (0x18 bytes), align: 1
  Segment part 54.
           ENTRY                   ADDRESS         REF BY
           =====                   =======         ======
           UpInt()                 A1C0            ROM_ReadBytes_Page(unsigned long long, char *, int) (rom)
                                                   ROM_WriteBytes_Page_(unsigned long long, char const *, int) (rom)
                                                   RTC_Open() (rtc)
                                                   UART3_ClearBuffer() (uart3)
    -------------------------------------------------------------------------
<CODE> 1 (was CODE)
  Relative segment, address: A6A6 - A6AB (0x6 bytes), align: 1
  Segment part 58.
           ENTRY                   ADDRESS         REF BY
           =====                   =======         ======
           EnInt()                 A6A6            Main_Init() (main)
    -------------------------------------------------------------------------
<CODE> 1 (was CODE)
  Relative segment, address: A502 - A50F (0xe bytes), align: 1
  Segment part 59.
           ENTRY                   ADDRESS         REF BY
           =====                   =======         ======
           Max3222_Open()          A502            main (main)
    -------------------------------------------------------------------------
<CODE> 1 (was CODE)
  Relative segment, address: 9F36 - 9F55 (0x20 bytes), align: 1
  Segment part 61.
           ENTRY                   ADDRESS         REF BY
           =====                   =======         ======
           System_Reset()          9F36            TIMERB1_ISR() (timer)
               calls direct
    -------------------------------------------------------------------------
<CODE> 1 (was CODE)
  Relative segment, address: 8BD2 - 8C39 (0x68 bytes), align: 1
  Segment part 62.            Intra module refs:   Clock_Init()
           ENTRY                   ADDRESS         REF BY
           =====                   =======         ======
           Clock_SMCLK_DIV(int)    8BD2 
    -------------------------------------------------------------------------
<CODE> 1 (was CODE)
  Relative segment, address: 8C3A - 8CA1 (0x68 bytes), align: 1
  Segment part 63.            Intra module refs:   Clock_Init()
           ENTRY                   ADDRESS         REF BY
           =====                   =======         ======
           Clock_ACLK_DIV(int)     8C3A 
    -------------------------------------------------------------------------
<CODE> 1 (was CODE)
  Relative segment, address: 9270 - 92C5 (0x56 bytes), align: 1
  Segment part 64.            Intra module refs:   Clock_Init()
           ENTRY                   ADDRESS         REF BY
           =====                   =======         ======
           Set_Vcore(unsigned int)
                                   9270 
    -------------------------------------------------------------------------
<CODE> 1 (was CODE)
  Relative segment, address: 8F48 - 8FA3 (0x5c bytes), align: 1
  Segment part 65.
           ENTRY                   ADDRESS         REF BY
           =====                   =======         ======
           Clock_Init()            8F48            Restart_Init() (main)
               calls direct
    -------------------------------------------------------------------------
<CODE> 1 (was CODE)
  Relative segment, address: A24C - A261 (0x16 bytes), align: 1
  Segment part 72.
           ENTRY                   ADDRESS         REF BY
           =====                   =======         ======
           Utility_Strlen(char *)
                                   A24C            Console_WriteString(char *) (Console)
                                                   Console_WriteStringln(char *) (Console)
    -------------------------------------------------------------------------
<CODE> 1 (was CODE)
  Relative segment, address: 8AFE - 8B69 (0x6c bytes), align: 1
  Segment part 45.
           ENTRY                   ADDRESS         REF BY
           =====                   =======         ======
           Utility_UintToStr4(unsigned int, char *)
                                   8AFE            Console_WriteInt(int) (Console)
               calls direct
    -------------------------------------------------------------------------
<CODE> 1 (was CODE)
  Relative segment, address: A016 - A033 (0x1e bytes), align: 1
  Segment part 95.
           ENTRY                   ADDRESS         REF BY
           =====                   =======         ======
           Clear_ExternWatchdog()
                                   A016            TIMERB1_ISR() (timer)
    -------------------------------------------------------------------------
DATA16_C
  Relative segment, address: 5C1C - 5C1D (0x2 bytes), align: 0
  Segment part 19.            Intra module refs:   TraceFunctionLine(char const *, int)
    -------------------------------------------------------------------------
DATA16_C
  Relative segment, address: 5C1E - 5C2A (0xd bytes), align: 0
  Segment part 21.            Intra module refs:   System_Reset()
           LOCAL                   ADDRESS         
           =====                   =======         
           System_Reset()::__FUNCTION__
                                   5C1E 
    -------------------------------------------------------------------------
DATA16_C
  Relative segment, address: 5C2B - 5C37 (0xd bytes), align: 0
  Segment part 22.            Intra module refs:   System_Reset()

    *************************************************************************

  FILE NAME : \\Mac\Home\work\ETL\Debug\Obj\comp_b.r43
    *************************************************************************

  FILE NAME : \\Mac\Home\work\ETL\Debug\Obj\Console.r43
  PROGRAM MODULE, NAME : Console

  SEGMENTS IN THE MODULE
  ======================
<CODE> 1 (was CODE)
  Relative segment, address: A738 - A73B (0x4 bytes), align: 1
  Segment part 4.             Intra module refs:   DataPage::~DataPage() (etl)
                                                   ETL::InitialPhysicalPages() (etl)
                                                   ETL::ReadDataPage(int, DataPage *) (etl)
                                                   ETL::WriteDataPage(int, DataPage *) (etl)
                                                   Tool::SwapMemory(void *, void *, unsigned int) (tool)
           ENTRY                   ADDRESS         REF BY
           =====                   =======         ======
           free                    A738 
               calls direct
    -------------------------------------------------------------------------
<CODE> 1 (was CODE)
  Relative segment, address: A740 - A743 (0x4 bytes), align: 1
  Segment part 5.             Intra module refs:   Tool::SwapMemory(void *, void *, unsigned int) (tool)
           ENTRY                   ADDRESS         REF BY
           =====                   =======         ======
           malloc                  A740 
               calls direct
    -------------------------------------------------------------------------
<CODE> 1 (was CODE)
  Relative segment, address: A5A8 - A5B1 (0xa bytes), align: 1
  Segment part 6.
           ENTRY                   ADDRESS         REF BY
           =====                   =======         ======
           Console_Open()          A5A8            Restart_Init() (main)
                                                   TraceOpen() (common)
               calls direct
    -------------------------------------------------------------------------
<CODE> 1 (was CODE)
  Relative segment, address: A650 - A657 (0x8 bytes), align: 1
  Segment part 7.
           ENTRY                   ADDRESS         REF BY
           =====                   =======         ======
           Console_Close()         A650            TraceOpen() (common)
               calls direct
    -------------------------------------------------------------------------
<CODE> 1 (was CODE)
  Relative segment, address: 9E6C - 9E8F (0x24 bytes), align: 1
  Segment part 11.
           ENTRY                   ADDRESS         REF BY
           =====                   =======         ======
           Console_WriteString(char *)
                                   9E6C            TraceFunctionLine(char const *, int) (common)
                                                   TraceMsgFuncLine(char *, int, char const *, int) (common)
               calls direct
    -------------------------------------------------------------------------
<CODE> 1 (was CODE)
  Relative segment, address: 9D70 - 9D93 (0x24 bytes), align: 1
  Segment part 9.
           ENTRY                   ADDRESS         REF BY
           =====                   =======         ======
           Console_WriteStringln(char *)
                                   9D70            TraceMsgFuncLine(char *, int, char const *, int) (common)
               calls direct
    -------------------------------------------------------------------------
<CODE> 1 (was CODE)
  Relative segment, address: A2CA - A2DD (0x14 bytes), align: 1
  Segment part 8.             Intra module refs:   Console_WriteInt(int)
           ENTRY                   ADDRESS         REF BY
           =====                   =======         ======
           Console_WriteBytesln(char *, int)
                                   A2CA 
               calls direct
    -------------------------------------------------------------------------
<CODE> 1 (was CODE)
  Relative segment, address: A12A - A143 (0x1a bytes), align: 1
  Segment part 13.
           ENTRY                   ADDRESS         REF BY
           =====                   =======         ======
           Console_WriteInt(int)   A12A            TraceFunctionLine(char const *, int) (common)
               calls direct

    *************************************************************************

  FILE NAME : \\Mac\Home\work\ETL\Debug\Obj\crc.r43
    *************************************************************************

  FILE NAME : \\Mac\Home\work\ETL\Debug\Obj\cstartup.r43
  LIBRARY MODULE, NAME : ?cstart

Absolute parts
           LOCAL                   ADDRESS         
           =====                   =======         
           __MSP430F5212__         0000 
  SEGMENTS IN THE MODULE
  ======================
CSTACK
  Relative segment, address: 5430, align: 1
  Segment part 1.
    -------------------------------------------------------------------------
DATA16_Z
  Relative segment, address: 1C0A, align: 1
  Segment part 2.
    -------------------------------------------------------------------------
DATA16_I
  Relative segment, address: 1C00, align: 1
  Segment part 3.
    -------------------------------------------------------------------------
DATA16_ID
  Relative segment, address: 607C, align: 1
  Segment part 4.
    -------------------------------------------------------------------------
CODE_I
  Relative segment, address: 5002, align: 1
  Segment part 5.
    -------------------------------------------------------------------------
CODE_ID
  Relative segment, address: A7CE, align: 1
  Segment part 6.
    -------------------------------------------------------------------------
DATA20_Z
  Relative segment, address: 5002, align: 1
  Segment part 7.
    -------------------------------------------------------------------------
DATA20_I
  Relative segment, address: 5002, align: 1
  Segment part 8.
    -------------------------------------------------------------------------
DATA20_ID
  Relative segment, address: A7CE, align: 1
  Segment part 9.
    -------------------------------------------------------------------------
DATA20_C
  Relative segment, address: A7CE, align: 1
  Segment part 10.
    -------------------------------------------------------------------------
DATA20_N
  Relative segment, address: 5002, align: 1
  Segment part 12.
    -------------------------------------------------------------------------
CSTART
  Relative segment, address: 607E - 6087 (0xa bytes), align: 1
  Segment part 15.
           ENTRY                   ADDRESS         REF BY
           =====                   =======         ======
           __program_start         607E            ?reset_vector (?reset_vector)
                                                   Absolute parts (?ABS_ENTRY_MOD)
           ?cstart_begin           607E 
    -------------------------------------------------------------------------
CSTART
  Relative segment, address: 6088 - 6093 (0xc bytes), align: 1
  Segment part 20.
           ENTRY                   ADDRESS         REF BY
           =====                   =======         ======
           ?cstart_init_zero       6088            IsGetInput (uart0)
                                                   Is_RS485_1 (main)
                                                   Is_uart1_RX_INT (main)
                                                   Is_uart3_RX_INT (uart3)
                                                   Segment part 2 (?xgetmemchunk)
                                                   UART0_Rx_BufLen (uart0)
                                                   UART0_Rx_Buffer (uart0)
                                                   UART0_Rx_INTIndex (uart0)
                                                   UART0_Rx_INTLen (uart0)
                                                   UART1_Rx_BufLen (uart1)
                                                   UART1_Rx_Buffer (uart1)
                                                   UART1_Rx_INTIndex (uart1)
                                                   UART1_Rx_INTLen (uart1)
                                                   UART3_Rx_BufLen (uart3)
                                                   UART3_Rx_Buffer (uart3)
                                                   UART3_Rx_INTIndex (uart3)
                                                   UART3_Rx_INTLen (uart3)
                                                   UART3_Rx_RecvIndex (uart3)
                                                   UART3_Tx_Buf (uart3)
                                                   UART3_Tx_Flag (uart3)
                                                   UART3_Tx_Len (uart3)
                                                   __data16_Aldata (?xxmemxmalloc)
                                                   __iar_New_hand (?new)
                                                   _int (common)
                                                   etl (etltest)
                                                   s_ClockTicks (timer)
                                                   s_clock (common)
                                                   s_reset_count (timer)
                                                   s_reset_pin (common)
                                                   s_uart1_type (uart1)
                                                   s_uart3_type (uart3)
                                                   trace_open (common)
    -------------------------------------------------------------------------
CSTART
  Relative segment, address: 6094 - 60A3 (0x10 bytes), align: 1
  Segment part 21.
           ENTRY                   ADDRESS         REF BY
           =====                   =======         ======
           ?cstart_init_copy       6094            Opened (main)
    -------------------------------------------------------------------------
CSTART
  Relative segment, address: 60A4 - 60AB (0x8 bytes), align: 1
  Segment part 27.            Intra module refs:   Segment part 15
           ENTRY                   ADDRESS         REF BY
           =====                   =======         ======
           ?cstart_call_main       60A4 
           ?cstart_end             60AC 
    -------------------------------------------------------------------------
CODE_ID
  Relative segment, address: A7CE, align: 1
  Segment part 28.            Intra module refs:   Segment part 5

    -------------------------------------------------------------------------
  LIBRARY MODULE, NAME : ?reset_vector

  SEGMENTS IN THE MODULE
  ======================
RESET
  Relative segment, address: FFFE - FFFF (0x2 bytes), align: 1
  Segment part 0.
           ENTRY                   ADDRESS         REF BY
           =====                   =======         ======
           ?reset_vector           FFFE            Segment part 15 (?cstart)

    *************************************************************************

  FILE NAME : \\Mac\Home\work\ETL\Debug\Obj\ctsd16.r43
    *************************************************************************

  FILE NAME : \\Mac\Home\work\ETL\Debug\Obj\dac12_a.r43
    *************************************************************************

  FILE NAME : \\Mac\Home\work\ETL\Debug\Obj\datapage.r43
    *************************************************************************

  FILE NAME : \\Mac\Home\work\ETL\Debug\Obj\debug.r43
    *************************************************************************

  FILE NAME : \\Mac\Home\work\ETL\Debug\Obj\dma.r43
    *************************************************************************

  FILE NAME : \\Mac\Home\work\ETL\Debug\Obj\dualpool.r43
  PROGRAM MODULE, NAME : dualpool

  SEGMENTS IN THE MODULE
  ======================
<CODE> 1 (was CODE)
  Relative segment, address: A6A0 - A6A5 (0x6 bytes), align: 1
  Segment part 11.            Intra module refs:   void _ClassUtil::_MemHolder<PageCycle, less<PageCycle>>::_MemHolder(_Ty1 const &)[with _Ty1=less<PageCycle>]
           ENTRY                   ADDRESS         REF BY
           =====                   =======         ======
           void _ClassUtil::_MemHolder<PageCycle, less<PageCycle>>::_Helper<less<PageCycle>, 0>::_Helper(_Ty2 const &)[with _Ty2=less<PageCycle>]
                                   A6A0 
    -------------------------------------------------------------------------
<CODE> 1 (was CODE)
  Relative segment, address: A7B2 - A7B3 (0x2 bytes), align: 1
  Segment part 37.            Intra module refs:   _ClassUtil::_MemHolder<PageCycle, less<PageCycle>>::operator less<PageCycle> const &() const
           ENTRY                   ADDRESS         REF BY
           =====                   =======         ======
           _ClassUtil::_MemHolder<PageCycle, less<PageCycle>>::_Helper<less<PageCycle>, 0>::Ref() const
                                   A7B2 
    -------------------------------------------------------------------------
<CODE> 1 (was CODE)
  Relative segment, address: A7B0 - A7B1 (0x2 bytes), align: 1
  Segment part 38.            Intra module refs:   _ClassUtil::_MemHolder<PageCycle, less<PageCycle>>::operator less<PageCycle> &()
           ENTRY                   ADDRESS         REF BY
           =====                   =======         ======
           _ClassUtil::_MemHolder<PageCycle, less<PageCycle>>::_Helper<less<PageCycle>, 0>::Ref()
                                   A7B0 
    -------------------------------------------------------------------------
<CODE> 1 (was CODE)
  Relative segment, address: A402 - A411 (0x10 bytes), align: 1
  Segment part 12.            Intra module refs:   _Tree_nod<_Tset_traits<PageCycle, less<PageCycle>, allocator<PageCycle>, 0>>::_Tree_nod(less<PageCycle> const &, allocator<PageCycle>)
           ENTRY                   ADDRESS         REF BY
           =====                   =======         ======
           void _ClassUtil::_MemHolder<PageCycle, less<PageCycle>>::_MemHolder(_Ty1 const &)[with _Ty1=less<PageCycle>]
                                   A402 
               calls direct
    -------------------------------------------------------------------------
<CODE> 1 (was CODE)
  Relative segment, address: A798 - A79B (0x4 bytes), align: 1
  Segment part 39.            Intra module refs:   _Tree_nod<_Tset_traits<PageCycle, less<PageCycle>, allocator<PageCycle>, 0>>::comp() const
           ENTRY                   ADDRESS         REF BY
           =====                   =======         ======
           _ClassUtil::_MemHolder<PageCycle, less<PageCycle>>::operator less<PageCycle> const &() const
                                   A798 
               calls direct
    -------------------------------------------------------------------------
<CODE> 1 (was CODE)
  Relative segment, address: A790 - A793 (0x4 bytes), align: 1
  Segment part 40.            Intra module refs:   _Tree_nod<_Tset_traits<PageCycle, less<PageCycle>, allocator<PageCycle>, 0>>::comp()
           ENTRY                   ADDRESS         REF BY
           =====                   =======         ======
           _ClassUtil::_MemHolder<PageCycle, less<PageCycle>>::operator less<PageCycle> &()
                                   A790 
               calls direct
    -------------------------------------------------------------------------
<CODE> 1 (was CODE)
  Relative segment, address: A7B4 - A7B5 (0x2 bytes), align: 1
  Segment part 14.            Intra module refs:   _Tree_algobase<allocator<void>>::_Tree_algobase(allocator<void> const &)
           ENTRY                   ADDRESS         REF BY
           =====                   =======         ======
           _ClassUtil::_AllocHolder<><_Alloc, false>[with _Alloc=allocator<void>]::_AllocHolder(allocator<void>)
                                   A7B4 
    -------------------------------------------------------------------------
<CODE> 1 (was CODE)
  Relative segment, address: A7BA - A7BB (0x2 bytes), align: 1
  Segment part 41.            Intra module refs:   _Tree<_Tmap_traits<unsigned int, unsigned int, less<unsigned int>, allocator<pair<unsigned int const, unsigned int>>, 0>>::_Alnod() const (etl)
                                                   _Tree<_Tset_traits<PageCycle, less<PageCycle>, allocator<PageCycle>, 0>>::_Alnod() const
           ENTRY                   ADDRESS         REF BY
           =====                   =======         ======
           _ClassUtil::_AllocHolder<><_Alloc, false>[with _Alloc=allocator<void>]::_Alval() const
                                   A7BA 
    -------------------------------------------------------------------------
<CODE> 1 (was CODE)
  Relative segment, address: A628 - A62F (0x8 bytes), align: 1
  Segment part 43.            Intra module refs:   _Tree<_Tset_traits<PageCycle, less<PageCycle>, allocator<PageCycle>, 0>>::_Lbound(PageCycle const &) const
                                                   _Tree<_Tset_traits<PageCycle, less<PageCycle>, allocator<PageCycle>, 0>>::_Ubound(PageCycle const &) const
                                                   _Tree<_Tset_traits<PageCycle, less<PageCycle>, allocator<PageCycle>, 0>>::insert(PageCycle const &)
           ENTRY                   ADDRESS         REF BY
           =====                   =======         ======
           less<PageCycle>::operator()(_ParamTy, _ParamTy) const
                                   A628 
               calls direct
    -------------------------------------------------------------------------
<CODE> 1 (was CODE)
  Relative segment, address: A586 - A591 (0xc bytes), align: 1
  Segment part 44.            Intra module refs:   _Tree_algobase<allocator<void>>::_Erase(_Genptr)
           ENTRY                   ADDRESS         REF BY
           =====                   =======         ======
           void swap(_Ty &, _Ty &)[with _Ty=char]
                                   A586 
    -------------------------------------------------------------------------
<CODE> 1 (was CODE)
  Relative segment, address: A602 - A60B (0xa bytes), align: 1
  Segment part 45.            Intra module refs:   _Tree<_Tset_traits<PageCycle, less<PageCycle>, allocator<PageCycle>, 0>>::insert(PageCycle const &)
           ENTRY                   ADDRESS         REF BY
           =====                   =======         ======
           pair<_Tree<_Tset_traits<PageCycle, less<PageCycle>, allocator<PageCycle>, 0>>::iterator, bool>::pair(_ParamTy1, bool)
                                   A602 
    -------------------------------------------------------------------------
<CODE> 1 (was CODE)
  Relative segment, address: A60C - A615 (0xa bytes), align: 1
  Segment part 46.            Intra module refs:   _Tree<_Tset_traits<PageCycle, less<PageCycle>, allocator<PageCycle>, 0>>::equal_range(PageCycle const &)
           ENTRY                   ADDRESS         REF BY
           =====                   =======         ======
           pair<_Tree<_Tset_traits<PageCycle, less<PageCycle>, allocator<PageCycle>, 0>>::iterator, _Tree<_Tset_traits<PageCycle, less<PageCycle>, allocator<PageCycle>, 0>>::iterator>::pair(_TypeUtil::_ParameterType<_Tree<_Tset_traits<PageCycle, less<PageCycle>, allocator<PageCycle>, 0>>::iterator>::_Type, _TypeUtil::_ParameterType<_Tree<_Tset_traits<PageCycle, less<PageCycle>, allocator<PageCycle>, 0>>::iterator>::_Type)
                                   A60C 
    -------------------------------------------------------------------------
<CODE> 1 (was CODE)
  Relative segment, address: 9C36 - 9C5F (0x2a bytes), align: 1
  Segment part 55.            Intra module refs:   iterator_traits<_InIt>::difference_type distance(_InIt, _InIt)[with _InIt=_TypeUtil::_StripMemory<_Tree<_Tset_traits<PageCycle, less<PageCycle>, allocator<PageCycle>, 0>>::iterator>::_Type]
           ENTRY                   ADDRESS         REF BY
           =====                   =======         ======
           iterator_traits<_InIt>::difference_type _DistanceHelper<bidirectional_iterator_tag>::_Distance(_InIt, _InIt)[with _InIt=_TypeUtil::_StripMemory<_Tree<_Tset_traits<PageCycle, less<PageCycle>, allocator<PageCycle>, 0>>::iterator>::_Type]
                                   9C36 
               calls direct
    -------------------------------------------------------------------------
<CODE> 1 (was CODE)
  Relative segment, address: A328 - A339 (0x12 bytes), align: 1
  Segment part 56.            Intra module refs:   _Tree<_Tset_traits<PageCycle, less<PageCycle>, allocator<PageCycle>, 0>>::erase(PageCycle const &)
           ENTRY                   ADDRESS         REF BY
           =====                   =======         ======
           iterator_traits<_InIt>::difference_type distance(_InIt, _InIt)[with _InIt=_TypeUtil::_StripMemory<_Tree<_Tset_traits<PageCycle, less<PageCycle>, allocator<PageCycle>, 0>>::iterator>::_Type]
                                   A328 
               calls direct
    -------------------------------------------------------------------------
<CODE> 1 (was CODE)
  Relative segment, address: A648 - A64F (0x8 bytes), align: 1
  Segment part 57.            Intra module refs:   _Tree<_Tset_traits<PageCycle, less<PageCycle>, allocator<PageCycle>, 0>>::rbegin()
           ENTRY                   ADDRESS         REF BY
           =====                   =======         ======
           reverse_iterator<_Tree<_Tset_traits<PageCycle, less<PageCycle>, allocator<PageCycle>, 0>>::iterator>::reverse_iterator(_Tree<_Tset_traits<PageCycle, less<PageCycle>, allocator<PageCycle>, 0>>::iterator)
                                   A648 
    -------------------------------------------------------------------------
<CODE> 1 (was CODE)
  Relative segment, address: A28E - A2A1 (0x14 bytes), align: 1
  Segment part 65.            Intra module refs:   reverse_iterator<_Tree<_Tset_traits<PageCycle, less<PageCycle>, allocator<PageCycle>, 0>>::iterator>::operator->() const
           ENTRY                   ADDRESS         REF BY
           =====                   =======         ======
           reverse_iterator<_Tree<_Tset_traits<PageCycle, less<PageCycle>, allocator<PageCycle>, 0>>::iterator>::operator*() const
                                   A28E 
               calls direct
    -------------------------------------------------------------------------
<CODE> 1 (was CODE)
  Relative segment, address: A734 - A737 (0x4 bytes), align: 1
  Segment part 66.            Intra module refs:   DualPool::IsHotPoolResizeTriggered()
           ENTRY                   ADDRESS         REF BY
           =====                   =======         ======
           reverse_iterator<_Tree<_Tset_traits<PageCycle, less<PageCycle>, allocator<PageCycle>, 0>>::iterator>::operator->() const
                                   A734 
               calls direct
    -------------------------------------------------------------------------
<CODE> 1 (was CODE)
  Relative segment, address: A730 - A733 (0x4 bytes), align: 1
  Segment part 67.            Intra module refs:   _Tree<_Tmap_traits<unsigned int, unsigned int, less<unsigned int>, allocator<pair<unsigned int const, unsigned int>>, 0>>::_Buynode(_Nodeptr, _Nodeptr, _Nodeptr, pair<unsigned int const, unsigned int> const &, char) (etl)
                                                   _Tree<_Tset_traits<PageCycle, less<PageCycle>, allocator<PageCycle>, 0>>::_Buynode(_Nodeptr, _Nodeptr, _Nodeptr, PageCycle const &, char)
           ENTRY                   ADDRESS         REF BY
           =====                   =======         ======
           operator new(unsigned int, void *)
                                   A730 
    -------------------------------------------------------------------------
<CODE> 1 (was CODE)
  Relative segment, address: A72C - A72F (0x4 bytes), align: 1
  Segment part 68.            Intra module refs:   allocator<_Tree_nod<_Tmap_traits<unsigned int, unsigned int, less<unsigned int>, allocator<pair<unsigned int const, unsigned int>>, 0>>::_Node>::allocate(unsigned int) (etl)
                                                   allocator<_Tree_nod<_Tset_traits<PageCycle, less<PageCycle>, allocator<PageCycle>, 0>>::_Node>::allocate(unsigned int)
           ENTRY                   ADDRESS         REF BY
           =====                   =======         ======
           _Allocator<void>::allocate(unsigned int)
                                   A72C 
               calls direct
    -------------------------------------------------------------------------
<CODE> 1 (was CODE)
  Relative segment, address: A724 - A727 (0x4 bytes), align: 1
  Segment part 69.            Intra module refs:   allocator<_Tree_nod<_Tset_traits<PageCycle, less<PageCycle>, allocator<PageCycle>, 0>>::_Node>::deallocate(pointer, unsigned int)
           ENTRY                   ADDRESS         REF BY
           =====                   =======         ======
           _Allocator<void>::deallocate(void *)
                                   A724 
               calls direct
    -------------------------------------------------------------------------
<CODE> 1 (was CODE)
  Relative segment, address: A718 - A71B (0x4 bytes), align: 1
  Segment part 71.            Intra module refs:   allocator<_Tree_nod<_Tset_traits<PageCycle, less<PageCycle>, allocator<PageCycle>, 0>>::_Node>::destroy(pointer)
           ENTRY                   ADDRESS         REF BY
           =====                   =======         ======
           void _Destroy(_Ty *)[with _Ty=allocator<_Tree_nod<_Tset_traits<PageCycle, less<PageCycle>, allocator<PageCycle>, 0>>::_Node>::value_type]
                                   A718 
               calls direct
    -------------------------------------------------------------------------
<CODE> 1 (was CODE)
  Relative segment, address: A7CC - A7CD (0x2 bytes), align: 1
  Segment part 72.            Intra module refs:   _Tree<_Tset_traits<PageCycle, less<PageCycle>, allocator<PageCycle>, 0>>::_Alnod() const
           ENTRY                   ADDRESS         REF BY
           =====                   =======         ======
           void allocator<_Tree_nod<_Tset_traits<PageCycle, less<PageCycle>, allocator<PageCycle>, 0>>::_Node>::allocator(allocator<_Other> const &)[with _Other=void]
                                   A7CC 
    -------------------------------------------------------------------------
<CODE> 1 (was CODE)
  Relative segment, address: A706 - A70B (0x6 bytes), align: 1
  Segment part 73.            Intra module refs:   _Tree<_Tset_traits<PageCycle, less<PageCycle>, allocator<PageCycle>, 0>>::_Erase(_Nodeptr)
                                                   _Tree<_Tset_traits<PageCycle, less<PageCycle>, allocator<PageCycle>, 0>>::erase(iterator)
           ENTRY                   ADDRESS         REF BY
           =====                   =======         ======
           allocator<_Tree_nod<_Tset_traits<PageCycle, less<PageCycle>, allocator<PageCycle>, 0>>::_Node>::deallocate(pointer, unsigned int)
                                   A706 
               calls direct
    -------------------------------------------------------------------------
<CODE> 1 (was CODE)
  Relative segment, address: A51E - A52B (0xe bytes), align: 1
  Segment part 74.            Intra module refs:   _Tree<_Tset_traits<PageCycle, less<PageCycle>, allocator<PageCycle>, 0>>::_Buynode(_Nodeptr, _Nodeptr, _Nodeptr, PageCycle const &, char)
           ENTRY                   ADDRESS         REF BY
           =====                   =======         ======
           allocator<_Tree_nod<_Tset_traits<PageCycle, less<PageCycle>, allocator<PageCycle>, 0>>::_Node>::allocate(unsigned int)
                                   A51E 
               calls direct
    -------------------------------------------------------------------------
<CODE> 1 (was CODE)
  Relative segment, address: A6E8 - A6ED (0x6 bytes), align: 1
  Segment part 75.            Intra module refs:   _Tree<_Tset_traits<PageCycle, less<PageCycle>, allocator<PageCycle>, 0>>::_Erase(_Nodeptr)
                                                   _Tree<_Tset_traits<PageCycle, less<PageCycle>, allocator<PageCycle>, 0>>::erase(iterator)
           ENTRY                   ADDRESS         REF BY
           =====                   =======         ======
           allocator<_Tree_nod<_Tset_traits<PageCycle, less<PageCycle>, allocator<PageCycle>, 0>>::_Node>::destroy(pointer)
                                   A6E8 
               calls direct
    -------------------------------------------------------------------------
<CODE> 1 (was CODE)
  Relative segment, address: A556 - A561 (0xc bytes), align: 1
  Segment part 76.            Intra module refs:   _Tree<_Tset_traits<PageCycle, less<PageCycle>, allocator<PageCycle>, 0>>::max_size() const
           ENTRY                   ADDRESS         REF BY
           =====                   =======         ======
           allocator<_Tree_nod<_Tset_traits<PageCycle, less<PageCycle>, allocator<PageCycle>, 0>>::_Node>::max_size() const
                                   A556 
    -------------------------------------------------------------------------
<CODE> 1 (was CODE)
  Relative segment, address: A1F0 - A207 (0x18 bytes), align: 1
  Segment part 77.            Intra module refs:   _Tree_nod<_Tmap_traits<unsigned int, unsigned int, less<unsigned int>, allocator<pair<unsigned int const, unsigned int>>, 0>>::_Node::_Node(_Tree_nod<_Tmap_traits<unsigned int, unsigned int, less<unsigned int>, allocator<pair<unsigned int const, unsigned int>>, 0>>::_MyGenptr, _Tree_nod<_Tmap_traits<unsigned int, unsigned int, less<unsigned int>, allocator<pair<unsigned int const, unsigned int>>, 0>>::_MyGenptr, _Tree_nod<_Tmap_traits<unsigned int, unsigned int, less<unsigned int>, allocator<pair<unsigned int const, unsigned int>>, 0>>::_MyGenptr, pair<unsigned int const, unsigned int> const &, char) (etl)
                                                   _Tree_nod<_Tset_traits<PageCycle, less<PageCycle>, allocator<PageCycle>, 0>>::_Node::_Node(_Tree_nod<_Tset_traits<PageCycle, less<PageCycle>, allocator<PageCycle>, 0>>::_MyGenptr, _Tree_nod<_Tset_traits<PageCycle, less<PageCycle>, allocator<PageCycle>, 0>>::_MyGenptr, _Tree_nod<_Tset_traits<PageCycle, less<PageCycle>, allocator<PageCycle>, 0>>::_MyGenptr, PageCycle const &, char)
           ENTRY                   ADDRESS         REF BY
           =====                   =======         ======
           _Tree_algobase<allocator<void>>::_GenNode::_GenNode(_Tree_algobase<allocator<void>>::_Genptr, _Tree_algobase<allocator<void>>::_Genptr, _Tree_algobase<allocator<void>>::_Genptr, char)
                                   A1F0 
    -------------------------------------------------------------------------
<CODE> 1 (was CODE)
  Relative segment, address: A6DC - A6E1 (0x6 bytes), align: 1
  Segment part 78.            Intra module refs:   _Tree_algobase<allocator<void>>::_Erase(_Genptr)
                                                   _Tree_algobase<allocator<void>>::_Insert(bool, _Genptr, _Genptr)
           ENTRY                   ADDRESS         REF BY
           =====                   =======         ======
           _Tree_algobase<allocator<void>>::_Color(_Genptr)
                                   A6DC 
    -------------------------------------------------------------------------
<CODE> 1 (was CODE)
  Relative segment, address: A6D6 - A6DB (0x6 bytes), align: 1
  Segment part 48.            Intra module refs:   _Tree<_Tmap_traits<unsigned int, unsigned int, less<unsigned int>, allocator<pair<unsigned int const, unsigned int>>, 0>>::_Isnil(_Tree_algobase<allocator<void>>::_Genptr) (etl)
                                                   _Tree<_Tset_traits<PageCycle, less<PageCycle>, allocator<PageCycle>, 0>>::_Isnil(_Tree_algobase<allocator<void>>::_Genptr)
                                                   _Tree_algobase<allocator<void>>::_DecP(_Genptr)
                                                   _Tree_algobase<allocator<void>>::_Erase(_Genptr)
                                                   _Tree_algobase<allocator<void>>::_IncP(_Genptr)
                                                   _Tree_algobase<allocator<void>>::_Lrotate(_Genptr)
                                                   _Tree_algobase<allocator<void>>::_Max(_Genptr)
                                                   _Tree_algobase<allocator<void>>::_Min(_Genptr)
                                                   _Tree_algobase<allocator<void>>::_Rrotate(_Genptr)
           ENTRY                   ADDRESS         REF BY
           =====                   =======         ======
           _Tree_algobase<allocator<void>>::_Isnil(_Genptr)
                                   A6D6 
    -------------------------------------------------------------------------
<CODE> 1 (was CODE)
  Relative segment, address: A7C6 - A7C7 (0x2 bytes), align: 1
  Segment part 49.            Intra module refs:   _Tree_algobase<allocator<void>>::_DecP(_Genptr)
                                                   _Tree_algobase<allocator<void>>::_Erase(_Genptr)
                                                   _Tree_algobase<allocator<void>>::_Insert(bool, _Genptr, _Genptr)
                                                   _Tree_algobase<allocator<void>>::_Lmost()
                                                   _Tree_algobase<allocator<void>>::_Lrotate(_Genptr)
                                                   _Tree_algobase<allocator<void>>::_Min(_Genptr)
                                                   _Tree_algobase<allocator<void>>::_Rrotate(_Genptr)
           ENTRY                   ADDRESS         REF BY
           =====                   =======         ======
           _Tree_algobase<allocator<void>>::_Left(_Genptr)
                                   A7C6 
    -------------------------------------------------------------------------
<CODE> 1 (was CODE)
  Relative segment, address: A728 - A72B (0x4 bytes), align: 1
  Segment part 47.            Intra module refs:   _Tree_algobase<allocator<void>>::_DecP(_Genptr)
                                                   _Tree_algobase<allocator<void>>::_Erase(_Genptr)
                                                   _Tree_algobase<allocator<void>>::_IncP(_Genptr)
                                                   _Tree_algobase<allocator<void>>::_Insert(bool, _Genptr, _Genptr)
                                                   _Tree_algobase<allocator<void>>::_Lrotate(_Genptr)
                                                   _Tree_algobase<allocator<void>>::_Root()
                                                   _Tree_algobase<allocator<void>>::_Rrotate(_Genptr)
           ENTRY                   ADDRESS         REF BY
           =====                   =======         ======
           _Tree_algobase<allocator<void>>::_Parent(_Genptr)
                                   A728 
    -------------------------------------------------------------------------
<CODE> 1 (was CODE)
  Relative segment, address: A748 - A74B (0x4 bytes), align: 1
  Segment part 51.            Intra module refs:   _Tree_algobase<allocator<void>>::_DecP(_Genptr)
                                                   _Tree_algobase<allocator<void>>::_Erase(_Genptr)
                                                   _Tree_algobase<allocator<void>>::_IncP(_Genptr)
                                                   _Tree_algobase<allocator<void>>::_Insert(bool, _Genptr, _Genptr)
                                                   _Tree_algobase<allocator<void>>::_Lrotate(_Genptr)
                                                   _Tree_algobase<allocator<void>>::_Max(_Genptr)
                                                   _Tree_algobase<allocator<void>>::_Rmost()
                                                   _Tree_algobase<allocator<void>>::_Rrotate(_Genptr)
           ENTRY                   ADDRESS         REF BY
           =====                   =======         ======
           _Tree_algobase<allocator<void>>::_Right(_Genptr)
                                   A748 
    -------------------------------------------------------------------------
<CODE> 1 (was CODE)
  Relative segment, address: 9CD8 - 9CFD (0x26 bytes), align: 1
  Segment part 61.            Intra module refs:   _Tree_algobase<allocator<void>>::_DecP(_Genptr)
                                                   _Tree_algobase<allocator<void>>::_Erase(_Genptr)
           ENTRY                   ADDRESS         REF BY
           =====                   =======         ======
           _Tree_algobase<allocator<void>>::_Max(_Genptr)
                                   9CD8 
               calls direct
    -------------------------------------------------------------------------
<CODE> 1 (was CODE)
  Relative segment, address: 9CFE - 9D23 (0x26 bytes), align: 1
  Segment part 50.            Intra module refs:   _Tree_algobase<allocator<void>>::_Erase(_Genptr)
                                                   _Tree_algobase<allocator<void>>::_IncP(_Genptr)
           ENTRY                   ADDRESS         REF BY
           =====                   =======         ======
           _Tree_algobase<allocator<void>>::_Min(_Genptr)
                                   9CFE 
               calls direct
    -------------------------------------------------------------------------
<CODE> 1 (was CODE)
  Relative segment, address: 8A22 - 8A8F (0x6e bytes), align: 1
  Segment part 62.            Intra module refs:   _Tree_algobase<allocator<void>>::_GenIter::_Dec()
           ENTRY                   ADDRESS         REF BY
           =====                   =======         ======
           _Tree_algobase<allocator<void>>::_DecP(_Genptr)
                                   8A22 
               calls direct
    -------------------------------------------------------------------------
<CODE> 1 (was CODE)
  Relative segment, address: 916C - 91C3 (0x58 bytes), align: 1
  Segment part 52.            Intra module refs:   _Tree_algobase<allocator<void>>::_Erase(_Genptr)
                                                   _Tree_algobase<allocator<void>>::_GenIter::_Inc()
           ENTRY                   ADDRESS         REF BY
           =====                   =======         ======
           _Tree_algobase<allocator<void>>::_IncP(_Genptr)
                                   916C 
               calls direct
    -------------------------------------------------------------------------
<CODE> 1 (was CODE)
  Relative segment, address: A6BE - A6C3 (0x6 bytes), align: 1
  Segment part 79.            Intra module refs:   _Tree<_Tmap_traits<unsigned int, unsigned int, less<unsigned int>, allocator<pair<unsigned int const, unsigned int>>, 0>>::const_iterator::const_iterator(_Tree_algobase<allocator<void>>::_Genptr) (etl)
                                                   _Tree<_Tset_traits<PageCycle, less<PageCycle>, allocator<PageCycle>, 0>>::const_iterator::const_iterator(_Tree_algobase<allocator<void>>::_Genptr)
           ENTRY                   ADDRESS         REF BY
           =====                   =======         ======
           _Tree_algobase<allocator<void>>::_GenIter::_GenIter(_Tree_algobase<allocator<void>>::_Genptr)
                                   A6BE 
    -------------------------------------------------------------------------
<CODE> 1 (was CODE)
  Relative segment, address: A53A - A547 (0xe bytes), align: 1
  Segment part 80.            Intra module refs:   _Tree<_Tmap_traits<unsigned int, unsigned int, less<unsigned int>, allocator<pair<unsigned int const, unsigned int>>, 0>>::const_iterator::operator==(_Tree<_Tmap_traits<unsigned int, unsigned int, less<unsigned int>, allocator<pair<unsigned int const, unsigned int>>, 0>>::const_iterator const &) const (etl)
                                                   _Tree<_Tset_traits<PageCycle, less<PageCycle>, allocator<PageCycle>, 0>>::const_iterator::operator==(_Tree<_Tset_traits<PageCycle, less<PageCycle>, allocator<PageCycle>, 0>>::const_iterator const &) const
           ENTRY                   ADDRESS         REF BY
           =====                   =======         ======
           _Tree_algobase<allocator<void>>::_GenIter::operator==(_Tree_algobase<allocator<void>>::_GenIter const &) const
                                   A53A 
    -------------------------------------------------------------------------
<CODE> 1 (was CODE)
  Relative segment, address: A2F2 - A303 (0x12 bytes), align: 1
  Segment part 63.            Intra module refs:   _Tree<_Tmap_traits<unsigned int, unsigned int, less<unsigned int>, allocator<pair<unsigned int const, unsigned int>>, 0>>::iterator::operator--() (etl)
                                                   _Tree<_Tset_traits<PageCycle, less<PageCycle>, allocator<PageCycle>, 0>>::iterator::operator--()
           ENTRY                   ADDRESS         REF BY
           =====                   =======         ======
           _Tree_algobase<allocator<void>>::_GenIter::_Dec()
                                   A2F2 
               calls direct
    -------------------------------------------------------------------------
<CODE> 1 (was CODE)
  Relative segment, address: A33A - A34B (0x12 bytes), align: 1
  Segment part 53.            Intra module refs:   _Tree<_Tmap_traits<unsigned int, unsigned int, less<unsigned int>, allocator<pair<unsigned int const, unsigned int>>, 0>>::iterator::operator++() (etl)
                                                   _Tree<_Tset_traits<PageCycle, less<PageCycle>, allocator<PageCycle>, 0>>::iterator::operator++()
           ENTRY                   ADDRESS         REF BY
           =====                   =======         ======
           _Tree_algobase<allocator<void>>::_GenIter::_Inc()
                                   A33A 
               calls direct
    -------------------------------------------------------------------------
<CODE> 1 (was CODE)
  Relative segment, address: A760 - A763 (0x4 bytes), align: 1
  Segment part 59.            Intra module refs:   _Tree<_Tmap_traits<unsigned int, unsigned int, less<unsigned int>, allocator<pair<unsigned int const, unsigned int>>, 0>>::const_iterator::_Mynode() const (etl)
                                                   _Tree<_Tmap_traits<unsigned int, unsigned int, less<unsigned int>, allocator<pair<unsigned int const, unsigned int>>, 0>>::iterator::operator*() const (etl)
                                                   _Tree<_Tset_traits<PageCycle, less<PageCycle>, allocator<PageCycle>, 0>>::const_iterator::_Mynode() const
                                                   _Tree<_Tset_traits<PageCycle, less<PageCycle>, allocator<PageCycle>, 0>>::iterator::operator*() const
           ENTRY                   ADDRESS         REF BY
           =====                   =======         ======
           _Tree_algobase<allocator<void>>::_GenIter::_Mynode() const
                                   A760 
    -------------------------------------------------------------------------
<CODE> 1 (was CODE)
  Relative segment, address: A06E - A089 (0x1c bytes), align: 1
[...]
           =====                   =======         ======
           __iar_New_hand          1C38            operator new(size_t) (?newop_0)

    -------------------------------------------------------------------------
  LIBRARY MODULE, NAME : ?newop_0

  SEGMENTS IN THE MODULE
  ======================
<CODE> 1 (was CODE)
  Relative segment, address: 9BE2 - 9C0B (0x2a bytes), align: 1
  Segment part 2.
           ENTRY                   ADDRESS         REF BY
           =====                   =======         ======
           operator new(size_t)    9BE2            ETL::ColdPoolResize() (etl)
                                                   ETL::DirtySwap() (etl)
                                                   ETL::InitLpnToPpnTable() (etl)
                                                   ETL::InitialDualpool() (etl)
                                                   TestHotPageToColdPage(unsigned int) (etltest)
                                                   _Allocator<void>::allocate(unsigned int) (dualpool)
               calls direct and indirect

    -------------------------------------------------------------------------
  LIBRARY MODULE, NAME : ?nomemory

  SEGMENTS IN THE MODULE
  ======================
<CODE> 1 (was CODE)
  Relative segment, address: A794 - A797 (0x4 bytes), align: 1
  Segment part 10.
           ENTRY                   ADDRESS         REF BY
           =====                   =======         ======
           _Nomemory()             A794            operator new(size_t) (?newop_0)
               calls direct

    -------------------------------------------------------------------------
  LIBRARY MODULE, NAME : ?printf

  SEGMENTS IN THE MODULE
  ======================
<CODE> 1 (was CODE)
  Relative segment, address: 9D4A - 9D6F (0x26 bytes), align: 1
  Segment part 2.
           ENTRY                   ADDRESS         REF BY
           =====                   =======         ======
           printf                  9D4A            DualPool::PrintEraseCyclePoolInfo() (dualpool)
                                                   ETL::ETL(unsigned long long) (etl)
                                                   ETL::Format(unsigned char, unsigned int) (etl)
                                                   ETL::InitialDualpool() (etl)
                                                   ETL::PrintPMTT() (etl)
                                                   ETL::TryToExecDualPoolAlgorithm() (etl)
                                                   Port_2() (main)
                                                   ROM_WriteBytes_Page(unsigned long long, char const *, int) (rom)
                                                   ROM_WriteBytes_Page_(unsigned long long, char const *, int) (rom)
                                                   TestHotPageToColdPage(unsigned int) (etltest)
               calls direct

    -------------------------------------------------------------------------
  LIBRARY MODULE, NAME : ?IndCallR11

  SEGMENTS IN THE MODULE
  ======================
<CODE> 1 (was CODE)
  Relative segment, address: A79C - A79F (0x4 bytes), align: 1
  Segment part 0.
           ENTRY                   ADDRESS         REF BY
           =====                   =======         ======
           ?IndCallR11             A79C            _PutcharSmallNoMb (?xprintfsmall_nomb)

    -------------------------------------------------------------------------
  LIBRARY MODULE, NAME : ?strchr

  SEGMENTS IN THE MODULE
  ======================
<CODE> 1 (was CODE)
  Relative segment, address: A52C - A539 (0xe bytes), align: 1
  Segment part 2.
           ENTRY                   ADDRESS         REF BY
           =====                   =======         ======
           __iar_Strchr            A52C            _PrintfSmallNoMb (?xprintfsmall_nomb)

    -------------------------------------------------------------------------
  LIBRARY MODULE, NAME : ?strlen

  SEGMENTS IN THE MODULE
  ======================
<CODE> 1 (was CODE)
  Relative segment, address: A316 - A327 (0x12 bytes), align: 1
  Segment part 2.
           ENTRY                   ADDRESS         REF BY
           =====                   =======         ======
           strlen                  A316            TestHotPageToColdPage(unsigned int) (etltest)
                                                   _PrintfSmallNoMb (?xprintfsmall_nomb)

    -------------------------------------------------------------------------
  LIBRARY MODULE, NAME : ?strrchr

  SEGMENTS IN THE MODULE
  ======================
<CODE> 1 (was CODE)
  Relative segment, address: A304 - A315 (0x12 bytes), align: 1
  Segment part 2.
           ENTRY                   ADDRESS         REF BY
           =====                   =======         ======
           __iar_Strrchr           A304            strrchr(char const *, int) (etl)

    -------------------------------------------------------------------------
  LIBRARY MODULE, NAME : ?xassert

  SEGMENTS IN THE MODULE
  ======================
<CODE> 1 (was CODE)
  Relative segment, address: A7AC - A7AD (0x2 bytes), align: 1
  Segment part 2.
           ENTRY                   ADDRESS         REF BY
           =====                   =======         ======
           __iar_EmptyStepPoint    A7AC            DataPage::DataPage(int) (etl)
                                                   ETL::ColdPoolResize() (etl)
                                                   ETL::DirtySwap() (etl)
                                                   ETL::InitialPhysicalPages() (etl)
                                                   ETL::ReadDataPage(int, DataPage *) (etl)
                                                   ETL::WriteDataPage(int, DataPage *) (etl)
                                                   Tool::SwapMemory(void *, void *, unsigned int) (tool)
    -------------------------------------------------------------------------
<CODE> 1 (was CODE)
  Relative segment, address: 90B8 - 9111 (0x5a bytes), align: 1
  Segment part 3.
           ENTRY                   ADDRESS         REF BY
           =====                   =======         ======
           __aeabi_assert          90B8            DataPage::DataPage(int) (etl)
                                                   ETL::ColdPoolResize() (etl)
                                                   ETL::DirtySwap() (etl)
                                                   ETL::InitialPhysicalPages() (etl)
                                                   ETL::ReadDataPage(int, DataPage *) (etl)
                                                   ETL::WriteDataPage(int, DataPage *) (etl)
                                                   Tool::SwapMemory(void *, void *, unsigned int) (tool)
               calls direct

    -------------------------------------------------------------------------
  LIBRARY MODULE, NAME : ?xgetmemchunk

  SEGMENTS IN THE MODULE
  ======================
<CODE> 1 (was CODE)
  Relative segment, address: A034 - A051 (0x1e bytes), align: 1
  Segment part 3.
           ENTRY                   ADDRESS         REF BY
           =====                   =======         ======
           __data16_GetMemChunk    A034            __data16_findmem (?xxmemxmalloc)
    -------------------------------------------------------------------------
DATA16_Z
  Relative segment, address: 1C3C - 1C3D (0x2 bytes), align: 1
  Segment part 2.             Intra module refs:   __data16_GetMemChunk
    -------------------------------------------------------------------------
DATA16_HEAP
  Relative segment, address: 250A, align: 1
  Segment part 4.

    -------------------------------------------------------------------------
  LIBRARY MODULE, NAME : ?xprintfsmall_nomb

  SEGMENTS IN THE MODULE
  ======================
<CODE> 1 (was CODE)
  Relative segment, address: 6868 - 6C11 (0x3aa bytes), align: 1
  Segment part 4.
           ENTRY                   ADDRESS         REF BY
           =====                   =======         ======
           _PrintfSmallNoMb        6868            printf (?printf)
               calls direct
    -------------------------------------------------------------------------
<CODE> 1 (was CODE)
  Relative segment, address: A4CA - A4D7 (0xe bytes), align: 1
  Segment part 5.             Intra module refs:   _PrintfSmallNoMb
    -------------------------------------------------------------------------
<CODE> 1 (was CODE)
  Relative segment, address: A482 - A483 (0x2 bytes), align: 1
  Segment part 6.             Intra module refs:   _PrintfSmallNoMb
    -------------------------------------------------------------------------
<CODE> 1 (was CODE)
  Relative segment, address: A484 - A491 (0xe bytes), align: 1
  Segment part 7.             Intra module refs:   Segment part 6
                                                   _PrintfSmallNoMb
    -------------------------------------------------------------------------
<CODE> 1 (was CODE)
  Relative segment, address: 8B6A - 8BD1 (0x68 bytes), align: 1
  Segment part 8.             Intra module refs:   _PrintfSmallNoMb
           LOCAL                   ADDRESS         
           =====                   =======         
           LoadInt                 8B6A 
    -------------------------------------------------------------------------
<CODE> 1 (was CODE)
  Relative segment, address: A57A - A585 (0xc bytes), align: 1
  Segment part 9.             Intra module refs:   LoadInt
    -------------------------------------------------------------------------
<CODE> 1 (was CODE)
  Relative segment, address: 9996 - 99CB (0x36 bytes), align: 1
  Segment part 10.            Intra module refs:   Segment part 7
           LOCAL                   ADDRESS         
           =====                   =======         
           pad                     9996 
               calls direct
    -------------------------------------------------------------------------
<CODE> 1 (was CODE)
  Relative segment, address: 76A4 - 77E7 (0x144 bytes), align: 1
  Segment part 3.             Intra module refs:   _PrintfSmallNoMb
           LOCAL                   ADDRESS         
           =====                   =======         
           _LitobSmallNoMb         76A4 
               calls direct
    -------------------------------------------------------------------------
<CODE> 1 (was CODE)
  Relative segment, address: 9C60 - 9C87 (0x28 bytes), align: 1
  Segment part 11.            Intra module refs:   _PrintfSmallNoMb
                                                   _PutcharsSmallNoMb
           LOCAL                   ADDRESS         
           =====                   =======         
           _PutcharSmallNoMb       9C60 
               calls indirect
    -------------------------------------------------------------------------
<CODE> 1 (was CODE)
  Relative segment, address: 9BB6 - 9BE1 (0x2c bytes), align: 1
  Segment part 12.            Intra module refs:   Segment part 5
                                                   pad
           LOCAL                   ADDRESS         
           =====                   =======         
           _PutcharsSmallNoMb      9BB6 
               calls direct
    -------------------------------------------------------------------------
DATA16_C
  Relative segment, address: 6076 - 607B (0x6 bytes), align: 0
  Segment part 2.             Intra module refs:   _PrintfSmallNoMb

    -------------------------------------------------------------------------
  LIBRARY MODULE, NAME : ?xprout

  SEGMENTS IN THE MODULE
  ======================
<CODE> 1 (was CODE)
  Relative segment, address: A178 - A18F (0x18 bytes), align: 1
  Segment part 2.
           ENTRY                   ADDRESS         REF BY
           =====                   =======         ======
           _Prout                  A178            printf (?printf)
               calls direct

    -------------------------------------------------------------------------
  LIBRARY MODULE, NAME : ?xxmemxcalloc

  SEGMENTS IN THE MODULE
  ======================
<CODE> 1 (was CODE)
  Relative segment, address: 979A - 97D3 (0x3a bytes), align: 1
  Segment part 2.
           ENTRY                   ADDRESS         REF BY
           =====                   =======         ======
           __data16_calloc         979A            calloc (etl)
               calls direct

    -------------------------------------------------------------------------
  LIBRARY MODULE, NAME : ?xxmemxfree

  SEGMENTS IN THE MODULE
  ======================
<CODE> 1 (was CODE)
  Relative segment, address: 87C0 - 8845 (0x86 bytes), align: 1
  Segment part 2.
           ENTRY                   ADDRESS         REF BY
           =====                   =======         ======
           __data16_free           87C0            __data16_findmem (?xxmemxmalloc)
                                                   free (Console)
                                                   operator delete(void *) (?delop_0)

    -------------------------------------------------------------------------
  LIBRARY MODULE, NAME : ?xxmemxmalloc

  SEGMENTS IN THE MODULE
  ======================
DATA16_Z
  Relative segment, address: 1C3E - 1C41 (0x4 bytes), align: 1
  Segment part 2.             Intra module refs:   __data16_findmem
                                                   __data16_malloc
           ENTRY                   ADDRESS         REF BY
           =====                   =======         ======
           __data16_Aldata         1C3E            __data16_free (?xxmemxfree)
    -------------------------------------------------------------------------
<CODE> 1 (was CODE)
  Relative segment, address: 8CA2 - 8D05 (0x64 bytes), align: 1
  Segment part 3.             Intra module refs:   __data16_malloc
           LOCAL                   ADDRESS         
           =====                   =======         
           __data16_findmem        8CA2 
               calls direct
    -------------------------------------------------------------------------
<CODE> 1 (was CODE)
  Relative segment, address: 8A90 - 8AFD (0x6e bytes), align: 1
  Segment part 4.
           ENTRY                   ADDRESS         REF BY
           =====                   =======         ======
           __data16_malloc         8A90            __data16_calloc (?xxmemxcalloc)
                                                   malloc (Console)
                                                   operator new(size_t) (?newop_0)
               calls direct




                ****************************************
                *                                      *
                *      SEGMENTS IN ADDRESS ORDER       *
                *                                      *
                ****************************************


SEGMENT              SPACE    START ADDRESS   END ADDRESS     SIZE  TYPE  ALIGN
=======              =====    =============   ===========     ====  ====  =====
DATA16_AN                              0100 - 0103               4   rel    0
                                       0120 - 0121               2 
                                       0124 - 0127               4 
                                       012C - 012D               2 
                                       015C - 015D               2 
                                       0168 - 016F               8 
                                       0200 - 0205               6 
                                       020A - 020B               2 
                                       021A - 021D               4 
                                       0220 - 0225               6 
                                       022A - 022B               2 
                                       0244 - 0245               2 
                                       024A - 024B               2 
                                       0262 - 0265               4 
                                       026A - 026B               2 
                                       0280 - 0285               6 
                                       028A - 028B               2 
                                       02A4 - 02A5               2 
                                       0340 - 0343               4 
                                       0352 - 0353               2 
                                       0380 - 0383               4 
                                       0392 - 0393               2 
                                       03C0 - 03C7               8 
                                       03D2 - 03D7               6 
                                       03EE - 03EF               2 
                                       05C0 - 05C1               2 
                                       05C6 - 05C8               3 
                                       05CC - 05CC               1 
                                       05CE - 05CE               1 
                                       05DC - 05DD               2 
                                       0600 - 0601               2 
                                       0606 - 0608               3 
                                       060C - 060C               1 
                                       060E - 060E               1 
                                       061C - 061D               2 
                                       0680 - 0681               2 
                                       0686 - 0688               3 
                                       068C - 068C               1 
                                       068E - 068E               1 
                                       069C - 069D               2 
DATA16_I                               1C00 - 1C01               2   rel    1
DATA16_Z                               1C02 - 2509             908   rel    1
DATA16_HEAP                            250A - 5001            2AF8   rel    1
DATA20_I                                  5002                       rel    1
DATA20_Z                                  5002                       rel    1
DATA20_N                                  5002                       rel    1
CODE_I                                    5002                       rel    1
CSTACK                                 5430 - 5BFF             7D0   rel    1
DATA16_C                               5C00 - 607B             47C   rel    1
DATA16_ID                              607C - 607D               2   rel    1
CSTART                                 607E - 60AB              2E   rel    1
ISR_CODE                               60AC - 643F             394   rel    1
<CODE> 1                               6440 - A7CD            438E   rel    1
CODE_ID                                   A7CE                       rel    1
DATA20_ID                                 A7CE                       rel    1
DATA20_C                                  A7CE                       rel    1
INTVEC                                 FF80 - FFF9              7A   com    1
RESET                                  FFFE - FFFF               2   rel    1

                ****************************************
                *                                      *
                *        END OF CROSS REFERENCE        *
                *                                      *
                ****************************************

 18 380 bytes of CODE  memory
 15 314 bytes of DATA  memory (+ 117 absolute )
  1 150 bytes of CONST memory

Errors: none
Warnings: 1

