Warning[w6]: Type conflict for external/entry "sys_errorcode_runcode", in module uart_config against external/entry in module timer; different basic types
  /* In module uart_config: */
  bool sys_errorcode_runcode;
  /* In module timer: */
  unsigned int sys_errorcode_runcode;
################################################################################
#                                                                              #
#      IAR Universal Linker V6.5.4.100                                         #
#                                                                              #
#           Link time     =  04/Dec/2020  15:43:21                             #
#           Target CPU    =  MSP430                                            #
#           List file     =  \\Mac\Home\work\ETL\Debug\List\RTUtest_GP.map     #
#           Output file 1 =  \\Mac\Home\work\ETL\Debug\Exe\RTUtest_GP.d43      #
#                            Format: ubrof10                                   #
#                            UBROF version 10.0.6                              #
#                            Using library modules for C-SPY (-rt)             #
#           Command line  =  -f C:\Users\83797\AppData\Local\Temp\EW8795.tmp   #
#                            (\\Mac\Home\work\ETL\Debug\Obj\adc10_a.r43        #
#                            \\Mac\Home\work\ETL\Debug\Obj\adc12_a.r43         #
#                            \\Mac\Home\work\ETL\Debug\Obj\aes.r43             #
#                            \\Mac\Home\work\ETL\Debug\Obj\battbak.r43         #
#                            \\Mac\Home\work\ETL\Debug\Obj\common.r43          #
#                            \\Mac\Home\work\ETL\Debug\Obj\comp_b.r43          #
#                            \\Mac\Home\work\ETL\Debug\Obj\Console.r43         #
#                            \\Mac\Home\work\ETL\Debug\Obj\crc.r43             #
#                            \\Mac\Home\work\ETL\Debug\Obj\cstartup.r43        #
#                            \\Mac\Home\work\ETL\Debug\Obj\ctsd16.r43          #
#                            \\Mac\Home\work\ETL\Debug\Obj\dac12_a.r43         #
#                            \\Mac\Home\work\ETL\Debug\Obj\datapage.r43        #
#                            \\Mac\Home\work\ETL\Debug\Obj\debug.r43           #
#                            \\Mac\Home\work\ETL\Debug\Obj\dma.r43             #
#                            \\Mac\Home\work\ETL\Debug\Obj\duallru.r43         #
#                            \\Mac\Home\work\ETL\Debug\Obj\dualpool.r43        #
#                            \\Mac\Home\work\ETL\Debug\Obj\etl.r43             #
#                            \\Mac\Home\work\ETL\Debug\Obj\etltest.r43         #
#                            \\Mac\Home\work\ETL\Debug\Obj\eusci_a_spi.r43     #
#                            \\Mac\Home\work\ETL\Debug\Obj\eusci_a_uart.r43    #
#                            \\Mac\Home\work\ETL\Debug\Obj\eusci_b_i2c.r43     #
#                            \\Mac\Home\work\ETL\Debug\Obj\eusci_b_spi.r43     #
#                            \\Mac\Home\work\ETL\Debug\Obj\flashctl.r43        #
#                            \\Mac\Home\work\ETL\Debug\Obj\gpio.r43            #
#                            \\Mac\Home\work\ETL\Debug\Obj\infopage.r43        #
#                            \\Mac\Home\work\ETL\Debug\Obj\lcd_b.r43           #
#                            \\Mac\Home\work\ETL\Debug\Obj\lcd_c.r43           #
#                            \\Mac\Home\work\ETL\Debug\Obj\ldopwr.r43          #
#                            \\Mac\Home\work\ETL\Debug\Obj\led.r43             #
#                            \\Mac\Home\work\ETL\Debug\Obj\lowpower.r43        #
#                            \\Mac\Home\work\ETL\Debug\Obj\lru.r43             #
#                            \\Mac\Home\work\ETL\Debug\Obj\main.r43            #
#                            \\Mac\Home\work\ETL\Debug\Obj\mathtool.r43        #
#                            \\Mac\Home\work\ETL\Debug\Obj\mpy32.r43           #
#                            \\Mac\Home\work\ETL\Debug\Obj\oa.r43              #
#                            \\Mac\Home\work\ETL\Debug\Obj\pagetable.r43       #
#                            \\Mac\Home\work\ETL\Debug\Obj\pmap.r43            #
#                            \\Mac\Home\work\ETL\Debug\Obj\pmm.r43             #
#                            \\Mac\Home\work\ETL\Debug\Obj\ram.r43             #
#                            \\Mac\Home\work\ETL\Debug\Obj\ref.r43             #
#                            \\Mac\Home\work\ETL\Debug\Obj\rom.r43             #
#                            \\Mac\Home\work\ETL\Debug\Obj\rtc.r43             #
#                            \\Mac\Home\work\ETL\Debug\Obj\rtc_a.r43           #
#                            \\Mac\Home\work\ETL\Debug\Obj\rtc_b.r43           #
#                            \\Mac\Home\work\ETL\Debug\Obj\rtc_c.r43           #
#                            \\Mac\Home\work\ETL\Debug\Obj\sd24_b.r43          #
#                            \\Mac\Home\work\ETL\Debug\Obj\sfr.r43             #
#                            \\Mac\Home\work\ETL\Debug\Obj\sys_status.r43      #
#                            \\Mac\Home\work\ETL\Debug\Obj\sysctl.r43          #
#                            \\Mac\Home\work\ETL\Debug\Obj\tec.r43             #
#                            \\Mac\Home\work\ETL\Debug\Obj\timer.r43           #
#                            \\Mac\Home\work\ETL\Debug\Obj\timer_a.r43         #
#                            \\Mac\Home\work\ETL\Debug\Obj\timer_b.r43         #
#                            \\Mac\Home\work\ETL\Debug\Obj\timer_d.r43         #
#                            \\Mac\Home\work\ETL\Debug\Obj\tlv.r43             #
#                            \\Mac\Home\work\ETL\Debug\Obj\tool.r43            #
#                            \\Mac\Home\work\ETL\Debug\Obj\uart0.r43           #
#                            \\Mac\Home\work\ETL\Debug\Obj\uart1.r43           #
#                            \\Mac\Home\work\ETL\Debug\Obj\uart3.r43           #
#                            \\Mac\Home\work\ETL\Debug\Obj\uart_config.r43     #
#                            \\Mac\Home\work\ETL\Debug\Obj\ucs.r43             #
#                            \\Mac\Home\work\ETL\Debug\Obj\usci_a_spi.r43      #
#                            \\Mac\Home\work\ETL\Debug\Obj\usci_a_uart.r43     #
#                            \\Mac\Home\work\ETL\Debug\Obj\usci_b_i2c.r43      #
#                            \\Mac\Home\work\ETL\Debug\Obj\usci_b_spi.r43      #
#                            \\Mac\Home\work\ETL\Debug\Obj\wdt_a.r43 -o        #
#                            \\Mac\Home\work\ETL\Debug\Exe\RTUtest_GP.d43 -l   #
#                            \\Mac\Home\work\ETL\Debug\List\RTUtest_GP.map     #
#                            -xms                                              #
#                            "-IC:\Program Files (x86)\IAR Systems\Embedded Wo #
#                            rkbench 8.0\430\LIB\"                             #
#                            -f                                                #
#                            "C:\Program Files (x86)\IAR Systems\Embedded Work #
#                            bench 8.0\430\config\linker\lnk430f5438a.xcl"     #
#                            (-cmsp430 -D?CPU30_OFFSET=2 -QCODE_I=CODE_ID      #
#                            -QTLS16_I=TLS16_ID -D__iar_HWMUL=4C0              #
#                            -Z(CONST)INFO=1800-19FF                           #
#                            -Z(CONST)INFOA=1980-19FF                          #
#                            -Z(CONST)INFOB=1900-197F                          #
#                            -Z(CONST)INFOC=1880-18FF                          #
#                            -Z(CONST)INFOD=1800-187F                          #
#                            -Z(DATA)DATA16_I,DATA16_Z,DATA16_N,TLS16_I=1C00-5 #
#                            BFF                                               #
#                            -Z(DATA)DATA16_HEAP+_DATA16_HEAP_SIZE             #
#                            -Z(DATA)CODE_I                                    #
#                            -Z(DATA)DATA20_I,DATA20_Z,DATA20_N,DATA20_HEAP+_D #
#                            ATA20_HEAP_SIZE                                   #
#                            -Z(DATA)CSTACK+_STACK_SIZE#                       #
#                            -Z(CONST)DATA16_C,DATA16_ID,TLS16_ID,DIFUNCT,CHEC #
#                            KSUM=5C00-FF7F                                    #
#                            -Z(CODE)CSTART,ISR_CODE,CODE16=5C00-FF7F          #
#                            -P(CODE)CODE=5C00-FF7F,10000-45BFF                #
#                            -Z(CONST)DATA20_C,DATA20_ID,CODE_ID=5C00-FF7F,100 #
#                            40-45BFF                                          #
#                            -Z(CODE)INTVEC=FF80-FFFF                          #
#                            -Z(CODE)RESET=FFFE-FFFF) -f                       #
#                            "C:\Program Files (x86)\IAR Systems\Embedded Work #
#                            bench 8.0\430\config\linker\multiplier32.xcl"     #
#                            (-e?Mul8Hw=?Mul8 -e?Mul16Hw=?Mul16                #
#                            -e?Mul16to32uHw=?Mul16to32u                       #
#                            -e?Mul16to32sHw=?Mul16to32s -e?Mul32Hw32=?Mul32   #
#                            -e?Mul64Hw32=_Mul64i                              #
#                            -e?Mul32u32uto64iHw32=_Mul32u32uto64i             #
#                            -e?Mul32fHw32=_Mul32f                             #
#                            -e_Mul64fHw32Ptr=_Mul64fPtr) -D_STACK_SIZE=FA0    #
#                            -rt                                               #
#                            "C:\Program Files (x86)\IAR Systems\Embedded Work #
#                            bench 8.0\430\lib\dlib\dl430xlsfn.r43"            #
#                            -D_DATA16_HEAP_SIZE=1F40 -s __program_start       #
#                            -D_DATA20_HEAP_SIZE=50)                           #
#                                                                              #
#                           Copyright (C) 1987-2018 IAR Systems AB.            #
################################################################################





                ****************************************
                *                                      *
                *           CROSS REFERENCE            *
                *                                      *
                ****************************************

       Program entry at :           627C  Relocatable, from module : ?cstart




                ****************************************
                *                                      *
                *            RUNTIME MODEL             *
                *                                      *
                ****************************************

  __Heap_Handler             = Basic
  __SystemLibrary            = DLib
  __code_model               = large
  __core                     = 430X
  __data_model               = small
  __dlib_file_descriptor     = 0
  __dlib_full_locale_support = 0
  __double_size              = 32
  __pic                      = no
  __reg_r4                   = free
  __reg_r5                   = free
  __rt_version               = 3

                ****************************************
                *                                      *
                *    AUTOMATIC SYMBOL REDIRECTIONS     *
                *                                      *
                ****************************************

       All references to: _Printf
         were redirected to: _PrintfLargeNoMb



                ****************************************
                *                                      *
                *              MODULE MAP              *
                *                                      *
                ****************************************


  DEFINED ABSOLUTE ENTRIES
    *************************************************************************

  DEFINED ABSOLUTE ENTRIES
  PROGRAM MODULE, NAME : ?ABS_ENTRY_MOD

Absolute parts
           ENTRY                   ADDRESS         REF BY
           =====                   =======         ======
           _DATA20_HEAP_SIZE       0050 
           _DATA16_HEAP_SIZE       1F40 
           _STACK_SIZE             0FA0 
           __iar_HWMUL             04C0            ?Mul16to32sHw (?Mul16to32sHw)
                                                   ?Mul32fHw32 (?Mul32fHw32)
                                                   ETL::Read(unsigned long long, char *, int) (etl)
                                                   ETL::ReadDataPage(int, DataPage *) (etl)
                                                   ETL::Write(unsigned long long, char const *, int) (etl)
                                                   ETL::WriteDataPage(int, DataPage *) (etl)
                                                   Segment part 1 (?Mul8Hw)
           ?CPU30_OFFSET           0002 
    *************************************************************************

  FILE NAME : \\Mac\Home\work\ETL\Debug\Obj\adc10_a.r43
    *************************************************************************

  FILE NAME : \\Mac\Home\work\ETL\Debug\Obj\adc12_a.r43
    *************************************************************************

  FILE NAME : \\Mac\Home\work\ETL\Debug\Obj\aes.r43
    *************************************************************************

  FILE NAME : \\Mac\Home\work\ETL\Debug\Obj\battbak.r43
    *************************************************************************

  FILE NAME : \\Mac\Home\work\ETL\Debug\Obj\common.r43
  PROGRAM MODULE, NAME : common

  SEGMENTS IN THE MODULE
  ======================
DATA16_AN
  Relative segment, address: 021A - 021B (0x2 bytes), align: 0
  Segment part 1. ROOT        Intra module refs:   Restart_Init() (main)
           ENTRY                   ADDRESS         REF BY
           =====                   =======         ======
           _A_PAIE_L               021A 
           LOCAL                   ADDRESS         
           =====                   =======         
           PAIE                    021A 
           PAIE_H                  021B 
           PAIE_L                  021A 
    -------------------------------------------------------------------------
DATA16_AN
  Relative segment, address: 021C - 021D (0x2 bytes), align: 0
  Segment part 2. ROOT 
           ENTRY                   ADDRESS         REF BY
           =====                   =======         ======
           _A_PAIFG_L              021C 
           LOCAL                   ADDRESS         
           =====                   =======         
           PAIFG                   021C 
           PAIFG_H                 021D 
           PAIFG_L                 021C 
    -------------------------------------------------------------------------
DATA16_AN
  Relative segment, address: 024A - 024B (0x2 bytes), align: 0
  Segment part 3. ROOT        Intra module refs:   Clock_Init()
           ENTRY                   ADDRESS         REF BY
           =====                   =======         ======
           _A_PCSEL_L              024A 
           LOCAL                   ADDRESS         
           =====                   =======         
           PCSEL                   024A 
           PCSEL_H                 024B 
           PCSEL_L                 024A 
    -------------------------------------------------------------------------
DATA16_AN
  Relative segment, address: 0262 - 0263 (0x2 bytes), align: 0
  Segment part 4. ROOT        Intra module refs:   Clear_ExternWatchdog()
                                                   Restart_Init() (main)
                                                   TimerB_Init(unsigned int) (timer)
           ENTRY                   ADDRESS         REF BY
           =====                   =======         ======
           _A_PDOUT_L              0262 
           LOCAL                   ADDRESS         
           =====                   =======         
           PDOUT                   0262 
           PDOUT_H                 0263 
           PDOUT_L                 0262 
    -------------------------------------------------------------------------
DATA16_AN
  Relative segment, address: 026A - 026B (0x2 bytes), align: 0
  Segment part 5. ROOT        Intra module refs:   Clock_Init()
           ENTRY                   ADDRESS         REF BY
           =====                   =======         ======
           _A_PDSEL_L              026A 
           LOCAL                   ADDRESS         
           =====                   =======         
           PDSEL                   026A 
           PDSEL_H                 026B 
           PDSEL_L                 026A 
    -------------------------------------------------------------------------
DATA16_AN
  Relative segment, address: 0282 - 0283 (0x2 bytes), align: 0
  Segment part 6. ROOT        Intra module refs:   IIC_SCL_HIGH() (rtc)
                                                   IIC_SCL_LOW() (rtc)
                                                   IIC_SDA_HIGH() (rtc)
                                                   IIC_SDA_LOW() (rtc)
                                                   Max3222_Open()
                                                   Restart_Init() (main)
           ENTRY                   ADDRESS         REF BY
           =====                   =======         ======
           _A_PEOUT_L              0282 
           LOCAL                   ADDRESS         
           =====                   =======         
           PEOUT                   0282 
           PEOUT_H                 0283 
           PEOUT_L                 0282 
    -------------------------------------------------------------------------
DATA16_AN
  Relative segment, address: 0284 - 0285 (0x2 bytes), align: 0
  Segment part 7. ROOT        Intra module refs:   IIC_Ack() (rtc)
                                                   IIC_NAck() (rtc)
                                                   IIC_Read_Byte(unsigned char) (rtc)
                                                   IIC_Send_Byte(unsigned char) (rtc)
                                                   IIC_Start() (rtc)
                                                   IIC_Stop() (rtc)
                                                   IIC_Wait_Ack() (rtc)
                                                   Max3222_Open()
                                                   RTC_Open() (rtc)
                                                   Restart_Init() (main)
                                                   UART3_Open(int) (uart3)
           ENTRY                   ADDRESS         REF BY
           =====                   =======         ======
           _A_PEDIR_L              0284 
           LOCAL                   ADDRESS         
           =====                   =======         
           PEDIR                   0284 
           PEDIR_H                 0285 
           PEDIR_L                 0284 
    -------------------------------------------------------------------------
DATA16_AN
  Relative segment, address: 0120 - 0121 (0x2 bytes), align: 0
  Segment part 8. ROOT        Intra module refs:   Set_Vcore(unsigned int)
           ENTRY                   ADDRESS         REF BY
           =====                   =======         ======
           _A_PMMCTL0_L            0120 
           LOCAL                   ADDRESS         
           =====                   =======         
           PMMCTL0                 0120 
           PMMCTL0_H               0121 
           PMMCTL0_L               0120 
    -------------------------------------------------------------------------
DATA16_AN
  Relative segment, address: 0124 - 0125 (0x2 bytes), align: 0
  Segment part 9. ROOT        Intra module refs:   Set_Vcore(unsigned int)
           ENTRY                   ADDRESS         REF BY
           =====                   =======         ======
           _A_SVSMHCTL_L           0124 
           LOCAL                   ADDRESS         
           =====                   =======         
           SVSMHCTL                0124 
           SVSMHCTL_H              0125 
           SVSMHCTL_L              0124 
    -------------------------------------------------------------------------
DATA16_AN
  Relative segment, address: 0126 - 0127 (0x2 bytes), align: 0
  Segment part 10. ROOT       Intra module refs:   Set_Vcore(unsigned int)
           ENTRY                   ADDRESS         REF BY
           =====                   =======         ======
           _A_SVSMLCTL_L           0126 
           LOCAL                   ADDRESS         
           =====                   =======         
           SVSMLCTL                0126 
           SVSMLCTL_H              0127 
           SVSMLCTL_L              0126 
    -------------------------------------------------------------------------
DATA16_AN
  Relative segment, address: 012C - 012D (0x2 bytes), align: 0
  Segment part 11. ROOT       Intra module refs:   Set_Vcore(unsigned int)
           ENTRY                   ADDRESS         REF BY
           =====                   =======         ======
           _A_PMMIFG_L             012C 
           LOCAL                   ADDRESS         
           =====                   =======         
           PMMIFG                  012C 
           PMMIFG_H                012D 
           PMMIFG_L                012C 
    -------------------------------------------------------------------------
DATA16_AN
  Relative segment, address: 0102 - 0103 (0x2 bytes), align: 0
  Segment part 12. ROOT       Intra module refs:   Clock_ACLK_DIV(int)
                                                   Clock_Init()
                                                   Clock_SMCLK_DIV(int)
           ENTRY                   ADDRESS         REF BY
           =====                   =======         ======
           _A_SFRIFG1_L            0102 
           LOCAL                   ADDRESS         
           =====                   =======         
           SFRIFG1                 0102 
           SFRIFG1_H               0103 
           SFRIFG1_L               0102 
    -------------------------------------------------------------------------
DATA16_AN
  Relative segment, address: 0168 - 0169 (0x2 bytes), align: 0
  Segment part 13. ROOT       Intra module refs:   Clock_Init()
           ENTRY                   ADDRESS         REF BY
           =====                   =======         ======
           _A_UCSCTL4_L            0168 
           LOCAL                   ADDRESS         
           =====                   =======         
           UCSCTL4                 0168 
           UCSCTL4_H               0169 
           UCSCTL4_L               0168 
    -------------------------------------------------------------------------
DATA16_AN
  Relative segment, address: 016A - 016B (0x2 bytes), align: 0
  Segment part 14. ROOT       Intra module refs:   Clock_ACLK_DIV(int)
                                                   Clock_SMCLK_DIV(int)
           ENTRY                   ADDRESS         REF BY
           =====                   =======         ======
           _A_UCSCTL5_L            016A 
           LOCAL                   ADDRESS         
           =====                   =======         
           UCSCTL5                 016A 
           UCSCTL5_H               016B 
           UCSCTL5_L               016A 
    -------------------------------------------------------------------------
DATA16_AN
  Relative segment, address: 016C - 016D (0x2 bytes), align: 0
  Segment part 15. ROOT       Intra module refs:   Clock_Init()
           ENTRY                   ADDRESS         REF BY
           =====                   =======         ======
           _A_UCSCTL6_L            016C 
           LOCAL                   ADDRESS         
           =====                   =======         
           UCSCTL6                 016C 
           UCSCTL6_H               016D 
           UCSCTL6_L               016C 
    -------------------------------------------------------------------------
DATA16_AN
  Relative segment, address: 016E - 016F (0x2 bytes), align: 0
  Segment part 16. ROOT       Intra module refs:   Clock_Init()
           ENTRY                   ADDRESS         REF BY
           =====                   =======         ======
           _A_UCSCTL7_L            016E 
           LOCAL                   ADDRESS         
           =====                   =======         
           UCSCTL7                 016E 
           UCSCTL7_H               016F 
           UCSCTL7_L               016E 
    -------------------------------------------------------------------------
DATA16_AN
  Relative segment, address: 015C - 015D (0x2 bytes), align: 0
  Segment part 17. ROOT       Intra module refs:   Clock_Init()
                                                   WatchDog_Clear() (timer)
                                                   WatchDog_Init() (timer)
           ENTRY                   ADDRESS         REF BY
           =====                   =======         ======
           _A_WDTCTL_L             015C 
           LOCAL                   ADDRESS         
           =====                   =======         
           WDTCTL                  015C 
           WDTCTL_H                015D 
           WDTCTL_L                015C 
    -------------------------------------------------------------------------
DATA16_Z
  Relative segment, address: 1C04 - 1C05 (0x2 bytes), align: 1
  Segment part 36.            Intra module refs:   TraceFunctionLine(char const *, int)
                                                   TraceMsgFuncLine(char *, int, char const *, int)
                                                   TraceOpen()
           ENTRY                   ADDRESS         REF BY
           =====                   =======         ======
           trace_open              1C04 
    -------------------------------------------------------------------------
DATA16_Z
  Relative segment, address: 1C06 - 1C07 (0x2 bytes), align: 1
  Segment part 37.            Intra module refs:   System_Delayms(unsigned int)
           LOCAL                   ADDRESS         
           =====                   =======         
           s_clock                 1C06 
    -------------------------------------------------------------------------
DATA16_Z
  Relative segment, address: 1C08 - 1C09 (0x2 bytes), align: 1
  Segment part 38.            Intra module refs:   DownInt()
                                                   UpInt()
           LOCAL                   ADDRESS         
           =====                   =======         
           _int                    1C08 
    -------------------------------------------------------------------------
DATA16_Z
  Relative segment, address: 1C0A - 1C0B (0x2 bytes), align: 1
  Segment part 39.            Intra module refs:   Clear_ExternWatchdog()
           LOCAL                   ADDRESS         
           =====                   =======         
           s_reset_pin             1C0A 
    -------------------------------------------------------------------------
<CODE> 1 (was CODE)
  Relative segment, address: C70E - C71B (0xe bytes), align: 1
  Segment part 40.
           ENTRY                   ADDRESS         REF BY
           =====                   =======         ======
           TraceOpen()             C70E            Main_Init() (main)
               calls direct
    -------------------------------------------------------------------------
<CODE> 1 (was CODE)
  Relative segment, address: BDEA - BE09 (0x20 bytes), align: 1
  Segment part 41.            Intra module refs:   TraceMsgFuncLine(char *, int, char const *, int)
           ENTRY                   ADDRESS         REF BY
           =====                   =======         ======
           TraceFunctionLine(char const *, int)
                                   BDEA 
               calls direct
    -------------------------------------------------------------------------
<CODE> 1 (was CODE)
  Relative segment, address: B654 - B685 (0x32 bytes), align: 1
  Segment part 43.
           ENTRY                   ADDRESS         REF BY
           =====                   =======         ======
           TraceMsgFuncLine(char *, int, char const *, int)
                                   B654            main (main)
               calls direct
    -------------------------------------------------------------------------
<CODE> 1 (was CODE)
  Relative segment, address: B410 - B447 (0x38 bytes), align: 1
  Segment part 51.            Intra module refs:   Clock_Init()
           ENTRY                   ADDRESS         REF BY
           =====                   =======         ======
           System_Delayms(unsigned int)
                                   B410            I2C_STOP() (rom)
                                                   Led_Round() (led)
                                                   RTC_Open() (rtc)
                                                   UART3_Send(char *, int, int) (uart3)
                                                   main (main)
    -------------------------------------------------------------------------
<CODE> 1 (was CODE)
  Relative segment, address: C81C - C825 (0xa bytes), align: 1
  Segment part 53.
           ENTRY                   ADDRESS         REF BY
           =====                   =======         ======
           DownInt()               C81C            ROM_ReadBytes_Page(unsigned long long, char *, int) (rom)
                                                   ROM_WriteBytes_Page_(unsigned long long, char const *, int) (rom)
                                                   RTC_Open() (rtc)
                                                   UART3_ClearBuffer() (uart3)
    -------------------------------------------------------------------------
<CODE> 1 (was CODE)
  Relative segment, address: C19A - C1B1 (0x18 bytes), align: 1
  Segment part 54.
           ENTRY                   ADDRESS         REF BY
           =====                   =======         ======
           UpInt()                 C19A            ROM_ReadBytes_Page(unsigned long long, char *, int) (rom)
                                                   ROM_WriteBytes_Page_(unsigned long long, char const *, int) (rom)
                                                   RTC_Open() (rtc)
                                                   UART3_ClearBuffer() (uart3)
    -------------------------------------------------------------------------
<CODE> 1 (was CODE)
  Relative segment, address: C902 - C907 (0x6 bytes), align: 1
  Segment part 58.
           ENTRY                   ADDRESS         REF BY
           =====                   =======         ======
           EnInt()                 C902            Main_Init() (main)
    -------------------------------------------------------------------------
<CODE> 1 (was CODE)
  Relative segment, address: C6E4 - C6F1 (0xe bytes), align: 1
  Segment part 59.
           ENTRY                   ADDRESS         REF BY
           =====                   =======         ======
           Max3222_Open()          C6E4            main (main)
    -------------------------------------------------------------------------
<CODE> 1 (was CODE)
  Relative segment, address: A1C6 - A22D (0x68 bytes), align: 1
  Segment part 62.            Intra module refs:   Clock_Init()
           ENTRY                   ADDRESS         REF BY
           =====                   =======         ======
           Clock_SMCLK_DIV(int)    A1C6 
    -------------------------------------------------------------------------
<CODE> 1 (was CODE)
  Relative segment, address: A08E - A0F5 (0x68 bytes), align: 1
  Segment part 63.            Intra module refs:   Clock_Init()
           ENTRY                   ADDRESS         REF BY
           =====                   =======         ======
           Clock_ACLK_DIV(int)     A08E 
    -------------------------------------------------------------------------
<CODE> 1 (was CODE)
  Relative segment, address: A7B2 - A807 (0x56 bytes), align: 1
  Segment part 64.            Intra module refs:   Clock_Init()
           ENTRY                   ADDRESS         REF BY
           =====                   =======         ======
           Set_Vcore(unsigned int)
                                   A7B2 
    -------------------------------------------------------------------------
<CODE> 1 (was CODE)
  Relative segment, address: A598 - A5F3 (0x5c bytes), align: 1
  Segment part 65.
           ENTRY                   ADDRESS         REF BY
           =====                   =======         ======
           Clock_Init()            A598            Restart_Init() (main)
               calls direct
    -------------------------------------------------------------------------
<CODE> 1 (was CODE)
  Relative segment, address: C354 - C369 (0x16 bytes), align: 1
  Segment part 72.
           ENTRY                   ADDRESS         REF BY
           =====                   =======         ======
           Utility_Strlen(char *)
                                   C354            Console_WriteString(char *) (Console)
                                                   Console_WriteStringln(char *) (Console)
    -------------------------------------------------------------------------
<CODE> 1 (was CODE)
  Relative segment, address: A022 - A08D (0x6c bytes), align: 1
  Segment part 45.
           ENTRY                   ADDRESS         REF BY
           =====                   =======         ======
           Utility_UintToStr4(unsigned int, char *)
                                   A022            Console_WriteInt(int) (Console)
               calls direct
    -------------------------------------------------------------------------
<CODE> 1 (was CODE)
  Relative segment, address: BF48 - BF65 (0x1e bytes), align: 1
  Segment part 95.
           ENTRY                   ADDRESS         REF BY
           =====                   =======         ======
           Clear_ExternWatchdog()
                                   BF48            TIMERB1_ISR() (timer)
    -------------------------------------------------------------------------
DATA16_C
  Relative segment, address: 5C1C - 5C1D (0x2 bytes), align: 0
  Segment part 19.            Intra module refs:   TraceFunctionLine(char const *, int)

    *************************************************************************

  FILE NAME : \\Mac\Home\work\ETL\Debug\Obj\comp_b.r43
    *************************************************************************

  FILE NAME : \\Mac\Home\work\ETL\Debug\Obj\Console.r43
  PROGRAM MODULE, NAME : Console

  SEGMENTS IN THE MODULE
  ======================
<CODE> 1 (was CODE)
  Relative segment, address: CA14 - CA17 (0x4 bytes), align: 1
  Segment part 4.             Intra module refs:   DataPage::~DataPage() (dualpool)
                                                   ETL::InitialPhysicalPages() (etl)
                                                   ETL::ReadDataPage(int, DataPage *) (etl)
                                                   ETL::WriteDataPage(int, DataPage *) (etl)
                                                   Tool::SwapMemory(void *, void *, unsigned int) (tool)
           ENTRY                   ADDRESS         REF BY
           =====                   =======         ======
           free                    CA14 
               calls direct
    -------------------------------------------------------------------------
<CODE> 1 (was CODE)
  Relative segment, address: C9C0 - C9C3 (0x4 bytes), align: 1
  Segment part 5.             Intra module refs:   Tool::SwapMemory(void *, void *, unsigned int) (tool)
           ENTRY                   ADDRESS         REF BY
           =====                   =======         ======
           malloc                  C9C0 
               calls direct
    -------------------------------------------------------------------------
<CODE> 1 (was CODE)
  Relative segment, address: C808 - C811 (0xa bytes), align: 1
  Segment part 6.
           ENTRY                   ADDRESS         REF BY
           =====                   =======         ======
           Console_Open()          C808            Restart_Init() (main)
                                                   TraceOpen() (common)
               calls direct
    -------------------------------------------------------------------------
<CODE> 1 (was CODE)
  Relative segment, address: C8BA - C8C1 (0x8 bytes), align: 1
  Segment part 7.
           ENTRY                   ADDRESS         REF BY
           =====                   =======         ======
           Console_Close()         C8BA            TraceOpen() (common)
               calls direct
    -------------------------------------------------------------------------
<CODE> 1 (was CODE)
  Relative segment, address: BC6A - BC8D (0x24 bytes), align: 1
  Segment part 11.
           ENTRY                   ADDRESS         REF BY
           =====                   =======         ======
           Console_WriteString(char *)
                                   BC6A            TraceFunctionLine(char const *, int) (common)
                                                   TraceMsgFuncLine(char *, int, char const *, int) (common)
               calls direct
    -------------------------------------------------------------------------
<CODE> 1 (was CODE)
  Relative segment, address: BC46 - BC69 (0x24 bytes), align: 1
  Segment part 9.
           ENTRY                   ADDRESS         REF BY
           =====                   =======         ======
           Console_WriteStringln(char *)
                                   BC46            TraceMsgFuncLine(char *, int, char const *, int) (common)
               calls direct
    -------------------------------------------------------------------------
<CODE> 1 (was CODE)
  Relative segment, address: C392 - C3A5 (0x14 bytes), align: 1
  Segment part 8.             Intra module refs:   Console_WriteInt(int)
           ENTRY                   ADDRESS         REF BY
           =====                   =======         ======
           Console_WriteBytesln(char *, int)
                                   C392 
               calls direct
    -------------------------------------------------------------------------
<CODE> 1 (was CODE)
  Relative segment, address: C096 - C0AF (0x1a bytes), align: 1
  Segment part 13.
           ENTRY                   ADDRESS         REF BY
           =====                   =======         ======
           Console_WriteInt(int)   C096            TraceFunctionLine(char const *, int) (common)
               calls direct

    *************************************************************************

  FILE NAME : \\Mac\Home\work\ETL\Debug\Obj\crc.r43
    *************************************************************************

  FILE NAME : \\Mac\Home\work\ETL\Debug\Obj\cstartup.r43
  LIBRARY MODULE, NAME : ?cstart

Absolute parts
           LOCAL                   ADDRESS         
           =====                   =======         
           __MSP430F5212__         0000 
  SEGMENTS IN THE MODULE
  ======================
CSTACK
  Relative segment, address: 4C60, align: 1
  Segment part 1.
    -------------------------------------------------------------------------
DATA16_Z
  Relative segment, address: 1C0C, align: 1
  Segment part 2.
    -------------------------------------------------------------------------
DATA16_I
  Relative segment, address: 1C00, align: 1
  Segment part 3.
    -------------------------------------------------------------------------
DATA16_ID
  Relative segment, address: 6278, align: 1
  Segment part 4.
    -------------------------------------------------------------------------
CODE_I
  Relative segment, address: 4454, align: 1
  Segment part 5.
    -------------------------------------------------------------------------
CODE_ID
  Relative segment, address: CAE4, align: 1
  Segment part 6.
    -------------------------------------------------------------------------
DATA20_Z
  Relative segment, address: 4454, align: 1
  Segment part 7.
    -------------------------------------------------------------------------
DATA20_I
  Relative segment, address: 4454, align: 1
  Segment part 8.
    -------------------------------------------------------------------------
DATA20_ID
  Relative segment, address: CAE4, align: 1
  Segment part 9.
    -------------------------------------------------------------------------
DATA20_C
  Relative segment, address: CAE4, align: 1
  Segment part 10.
    -------------------------------------------------------------------------
DATA20_N
  Relative segment, address: 4454, align: 1
  Segment part 12.
    -------------------------------------------------------------------------
CSTART
  Relative segment, address: 627C - 6285 (0xa bytes), align: 1
  Segment part 15.
           ENTRY                   ADDRESS         REF BY
           =====                   =======         ======
           __program_start         627C            ?reset_vector (?reset_vector)
                                                   Absolute parts (?ABS_ENTRY_MOD)
           ?cstart_begin           627C 
    -------------------------------------------------------------------------
CSTART
  Relative segment, address: 6286 - 6291 (0xc bytes), align: 1
  Segment part 20.
           ENTRY                   ADDRESS         REF BY
           =====                   =======         ======
           ?cstart_init_zero       6286            GetCharSelBitCnt(char)::dict (tool)
                                                   GetCharSelBitCnt(char)::static guard for dict (tool)
                                                   IsGetInput (uart0)
                                                   Is_RS485_1 (main)
                                                   Is_uart1_RX_INT (main)
                                                   Is_uart3_RX_INT (uart3)
                                                   Segment part 2 (?xgetmemchunk)
                                                   UART0_Rx_BufLen (uart0)
                                                   UART0_Rx_Buffer (uart0)
                                                   UART0_Rx_INTIndex (uart0)
                                                   UART0_Rx_INTLen (uart0)
                                                   UART1_Rx_BufLen (uart1)
                                                   UART1_Rx_Buffer (uart1)
                                                   UART1_Rx_INTIndex (uart1)
                                                   UART1_Rx_INTLen (uart1)
                                                   UART3_Rx_BufLen (uart3)
                                                   UART3_Rx_Buffer (uart3)
                                                   UART3_Rx_INTIndex (uart3)
                                                   UART3_Rx_INTLen (uart3)
                                                   UART3_Rx_RecvIndex (uart3)
                                                   UART3_Tx_Buf (uart3)
                                                   UART3_Tx_Flag (uart3)
                                                   UART3_Tx_Len (uart3)
                                                   __data16_Aldata (?xxmemxmalloc)
                                                   __iar_New_hand (?new)
                                                   _int (common)
                                                   etl (etltest)
                                                   s_ClockTicks (timer)
                                                   s_clock (common)
                                                   s_reset_count (timer)
                                                   s_reset_pin (common)
                                                   s_uart1_type (uart1)
                                                   s_uart3_type (uart3)
                                                   trace_open (common)
    -------------------------------------------------------------------------
CSTART
  Relative segment, address: 6292 - 62A1 (0x10 bytes), align: 1
  Segment part 21.
           ENTRY                   ADDRESS         REF BY
           =====                   =======         ======
           ?cstart_init_copy       6292            IsDebug (main)
                                                   Opened (main)
    -------------------------------------------------------------------------
CSTART
  Relative segment, address: 62A2 - 62A9 (0x8 bytes), align: 1
  Segment part 27.            Intra module refs:   Segment part 15
           ENTRY                   ADDRESS         REF BY
           =====                   =======         ======
           ?cstart_call_main       62A2 
           ?cstart_end             62AA 
    -------------------------------------------------------------------------
CODE_ID
  Relative segment, address: CAE4, align: 1
  Segment part 28.            Intra module refs:   Segment part 5

    -------------------------------------------------------------------------
  LIBRARY MODULE, NAME : ?reset_vector

  SEGMENTS IN THE MODULE
  ======================
RESET
  Relative segment, address: FFFE - FFFF (0x2 bytes), align: 1
  Segment part 0.
           ENTRY                   ADDRESS         REF BY
           =====                   =======         ======
           ?reset_vector           FFFE            Segment part 15 (?cstart)

    *************************************************************************

  FILE NAME : \\Mac\Home\work\ETL\Debug\Obj\ctsd16.r43
    *************************************************************************

  FILE NAME : \\Mac\Home\work\ETL\Debug\Obj\dac12_a.r43
    *************************************************************************

  FILE NAME : \\Mac\Home\work\ETL\Debug\Obj\datapage.r43
    *************************************************************************

  FILE NAME : \\Mac\Home\work\ETL\Debug\Obj\debug.r43
    *************************************************************************

  FILE NAME : \\Mac\Home\work\ETL\Debug\Obj\dma.r43
    *************************************************************************

  FILE NAME : \\Mac\Home\work\ETL\Debug\Obj\duallru.r43
  PROGRAM MODULE, NAME : duallru

  SEGMENTS IN THE MODULE
  ======================
<CODE> 1 (was CODE)
  Relative segment, address: C932 - C937 (0x6 bytes), align: 1
  Segment part 2.             Intra module refs:   void _ClassUtil::_MemHolder<pair<int const, list<pair<int, int>>::iterator>, less<int>>::_MemHolder(_Ty1 const &)[with _Ty1=less<int>]
           ENTRY                   ADDRESS         REF BY
           =====                   =======         ======
           void _ClassUtil::_MemHolder<pair<int const, list<pair<int, int>>::iterator>, less<int>>::_Helper<less<int>, 0>::_Helper(_Ty2 const &)[with _Ty2=less<int>]
                                   C932 
    -------------------------------------------------------------------------
<CODE> 1 (was CODE)
  Relative segment, address: CAD0 - CAD1 (0x2 bytes), align: 1
  Segment part 21.            Intra module refs:   _ClassUtil::_MemHolder<pair<int const, list<pair<int, int>>::iterator>, less<int>>::operator less<int> const &() const
           ENTRY                   ADDRESS         REF BY
           =====                   =======         ======
           _ClassUtil::_MemHolder<pair<int const, list<pair<int, int>>::iterator>, less<int>>::_Helper<less<int>, 0>::Ref() const
                                   CAD0 
    -------------------------------------------------------------------------
<CODE> 1 (was CODE)
  Relative segment, address: CACE - CACF (0x2 bytes), align: 1
  Segment part 22.            Intra module refs:   _ClassUtil::_MemHolder<pair<int const, list<pair<int, int>>::iterator>, less<int>>::operator less<int> &()
           ENTRY                   ADDRESS         REF BY
           =====                   =======         ======
           _ClassUtil::_MemHolder<pair<int const, list<pair<int, int>>::iterator>, less<int>>::_Helper<less<int>, 0>::Ref()
                                   CACE 
    -------------------------------------------------------------------------
<CODE> 1 (was CODE)
  Relative segment, address: C59C - C5AB (0x10 bytes), align: 1
  Segment part 3.             Intra module refs:   _Tree_nod<_Tmap_traits<int, list<pair<int, int>>::iterator, less<int>, allocator<pair<int const, list<pair<int, int>>::iterator>>, 0>>::_Tree_nod(less<int> const &, allocator<pair<int const, list<pair<int, int>>::iterator>>)
           ENTRY                   ADDRESS         REF BY
           =====                   =======         ======
           void _ClassUtil::_MemHolder<pair<int const, list<pair<int, int>>::iterator>, less<int>>::_MemHolder(_Ty1 const &)[with _Ty1=less<int>]
                                   C59C 
               calls direct
    -------------------------------------------------------------------------
<CODE> 1 (was CODE)
  Relative segment, address: C9D0 - C9D3 (0x4 bytes), align: 1
  Segment part 23.            Intra module refs:   _Tree_nod<_Tmap_traits<int, list<pair<int, int>>::iterator, less<int>, allocator<pair<int const, list<pair<int, int>>::iterator>>, 0>>::comp() const
           ENTRY                   ADDRESS         REF BY
           =====                   =======         ======
           _ClassUtil::_MemHolder<pair<int const, list<pair<int, int>>::iterator>, less<int>>::operator less<int> const &() const
                                   C9D0 
               calls direct
    -------------------------------------------------------------------------
<CODE> 1 (was CODE)
  Relative segment, address: C9F4 - C9F7 (0x4 bytes), align: 1
  Segment part 24.            Intra module refs:   _Tree_nod<_Tmap_traits<int, list<pair<int, int>>::iterator, less<int>, allocator<pair<int const, list<pair<int, int>>::iterator>>, 0>>::comp()
           ENTRY                   ADDRESS         REF BY
           =====                   =======         ======
           _ClassUtil::_MemHolder<pair<int const, list<pair<int, int>>::iterator>, less<int>>::operator less<int> &()
                                   C9F4 
               calls direct
    -------------------------------------------------------------------------
<CODE> 1 (was CODE)
  Relative segment, address: CAC8 - CAC9 (0x2 bytes), align: 1
  Segment part 5.             Intra module refs:   _Tree_algobase<allocator<void>>::_Tree_algobase(allocator<void> const &)
           ENTRY                   ADDRESS         REF BY
           =====                   =======         ======
           _ClassUtil::_AllocHolder<><_Alloc, false>[with _Alloc=allocator<void>]::_AllocHolder(allocator<void>)
                                   CAC8 
    -------------------------------------------------------------------------
<CODE> 1 (was CODE)
  Relative segment, address: CAC6 - CAC7 (0x2 bytes), align: 1
  Segment part 25.            Intra module refs:   _List_value<allocator<void>>::_Alty()
                                                   _Vector_impl<unsigned char, allocator<unsigned char>>::_Make_room(unsigned char *, unsigned int) (dualpool)
                                                   _Vector_impl<unsigned char, allocator<unsigned char>>::_Ucopy(unsigned char const *, unsigned char const *, unsigned char *) (dualpool)
                                                   _Vector_impl<unsigned char, allocator<unsigned char>>::_Ufill(unsigned char *, unsigned int, unsigned char) (dualpool)
                                                   _Vector_impl<unsigned short, allocator<unsigned short>>::_Make_room(unsigned short *, unsigned int) (tool)
                                                   _Vector_impl<unsigned short, allocator<unsigned short>>::_Ucopy(unsigned short const *, unsigned short const *, unsigned short *) (tool)
                                                   _Vector_impl<unsigned short, allocator<unsigned short>>::_Ufill(unsigned short *, unsigned int, unsigned short) (tool)
           ENTRY                   ADDRESS         REF BY
           =====                   =======         ======
           _ClassUtil::_AllocHolder<><_Alloc, false>[with _Alloc=allocator<void>]::_Alval()
                                   CAC6 
    -------------------------------------------------------------------------
<CODE> 1 (was CODE)
  Relative segment, address: CAC4 - CAC5 (0x2 bytes), align: 1
  Segment part 26.            Intra module refs:   _Tree<_Tmap_traits<int, list<pair<int, int>>::iterator, less<int>, allocator<pair<int const, list<pair<int, int>>::iterator>>, 0>>::_Alnod() const
                                                   _Vector_impl<unsigned char, allocator<unsigned char>>::_Altyval() const (dualpool)
                                                   _Vector_impl<unsigned short, allocator<unsigned short>>::_Altyval() const (tool)
                                                   list<pair<int, int>>::_Alnod() const
           ENTRY                   ADDRESS         REF BY
           =====                   =======         ======
           _ClassUtil::_AllocHolder<><_Alloc, false>[with _Alloc=allocator<void>]::_Alval() const
                                   CAC4 
    -------------------------------------------------------------------------
<CODE> 1 (was CODE)
  Relative segment, address: C75A - C765 (0xc bytes), align: 1
  Segment part 27.            Intra module refs:   _Tree<_Tmap_traits<int, list<pair<int, int>>::iterator, less<int>, allocator<pair<int const, list<pair<int, int>>::iterator>>, 0>>::_Lbound(int) const
                                                   _Tree<_Tmap_traits<int, list<pair<int, int>>::iterator, less<int>, allocator<pair<int const, list<pair<int, int>>::iterator>>, 0>>::_Ubound(int) const
                                                   _Tree<_Tmap_traits<int, list<pair<int, int>>::iterator, less<int>, allocator<pair<int const, list<pair<int, int>>::iterator>>, 0>>::insert(pair<int const, list<pair<int, int>>::iterator> const &)
           ENTRY                   ADDRESS         REF BY
           =====                   =======         ======
           less<int>::operator()(int, int) const
                                   C75A 
    -------------------------------------------------------------------------
<CODE> 1 (was CODE)
  Relative segment, address: C766 - C771 (0xc bytes), align: 1
  Segment part 28.            Intra module refs:   _Tree_algobase<allocator<void>>::_Erase(_Genptr)
           ENTRY                   ADDRESS         REF BY
           =====                   =======         ======
           void swap(_Ty &, _Ty &)[with _Ty=char]
                                   C766 
    -------------------------------------------------------------------------
<CODE> 1 (was CODE)
  Relative segment, address: C33E - C353 (0x16 bytes), align: 1
  Segment part 31.            Intra module refs:   map<int, list<pair<int, int>>::iterator>::operator[](int)
           ENTRY                   ADDRESS         REF BY
           =====                   =======         ======
           pair<int const, list<pair<int, int>>::iterator>::pair(int)
                                   C33E 
               calls direct
    -------------------------------------------------------------------------
<CODE> 1 (was CODE)
  Relative segment, address: C7D6 - C7DF (0xa bytes), align: 1
  Segment part 32.            Intra module refs:   DualLRU::PutIntoSubCache(int, int)
                                                   LRUCache::Get(int) (lru)
                                                   LRUCache::Put(int, int) (lru)
           ENTRY                   ADDRESS         REF BY
           =====                   =======         ======
           pair<int, int>::pair(int, int)
                                   C7D6 
    -------------------------------------------------------------------------
<CODE> 1 (was CODE)
  Relative segment, address: C7AE - C7B7 (0xa bytes), align: 1
  Segment part 33.            Intra module refs:   _Tree<_Tmap_traits<int, list<pair<int, int>>::iterator, less<int>, allocator<pair<int const, list<pair<int, int>>::iterator>>, 0>>::equal_range(int) const
           ENTRY                   ADDRESS         REF BY
           =====                   =======         ======
           pair<_Tree<_Tmap_traits<int, list<pair<int, int>>::iterator, less<int>, allocator<pair<int const, list<pair<int, int>>::iterator>>, 0>>::const_iterator, _Tree<_Tmap_traits<int, list<pair<int, int>>::iterator, less<int>, allocator<pair<int const, list<pair<int, int>>::iterator>>, 0>>::const_iterator>::pair(_TypeUtil::_ParameterType<_Tree<_Tmap_traits<int, list<pair<int, int>>::iterator, less<int>, allocator<pair<int const, list<pair<int, int>>::iterator>>, 0>>::const_iterator>::_Type, _TypeUtil::_ParameterType<_Tree<_Tmap_traits<int, list<pair<int, int>>::iterator, less<int>, allocator<pair<int const, list<pair<int, int>>::iterator>>, 0>>::const_iterator>::_Type)
                                   C7AE 
    -------------------------------------------------------------------------
<CODE> 1 (was CODE)
  Relative segment, address: C7B8 - C7C1 (0xa bytes), align: 1
  Segment part 34.            Intra module refs:   _Tree<_Tmap_traits<int, list<pair<int, int>>::iterator, less<int>, allocator<pair<int const, list<pair<int, int>>::iterator>>, 0>>::insert(pair<int const, list<pair<int, int>>::iterator> const &)
           ENTRY                   ADDRESS         REF BY
           =====                   =======         ======
           pair<_Tree<_Tmap_traits<int, list<pair<int, int>>::iterator, less<int>, allocator<pair<int const, list<pair<int, int>>::iterator>>, 0>>::iterator, bool>::pair(_ParamTy1, bool)
                                   C7B8 
    -------------------------------------------------------------------------
<CODE> 1 (was CODE)
  Relative segment, address: C7C2 - C7CB (0xa bytes), align: 1
  Segment part 35.            Intra module refs:   _Tree<_Tmap_traits<int, list<pair<int, int>>::iterator, less<int>, allocator<pair<int const, list<pair<int, int>>::iterator>>, 0>>::equal_range(int)
           ENTRY                   ADDRESS         REF BY
           =====                   =======         ======
           pair<_Tree<_Tmap_traits<int, list<pair<int, int>>::iterator, less<int>, allocator<pair<int const, list<pair<int, int>>::iterator>>, 0>>::iterator, _Tree<_Tmap_traits<int, list<pair<int, int>>::iterator, less<int>, allocator<pair<int const, list<pair<int, int>>::iterator>>, 0>>::iterator>::pair(_TypeUtil::_ParameterType<_Tree<_Tmap_traits<int, list<pair<int, int>>::iterator, less<int>, allocator<pair<int const, list<pair<int, int>>::iterator>>, 0>>::iterator>::_Type, _TypeUtil::_ParameterType<_Tree<_Tmap_traits<int, list<pair<int, int>>::iterator, less<int>, allocator<pair<int const, list<pair<int, int>>::iterator>>, 0>>::iterator>::_Type)
                                   C7C2 
    -------------------------------------------------------------------------
<CODE> 1 (was CODE)
  Relative segment, address: B998 - B9C1 (0x2a bytes), align: 1
  Segment part 44.            Intra module refs:   iterator_traits<_InIt>::difference_type distance(_InIt, _InIt)[with _InIt=_TypeUtil::_StripMemory<_Tree<_Tmap_traits<int, list<pair<int, int>>::iterator, less<int>, allocator<pair<int const, list<pair<int, int>>::iterator>>, 0>>::const_iterator>::_Type]
           ENTRY                   ADDRESS         REF BY
           =====                   =======         ======
           iterator_traits<_InIt>::difference_type _DistanceHelper<bidirectional_iterator_tag>::_Distance(_InIt, _InIt)[with _InIt=_TypeUtil::_StripMemory<_Tree<_Tmap_traits<int, list<pair<int, int>>::iterator, less<int>, allocator<pair<int const, list<pair<int, int>>::iterator>>, 0>>::const_iterator>::_Type]
                                   B998 
               calls direct
    -------------------------------------------------------------------------
<CODE> 1 (was CODE)
  Relative segment, address: B9EC - BA15 (0x2a bytes), align: 1
  Segment part 46.            Intra module refs:   iterator_traits<_InIt>::difference_type distance(_InIt, _InIt)[with _InIt=_TypeUtil::_StripMemory<_Tree<_Tmap_traits<int, list<pair<int, int>>::iterator, less<int>, allocator<pair<int const, list<pair<int, int>>::iterator>>, 0>>::iterator>::_Type]
           ENTRY                   ADDRESS         REF BY
           =====                   =======         ======
           iterator_traits<_InIt>::difference_type _DistanceHelper<bidirectional_iterator_tag>::_Distance(_InIt, _InIt)[with _InIt=_TypeUtil::_StripMemory<_Tree<_Tmap_traits<int, list<pair<int, int>>::iterator, less<int>, allocator<pair<int const, list<pair<int, int>>::iterator>>, 0>>::iterator>::_Type]
                                   B9EC 
               calls direct
    -------------------------------------------------------------------------
<CODE> 1 (was CODE)
  Relative segment, address: C41A - C42B (0x12 bytes), align: 1
  Segment part 47.            Intra module refs:   _Tree<_Tmap_traits<int, list<pair<int, int>>::iterator, less<int>, allocator<pair<int const, list<pair<int, int>>::iterator>>, 0>>::count(int) const
           ENTRY                   ADDRESS         REF BY
           =====                   =======         ======
           iterator_traits<_InIt>::difference_type distance(_InIt, _InIt)[with _InIt=_TypeUtil::_StripMemory<_Tree<_Tmap_traits<int, list<pair<int, int>>::iterator, less<int>, allocator<pair<int const, list<pair<int, int>>::iterator>>, 0>>::const_iterator>::_Type]
                                   C41A 
               calls direct
    -------------------------------------------------------------------------
<CODE> 1 (was CODE)
  Relative segment, address: C42C - C43D (0x12 bytes), align: 1
  Segment part 48.            Intra module refs:   _Tree<_Tmap_traits<int, list<pair<int, int>>::iterator, less<int>, allocator<pair<int const, list<pair<int, int>>::iterator>>, 0>>::erase(int)
           ENTRY                   ADDRESS         REF BY
           =====                   =======         ======
           iterator_traits<_InIt>::difference_type distance(_InIt, _InIt)[with _InIt=_TypeUtil::_StripMemory<_Tree<_Tmap_traits<int, list<pair<int, int>>::iterator, less<int>, allocator<pair<int const, list<pair<int, int>>::iterator>>, 0>>::iterator>::_Type]
                                   C42C 
               calls direct
    -------------------------------------------------------------------------
<CODE> 1 (was CODE)
  Relative segment, address: CAAC - CAAF (0x4 bytes), align: 1
  Segment part 49.            Intra module refs:   _Tree<_Tmap_traits<int, list<pair<int, int>>::iterator, less<int>, allocator<pair<int const, list<pair<int, int>>::iterator>>, 0>>::_Buynode(_Nodeptr, _Nodeptr, _Nodeptr, pair<int const, list<pair<int, int>>::iterator> const &, char)
                                                   list<pair<int, int>>::_Buynode(_Nodeptr, _Nodeptr, _ParamTy)
           ENTRY                   ADDRESS         REF BY
           =====                   =======         ======
           operator new(unsigned int, void *)
                                   CAAC 
    -------------------------------------------------------------------------
<CODE> 1 (was CODE)
  Relative segment, address: CAA8 - CAAB (0x4 bytes), align: 1
  Segment part 50.            Intra module refs:   allocator<_Tree_nod<_Tmap_traits<int, list<pair<int, int>>::iterator, less<int>, allocator<pair<int const, list<pair<int, int>>::iterator>>, 0>>::_Node>::allocate(unsigned int)
                                                   allocator<list<pair<int, int>>::_Node>::allocate(unsigned int)
                                                   allocator<unsigned char>::allocate(unsigned int) (dualpool)
                                                   allocator<unsigned short>::allocate(unsigned int) (tool)
           ENTRY                   ADDRESS         REF BY
           =====                   =======         ======
           _Allocator<void>::allocate(unsigned int)
                                   CAA8 
               calls direct
    -------------------------------------------------------------------------
<CODE> 1 (was CODE)
  Relative segment, address: CAA4 - CAA7 (0x4 bytes), align: 1
  Segment part 51.            Intra module refs:   allocator<_Tree_nod<_Tmap_traits<int, list<pair<int, int>>::iterator, less<int>, allocator<pair<int const, list<pair<int, int>>::iterator>>, 0>>::_Node>::deallocate(pointer, unsigned int)
                                                   allocator<list<pair<int, int>>::_Node>::deallocate(list<pair<int, int>>::_Node *, unsigned int)
                                                   allocator<unsigned char>::deallocate(unsigned char *, unsigned int) (dualpool)
                                                   allocator<unsigned short>::deallocate(unsigned short *, unsigned int) (tool)
           ENTRY                   ADDRESS         REF BY
           =====                   =======         ======
           _Allocator<void>::deallocate(void *)
                                   CAA4 
               calls direct
    -------------------------------------------------------------------------
<CODE> 1 (was CODE)
  Relative segment, address: CA9C - CA9F (0x4 bytes), align: 1
  Segment part 53.            Intra module refs:   allocator<_Tree_nod<_Tmap_traits<int, list<pair<int, int>>::iterator, less<int>, allocator<pair<int const, list<pair<int, int>>::iterator>>, 0>>::_Node>::destroy(pointer)
           ENTRY                   ADDRESS         REF BY
           =====                   =======         ======
           void _Destroy(_Ty *)[with _Ty=allocator<_Tree_nod<_Tmap_traits<int, list<pair<int, int>>::iterator, less<int>, allocator<pair<int const, list<pair<int, int>>::iterator>>, 0>>::_Node>::value_type]
                                   CA9C 
               calls direct
    -------------------------------------------------------------------------
<CODE> 1 (was CODE)
  Relative segment, address: CA98 - CA9B (0x4 bytes), align: 1
  Segment part 55.            Intra module refs:   allocator<list<pair<int, int>>::_Node>::destroy(list<pair<int, int>>::_Node *)
           ENTRY                   ADDRESS         REF BY
           =====                   =======         ======
           void _Destroy(_Ty *)[with _Ty=list<pair<int, int>>::_Node]
                                   CA98 
               calls direct
    -------------------------------------------------------------------------
<CODE> 1 (was CODE)
  Relative segment, address: CAE2 - CAE3 (0x2 bytes), align: 1
  Segment part 56.            Intra module refs:   _List_value<allocator<void>>::_Alty()
           ENTRY                   ADDRESS         REF BY
           =====                   =======         ======
           void allocator<_List_value<allocator<void>>::_GenNode>::allocator(allocator<_Other> const &)[with _Other=void]
                                   CAE2 
    -------------------------------------------------------------------------
<CODE> 1 (was CODE)
  Relative segment, address: CAB4 - CAB5 (0x2 bytes), align: 1
  Segment part 57.            Intra module refs:   _Tree<_Tmap_traits<int, list<pair<int, int>>::iterator, less<int>, allocator<pair<int const, list<pair<int, int>>::iterator>>, 0>>::_Alnod() const
           ENTRY                   ADDRESS         REF BY
           =====                   =======         ======
           void allocator<_Tree_nod<_Tmap_traits<int, list<pair<int, int>>::iterator, less<int>, allocator<pair<int const, list<pair<int, int>>::iterator>>, 0>>::_Node>::allocator(allocator<_Other> const &)[with _Other=void]
                                   CAB4 
    -------------------------------------------------------------------------
<CODE> 1 (was CODE)
  Relative segment, address: CAB6 - CAB7 (0x2 bytes), align: 1
  Segment part 58.            Intra module refs:   list<pair<int, int>>::_Alnod() const
           ENTRY                   ADDRESS         REF BY
           =====                   =======         ======
           void allocator<list<pair<int, int>>::_Node>::allocator(allocator<_Other> const &)[with _Other=void]
                                   CAB6 
    -------------------------------------------------------------------------
<CODE> 1 (was CODE)
  Relative segment, address: C98C - C991 (0x6 bytes), align: 1
  Segment part 59.            Intra module refs:   _Tree<_Tmap_traits<int, list<pair<int, int>>::iterator, less<int>, allocator<pair<int const, list<pair<int, int>>::iterator>>, 0>>::_Erase(_Nodeptr)
                                                   _Tree<_Tmap_traits<int, list<pair<int, int>>::iterator, less<int>, allocator<pair<int const, list<pair<int, int>>::iterator>>, 0>>::erase(iterator)
           ENTRY                   ADDRESS         REF BY
           =====                   =======         ======
           allocator<_Tree_nod<_Tmap_traits<int, list<pair<int, int>>::iterator, less<int>, allocator<pair<int const, list<pair<int, int>>::iterator>>, 0>>::_Node>::deallocate(pointer, unsigned int)
                                   C98C 
               calls direct
    -------------------------------------------------------------------------
<CODE> 1 (was CODE)
  Relative segment, address: C950 - C955 (0x6 bytes), align: 1
  Segment part 60.            Intra module refs:   list<pair<int, int>>::erase(iterator)
           ENTRY                   ADDRESS         REF BY
           =====                   =======         ======
           allocator<list<pair<int, int>>::_Node>::deallocate(list<pair<int, int>>::_Node *, unsigned int)
                                   C950 
               calls direct
    -------------------------------------------------------------------------
<CODE> 1 (was CODE)
  Relative segment, address: C682 - C68F (0xe bytes), align: 1
  Segment part 61.            Intra module refs:   _Tree<_Tmap_traits<int, list<pair<int, int>>::iterator, less<int>, allocator<pair<int const, list<pair<int, int>>::iterator>>, 0>>::_Buynode(_Nodeptr, _Nodeptr, _Nodeptr, pair<int const, list<pair<int, int>>::iterator> const &, char)
           ENTRY                   ADDRESS         REF BY
           =====                   =======         ======
           allocator<_Tree_nod<_Tmap_traits<int, list<pair<int, int>>::iterator, less<int>, allocator<pair<int const, list<pair<int, int>>::iterator>>, 0>>::_Node>::allocate(unsigned int)
                                   C682 
               calls direct
    -------------------------------------------------------------------------
<CODE> 1 (was CODE)
  Relative segment, address: C86A - C871 (0x8 bytes), align: 1
  Segment part 62.            Intra module refs:   list<pair<int, int>>::_Buynode(_Nodeptr, _Nodeptr, _ParamTy)
           ENTRY                   ADDRESS         REF BY
           =====                   =======         ======
           allocator<list<pair<int, int>>::_Node>::allocate(unsigned int)
                                   C86A 
               calls direct
    -------------------------------------------------------------------------
<CODE> 1 (was CODE)
  Relative segment, address: C986 - C98B (0x6 bytes), align: 1
  Segment part 63.            Intra module refs:   _Tree<_Tmap_traits<int, list<pair<int, int>>::iterator, less<int>, allocator<pair<int const, list<pair<int, int>>::iterator>>, 0>>::_Erase(_Nodeptr)
                                                   _Tree<_Tmap_traits<int, list<pair<int, int>>::iterator, less<int>, allocator<pair<int const, list<pair<int, int>>::iterator>>, 0>>::erase(iterator)
           ENTRY                   ADDRESS         REF BY
           =====                   =======         ======
           allocator<_Tree_nod<_Tmap_traits<int, list<pair<int, int>>::iterator, less<int>, allocator<pair<int const, list<pair<int, int>>::iterator>>, 0>>::_Node>::destroy(pointer)
                                   C986 
               calls direct
    -------------------------------------------------------------------------
<CODE> 1 (was CODE)
  Relative segment, address: C980 - C985 (0x6 bytes), align: 1
  Segment part 64.            Intra module refs:   list<pair<int, int>>::erase(iterator)
           ENTRY                   ADDRESS         REF BY
           =====                   =======         ======
           allocator<list<pair<int, int>>::_Node>::destroy(list<pair<int, int>>::_Node *)
                                   C980 
               calls direct
    -------------------------------------------------------------------------
<CODE> 1 (was CODE)
  Relative segment, address: C72A - C735 (0xc bytes), align: 1
  Segment part 65.            Intra module refs:   _List_value<allocator<void>>::_Incsize(unsigned int)
           ENTRY                   ADDRESS         REF BY
           =====                   =======         ======
           allocator<_List_value<allocator<void>>::_GenNode>::max_size() const
                                   C72A 
    -------------------------------------------------------------------------
<CODE> 1 (was CODE)
  Relative segment, address: C77E - C789 (0xc bytes), align: 1
  Segment part 66.            Intra module refs:   _Tree<_Tmap_traits<int, list<pair<int, int>>::iterator, less<int>, allocator<pair<int const, list<pair<int, int>>::iterator>>, 0>>::max_size() const
           ENTRY                   ADDRESS         REF BY
           =====                   =======         ======
           allocator<_Tree_nod<_Tmap_traits<int, list<pair<int, int>>::iterator, less<int>, allocator<pair<int const, list<pair<int, int>>::iterator>>, 0>>::_Node>::max_size() const
                                   C77E 
    -------------------------------------------------------------------------
<CODE> 1 (was CODE)
  Relative segment, address: C7E0 - C7E9 (0xa bytes), align: 1
  Segment part 11.            Intra module refs:   _List_value<allocator<void>>::_List_value()
                                                   list<pair<int, int>>::_Node::_Node(list<pair<int, int>>::_Genptr, list<pair<int, int>>::_Genptr, list<pair<int, int>>::_ParamTy)
           ENTRY                   ADDRESS         REF BY
           =====                   =======         ======
           _List_value<allocator<void>>::_GenNode::_GenNode(_List_value<allocator<void>>::_Genptr, _List_value<allocator<void>>::_Genptr)
                                   C7E0 
    -------------------------------------------------------------------------
<CODE> 1 (was CODE)
  Relative segment, address: C242 - C259 (0x18 bytes), align: 1
  Segment part 12.            Intra module refs:   list<pair<int, int>>::list()
           ENTRY                   ADDRESS         REF BY
           =====                   =======         ======
           _List_value<allocator<void>>::_List_value()
                                   C242 
               calls direct
    -------------------------------------------------------------------------
<CODE> 1 (was CODE)
  Relative segment, address: C062 - C07B (0x1a bytes), align: 1
  Segment part 67.            Intra module refs:   _List_value<allocator<void>>::_Incsize(unsigned int)
           ENTRY                   ADDRESS         REF BY
           =====                   =======         ======
           _List_value<allocator<void>>::_Alty()
                                   C062 
               calls direct
    -------------------------------------------------------------------------
<CODE> 1 (was CODE)
  Relative segment, address: C2BA - C2CF (0x16 bytes), align: 1
  Segment part 68.            Intra module refs:   list<pair<int, int>>::erase(iterator)
           ENTRY                   ADDRESS         REF BY
           =====                   =======         ======
           _List_value<allocator<void>>::_Disconnect(_Genptr)
                                   C2BA 
    -------------------------------------------------------------------------
<CODE> 1 (was CODE)
  Relative segment, address: BB24 - BB49 (0x26 bytes), align: 1
  Segment part 69.            Intra module refs:   list<pair<int, int>>::_Incsize(unsigned int)
           ENTRY                   ADDRESS         REF BY
           =====                   =======         ======
           _List_value<allocator<void>>::_Incsize(unsigned int)
                                   BB24 
               calls direct
    -------------------------------------------------------------------------
<CODE> 1 (was CODE)
  Relative segment, address: CAB8 - CAB9 (0x2 bytes), align: 1
  Segment part 54.            Intra module refs:   void _Destroy(_Ty *)[with _Ty=list<pair<int, int>>::_Node]
           ENTRY                   ADDRESS         REF BY
           =====                   =======         ======
           list<pair<int, int>>::_Node::~_Node()
                                   CAB8 
    -------------------------------------------------------------------------
<CODE> 1 (was CODE)
  Relative segment, address: BFD6 - BFF1 (0x1c bytes), align: 1
  Segment part 70.            Intra module refs:   list<pair<int, int>>::_Buynode(_Nodeptr, _Nodeptr, _ParamTy)
           ENTRY                   ADDRESS         REF BY
           =====                   =======         ======
           list<pair<int, int>>::_Node::_Node(list<pair<int, int>>::_Genptr, list<pair<int, int>>::_Genptr, list<pair<int, int>>::_ParamTy)
                                   BFD6 
               calls direct
    -------------------------------------------------------------------------
<CODE> 1 (was CODE)
  Relative segment, address: CABA - CABB (0x2 bytes), align: 1
  Segment part 71.            Intra module refs:   list<pair<int, int>>::begin()
                                                   list<pair<int, int>>::end()
           ENTRY                   ADDRESS         REF BY
           =====                   =======         ======
           list<pair<int, int>>::_Head()
[...]
           __iar_EmptyStepPoint    CABE            DataPage::DataPage(int) (dualpool)
                                                   ETL::ColdPoolResize() (etl)
                                                   ETL::DirtySwap() (etl)
                                                   ETL::InitialPhysicalPages() (etl)
                                                   ETL::ReadDataPage(int, DataPage *) (etl)
                                                   ETL::WriteDataPage(int, DataPage *) (etl)
                                                   Tool::SwapMemory(void *, void *, unsigned int) (tool)
    -------------------------------------------------------------------------
<CODE> 1 (was CODE)
  Relative segment, address: A650 - A6A9 (0x5a bytes), align: 1
  Segment part 3.
           ENTRY                   ADDRESS         REF BY
           =====                   =======         ======
           __aeabi_assert          A650            DataPage::DataPage(int) (dualpool)
                                                   ETL::ColdPoolResize() (etl)
                                                   ETL::DirtySwap() (etl)
                                                   ETL::InitialPhysicalPages() (etl)
                                                   ETL::ReadDataPage(int, DataPage *) (etl)
                                                   ETL::WriteDataPage(int, DataPage *) (etl)
                                                   Tool::SwapMemory(void *, void *, unsigned int) (tool)
               calls direct

    -------------------------------------------------------------------------
  LIBRARY MODULE, NAME : ?xdunscal

  SEGMENTS IN THE MODULE
  ======================
<CODE> 1 (was CODE)
  Relative segment, address: AC5E - ACA3 (0x46 bytes), align: 1
  Segment part 2.
           ENTRY                   ADDRESS         REF BY
           =====                   =======         ======
           __iar_Dunscale          AC5E            _LdtobLargeNoMb (?xprintflarge_nomb)

    -------------------------------------------------------------------------
  LIBRARY MODULE, NAME : ?xgetmemchunk

  SEGMENTS IN THE MODULE
  ======================
<CODE> 1 (was CODE)
  Relative segment, address: BF2A - BF47 (0x1e bytes), align: 1
  Segment part 3.
           ENTRY                   ADDRESS         REF BY
           =====                   =======         ======
           __data16_GetMemChunk    BF2A            __data16_findmem (?xxmemxmalloc)
    -------------------------------------------------------------------------
DATA16_Z
  Relative segment, address: 1C44 - 1C45 (0x2 bytes), align: 1
  Segment part 2.             Intra module refs:   __data16_GetMemChunk
    -------------------------------------------------------------------------
DATA16_HEAP
  Relative segment, address: 2514, align: 1
  Segment part 4.

    -------------------------------------------------------------------------
  LIBRARY MODULE, NAME : ?xprintflarge_nomb

  SEGMENTS IN THE MODULE
  ======================
<CODE> 1 (was CODE)
  Relative segment, address: 6D80 - 7217 (0x498 bytes), align: 1
  Segment part 19.
           ENTRY                   ADDRESS         REF BY
           =====                   =======         ======
           _PrintfLargeNoMb        6D80            printf (?printf)
               calls direct
    -------------------------------------------------------------------------
<CODE> 1 (was CODE)
  Relative segment, address: BD1E - BD25 (0x8 bytes), align: 1
  Segment part 23.            Intra module refs:   Segment part 26
                                                   _PrintfLargeNoMb
    -------------------------------------------------------------------------
<CODE> 1 (was CODE)
  Relative segment, address: BD26 - BD2D (0x8 bytes), align: 1
  Segment part 24.            Intra module refs:   _PrintfLargeNoMb
    -------------------------------------------------------------------------
<CODE> 1 (was CODE)
  Relative segment, address: BD2E - BD39 (0xc bytes), align: 1
  Segment part 25.            Intra module refs:   Segment part 23
                                                   Segment part 24
    -------------------------------------------------------------------------
<CODE> 1 (was CODE)
  Relative segment, address: BD3A - BD3F (0x6 bytes), align: 1
  Segment part 26.            Intra module refs:   _PrintfLargeNoMb
    -------------------------------------------------------------------------
<CODE> 1 (was CODE)
  Relative segment, address: 6632 - 66B5 (0x84 bytes), align: 1
  Segment part 8.             Intra module refs:   _PrintfLargeNoMb
           LOCAL                   ADDRESS         
           =====                   =======         
           LoadInt                 6632 
    -------------------------------------------------------------------------
<CODE> 1 (was CODE)
  Relative segment, address: 66B6 - 66C3 (0xe bytes), align: 1
  Segment part 9.             Intra module refs:   LoadInt
    -------------------------------------------------------------------------
<CODE> 1 (was CODE)
  Relative segment, address: 66C4 - 6901 (0x23e bytes), align: 1
  Segment part 10.            Intra module refs:   _LdtobLargeNoMb
           LOCAL                   ADDRESS         
           =====                   =======         
           _GenldLargeNoMb         66C4 
               calls direct
    -------------------------------------------------------------------------
<CODE> 1 (was CODE)
  Relative segment, address: 6902 - 6911 (0x10 bytes), align: 1
  Segment part 11.            Intra module refs:   _GenldLargeNoMb
    -------------------------------------------------------------------------
<CODE> 1 (was CODE)
  Relative segment, address: 6912 - 691F (0xe bytes), align: 1
  Segment part 12.            Intra module refs:   Segment part 11
                                                   _GenldLargeNoMb
    -------------------------------------------------------------------------
<CODE> 1 (was CODE)
  Relative segment, address: 6920 - 693D (0x1e bytes), align: 1
  Segment part 13.            Intra module refs:   _GenldLargeNoMb
    -------------------------------------------------------------------------
<CODE> 1 (was CODE)
  Relative segment, address: 693E - 697F (0x42 bytes), align: 1
  Segment part 14.            Intra module refs:   _LdtobLargeNoMb
           LOCAL                   ADDRESS         
           =====                   =======         
           scale                   693E 
               calls direct
    -------------------------------------------------------------------------
<CODE> 1 (was CODE)
  Relative segment, address: 6980 - 6BBD (0x23e bytes), align: 1
  Segment part 15.            Intra module refs:   _PrintfLargeNoMb
           LOCAL                   ADDRESS         
           =====                   =======         
           _LdtobLargeNoMb         6980 
               calls direct
    -------------------------------------------------------------------------
<CODE> 1 (was CODE)
  Relative segment, address: 6BBE - 6D63 (0x1a6 bytes), align: 1
  Segment part 16.            Intra module refs:   _PrintfLargeNoMb
           LOCAL                   ADDRESS         
           =====                   =======         
           _LitobLargeNoMb         6BBE 
               calls direct
    -------------------------------------------------------------------------
<CODE> 1 (was CODE)
  Relative segment, address: 6D64 - 6D75 (0x12 bytes), align: 1
  Segment part 17.            Intra module refs:   _LitobLargeNoMb
    -------------------------------------------------------------------------
<CODE> 1 (was CODE)
  Relative segment, address: 6D76 - 6D7F (0xa bytes), align: 1
  Segment part 18.            Intra module refs:   LoadInt
                                                   _LitobLargeNoMb
                                                   _PrintfLargeNoMb
    -------------------------------------------------------------------------
<CODE> 1 (was CODE)
  Relative segment, address: B4B4 - B4E9 (0x36 bytes), align: 1
  Segment part 28.            Intra module refs:   Segment part 23
           LOCAL                   ADDRESS         
           =====                   =======         
           pad                     B4B4 
               calls direct
    -------------------------------------------------------------------------
<CODE> 1 (was CODE)
  Relative segment, address: BA16 - BA3D (0x28 bytes), align: 1
  Segment part 29.            Intra module refs:   _PrintfLargeNoMb
                                                   _PutcharsLargeNoMb
           LOCAL                   ADDRESS         
           =====                   =======         
           _PutcharLargeNoMb       BA16 
               calls indirect
    -------------------------------------------------------------------------
<CODE> 1 (was CODE)
  Relative segment, address: B8C2 - B8ED (0x2c bytes), align: 1
  Segment part 30.            Intra module refs:   Segment part 24
                                                   pad
           LOCAL                   ADDRESS         
           =====                   =======         
           _PutcharsLargeNoMb      B8C2 
               calls direct
    -------------------------------------------------------------------------
<CODE> 1 (was CODE)
  Relative segment, address: C658 - C665 (0xe bytes), align: 1
  Segment part 20.            Intra module refs:   _PrintfLargeNoMb
    -------------------------------------------------------------------------
<CODE> 1 (was CODE)
  Relative segment, address: C7FE - C807 (0xa bytes), align: 1
  Segment part 21.            Intra module refs:   _PrintfLargeNoMb
    -------------------------------------------------------------------------
<CODE> 1 (was CODE)
  Relative segment, address: C450 - C461 (0x12 bytes), align: 1
  Segment part 22.            Intra module refs:   _PrintfLargeNoMb
    -------------------------------------------------------------------------
<CODE> 1 (was CODE)
  Relative segment, address: AFBC - AFF9 (0x3e bytes), align: 1
  Segment part 27.            Intra module refs:   _PrintfLargeNoMb
    -------------------------------------------------------------------------
DATA16_C
  Relative segment, address: 625F - 6265 (0x7 bytes), align: 0
  Segment part 2.             Intra module refs:   _PrintfLargeNoMb
    -------------------------------------------------------------------------
DATA16_C
  Relative segment, address: 6266 - 6269 (0x4 bytes), align: 0
  Segment part 3.             Intra module refs:   _LdtobLargeNoMb
    -------------------------------------------------------------------------
DATA16_C
  Relative segment, address: 626A - 626D (0x4 bytes), align: 0
  Segment part 4.             Intra module refs:   _LdtobLargeNoMb
    -------------------------------------------------------------------------
DATA16_C
  Relative segment, address: 626E - 6271 (0x4 bytes), align: 0
  Segment part 5.             Intra module refs:   _LdtobLargeNoMb
    -------------------------------------------------------------------------
DATA16_C
  Relative segment, address: 6272 - 6275 (0x4 bytes), align: 0
  Segment part 6.             Intra module refs:   _LdtobLargeNoMb
    -------------------------------------------------------------------------
DATA16_C
  Relative segment, address: 6276 - 6277 (0x2 bytes), align: 0
  Segment part 7.             Intra module refs:   _GenldLargeNoMb

    -------------------------------------------------------------------------
  LIBRARY MODULE, NAME : ?xprout

  SEGMENTS IN THE MODULE
  ======================
<CODE> 1 (was CODE)
  Relative segment, address: C272 - C289 (0x18 bytes), align: 1
  Segment part 2.
           ENTRY                   ADDRESS         REF BY
           =====                   =======         ======
           _Prout                  C272            printf (?printf)
               calls direct

    -------------------------------------------------------------------------
  LIBRARY MODULE, NAME : ?xxmemxcalloc

  SEGMENTS IN THE MODULE
  ======================
<CODE> 1 (was CODE)
  Relative segment, address: B24E - B287 (0x3a bytes), align: 1
  Segment part 2.
           ENTRY                   ADDRESS         REF BY
           =====                   =======         ======
           __data16_calloc         B24E            calloc (dualpool)
               calls direct

    -------------------------------------------------------------------------
  LIBRARY MODULE, NAME : ?xxmemxfree

  SEGMENTS IN THE MODULE
  ======================
<CODE> 1 (was CODE)
  Relative segment, address: 9D6E - 9DF3 (0x86 bytes), align: 1
  Segment part 2.
           ENTRY                   ADDRESS         REF BY
           =====                   =======         ======
           __data16_free           9D6E            __data16_findmem (?xxmemxmalloc)
                                                   free (Console)
                                                   operator delete(void *) (?delop_0)

    -------------------------------------------------------------------------
  LIBRARY MODULE, NAME : ?xxmemxmalloc

  SEGMENTS IN THE MODULE
  ======================
DATA16_Z
  Relative segment, address: 1C46 - 1C49 (0x4 bytes), align: 1
  Segment part 2.             Intra module refs:   __data16_findmem
                                                   __data16_malloc
           ENTRY                   ADDRESS         REF BY
           =====                   =======         ======
           __data16_Aldata         1C46            __data16_free (?xxmemxfree)
    -------------------------------------------------------------------------
<CODE> 1 (was CODE)
  Relative segment, address: A296 - A2F9 (0x64 bytes), align: 1
  Segment part 3.             Intra module refs:   __data16_malloc
           LOCAL                   ADDRESS         
           =====                   =======         
           __data16_findmem        A296 
               calls direct
    -------------------------------------------------------------------------
<CODE> 1 (was CODE)
  Relative segment, address: 9F48 - 9FB5 (0x6e bytes), align: 1
  Segment part 4.
           ENTRY                   ADDRESS         REF BY
           =====                   =======         ======
           __data16_malloc         9F48            __data16_calloc (?xxmemxcalloc)
                                                   malloc (Console)
                                                   operator new(size_t) (?newop_0)
               calls direct




                ****************************************
                *                                      *
                *      SEGMENTS IN ADDRESS ORDER       *
                *                                      *
                ****************************************


SEGMENT              SPACE    START ADDRESS   END ADDRESS     SIZE  TYPE  ALIGN
=======              =====    =============   ===========     ====  ====  =====
DATA16_AN                              0100 - 0103               4   rel    0
                                       0120 - 0121               2 
                                       0124 - 0127               4 
                                       012C - 012D               2 
                                       015C - 015D               2 
                                       0168 - 016F               8 
                                       0200 - 0205               6 
                                       020A - 020B               2 
                                       021A - 021D               4 
                                       0220 - 0225               6 
                                       022A - 022B               2 
                                       0244 - 0245               2 
                                       024A - 024B               2 
                                       0262 - 0265               4 
                                       026A - 026B               2 
                                       0280 - 0285               6 
                                       028A - 028B               2 
                                       02A4 - 02A5               2 
                                       0340 - 0343               4 
                                       0352 - 0353               2 
                                       0380 - 0383               4 
                                       0392 - 0393               2 
                                       03C0 - 03C7               8 
                                       03D2 - 03D7               6 
                                       03EE - 03EF               2 
                                       05C0 - 05C1               2 
                                       05C6 - 05C8               3 
                                       05CC - 05CC               1 
                                       05CE - 05CE               1 
                                       05DC - 05DD               2 
                                       0600 - 0601               2 
                                       0606 - 0608               3 
                                       060C - 060C               1 
                                       060E - 060E               1 
                                       061C - 061D               2 
                                       0680 - 0681               2 
                                       0686 - 0688               3 
                                       068C - 068C               1 
                                       068E - 068E               1 
                                       069C - 069D               2 
DATA16_I                               1C00 - 1C03               4   rel    1
DATA16_Z                               1C04 - 2512             90F   rel    1
DATA16_HEAP                            2514 - 4453            1F40   rel    1
DATA20_I                                  4454                       rel    1
DATA20_Z                                  4454                       rel    1
DATA20_N                                  4454                       rel    1
CODE_I                                    4454                       rel    1
CSTACK                                 4C60 - 5BFF             FA0   rel    1
DATA16_C                               5C00 - 6277             678   rel    1
DATA16_ID                              6278 - 627B               4   rel    1
CSTART                                 627C - 62A9              2E   rel    1
ISR_CODE                               62AA - 6631             388   rel    1
<CODE> 1                               6632 - CAE3            64B2   rel    1
CODE_ID                                   CAE4                       rel    1
DATA20_ID                                 CAE4                       rel    1
DATA20_C                                  CAE4                       rel    1
INTVEC                                 FF80 - FFF9              7A   com    1
RESET                                  FFFE - FFFF               2   rel    1

                ****************************************
                *                                      *
                *        END OF CROSS REFERENCE        *
                *                                      *
                ****************************************

 26 852 bytes of CODE  memory
 14 323 bytes of DATA  memory (+ 117 absolute )
  1 660 bytes of CONST memory

Errors: none
Warnings: 1

