Warning[w6]: Type conflict for external/entry "sys_errorcode_runcode", in module uart_config against external/entry in module timer; different basic types
  /* In module uart_config: */
  bool sys_errorcode_runcode;
  /* In module timer: */
  unsigned int sys_errorcode_runcode;
################################################################################
#                                                                              #
#      IAR Universal Linker V6.5.4.100                                         #
#                                                                              #
#           Link time     =  02/Dec/2020  10:22:45                             #
#           Target CPU    =  MSP430                                            #
#           List file     =  \\Mac\Home\work\ETL\Debug\List\RTUtest_GP.map     #
#           Output file 1 =  \\Mac\Home\work\ETL\Debug\Exe\RTUtest_GP.d43      #
#                            Format: ubrof10                                   #
#                            UBROF version 10.0.6                              #
#                            Using library modules for C-SPY (-rt)             #
#           Command line  =  -f C:\Users\83797\AppData\Local\Temp\EW4004.tmp   #
#                            (\\Mac\Home\work\ETL\Debug\Obj\adc10_a.r43        #
#                            \\Mac\Home\work\ETL\Debug\Obj\adc12_a.r43         #
#                            \\Mac\Home\work\ETL\Debug\Obj\aes.r43             #
#                            \\Mac\Home\work\ETL\Debug\Obj\battbak.r43         #
#                            \\Mac\Home\work\ETL\Debug\Obj\common.r43          #
#                            \\Mac\Home\work\ETL\Debug\Obj\comp_b.r43          #
#                            \\Mac\Home\work\ETL\Debug\Obj\Console.r43         #
#                            \\Mac\Home\work\ETL\Debug\Obj\crc.r43             #
#                            \\Mac\Home\work\ETL\Debug\Obj\cstartup.r43        #
#                            \\Mac\Home\work\ETL\Debug\Obj\ctsd16.r43          #
#                            \\Mac\Home\work\ETL\Debug\Obj\dac12_a.r43         #
#                            \\Mac\Home\work\ETL\Debug\Obj\datapage.r43        #
#                            \\Mac\Home\work\ETL\Debug\Obj\debug.r43           #
#                            \\Mac\Home\work\ETL\Debug\Obj\dma.r43             #
#                            \\Mac\Home\work\ETL\Debug\Obj\dualpool.r43        #
#                            \\Mac\Home\work\ETL\Debug\Obj\etl.r43             #
#                            \\Mac\Home\work\ETL\Debug\Obj\etltest.r43         #
#                            \\Mac\Home\work\ETL\Debug\Obj\eusci_a_spi.r43     #
#                            \\Mac\Home\work\ETL\Debug\Obj\eusci_a_uart.r43    #
#                            \\Mac\Home\work\ETL\Debug\Obj\eusci_b_i2c.r43     #
#                            \\Mac\Home\work\ETL\Debug\Obj\eusci_b_spi.r43     #
#                            \\Mac\Home\work\ETL\Debug\Obj\flashctl.r43        #
#                            \\Mac\Home\work\ETL\Debug\Obj\gpio.r43            #
#                            \\Mac\Home\work\ETL\Debug\Obj\infopage.r43        #
#                            \\Mac\Home\work\ETL\Debug\Obj\lcd_b.r43           #
#                            \\Mac\Home\work\ETL\Debug\Obj\lcd_c.r43           #
#                            \\Mac\Home\work\ETL\Debug\Obj\ldopwr.r43          #
#                            \\Mac\Home\work\ETL\Debug\Obj\led.r43             #
#                            \\Mac\Home\work\ETL\Debug\Obj\lowpower.r43        #
#                            \\Mac\Home\work\ETL\Debug\Obj\main.r43            #
#                            \\Mac\Home\work\ETL\Debug\Obj\mpy32.r43           #
#                            \\Mac\Home\work\ETL\Debug\Obj\oa.r43              #
#                            \\Mac\Home\work\ETL\Debug\Obj\pmap.r43            #
#                            \\Mac\Home\work\ETL\Debug\Obj\pmm.r43             #
#                            \\Mac\Home\work\ETL\Debug\Obj\ram.r43             #
#                            \\Mac\Home\work\ETL\Debug\Obj\ref.r43             #
#                            \\Mac\Home\work\ETL\Debug\Obj\rom.r43             #
#                            \\Mac\Home\work\ETL\Debug\Obj\rtc.r43             #
#                            \\Mac\Home\work\ETL\Debug\Obj\rtc_a.r43           #
#                            \\Mac\Home\work\ETL\Debug\Obj\rtc_b.r43           #
#                            \\Mac\Home\work\ETL\Debug\Obj\rtc_c.r43           #
#                            \\Mac\Home\work\ETL\Debug\Obj\sd24_b.r43          #
#                            \\Mac\Home\work\ETL\Debug\Obj\sfr.r43             #
#                            \\Mac\Home\work\ETL\Debug\Obj\sys_status.r43      #
#                            \\Mac\Home\work\ETL\Debug\Obj\sysctl.r43          #
#                            \\Mac\Home\work\ETL\Debug\Obj\tec.r43             #
#                            \\Mac\Home\work\ETL\Debug\Obj\timer.r43           #
#                            \\Mac\Home\work\ETL\Debug\Obj\timer_a.r43         #
#                            \\Mac\Home\work\ETL\Debug\Obj\timer_b.r43         #
#                            \\Mac\Home\work\ETL\Debug\Obj\timer_d.r43         #
#                            \\Mac\Home\work\ETL\Debug\Obj\tlv.r43             #
#                            \\Mac\Home\work\ETL\Debug\Obj\tool.r43            #
#                            \\Mac\Home\work\ETL\Debug\Obj\uart0.r43           #
#                            \\Mac\Home\work\ETL\Debug\Obj\uart1.r43           #
#                            \\Mac\Home\work\ETL\Debug\Obj\uart3.r43           #
#                            \\Mac\Home\work\ETL\Debug\Obj\uart_config.r43     #
#                            \\Mac\Home\work\ETL\Debug\Obj\ucs.r43             #
#                            \\Mac\Home\work\ETL\Debug\Obj\usci_a_spi.r43      #
#                            \\Mac\Home\work\ETL\Debug\Obj\usci_a_uart.r43     #
#                            \\Mac\Home\work\ETL\Debug\Obj\usci_b_i2c.r43      #
#                            \\Mac\Home\work\ETL\Debug\Obj\usci_b_spi.r43      #
#                            \\Mac\Home\work\ETL\Debug\Obj\wdt_a.r43 -o        #
#                            \\Mac\Home\work\ETL\Debug\Exe\RTUtest_GP.d43 -l   #
#                            \\Mac\Home\work\ETL\Debug\List\RTUtest_GP.map     #
#                            -xms                                              #
#                            "-IC:\Program Files (x86)\IAR Systems\Embedded Wo #
#                            rkbench 8.0\430\LIB\"                             #
#                            -f                                                #
#                            "C:\Program Files (x86)\IAR Systems\Embedded Work #
#                            bench 8.0\430\config\linker\lnk430f5438a.xcl"     #
#                            (-cmsp430 -D?CPU30_OFFSET=2 -QCODE_I=CODE_ID      #
#                            -QTLS16_I=TLS16_ID -D__iar_HWMUL=4C0              #
#                            -Z(CONST)INFO=1800-19FF                           #
#                            -Z(CONST)INFOA=1980-19FF                          #
#                            -Z(CONST)INFOB=1900-197F                          #
#                            -Z(CONST)INFOC=1880-18FF                          #
#                            -Z(CONST)INFOD=1800-187F                          #
#                            -Z(DATA)DATA16_I,DATA16_Z,DATA16_N,TLS16_I=1C00-5 #
#                            BFF                                               #
#                            -Z(DATA)DATA16_HEAP+_DATA16_HEAP_SIZE             #
#                            -Z(DATA)CODE_I                                    #
#                            -Z(DATA)DATA20_I,DATA20_Z,DATA20_N,DATA20_HEAP+_D #
#                            ATA20_HEAP_SIZE                                   #
#                            -Z(DATA)CSTACK+_STACK_SIZE#                       #
#                            -Z(CONST)DATA16_C,DATA16_ID,TLS16_ID,DIFUNCT,CHEC #
#                            KSUM=5C00-FF7F                                    #
#                            -Z(CODE)CSTART,ISR_CODE,CODE16=5C00-FF7F          #
#                            -P(CODE)CODE=5C00-FF7F,10000-45BFF                #
#                            -Z(CONST)DATA20_C,DATA20_ID,CODE_ID=5C00-FF7F,100 #
#                            40-45BFF                                          #
#                            -Z(CODE)INTVEC=FF80-FFFF                          #
#                            -Z(CODE)RESET=FFFE-FFFF) -f                       #
#                            "C:\Program Files (x86)\IAR Systems\Embedded Work #
#                            bench 8.0\430\config\linker\multiplier32.xcl"     #
#                            (-e?Mul8Hw=?Mul8 -e?Mul16Hw=?Mul16                #
#                            -e?Mul16to32uHw=?Mul16to32u                       #
#                            -e?Mul16to32sHw=?Mul16to32s -e?Mul32Hw32=?Mul32   #
#                            -e?Mul64Hw32=_Mul64i                              #
#                            -e?Mul32u32uto64iHw32=_Mul32u32uto64i             #
#                            -e?Mul32fHw32=_Mul32f                             #
#                            -e_Mul64fHw32Ptr=_Mul64fPtr) -D_STACK_SIZE=FA0    #
#                            -rt                                               #
#                            "C:\Program Files (x86)\IAR Systems\Embedded Work #
#                            bench 8.0\430\lib\dlib\dl430xlsfn.r43"            #
#                            -D_DATA16_HEAP_SIZE=1F40 -s __program_start       #
#                            -D_DATA20_HEAP_SIZE=50)                           #
#                                                                              #
#                           Copyright (C) 1987-2018 IAR Systems AB.            #
################################################################################





                ****************************************
                *                                      *
                *           CROSS REFERENCE            *
                *                                      *
                ****************************************

       Program entry at :           5CFC  Relocatable, from module : ?cstart




                ****************************************
                *                                      *
                *            RUNTIME MODEL             *
                *                                      *
                ****************************************

  __Heap_Handler             = Basic
  __SystemLibrary            = DLib
  __code_model               = large
  __core                     = 430X
  __data_model               = small
  __dlib_file_descriptor     = 0
  __dlib_full_locale_support = 0
  __double_size              = 32
  __pic                      = no
  __reg_r4                   = free
  __reg_r5                   = free
  __rt_version               = 3

                ****************************************
                *                                      *
                *    AUTOMATIC SYMBOL REDIRECTIONS     *
                *                                      *
                ****************************************

       All references to: _Printf
         were redirected to: _PrintfLargeNoMb



                ****************************************
                *                                      *
                *              MODULE MAP              *
                *                                      *
                ****************************************


  DEFINED ABSOLUTE ENTRIES
    *************************************************************************

  DEFINED ABSOLUTE ENTRIES
  PROGRAM MODULE, NAME : ?ABS_ENTRY_MOD

Absolute parts
           ENTRY                   ADDRESS         REF BY
           =====                   =======         ======
           _DATA20_HEAP_SIZE       0050 
           _DATA16_HEAP_SIZE       1F40 
           _STACK_SIZE             0FA0 
           __iar_HWMUL             04C0            ?Mul16to32sHw (?Mul16to32sHw)
                                                   ?Mul32fHw32 (?Mul32fHw32)
                                                   Segment part 1 (?Mul8Hw)
           ?CPU30_OFFSET           0002 
    *************************************************************************

  FILE NAME : \\Mac\Home\work\ETL\Debug\Obj\adc10_a.r43
    *************************************************************************

  FILE NAME : \\Mac\Home\work\ETL\Debug\Obj\adc12_a.r43
    *************************************************************************

  FILE NAME : \\Mac\Home\work\ETL\Debug\Obj\aes.r43
    *************************************************************************

  FILE NAME : \\Mac\Home\work\ETL\Debug\Obj\battbak.r43
    *************************************************************************

  FILE NAME : \\Mac\Home\work\ETL\Debug\Obj\common.r43
  PROGRAM MODULE, NAME : common

  SEGMENTS IN THE MODULE
  ======================
DATA16_AN
  Relative segment, address: 021A - 021B (0x2 bytes), align: 0
  Segment part 1. ROOT        Intra module refs:   Restart_Init() (main)
           ENTRY                   ADDRESS         REF BY
           =====                   =======         ======
           _A_PAIE_L               021A 
           LOCAL                   ADDRESS         
           =====                   =======         
           PAIE                    021A 
           PAIE_H                  021B 
           PAIE_L                  021A 
    -------------------------------------------------------------------------
DATA16_AN
  Relative segment, address: 021C - 021D (0x2 bytes), align: 0
  Segment part 2. ROOT 
           ENTRY                   ADDRESS         REF BY
           =====                   =======         ======
           _A_PAIFG_L              021C 
           LOCAL                   ADDRESS         
           =====                   =======         
           PAIFG                   021C 
           PAIFG_H                 021D 
           PAIFG_L                 021C 
    -------------------------------------------------------------------------
DATA16_AN
  Relative segment, address: 024A - 024B (0x2 bytes), align: 0
  Segment part 3. ROOT        Intra module refs:   Clock_Init()
           ENTRY                   ADDRESS         REF BY
           =====                   =======         ======
           _A_PCSEL_L              024A 
           LOCAL                   ADDRESS         
           =====                   =======         
           PCSEL                   024A 
           PCSEL_H                 024B 
           PCSEL_L                 024A 
    -------------------------------------------------------------------------
DATA16_AN
  Relative segment, address: 0262 - 0263 (0x2 bytes), align: 0
  Segment part 4. ROOT        Intra module refs:   Clear_ExternWatchdog()
                                                   Restart_Init() (main)
                                                   TimerB_Init(unsigned int) (timer)
           ENTRY                   ADDRESS         REF BY
           =====                   =======         ======
           _A_PDOUT_L              0262 
           LOCAL                   ADDRESS         
           =====                   =======         
           PDOUT                   0262 
           PDOUT_H                 0263 
           PDOUT_L                 0262 
    -------------------------------------------------------------------------
DATA16_AN
  Relative segment, address: 026A - 026B (0x2 bytes), align: 0
  Segment part 5. ROOT        Intra module refs:   Clock_Init()
           ENTRY                   ADDRESS         REF BY
           =====                   =======         ======
           _A_PDSEL_L              026A 
           LOCAL                   ADDRESS         
           =====                   =======         
           PDSEL                   026A 
           PDSEL_H                 026B 
           PDSEL_L                 026A 
    -------------------------------------------------------------------------
DATA16_AN
  Relative segment, address: 0282 - 0283 (0x2 bytes), align: 0
  Segment part 6. ROOT        Intra module refs:   IIC_SCL_HIGH() (rtc)
                                                   IIC_SCL_LOW() (rtc)
                                                   IIC_SDA_HIGH() (rtc)
                                                   IIC_SDA_LOW() (rtc)
                                                   Max3222_Open()
                                                   Restart_Init() (main)
           ENTRY                   ADDRESS         REF BY
           =====                   =======         ======
           _A_PEOUT_L              0282 
           LOCAL                   ADDRESS         
           =====                   =======         
           PEOUT                   0282 
           PEOUT_H                 0283 
           PEOUT_L                 0282 
    -------------------------------------------------------------------------
DATA16_AN
  Relative segment, address: 0284 - 0285 (0x2 bytes), align: 0
  Segment part 7. ROOT        Intra module refs:   IIC_Ack() (rtc)
                                                   IIC_NAck() (rtc)
                                                   IIC_Read_Byte(unsigned char) (rtc)
                                                   IIC_Send_Byte(unsigned char) (rtc)
                                                   IIC_Start() (rtc)
                                                   IIC_Stop() (rtc)
                                                   IIC_Wait_Ack() (rtc)
                                                   Max3222_Open()
                                                   RTC_Open() (rtc)
                                                   Restart_Init() (main)
                                                   UART3_Open(int) (uart3)
           ENTRY                   ADDRESS         REF BY
           =====                   =======         ======
           _A_PEDIR_L              0284 
           LOCAL                   ADDRESS         
           =====                   =======         
           PEDIR                   0284 
           PEDIR_H                 0285 
           PEDIR_L                 0284 
    -------------------------------------------------------------------------
DATA16_AN
  Relative segment, address: 0120 - 0121 (0x2 bytes), align: 0
  Segment part 8. ROOT        Intra module refs:   Set_Vcore(unsigned int)
           ENTRY                   ADDRESS         REF BY
           =====                   =======         ======
           _A_PMMCTL0_L            0120 
           LOCAL                   ADDRESS         
           =====                   =======         
           PMMCTL0                 0120 
           PMMCTL0_H               0121 
           PMMCTL0_L               0120 
    -------------------------------------------------------------------------
DATA16_AN
  Relative segment, address: 0124 - 0125 (0x2 bytes), align: 0
  Segment part 9. ROOT        Intra module refs:   Set_Vcore(unsigned int)
           ENTRY                   ADDRESS         REF BY
           =====                   =======         ======
           _A_SVSMHCTL_L           0124 
           LOCAL                   ADDRESS         
           =====                   =======         
           SVSMHCTL                0124 
           SVSMHCTL_H              0125 
           SVSMHCTL_L              0124 
    -------------------------------------------------------------------------
DATA16_AN
  Relative segment, address: 0126 - 0127 (0x2 bytes), align: 0
  Segment part 10. ROOT       Intra module refs:   Set_Vcore(unsigned int)
           ENTRY                   ADDRESS         REF BY
           =====                   =======         ======
           _A_SVSMLCTL_L           0126 
           LOCAL                   ADDRESS         
           =====                   =======         
           SVSMLCTL                0126 
           SVSMLCTL_H              0127 
           SVSMLCTL_L              0126 
    -------------------------------------------------------------------------
DATA16_AN
  Relative segment, address: 012C - 012D (0x2 bytes), align: 0
  Segment part 11. ROOT       Intra module refs:   Set_Vcore(unsigned int)
           ENTRY                   ADDRESS         REF BY
           =====                   =======         ======
           _A_PMMIFG_L             012C 
           LOCAL                   ADDRESS         
           =====                   =======         
           PMMIFG                  012C 
           PMMIFG_H                012D 
           PMMIFG_L                012C 
    -------------------------------------------------------------------------
DATA16_AN
  Relative segment, address: 0102 - 0103 (0x2 bytes), align: 0
  Segment part 12. ROOT       Intra module refs:   Clock_ACLK_DIV(int)
                                                   Clock_Init()
                                                   Clock_SMCLK_DIV(int)
           ENTRY                   ADDRESS         REF BY
           =====                   =======         ======
           _A_SFRIFG1_L            0102 
           LOCAL                   ADDRESS         
           =====                   =======         
           SFRIFG1                 0102 
           SFRIFG1_H               0103 
           SFRIFG1_L               0102 
    -------------------------------------------------------------------------
DATA16_AN
  Relative segment, address: 0168 - 0169 (0x2 bytes), align: 0
  Segment part 13. ROOT       Intra module refs:   Clock_Init()
           ENTRY                   ADDRESS         REF BY
           =====                   =======         ======
           _A_UCSCTL4_L            0168 
           LOCAL                   ADDRESS         
           =====                   =======         
           UCSCTL4                 0168 
           UCSCTL4_H               0169 
           UCSCTL4_L               0168 
    -------------------------------------------------------------------------
DATA16_AN
  Relative segment, address: 016A - 016B (0x2 bytes), align: 0
  Segment part 14. ROOT       Intra module refs:   Clock_ACLK_DIV(int)
                                                   Clock_SMCLK_DIV(int)
           ENTRY                   ADDRESS         REF BY
           =====                   =======         ======
           _A_UCSCTL5_L            016A 
           LOCAL                   ADDRESS         
           =====                   =======         
           UCSCTL5                 016A 
           UCSCTL5_H               016B 
           UCSCTL5_L               016A 
    -------------------------------------------------------------------------
DATA16_AN
  Relative segment, address: 016C - 016D (0x2 bytes), align: 0
  Segment part 15. ROOT       Intra module refs:   Clock_Init()
           ENTRY                   ADDRESS         REF BY
           =====                   =======         ======
           _A_UCSCTL6_L            016C 
           LOCAL                   ADDRESS         
           =====                   =======         
           UCSCTL6                 016C 
           UCSCTL6_H               016D 
           UCSCTL6_L               016C 
    -------------------------------------------------------------------------
DATA16_AN
  Relative segment, address: 016E - 016F (0x2 bytes), align: 0
  Segment part 16. ROOT       Intra module refs:   Clock_Init()
           ENTRY                   ADDRESS         REF BY
           =====                   =======         ======
           _A_UCSCTL7_L            016E 
           LOCAL                   ADDRESS         
           =====                   =======         
           UCSCTL7                 016E 
           UCSCTL7_H               016F 
           UCSCTL7_L               016E 
    -------------------------------------------------------------------------
DATA16_AN
  Relative segment, address: 015C - 015D (0x2 bytes), align: 0
  Segment part 17. ROOT       Intra module refs:   Clock_Init()
                                                   WatchDog_Clear() (timer)
                                                   WatchDog_Init() (timer)
           ENTRY                   ADDRESS         REF BY
           =====                   =======         ======
           _A_WDTCTL_L             015C 
           LOCAL                   ADDRESS         
           =====                   =======         
           WDTCTL                  015C 
           WDTCTL_H                015D 
           WDTCTL_L                015C 
    -------------------------------------------------------------------------
DATA16_Z
  Relative segment, address: 1C02 - 1C03 (0x2 bytes), align: 1
  Segment part 36.            Intra module refs:   TraceFunctionLine(char const *, int)
                                                   TraceMsgFuncLine(char *, int, char const *, int)
                                                   TraceOpen()
           ENTRY                   ADDRESS         REF BY
           =====                   =======         ======
           trace_open              1C02 
    -------------------------------------------------------------------------
DATA16_Z
  Relative segment, address: 1C04 - 1C05 (0x2 bytes), align: 1
  Segment part 37.            Intra module refs:   System_Delayms(unsigned int)
           LOCAL                   ADDRESS         
           =====                   =======         
           s_clock                 1C04 
    -------------------------------------------------------------------------
DATA16_Z
  Relative segment, address: 1C06 - 1C07 (0x2 bytes), align: 1
  Segment part 38.            Intra module refs:   DownInt()
                                                   UpInt()
           LOCAL                   ADDRESS         
           =====                   =======         
           _int                    1C06 
    -------------------------------------------------------------------------
DATA16_Z
  Relative segment, address: 1C08 - 1C09 (0x2 bytes), align: 1
  Segment part 39.            Intra module refs:   Clear_ExternWatchdog()
           LOCAL                   ADDRESS         
           =====                   =======         
           s_reset_pin             1C08 
    -------------------------------------------------------------------------
<CODE> 1 (was CODE)
  Relative segment, address: 86CE - 86DB (0xe bytes), align: 1
  Segment part 40.
           ENTRY                   ADDRESS         REF BY
           =====                   =======         ======
           TraceOpen()             86CE            Main_Init() (main)
               calls direct
    -------------------------------------------------------------------------
<CODE> 1 (was CODE)
  Relative segment, address: 8350 - 836F (0x20 bytes), align: 1
  Segment part 41.            Intra module refs:   TraceMsgFuncLine(char *, int, char const *, int)
           ENTRY                   ADDRESS         REF BY
           =====                   =======         ======
           TraceFunctionLine(char const *, int)
                                   8350 
               calls direct
    -------------------------------------------------------------------------
<CODE> 1 (was CODE)
  Relative segment, address: 7F2E - 7F5F (0x32 bytes), align: 1
  Segment part 43.
           ENTRY                   ADDRESS         REF BY
           =====                   =======         ======
           TraceMsgFuncLine(char *, int, char const *, int)
                                   7F2E            main (main)
               calls direct
    -------------------------------------------------------------------------
<CODE> 1 (was CODE)
  Relative segment, address: 7E1C - 7E53 (0x38 bytes), align: 1
  Segment part 51.            Intra module refs:   Clock_Init()
           ENTRY                   ADDRESS         REF BY
           =====                   =======         ======
           System_Delayms(unsigned int)
                                   7E1C            Led_Round() (led)
                                                   RTC_Open() (rtc)
                                                   UART3_Send(char *, int, int) (uart3)
                                                   main (main)
    -------------------------------------------------------------------------
<CODE> 1 (was CODE)
  Relative segment, address: 876A - 8773 (0xa bytes), align: 1
  Segment part 53.
           ENTRY                   ADDRESS         REF BY
           =====                   =======         ======
           DownInt()               876A            RTC_Open() (rtc)
                                                   UART3_ClearBuffer() (uart3)
    -------------------------------------------------------------------------
<CODE> 1 (was CODE)
  Relative segment, address: 8538 - 854F (0x18 bytes), align: 1
  Segment part 54.
           ENTRY                   ADDRESS         REF BY
           =====                   =======         ======
           UpInt()                 8538            RTC_Open() (rtc)
                                                   UART3_ClearBuffer() (uart3)
    -------------------------------------------------------------------------
<CODE> 1 (was CODE)
  Relative segment, address: 87F0 - 87F5 (0x6 bytes), align: 1
  Segment part 58.
           ENTRY                   ADDRESS         REF BY
           =====                   =======         ======
           EnInt()                 87F0            Main_Init() (main)
    -------------------------------------------------------------------------
<CODE> 1 (was CODE)
  Relative segment, address: 86EA - 86F7 (0xe bytes), align: 1
  Segment part 59.
           ENTRY                   ADDRESS         REF BY
           =====                   =======         ======
           Max3222_Open()          86EA            main (main)
    -------------------------------------------------------------------------
<CODE> 1 (was CODE)
  Relative segment, address: 7744 - 77AB (0x68 bytes), align: 1
  Segment part 62.            Intra module refs:   Clock_Init()
           ENTRY                   ADDRESS         REF BY
           =====                   =======         ======
           Clock_SMCLK_DIV(int)    7744 
    -------------------------------------------------------------------------
<CODE> 1 (was CODE)
  Relative segment, address: 76DC - 7743 (0x68 bytes), align: 1
  Segment part 63.            Intra module refs:   Clock_Init()
           ENTRY                   ADDRESS         REF BY
           =====                   =======         ======
           Clock_ACLK_DIV(int)     76DC 
    -------------------------------------------------------------------------
<CODE> 1 (was CODE)
  Relative segment, address: 7922 - 7977 (0x56 bytes), align: 1
  Segment part 64.            Intra module refs:   Clock_Init()
           ENTRY                   ADDRESS         REF BY
           =====                   =======         ======
           Set_Vcore(unsigned int)
                                   7922 
    -------------------------------------------------------------------------
<CODE> 1 (was CODE)
  Relative segment, address: 7810 - 786B (0x5c bytes), align: 1
  Segment part 65.
           ENTRY                   ADDRESS         REF BY
           =====                   =======         ======
           Clock_Init()            7810            Restart_Init() (main)
               calls direct
    -------------------------------------------------------------------------
<CODE> 1 (was CODE)
  Relative segment, address: 8550 - 8565 (0x16 bytes), align: 1
  Segment part 72.
           ENTRY                   ADDRESS         REF BY
           =====                   =======         ======
           Utility_Strlen(char *)
                                   8550            Console_WriteString(char *) (Console)
                                                   Console_WriteStringln(char *) (Console)
    -------------------------------------------------------------------------
<CODE> 1 (was CODE)
  Relative segment, address: 7670 - 76DB (0x6c bytes), align: 1
  Segment part 45.
           ENTRY                   ADDRESS         REF BY
           =====                   =======         ======
           Utility_UintToStr4(unsigned int, char *)
                                   7670            Console_WriteInt(int) (Console)
               calls direct
    -------------------------------------------------------------------------
<CODE> 1 (was CODE)
  Relative segment, address: 83AE - 83CB (0x1e bytes), align: 1
  Segment part 95.
           ENTRY                   ADDRESS         REF BY
           =====                   =======         ======
           Clear_ExternWatchdog()
                                   83AE            TIMERB1_ISR() (timer)
    -------------------------------------------------------------------------
DATA16_C
  Relative segment, address: 5C1C - 5C1D (0x2 bytes), align: 0
  Segment part 19.            Intra module refs:   TraceFunctionLine(char const *, int)

    *************************************************************************

  FILE NAME : \\Mac\Home\work\ETL\Debug\Obj\comp_b.r43
    *************************************************************************

  FILE NAME : \\Mac\Home\work\ETL\Debug\Obj\Console.r43
  PROGRAM MODULE, NAME : Console

  SEGMENTS IN THE MODULE
  ======================
<CODE> 1 (was CODE)
  Relative segment, address: 879C - 87A5 (0xa bytes), align: 1
  Segment part 6.
           ENTRY                   ADDRESS         REF BY
           =====                   =======         ======
           Console_Open()          879C            Restart_Init() (main)
                                                   TraceOpen() (common)
               calls direct
    -------------------------------------------------------------------------
<CODE> 1 (was CODE)
  Relative segment, address: 87E2 - 87E9 (0x8 bytes), align: 1
  Segment part 7.
           ENTRY                   ADDRESS         REF BY
           =====                   =======         ======
           Console_Close()         87E2            TraceOpen() (common)
               calls direct
    -------------------------------------------------------------------------
<CODE> 1 (was CODE)
  Relative segment, address: 8262 - 8285 (0x24 bytes), align: 1
  Segment part 11.
           ENTRY                   ADDRESS         REF BY
           =====                   =======         ======
           Console_WriteString(char *)
                                   8262            TraceFunctionLine(char const *, int) (common)
                                                   TraceMsgFuncLine(char *, int, char const *, int) (common)
               calls direct
    -------------------------------------------------------------------------
<CODE> 1 (was CODE)
  Relative segment, address: 823E - 8261 (0x24 bytes), align: 1
  Segment part 9.
           ENTRY                   ADDRESS         REF BY
           =====                   =======         ======
           Console_WriteStringln(char *)
                                   823E            TraceMsgFuncLine(char *, int, char const *, int) (common)
               calls direct
    -------------------------------------------------------------------------
<CODE> 1 (was CODE)
  Relative segment, address: 85E0 - 85F3 (0x14 bytes), align: 1
  Segment part 8.             Intra module refs:   Console_WriteInt(int)
           ENTRY                   ADDRESS         REF BY
           =====                   =======         ======
           Console_WriteBytesln(char *, int)
                                   85E0 
               calls direct
    -------------------------------------------------------------------------
<CODE> 1 (was CODE)
  Relative segment, address: 8488 - 84A1 (0x1a bytes), align: 1
  Segment part 13.
           ENTRY                   ADDRESS         REF BY
           =====                   =======         ======
           Console_WriteInt(int)   8488            TraceFunctionLine(char const *, int) (common)
               calls direct

    *************************************************************************

  FILE NAME : \\Mac\Home\work\ETL\Debug\Obj\crc.r43
    *************************************************************************

  FILE NAME : \\Mac\Home\work\ETL\Debug\Obj\cstartup.r43
  LIBRARY MODULE, NAME : ?cstart

Absolute parts
           LOCAL                   ADDRESS         
           =====                   =======         
           __MSP430F5212__         0000 
  SEGMENTS IN THE MODULE
  ======================
CSTACK
  Relative segment, address: 4C60, align: 1
  Segment part 1.
    -------------------------------------------------------------------------
DATA16_Z
  Relative segment, address: 1C0A, align: 1
  Segment part 2.
    -------------------------------------------------------------------------
DATA16_I
  Relative segment, address: 1C00, align: 1
  Segment part 3.
    -------------------------------------------------------------------------
DATA16_ID
  Relative segment, address: 5CFA, align: 1
  Segment part 4.
    -------------------------------------------------------------------------
CODE_I
  Relative segment, address: 4450, align: 1
  Segment part 5.
    -------------------------------------------------------------------------
CODE_ID
  Relative segment, address: 8906, align: 1
  Segment part 6.
    -------------------------------------------------------------------------
DATA20_Z
  Relative segment, address: 4450, align: 1
  Segment part 7.
    -------------------------------------------------------------------------
DATA20_I
  Relative segment, address: 4450, align: 1
  Segment part 8.
    -------------------------------------------------------------------------
DATA20_ID
  Relative segment, address: 8906, align: 1
  Segment part 9.
    -------------------------------------------------------------------------
DATA20_C
  Relative segment, address: 8906, align: 1
  Segment part 10.
    -------------------------------------------------------------------------
DATA20_N
  Relative segment, address: 4450, align: 1
  Segment part 12.
    -------------------------------------------------------------------------
CSTART
  Relative segment, address: 5CFC - 5D05 (0xa bytes), align: 1
  Segment part 15.
           ENTRY                   ADDRESS         REF BY
           =====                   =======         ======
           __program_start         5CFC            ?reset_vector (?reset_vector)
                                                   Absolute parts (?ABS_ENTRY_MOD)
           ?cstart_begin           5CFC 
    -------------------------------------------------------------------------
CSTART
  Relative segment, address: 5D06 - 5D11 (0xc bytes), align: 1
  Segment part 20.
           ENTRY                   ADDRESS         REF BY
           =====                   =======         ======
           ?cstart_init_zero       5D06            GetCharSelBitCnt(char)::dict (main)
                                                   GetCharSelBitCnt(char)::static guard for dict (main)
                                                   IsGetInput (uart0)
                                                   Is_RS485_1 (main)
                                                   Is_uart1_RX_INT (main)
                                                   Is_uart3_RX_INT (uart3)
                                                   Segment part 2 (?xgetmemchunk)
                                                   UART0_Rx_BufLen (uart0)
                                                   UART0_Rx_Buffer (uart0)
                                                   UART0_Rx_INTIndex (uart0)
                                                   UART0_Rx_INTLen (uart0)
                                                   UART1_Rx_BufLen (uart1)
                                                   UART1_Rx_Buffer (uart1)
                                                   UART1_Rx_INTIndex (uart1)
                                                   UART1_Rx_INTLen (uart1)
                                                   UART3_Rx_BufLen (uart3)
                                                   UART3_Rx_Buffer (uart3)
                                                   UART3_Rx_INTIndex (uart3)
                                                   UART3_Rx_INTLen (uart3)
                                                   UART3_Rx_RecvIndex (uart3)
                                                   UART3_Tx_Buf (uart3)
                                                   UART3_Tx_Flag (uart3)
                                                   UART3_Tx_Len (uart3)
                                                   __data16_Aldata (?xxmemxmalloc)
                                                   __iar_New_hand (?new)
                                                   _int (common)
                                                   s_ClockTicks (timer)
                                                   s_clock (common)
                                                   s_reset_count (timer)
                                                   s_reset_pin (common)
                                                   s_uart1_type (uart1)
                                                   s_uart3_type (uart3)
                                                   trace_open (common)
    -------------------------------------------------------------------------
CSTART
  Relative segment, address: 5D12 - 5D21 (0x10 bytes), align: 1
  Segment part 21.
           ENTRY                   ADDRESS         REF BY
           =====                   =======         ======
           ?cstart_init_copy       5D12            Opened (main)
    -------------------------------------------------------------------------
CSTART
  Relative segment, address: 5D22 - 5D29 (0x8 bytes), align: 1
  Segment part 27.            Intra module refs:   Segment part 15
           ENTRY                   ADDRESS         REF BY
           =====                   =======         ======
           ?cstart_call_main       5D22 
           ?cstart_end             5D2A 
    -------------------------------------------------------------------------
CODE_ID
  Relative segment, address: 8906, align: 1
  Segment part 28.            Intra module refs:   Segment part 5

    -------------------------------------------------------------------------
  LIBRARY MODULE, NAME : ?reset_vector

  SEGMENTS IN THE MODULE
  ======================
RESET
  Relative segment, address: FFFE - FFFF (0x2 bytes), align: 1
  Segment part 0.
           ENTRY                   ADDRESS         REF BY
           =====                   =======         ======
           ?reset_vector           FFFE            Segment part 15 (?cstart)

    *************************************************************************

  FILE NAME : \\Mac\Home\work\ETL\Debug\Obj\ctsd16.r43
    *************************************************************************

  FILE NAME : \\Mac\Home\work\ETL\Debug\Obj\dac12_a.r43
    *************************************************************************

  FILE NAME : \\Mac\Home\work\ETL\Debug\Obj\datapage.r43
    *************************************************************************

  FILE NAME : \\Mac\Home\work\ETL\Debug\Obj\debug.r43
    *************************************************************************

  FILE NAME : \\Mac\Home\work\ETL\Debug\Obj\dma.r43
    *************************************************************************

  FILE NAME : \\Mac\Home\work\ETL\Debug\Obj\dualpool.r43
    *************************************************************************

  FILE NAME : \\Mac\Home\work\ETL\Debug\Obj\etl.r43
  PROGRAM MODULE, NAME : etl

  SEGMENTS IN THE MODULE
  ======================
<CODE> 1 (was CODE)
  Relative segment, address: 88F4 - 88F5 (0x2 bytes), align: 1
  Segment part 74.            Intra module refs:   _Vector_impl<unsigned char, allocator<unsigned char>>::_Altyval() const (main)
                                                   _Vector_impl<unsigned short, allocator<unsigned short>>::_Altyval() const (main)
                                                   vector<char>::get_allocator() const (main)
           ENTRY                   ADDRESS         REF BY
           =====                   =======         ======
           _ClassUtil::_AllocHolder<><_Alloc, false>[with _Alloc=allocator<void>]::_Alval() const
                                   88F4 
    -------------------------------------------------------------------------
<CODE> 1 (was CODE)
  Relative segment, address: 88A0 - 88A3 (0x4 bytes), align: 1
  Segment part 76.            Intra module refs:   Time::Show() (rtc)
                                                   main (main)
           ENTRY                   ADDRESS         REF BY
           =====                   =======         ======
           strrchr(char const *, int)
                                   88A0 
               calls direct
    -------------------------------------------------------------------------
<CODE> 1 (was CODE)
  Relative segment, address: 88C8 - 88CB (0x4 bytes), align: 1
  Segment part 80.            Intra module refs:   allocator<unsigned char>::allocate(unsigned int) (main)
                                                   allocator<unsigned short>::allocate(unsigned int) (main)
           ENTRY                   ADDRESS         REF BY
           =====                   =======         ======
           _Allocator<void>::allocate(unsigned int)
                                   88C8 
               calls direct

    *************************************************************************

  FILE NAME : \\Mac\Home\work\ETL\Debug\Obj\etltest.r43
  PROGRAM MODULE, NAME : etltest

  SEGMENTS IN THE MODULE
  ======================
<CODE> 1 (was CODE)
  Relative segment, address: 88D8 - 88DB (0x4 bytes), align: 1
  Segment part 72.            Intra module refs:   allocator<unsigned char>::deallocate(unsigned char *, unsigned int) (main)
                                                   allocator<unsigned short>::deallocate(unsigned short *, unsigned int) (main)
           ENTRY                   ADDRESS         REF BY
           =====                   =======         ======
           _Allocator<void>::deallocate(void *)
                                   88D8 
               calls direct

    *************************************************************************

  FILE NAME : \\Mac\Home\work\ETL\Debug\Obj\eusci_a_spi.r43
    *************************************************************************

  FILE NAME : \\Mac\Home\work\ETL\Debug\Obj\eusci_a_uart.r43
    *************************************************************************

  FILE NAME : \\Mac\Home\work\ETL\Debug\Obj\eusci_b_i2c.r43
    *************************************************************************

  FILE NAME : \\Mac\Home\work\ETL\Debug\Obj\eusci_b_spi.r43
    *************************************************************************

  FILE NAME : \\Mac\Home\work\ETL\Debug\Obj\flashctl.r43
    *************************************************************************

  FILE NAME : \\Mac\Home\work\ETL\Debug\Obj\gpio.r43
  PROGRAM MODULE, NAME : gpio

  SEGMENTS IN THE MODULE
  ======================
DATA16_C
  Relative segment, address: 5C00 - 5C1B (0x1c bytes), align: 1
  Segment part 2.             Intra module refs:   GPIO_clearInterrupt
                                                   GPIO_getInterruptStatus
           LOCAL                   ADDRESS         
           =====                   =======         
           GPIO_PORT_TO_BASE       5C00 
    -------------------------------------------------------------------------
<CODE> 1 (was CODE)
  Relative segment, address: 7C3E - 7C7B (0x3e bytes), align: 1
  Segment part 15.
           ENTRY                   ADDRESS         REF BY
           =====                   =======         ======
           GPIO_getInterruptStatus
                                   7C3E            Port_2() (main)
    -------------------------------------------------------------------------
<CODE> 1 (was CODE)
  Relative segment, address: 82AA - 82CB (0x22 bytes), align: 1
  Segment part 16.
           ENTRY                   ADDRESS         REF BY
           =====                   =======         ======
           GPIO_clearInterrupt     82AA            Port_2() (main)

    *************************************************************************

  FILE NAME : \\Mac\Home\work\ETL\Debug\Obj\infopage.r43
    *************************************************************************

  FILE NAME : \\Mac\Home\work\ETL\Debug\Obj\lcd_b.r43
    *************************************************************************

  FILE NAME : \\Mac\Home\work\ETL\Debug\Obj\lcd_c.r43
    *************************************************************************

  FILE NAME : \\Mac\Home\work\ETL\Debug\Obj\ldopwr.r43
    *************************************************************************

  FILE NAME : \\Mac\Home\work\ETL\Debug\Obj\led.r43
  PROGRAM MODULE, NAME : led

  SEGMENTS IN THE MODULE
  ======================
DATA16_AN
  Relative segment, address: 0222 - 0223 (0x2 bytes), align: 0
  Segment part 1. ROOT        Intra module refs:   Led1_Off()
                                                   Led1_On()
                                                   Led2_Off()
                                                   Led2_On()
                                                   Led_Init()
           ENTRY                   ADDRESS         REF BY
           =====                   =======         ======
           _A_PBOUT_L              0222 
           LOCAL                   ADDRESS         
           =====                   =======         
           PBOUT                   0222 
           PBOUT_H                 0223 
           PBOUT_L                 0222 
    -------------------------------------------------------------------------
DATA16_AN
  Relative segment, address: 0224 - 0225 (0x2 bytes), align: 0
  Segment part 2. ROOT        Intra module refs:   Led_Init()
           ENTRY                   ADDRESS         REF BY
           =====                   =======         ======
           _A_PBDIR_L              0224 
           LOCAL                   ADDRESS         
           =====                   =======         
           PBDIR                   0224 
           PBDIR_H                 0225 
           PBDIR_L                 0224 
    -------------------------------------------------------------------------
DATA16_AN
  Relative segment, address: 022A - 022B (0x2 bytes), align: 0
  Segment part 3. ROOT        Intra module refs:   Led_Init()
           ENTRY                   ADDRESS         REF BY
           =====                   =======         ======
           _A_PBSEL_L              022A 
           LOCAL                   ADDRESS         
           =====                   =======         
           PBSEL                   022A 
           PBSEL_H                 022B 
           PBSEL_L                 022A 
    -------------------------------------------------------------------------
<CODE> 1 (was CODE)
  Relative segment, address: 85A4 - 85B7 (0x14 bytes), align: 1
  Segment part 5.
           ENTRY                   ADDRESS         REF BY
           =====                   =======         ======
           Led_Init()              85A4            Restart_Init() (main)
    -------------------------------------------------------------------------
<CODE> 1 (was CODE)
  Relative segment, address: 8310 - 832F (0x20 bytes), align: 1
  Segment part 10.
           ENTRY                   ADDRESS         REF BY
           =====                   =======         ======
           Led_Round()             8310            main (main)
               calls direct
    -------------------------------------------------------------------------
<CODE> 1 (was CODE)
  Relative segment, address: 885C - 8861 (0x6 bytes), align: 1
  Segment part 9.             Intra module refs:   Led_Round()
           ENTRY                   ADDRESS         REF BY
           =====                   =======         ======
           Led1_On()               885C 
    -------------------------------------------------------------------------
<CODE> 1 (was CODE)
  Relative segment, address: 8844 - 8849 (0x6 bytes), align: 1
  Segment part 7.             Intra module refs:   Led_Round()
           ENTRY                   ADDRESS         REF BY
           =====                   =======         ======
           Led2_On()               8844 
    -------------------------------------------------------------------------
<CODE> 1 (was CODE)
  Relative segment, address: 8808 - 880D (0x6 bytes), align: 1
  Segment part 8.             Intra module refs:   Led_Round()
           ENTRY                   ADDRESS         REF BY
           =====                   =======         ======
           Led1_Off()              8808 
    -------------------------------------------------------------------------
<CODE> 1 (was CODE)
  Relative segment, address: 87EA - 87EF (0x6 bytes), align: 1
  Segment part 6.             Intra module refs:   Led_Round()
           ENTRY                   ADDRESS         REF BY
           =====                   =======         ======
           Led2_Off()              87EA 
    -------------------------------------------------------------------------
<CODE> 1 (was CODE)
  Relative segment, address: 8904 - 8905 (0x2 bytes), align: 1
  Segment part 18.
           ENTRY                   ADDRESS         REF BY
           =====                   =======         ======
           Led1_WorkLightOff()     8904            Restart_Init() (main)

    *************************************************************************

  FILE NAME : \\Mac\Home\work\ETL\Debug\Obj\lowpower.r43
  PROGRAM MODULE, NAME : lowpower

  SEGMENTS IN THE MODULE
  ======================
DATA16_AN
  Relative segment, address: 0202 - 0203 (0x2 bytes), align: 0
  Segment part 1. ROOT        Intra module refs:   BoardPowerOn()
           ENTRY                   ADDRESS         REF BY
           =====                   =======         ======
           _A_PAOUT_L              0202 
           LOCAL                   ADDRESS         
           =====                   =======         
           PAOUT                   0202 
           PAOUT_H                 0203 
           PAOUT_L                 0202 
    -------------------------------------------------------------------------
DATA16_AN
  Relative segment, address: 0204 - 0205 (0x2 bytes), align: 0
  Segment part 2. ROOT        Intra module refs:   BoardPowerOn()
                                                   Restart_Init() (main)
           ENTRY                   ADDRESS         REF BY
           =====                   =======         ======
           _A_PADIR_L              0204 
           LOCAL                   ADDRESS         
           =====                   =======         
           PADIR                   0204 
           PADIR_H                 0205 
           PADIR_L                 0204 
    -------------------------------------------------------------------------
<CODE> 1 (was CODE)
  Relative segment, address: 87A6 - 87AF (0xa bytes), align: 1
  Segment part 13.
           ENTRY                   ADDRESS         REF BY
           =====                   =======         ======
           BoardPowerOn()          87A6            main (main)

    *************************************************************************

  FILE NAME : \\Mac\Home\work\ETL\Debug\Obj\main.r43
  PROGRAM MODULE, NAME : main

  SEGMENTS IN THE MODULE
  ======================
DATA16_AN
  Relative segment, address: 020A - 020B (0x2 bytes), align: 0
  Segment part 2. ROOT        Intra module refs:   Restart_Init()
           ENTRY                   ADDRESS         REF BY
           =====                   =======         ======
           _A_PASEL_L              020A 
           LOCAL                   ADDRESS         
           =====                   =======         
           PASEL                   020A 
           PASEL_H                 020B 
           PASEL_L                 020A 
    -------------------------------------------------------------------------
DATA16_AN
  Relative segment, address: 0264 - 0265 (0x2 bytes), align: 0
  Segment part 5. ROOT        Intra module refs:   Restart_Init()
                                                   TimerB_Init(unsigned int) (timer)
           ENTRY                   ADDRESS         REF BY
           =====                   =======         ======
           _A_PDDIR_L              0264 
           LOCAL                   ADDRESS         
           =====                   =======         
           PDDIR                   0264 
           PDDIR_H                 0265 
           PDDIR_L                 0264 
    -------------------------------------------------------------------------
DATA16_AN
  Relative segment, address: 02A4 - 02A5 (0x2 bytes), align: 0
  Segment part 8. ROOT        Intra module refs:   Restart_Init()
           ENTRY                   ADDRESS         REF BY
           =====                   =======         ======
           _A_PFDIR_L              02A4 
           LOCAL                   ADDRESS         
           =====                   =======         
           PFDIR                   02A4 
           PFDIR_H                 02A5 
           PFDIR_L                 02A4 
    -------------------------------------------------------------------------
DATA16_AN
  Relative segment, address: 0100 - 0101 (0x2 bytes), align: 0
  Segment part 9. ROOT        Intra module refs:   Restart_Init()
           ENTRY                   ADDRESS         REF BY
           =====                   =======         ======
           _A_SFRIE1_L             0100 
           LOCAL                   ADDRESS         
           =====                   =======         
           SFRIE1                  0100 
           SFRIE1_H                0101 
           SFRIE1_L                0100 
    -------------------------------------------------------------------------
<CODE> 1 (was CODE)
  Relative segment, address: 88F0 - 88F1 (0x2 bytes), align: 1
  Segment part 32.            Intra module refs:   _Vector_impl<unsigned short, allocator<unsigned short>>::_Make_room(unsigned short *, unsigned int)
                                                   _Vector_impl<unsigned short, allocator<unsigned short>>::_Ucopy(unsigned short const *, unsigned short const *, unsigned short *)
                                                   _Vector_impl<unsigned short, allocator<unsigned short>>::_Ufill(unsigned short *, unsigned int, unsigned short)
                                                   _Vector_value<allocator<void>>::_Buy(unsigned int)
           ENTRY                   ADDRESS         REF BY
           =====                   =======         ======
           _ClassUtil::_AllocHolder<><_Alloc, false>[with _Alloc=allocator<void>]::_Alval()
                                   88F0 
    -------------------------------------------------------------------------
<CODE> 1 (was CODE)
  Relative segment, address: 8792 - 879B (0xa bytes), align: 1
  Segment part 34.            Intra module refs:   _TypeUtil::_Select<true, void, iterator_traits<_Iter>::iterator_category>::_Type vector<char>::_Construct(_Iter, _Iter)[with _Iter=char *]
           ENTRY                   ADDRESS         REF BY
           =====                   =======         ======
           iterator_traits<_Iter>::iterator_category _Iter_cat(_Iter const &)[with _Iter=char *]
                                   8792 
    -------------------------------------------------------------------------
<CODE> 1 (was CODE)
  Relative segment, address: 8838 - 883D (0x6 bytes), align: 1
  Segment part 35.            Intra module refs:   iterator_traits<_InIt>::difference_type distance(_InIt, _InIt)[with _InIt=char *]
           ENTRY                   ADDRESS         REF BY
           =====                   =======         ======
           iterator_traits<_InIt>::difference_type _DistanceHelper<random_access_iterator_tag>::_Distance(_InIt, _InIt)[with _InIt=char *]
                                   8838 
    -------------------------------------------------------------------------
<CODE> 1 (was CODE)
  Relative segment, address: 88B8 - 88BB (0x4 bytes), align: 1
  Segment part 36.            Intra module refs:   void vector<char>::_Construct0(_Iter, _Iter, random_access_iterator_tag)[with _Iter=char *]
           ENTRY                   ADDRESS         REF BY
           =====                   =======         ======
           iterator_traits<_InIt>::difference_type distance(_InIt, _InIt)[with _InIt=char *]
                                   88B8 
               calls direct
    -------------------------------------------------------------------------
<CODE> 1 (was CODE)
  Relative segment, address: 88B0 - 88B3 (0x4 bytes), align: 1
  Segment part 37.            Intra module refs:   _Ty *_Copy_backward_opt(_Ty const *, _Ty const *, _Ty *)[with _Ty=unsigned short]
           ENTRY                   ADDRESS         REF BY
           =====                   =======         ======
           _Backward_copier<><_Ty, true>[with _Ty=unsigned short]::_Copy(unsigned short const *, unsigned short const *, unsigned short *)
                                   88B0 
               calls direct
    -------------------------------------------------------------------------
<CODE> 1 (was CODE)
  Relative segment, address: 88AC - 88AF (0x4 bytes), align: 1
  Segment part 38.            Intra module refs:   _Ty1 *_Copy_backward_opt(_Ty1 *, _Ty1 *, _Ty1 *)[with _Ty1=unsigned short]
           ENTRY                   ADDRESS         REF BY
           =====                   =======         ======
           _Ty *_Copy_backward_opt(_Ty const *, _Ty const *, _Ty *)[with _Ty=unsigned short]
                                   88AC 
               calls direct
    -------------------------------------------------------------------------
<CODE> 1 (was CODE)
  Relative segment, address: 88A8 - 88AB (0x4 bytes), align: 1
  Segment part 39.            Intra module refs:   _BidIt2 copy_backward(_BidIt1, _BidIt1, _BidIt2)[with _BidIt1=unsigned short *, _BidIt2=unsigned short *]
           ENTRY                   ADDRESS         REF BY
           =====                   =======         ======
           _Ty1 *_Copy_backward_opt(_Ty1 *, _Ty1 *, _Ty1 *)[with _Ty1=unsigned short]
                                   88A8 
               calls direct
    -------------------------------------------------------------------------
<CODE> 1 (was CODE)
  Relative segment, address: 88A4 - 88A7 (0x4 bytes), align: 1
  Segment part 40.            Intra module refs:   _Vector_impl<unsigned short, allocator<unsigned short>>::_Make_room(unsigned short *, unsigned int)
           ENTRY                   ADDRESS         REF BY
           =====                   =======         ======
           _BidIt2 copy_backward(_BidIt1, _BidIt1, _BidIt2)[with _BidIt1=unsigned short *, _BidIt2=unsigned short *]
                                   88A4 
               calls direct
    -------------------------------------------------------------------------
<CODE> 1 (was CODE)
  Relative segment, address: 88F2 - 88F3 (0x2 bytes), align: 1
  Segment part 43.            Intra module refs:   _Vector_impl<unsigned short, allocator<unsigned short>>::_Altyval() const
                                                   _Vector_impl<unsigned short, allocator<unsigned short>>::_Make_room(unsigned short *, unsigned int)
                                                   _Vector_impl<unsigned short, allocator<unsigned short>>::_Ucopy(unsigned short const *, unsigned short const *, unsigned short *)
                                                   _Vector_impl<unsigned short, allocator<unsigned short>>::_Ufill(unsigned short *, unsigned int, unsigned short)
           ENTRY                   ADDRESS         REF BY
           =====                   =======         ======
           void allocator<unsigned short>::allocator(allocator<_Other> const &)[with _Other=void]
                                   88F2 
    -------------------------------------------------------------------------
<CODE> 1 (was CODE)
  Relative segment, address: 88F6 - 88F7 (0x2 bytes), align: 1
  Segment part 44.            Intra module refs:   _Vector_impl<unsigned char, allocator<unsigned char>>::_Altyval() const
                                                   _Vector_value<allocator<void>>::_Buy(unsigned int)
           ENTRY                   ADDRESS         REF BY
           =====                   =======         ======
           void allocator<unsigned char>::allocator(allocator<_Other> const &)[with _Other=void]
                                   88F6 
    -------------------------------------------------------------------------
<CODE> 1 (was CODE)
  Relative segment, address: 88F8 - 88F9 (0x2 bytes), align: 1
  Segment part 45.            Intra module refs:   vector<char>::get_allocator() const
           ENTRY                   ADDRESS         REF BY
           =====                   =======         ======
           void allocator<char>::allocator(allocator<_Other> const &)[with _Other=void]
                                   88F8 
    -------------------------------------------------------------------------
<CODE> 1 (was CODE)
  Relative segment, address: 884A - 884F (0x6 bytes), align: 1
  Segment part 46.            Intra module refs:   _Vector_impl<unsigned short, allocator<unsigned short>>::_Tidy0()
           ENTRY                   ADDRESS         REF BY
           =====                   =======         ======
           allocator<unsigned short>::deallocate(unsigned short *, unsigned int)
                                   884A 
               calls direct
    -------------------------------------------------------------------------
<CODE> 1 (was CODE)
  Relative segment, address: 8856 - 885B (0x6 bytes), align: 1
  Segment part 47.            Intra module refs:   _Vector_impl<unsigned char, allocator<unsigned char>>::_Tidy0()
           ENTRY                   ADDRESS         REF BY
           =====                   =======         ======
           allocator<unsigned char>::deallocate(unsigned char *, unsigned int)
                                   8856 
               calls direct
    -------------------------------------------------------------------------
<CODE> 1 (was CODE)
  Relative segment, address: 87D2 - 87D9 (0x8 bytes), align: 1
  Segment part 48.            Intra module refs:   _Vector_impl<unsigned short, allocator<unsigned short>>::_Make_room(unsigned short *, unsigned int)
           ENTRY                   ADDRESS         REF BY
           =====                   =======         ======
           allocator<unsigned short>::allocate(unsigned int)
                                   87D2 
               calls direct
    -------------------------------------------------------------------------
<CODE> 1 (was CODE)
  Relative segment, address: 8868 - 886D (0x6 bytes), align: 1
  Segment part 49.            Intra module refs:   _Vector_value<allocator<void>>::_Buy(unsigned int)
           ENTRY                   ADDRESS         REF BY
           =====                   =======         ======
           allocator<unsigned char>::allocate(unsigned int)
                                   8868 
               calls direct
    -------------------------------------------------------------------------
<CODE> 1 (was CODE)
  Relative segment, address: 8748 - 8753 (0xc bytes), align: 1
  Segment part 50.            Intra module refs:   _Vector_impl<unsigned short, allocator<unsigned short>>::_Make_room(unsigned short *, unsigned int)
           ENTRY                   ADDRESS         REF BY
           =====                   =======         ======
           allocator<unsigned short>::max_size() const
                                   8748 
    -------------------------------------------------------------------------
<CODE> 1 (was CODE)
  Relative segment, address: 8760 - 8769 (0xa bytes), align: 1
  Segment part 51.            Intra module refs:   _Vector_value<allocator<void>>::_Buy(unsigned int)
           ENTRY                   ADDRESS         REF BY
           =====                   =======         ======
           allocator<unsigned char>::max_size() const
                                   8760 
    -------------------------------------------------------------------------
<CODE> 1 (was CODE)
  Relative segment, address: 84F0 - 8507 (0x18 bytes), align: 1
  Segment part 52.            Intra module refs:   _Ty2 *_Uninit_copy(_Ty1 *, _Ty1 *, _Ty2 *)[with _Ty1=char, _Ty2=char]
           ENTRY                   ADDRESS         REF BY
           =====                   =======         ======
           _Uninit_copy(char const *, char const *, char *)
                                   84F0 
               calls direct
    -------------------------------------------------------------------------
<CODE> 1 (was CODE)
  Relative segment, address: 887C - 887F (0x4 bytes), align: 1
  Segment part 53.            Intra module refs:   _Ty *_Uninit_copy(_Ty const *, _Ty const *, _Ty *)[with _Ty=unsigned short]
           ENTRY                   ADDRESS         REF BY
           =====                   =======         ======
           _Uninit_copier<><_Ty, true>[with _Ty=unsigned short]::_Copy(unsigned short const *, unsigned short const *, unsigned short *)
                                   887C 
               calls direct
    -------------------------------------------------------------------------
<CODE> 1 (was CODE)
  Relative segment, address: 8874 - 8877 (0x4 bytes), align: 1
  Segment part 54.            Intra module refs:   _FwdIt _Uninit_copy(_InIt, _InIt, _FwdIt, _Alloc &)[with _InIt=unsigned short const *, _FwdIt=unsigned short *, _Alloc=allocator<unsigned short>]
           ENTRY                   ADDRESS         REF BY
           =====                   =======         ======
           _Ty *_Uninit_copy(_Ty const *, _Ty const *, _Ty *)[with _Ty=unsigned short]
                                   8874 
               calls direct
    -------------------------------------------------------------------------
<CODE> 1 (was CODE)
  Relative segment, address: 8880 - 8883 (0x4 bytes), align: 1
  Segment part 55.            Intra module refs:   _FwdIt _Uninit_copy(_InIt, _InIt, _FwdIt, _Alloc &)[with _InIt=char *, _FwdIt=char *, _Alloc=vector<char>::_Alloc]
           ENTRY                   ADDRESS         REF BY
           =====                   =======         ======
           _Ty2 *_Uninit_copy(_Ty1 *, _Ty1 *, _Ty2 *)[with _Ty1=char, _Ty2=char]
                                   8880 
               calls direct
    -------------------------------------------------------------------------
<CODE> 1 (was CODE)
  Relative segment, address: 888C - 888F (0x4 bytes), align: 1
  Segment part 56.            Intra module refs:   _FwdIt _Uninitialized_copy(_InIt, _InIt, _FwdIt, _Alloc &)[with _InIt=unsigned short const *, _FwdIt=unsigned short *, _Alloc=allocator<unsigned short>]
           ENTRY                   ADDRESS         REF BY
           =====                   =======         ======
           _FwdIt _Uninit_copy(_InIt, _InIt, _FwdIt, _Alloc &)[with _InIt=unsigned short const *, _FwdIt=unsigned short *, _Alloc=allocator<unsigned short>]
                                   888C 
               calls direct
    -------------------------------------------------------------------------
<CODE> 1 (was CODE)
  Relative segment, address: 88EC - 88EF (0x4 bytes), align: 1
  Segment part 57.            Intra module refs:   _FwdIt _Uninitialized_copy(_InIt, _InIt, _FwdIt, _Alloc &)[with _InIt=char *, _FwdIt=char *, _Alloc=vector<char>::_Alloc]
           ENTRY                   ADDRESS         REF BY
           =====                   =======         ======
           _FwdIt _Uninit_copy(_InIt, _InIt, _FwdIt, _Alloc &)[with _InIt=char *, _FwdIt=char *, _Alloc=vector<char>::_Alloc]
                                   88EC 
               calls direct
    -------------------------------------------------------------------------
<CODE> 1 (was CODE)
  Relative segment, address: 8890 - 8893 (0x4 bytes), align: 1
  Segment part 58.            Intra module refs:   _Vector_impl<unsigned short, allocator<unsigned short>>::_Ucopy(unsigned short const *, unsigned short const *, unsigned short *)
           ENTRY                   ADDRESS         REF BY
           =====                   =======         ======
           _FwdIt _Uninitialized_copy(_InIt, _InIt, _FwdIt, _Alloc &)[with _InIt=unsigned short const *, _FwdIt=unsigned short *, _Alloc=allocator<unsigned short>]
                                   8890 
               calls direct
    -------------------------------------------------------------------------
<CODE> 1 (was CODE)
  Relative segment, address: 8898 - 889B (0x4 bytes), align: 1
  Segment part 59.            Intra module refs:   _Axpointer vector<_Ty>::_Ucopy(_Iter, _Iter, _Axpointer)[with _Ty=char, _Ax=allocator<char>, _Iter=char *]
           ENTRY                   ADDRESS         REF BY
           =====                   =======         ======
           _FwdIt _Uninitialized_copy(_InIt, _InIt, _FwdIt, _Alloc &)[with _InIt=char *, _FwdIt=char *, _Alloc=vector<char>::_Alloc]
                                   8898 
               calls direct
    -------------------------------------------------------------------------
<CODE> 1 (was CODE)
  Relative segment, address: 866E - 867D (0x10 bytes), align: 1
  Segment part 60.            Intra module refs:   _Vector_impl<unsigned short, allocator<unsigned short>>::_Ufill(unsigned short *, unsigned int, unsigned short)
           ENTRY                   ADDRESS         REF BY
           =====                   =======         ======
           void _Uninitialized_fill_n(_FwdIt, _Diff, _Tval const &, _Alloc &)[with _FwdIt=unsigned short *, _Diff=unsigned int, _Tval=unsigned short, _Alloc=allocator<unsigned short>]
                                   866E 
    -------------------------------------------------------------------------
<CODE> 1 (was CODE)
  Relative segment, address: 84D6 - 84EF (0x1a bytes), align: 1
  Segment part 61.            Intra module refs:   main
           ENTRY                   ADDRESS         REF BY
           =====                   =======         ======
           Time::Time()            84D6 
    -------------------------------------------------------------------------
<CODE> 1 (was CODE)
  Relative segment, address: 8722 - 872F (0xe bytes), align: 1
  Segment part 62.            Intra module refs:   _Vector_impl<unsigned char, allocator<unsigned char>>::_Tidy()
                                                   _Vector_value<allocator<void>>::_Buy(unsigned int)
                                                   vector<int>::vector()
           ENTRY                   ADDRESS         REF BY
           =====                   =======         ======
           _Vector_value<allocator<void>>::_Zero()
                                   8722 
    -------------------------------------------------------------------------
<CODE> 1 (was CODE)
  Relative segment, address: 786C - 78C7 (0x5c bytes), align: 1
  Segment part 64.            Intra module refs:   void vector<char>::_Construct0(_Iter, _Iter, random_access_iterator_tag)[with _Iter=char *]
           ENTRY                   ADDRESS         REF BY
           =====                   =======         ======
           _Vector_value<allocator<void>>::_Buy(unsigned int)
                                   786C 
               calls direct
    -------------------------------------------------------------------------
<CODE> 1 (was CODE)
  Relative segment, address: 88FC - 88FD (0x2 bytes), align: 1
  Segment part 65.            Intra module refs:   _Vector_impl<unsigned short, allocator<unsigned short>>::_Insert0(unsigned short *, unsigned short)
           ENTRY                   ADDRESS         REF BY
           =====                   =======         ======
           _Vector_value<allocator<void>>::_ToBptr(void *)
                                   88FC 
    -------------------------------------------------------------------------
<CODE> 1 (was CODE)
  Relative segment, address: 88D4 - 88D7 (0x4 bytes), align: 1
  Segment part 66.            Intra module refs:   _Vector_impl<unsigned short, allocator<unsigned short>>::_Insert0(unsigned short *, unsigned short)
                                                   _Vector_value<allocator<void>>::_Bcapacity() const
                                                   _Vector_value<allocator<void>>::_Bsize() const
           ENTRY                   ADDRESS         REF BY
           =====                   =======         ======
           _Vector_value<allocator<void>>::_Bfirst() const
                                   88D4 
    -------------------------------------------------------------------------
<CODE> 1 (was CODE)
  Relative segment, address: 881A - 881F (0x6 bytes), align: 1
  Segment part 67.            Intra module refs:   _Vector_value<allocator<void>>::_Bsize() const
           ENTRY                   ADDRESS         REF BY
           =====                   =======         ======
           _Vector_value<allocator<void>>::_Blast() const
                                   881A 
    -------------------------------------------------------------------------
<CODE> 1 (was CODE)
  Relative segment, address: 8814 - 8819 (0x6 bytes), align: 1
  Segment part 68.            Intra module refs:   _Vector_value<allocator<void>>::_Bcapacity() const
[...]
           ENTRY                   ADDRESS         REF BY
           =====                   =======         ======
           printf                  81AC            Port_2() (main)
                                                   Time::Show() (rtc)
                                                   main (main)
               calls direct

    -------------------------------------------------------------------------
  LIBRARY MODULE, NAME : ?IndCallR11

  SEGMENTS IN THE MODULE
  ======================
<CODE> 1 (was CODE)
  Relative segment, address: 88CC - 88CF (0x4 bytes), align: 1
  Segment part 0.
           ENTRY                   ADDRESS         REF BY
           =====                   =======         ======
           ?IndCallR11             88CC            _PutcharLargeNoMb (?xprintflarge_nomb)

    -------------------------------------------------------------------------
  LIBRARY MODULE, NAME : ?strchr

  SEGMENTS IN THE MODULE
  ======================
<CODE> 1 (was CODE)
  Relative segment, address: 8706 - 8713 (0xe bytes), align: 1
  Segment part 2.
           ENTRY                   ADDRESS         REF BY
           =====                   =======         ======
           __iar_Strchr            8706            _PrintfLargeNoMb (?xprintflarge_nomb)

    -------------------------------------------------------------------------
  LIBRARY MODULE, NAME : ?strlen

  SEGMENTS IN THE MODULE
  ======================
<CODE> 1 (was CODE)
  Relative segment, address: 8606 - 8617 (0x12 bytes), align: 1
  Segment part 2.
           ENTRY                   ADDRESS         REF BY
           =====                   =======         ======
           strlen                  8606            _PrintfLargeNoMb (?xprintflarge_nomb)

    -------------------------------------------------------------------------
  LIBRARY MODULE, NAME : ?strrchr

  SEGMENTS IN THE MODULE
  ======================
<CODE> 1 (was CODE)
  Relative segment, address: 862A - 863B (0x12 bytes), align: 1
  Segment part 2.
           ENTRY                   ADDRESS         REF BY
           =====                   =======         ======
           __iar_Strrchr           862A            strrchr(char const *, int) (etl)

    -------------------------------------------------------------------------
  LIBRARY MODULE, NAME : ?xdunscal

  SEGMENTS IN THE MODULE
  ======================
<CODE> 1 (was CODE)
  Relative segment, address: 7A6A - 7AAF (0x46 bytes), align: 1
  Segment part 2.
           ENTRY                   ADDRESS         REF BY
           =====                   =======         ======
           __iar_Dunscale          7A6A            _LdtobLargeNoMb (?xprintflarge_nomb)

    -------------------------------------------------------------------------
  LIBRARY MODULE, NAME : ?xgetmemchunk

  SEGMENTS IN THE MODULE
  ======================
<CODE> 1 (was CODE)
  Relative segment, address: 8390 - 83AD (0x1e bytes), align: 1
  Segment part 3.
           ENTRY                   ADDRESS         REF BY
           =====                   =======         ======
           __data16_GetMemChunk    8390            __data16_findmem (?xxmemxmalloc)
    -------------------------------------------------------------------------
DATA16_Z
  Relative segment, address: 1C40 - 1C41 (0x2 bytes), align: 1
  Segment part 2.             Intra module refs:   __data16_GetMemChunk
    -------------------------------------------------------------------------
DATA16_HEAP
  Relative segment, address: 2510, align: 1
  Segment part 4.

    -------------------------------------------------------------------------
  LIBRARY MODULE, NAME : ?xprintflarge_nomb

  SEGMENTS IN THE MODULE
  ======================
<CODE> 1 (was CODE)
  Relative segment, address: 6800 - 6C97 (0x498 bytes), align: 1
  Segment part 19.
           ENTRY                   ADDRESS         REF BY
           =====                   =======         ======
           _PrintfLargeNoMb        6800            printf (?printf)
               calls direct
    -------------------------------------------------------------------------
<CODE> 1 (was CODE)
  Relative segment, address: 82EE - 82F5 (0x8 bytes), align: 1
  Segment part 23.            Intra module refs:   Segment part 26
                                                   _PrintfLargeNoMb
    -------------------------------------------------------------------------
<CODE> 1 (was CODE)
  Relative segment, address: 82F6 - 82FD (0x8 bytes), align: 1
  Segment part 24.            Intra module refs:   _PrintfLargeNoMb
    -------------------------------------------------------------------------
<CODE> 1 (was CODE)
  Relative segment, address: 82FE - 8309 (0xc bytes), align: 1
  Segment part 25.            Intra module refs:   Segment part 23
                                                   Segment part 24
    -------------------------------------------------------------------------
<CODE> 1 (was CODE)
  Relative segment, address: 830A - 830F (0x6 bytes), align: 1
  Segment part 26.            Intra module refs:   _PrintfLargeNoMb
    -------------------------------------------------------------------------
<CODE> 1 (was CODE)
  Relative segment, address: 60B2 - 6135 (0x84 bytes), align: 1
  Segment part 8.             Intra module refs:   _PrintfLargeNoMb
           LOCAL                   ADDRESS         
           =====                   =======         
           LoadInt                 60B2 
    -------------------------------------------------------------------------
<CODE> 1 (was CODE)
  Relative segment, address: 6136 - 6143 (0xe bytes), align: 1
  Segment part 9.             Intra module refs:   LoadInt
    -------------------------------------------------------------------------
<CODE> 1 (was CODE)
  Relative segment, address: 6144 - 6381 (0x23e bytes), align: 1
  Segment part 10.            Intra module refs:   _LdtobLargeNoMb
           LOCAL                   ADDRESS         
           =====                   =======         
           _GenldLargeNoMb         6144 
               calls direct
    -------------------------------------------------------------------------
<CODE> 1 (was CODE)
  Relative segment, address: 6382 - 6391 (0x10 bytes), align: 1
  Segment part 11.            Intra module refs:   _GenldLargeNoMb
    -------------------------------------------------------------------------
<CODE> 1 (was CODE)
  Relative segment, address: 6392 - 639F (0xe bytes), align: 1
  Segment part 12.            Intra module refs:   Segment part 11
                                                   _GenldLargeNoMb
    -------------------------------------------------------------------------
<CODE> 1 (was CODE)
  Relative segment, address: 63A0 - 63BD (0x1e bytes), align: 1
  Segment part 13.            Intra module refs:   _GenldLargeNoMb
    -------------------------------------------------------------------------
<CODE> 1 (was CODE)
  Relative segment, address: 63BE - 63FF (0x42 bytes), align: 1
  Segment part 14.            Intra module refs:   _LdtobLargeNoMb
           LOCAL                   ADDRESS         
           =====                   =======         
           scale                   63BE 
               calls direct
    -------------------------------------------------------------------------
<CODE> 1 (was CODE)
  Relative segment, address: 6400 - 663D (0x23e bytes), align: 1
  Segment part 15.            Intra module refs:   _PrintfLargeNoMb
           LOCAL                   ADDRESS         
           =====                   =======         
           _LdtobLargeNoMb         6400 
               calls direct
    -------------------------------------------------------------------------
<CODE> 1 (was CODE)
  Relative segment, address: 663E - 67E3 (0x1a6 bytes), align: 1
  Segment part 16.            Intra module refs:   _PrintfLargeNoMb
           LOCAL                   ADDRESS         
           =====                   =======         
           _LitobLargeNoMb         663E 
               calls direct
    -------------------------------------------------------------------------
<CODE> 1 (was CODE)
  Relative segment, address: 67E4 - 67F5 (0x12 bytes), align: 1
  Segment part 17.            Intra module refs:   _LitobLargeNoMb
    -------------------------------------------------------------------------
<CODE> 1 (was CODE)
  Relative segment, address: 67F6 - 67FF (0xa bytes), align: 1
  Segment part 18.            Intra module refs:   LoadInt
                                                   _LitobLargeNoMb
                                                   _PrintfLargeNoMb
    -------------------------------------------------------------------------
<CODE> 1 (was CODE)
  Relative segment, address: 7EC4 - 7EF9 (0x36 bytes), align: 1
  Segment part 28.            Intra module refs:   Segment part 23
           LOCAL                   ADDRESS         
           =====                   =======         
           pad                     7EC4 
               calls direct
    -------------------------------------------------------------------------
<CODE> 1 (was CODE)
  Relative segment, address: 815E - 8185 (0x28 bytes), align: 1
  Segment part 29.            Intra module refs:   _PrintfLargeNoMb
                                                   _PutcharsLargeNoMb
           LOCAL                   ADDRESS         
           =====                   =======         
           _PutcharLargeNoMb       815E 
               calls indirect
    -------------------------------------------------------------------------
<CODE> 1 (was CODE)
  Relative segment, address: 80DE - 8109 (0x2c bytes), align: 1
  Segment part 30.            Intra module refs:   Segment part 24
                                                   pad
           LOCAL                   ADDRESS         
           =====                   =======         
           _PutcharsLargeNoMb      80DE 
               calls direct
    -------------------------------------------------------------------------
<CODE> 1 (was CODE)
  Relative segment, address: 86F8 - 8705 (0xe bytes), align: 1
  Segment part 20.            Intra module refs:   _PrintfLargeNoMb
    -------------------------------------------------------------------------
<CODE> 1 (was CODE)
  Relative segment, address: 877E - 8787 (0xa bytes), align: 1
  Segment part 21.            Intra module refs:   _PrintfLargeNoMb
    -------------------------------------------------------------------------
<CODE> 1 (was CODE)
  Relative segment, address: 8618 - 8629 (0x12 bytes), align: 1
  Segment part 22.            Intra module refs:   _PrintfLargeNoMb
    -------------------------------------------------------------------------
<CODE> 1 (was CODE)
  Relative segment, address: 7C7C - 7CB9 (0x3e bytes), align: 1
  Segment part 27.            Intra module refs:   _PrintfLargeNoMb
    -------------------------------------------------------------------------
DATA16_C
  Relative segment, address: 5CE1 - 5CE7 (0x7 bytes), align: 0
  Segment part 2.             Intra module refs:   _PrintfLargeNoMb
    -------------------------------------------------------------------------
DATA16_C
  Relative segment, address: 5CE8 - 5CEB (0x4 bytes), align: 0
  Segment part 3.             Intra module refs:   _LdtobLargeNoMb
    -------------------------------------------------------------------------
DATA16_C
  Relative segment, address: 5CEC - 5CEF (0x4 bytes), align: 0
  Segment part 4.             Intra module refs:   _LdtobLargeNoMb
    -------------------------------------------------------------------------
DATA16_C
  Relative segment, address: 5CF0 - 5CF3 (0x4 bytes), align: 0
  Segment part 5.             Intra module refs:   _LdtobLargeNoMb
    -------------------------------------------------------------------------
DATA16_C
  Relative segment, address: 5CF4 - 5CF7 (0x4 bytes), align: 0
  Segment part 6.             Intra module refs:   _LdtobLargeNoMb
    -------------------------------------------------------------------------
DATA16_C
  Relative segment, address: 5CF8 - 5CF9 (0x2 bytes), align: 0
  Segment part 7.             Intra module refs:   _GenldLargeNoMb

    -------------------------------------------------------------------------
  LIBRARY MODULE, NAME : ?xprout

  SEGMENTS IN THE MODULE
  ======================
<CODE> 1 (was CODE)
  Relative segment, address: 8520 - 8537 (0x18 bytes), align: 1
  Segment part 2.
           ENTRY                   ADDRESS         REF BY
           =====                   =======         ======
           _Prout                  8520            printf (?printf)
               calls direct

    -------------------------------------------------------------------------
  LIBRARY MODULE, NAME : ?xxmemxfree

  SEGMENTS IN THE MODULE
  ======================
<CODE> 1 (was CODE)
  Relative segment, address: 7492 - 7517 (0x86 bytes), align: 1
  Segment part 2.
           ENTRY                   ADDRESS         REF BY
           =====                   =======         ======
           __data16_free           7492            __data16_findmem (?xxmemxmalloc)
                                                   operator delete(void *) (?delop_0)

    -------------------------------------------------------------------------
  LIBRARY MODULE, NAME : ?xxmemxmalloc

  SEGMENTS IN THE MODULE
  ======================
DATA16_Z
  Relative segment, address: 1C42 - 1C45 (0x4 bytes), align: 1
  Segment part 2.             Intra module refs:   __data16_findmem
                                                   __data16_malloc
           ENTRY                   ADDRESS         REF BY
           =====                   =======         ======
           __data16_Aldata         1C42            __data16_free (?xxmemxfree)
    -------------------------------------------------------------------------
<CODE> 1 (was CODE)
  Relative segment, address: 77AC - 780F (0x64 bytes), align: 1
  Segment part 3.             Intra module refs:   __data16_malloc
           LOCAL                   ADDRESS         
           =====                   =======         
           __data16_findmem        77AC 
               calls direct
    -------------------------------------------------------------------------
<CODE> 1 (was CODE)
  Relative segment, address: 7596 - 7603 (0x6e bytes), align: 1
  Segment part 4.
           ENTRY                   ADDRESS         REF BY
           =====                   =======         ======
           __data16_malloc         7596            operator new(size_t) (?newop_0)
               calls direct




                ****************************************
                *                                      *
                *      SEGMENTS IN ADDRESS ORDER       *
                *                                      *
                ****************************************


SEGMENT              SPACE    START ADDRESS   END ADDRESS     SIZE  TYPE  ALIGN
=======              =====    =============   ===========     ====  ====  =====
DATA16_AN                              0100 - 0103               4   rel    0
                                       0120 - 0121               2 
                                       0124 - 0127               4 
                                       012C - 012D               2 
                                       015C - 015D               2 
                                       0168 - 016F               8 
                                       0200 - 0205               6 
                                       020A - 020B               2 
                                       021A - 021D               4 
                                       0220 - 0225               6 
                                       022A - 022B               2 
                                       0244 - 0245               2 
                                       024A - 024B               2 
                                       0262 - 0265               4 
                                       026A - 026B               2 
                                       0280 - 0285               6 
                                       028A - 028B               2 
                                       02A4 - 02A5               2 
                                       0340 - 0343               4 
                                       0352 - 0353               2 
                                       0380 - 0383               4 
                                       0392 - 0393               2 
                                       03C0 - 03C7               8 
                                       03D2 - 03D7               6 
                                       03EE - 03EF               2 
                                       05C0 - 05C1               2 
                                       05C6 - 05C8               3 
                                       05CC - 05CC               1 
                                       05CE - 05CE               1 
                                       05DC - 05DD               2 
                                       0600 - 0601               2 
                                       0606 - 0608               3 
                                       060C - 060C               1 
                                       060E - 060E               1 
                                       061C - 061D               2 
                                       0680 - 0681               2 
                                       0686 - 0688               3 
                                       068C - 068C               1 
                                       068E - 068E               1 
                                       069C - 069D               2 
DATA16_I                               1C00 - 1C01               2   rel    1
DATA16_Z                               1C02 - 250E             90D   rel    1
DATA16_HEAP                            2510 - 444F            1F40   rel    1
DATA20_I                                  4450                       rel    1
DATA20_Z                                  4450                       rel    1
DATA20_N                                  4450                       rel    1
CODE_I                                    4450                       rel    1
CSTACK                                 4C60 - 5BFF             FA0   rel    1
DATA16_C                               5C00 - 5CF9              FA   rel    1
DATA16_ID                              5CFA - 5CFB               2   rel    1
CSTART                                 5CFC - 5D29              2E   rel    1
ISR_CODE                               5D2A - 60B1             388   rel    1
<CODE> 1                               60B2 - 8905            2854   rel    1
CODE_ID                                   8906                       rel    1
DATA20_ID                                 8906                       rel    1
DATA20_C                                  8906                       rel    1
INTVEC                                 FF80 - FFF9              7A   com    1
RESET                                  FFFE - FFFF               2   rel    1

                ****************************************
                *                                      *
                *        END OF CROSS REFERENCE        *
                *                                      *
                ****************************************

 11 398 bytes of CODE  memory
 14 319 bytes of DATA  memory (+ 117 absolute )
    252 bytes of CONST memory

Errors: none
Warnings: 1

