Warning[w6]: Type conflict for external/entry "sys_errorcode_runcode", in module uart_config against external/entry in module timer; different basic types
  /* In module uart_config: */
  bool sys_errorcode_runcode;
  /* In module timer: */
  unsigned int sys_errorcode_runcode;
################################################################################
#                                                                              #
#      IAR Universal Linker V6.5.4.100                                         #
#                                                                              #
#           Link time     =  08/Dec/2020  20:17:28                             #
#           Target CPU    =  MSP430                                            #
#           List file     =  \\Mac\Home\work\ETL\Debug\List\RTUtest_GP.map     #
#           Output file 1 =  \\Mac\Home\work\ETL\Debug\Exe\RTUtest_GP.d43      #
#                            Format: ubrof10                                   #
#                            UBROF version 10.0.6                              #
#                            Using library modules for C-SPY (-rt)             #
#           Command line  =  -f C:\Users\83797\AppData\Local\Temp\EWEA4F.tmp   #
#                            (\\Mac\Home\work\ETL\Debug\Obj\adc10_a.r43        #
#                            \\Mac\Home\work\ETL\Debug\Obj\adc12_a.r43         #
#                            \\Mac\Home\work\ETL\Debug\Obj\aes.r43             #
#                            \\Mac\Home\work\ETL\Debug\Obj\battbak.r43         #
#                            \\Mac\Home\work\ETL\Debug\Obj\common.r43          #
#                            \\Mac\Home\work\ETL\Debug\Obj\comp_b.r43          #
#                            \\Mac\Home\work\ETL\Debug\Obj\Console.r43         #
#                            \\Mac\Home\work\ETL\Debug\Obj\crc.r43             #
#                            \\Mac\Home\work\ETL\Debug\Obj\cstartup.r43        #
#                            \\Mac\Home\work\ETL\Debug\Obj\ctsd16.r43          #
#                            \\Mac\Home\work\ETL\Debug\Obj\dac12_a.r43         #
#                            \\Mac\Home\work\ETL\Debug\Obj\datapage.r43        #
#                            \\Mac\Home\work\ETL\Debug\Obj\debug.r43           #
#                            \\Mac\Home\work\ETL\Debug\Obj\dma.r43             #
#                            \\Mac\Home\work\ETL\Debug\Obj\dualpool.r43        #
#                            \\Mac\Home\work\ETL\Debug\Obj\etl.r43             #
#                            \\Mac\Home\work\ETL\Debug\Obj\etltest.r43         #
#                            \\Mac\Home\work\ETL\Debug\Obj\eusci_a_spi.r43     #
#                            \\Mac\Home\work\ETL\Debug\Obj\eusci_a_uart.r43    #
#                            \\Mac\Home\work\ETL\Debug\Obj\eusci_b_i2c.r43     #
#                            \\Mac\Home\work\ETL\Debug\Obj\eusci_b_spi.r43     #
#                            \\Mac\Home\work\ETL\Debug\Obj\flashctl.r43        #
#                            \\Mac\Home\work\ETL\Debug\Obj\gpio.r43            #
#                            \\Mac\Home\work\ETL\Debug\Obj\infopage.r43        #
#                            \\Mac\Home\work\ETL\Debug\Obj\lcd_b.r43           #
#                            \\Mac\Home\work\ETL\Debug\Obj\lcd_c.r43           #
#                            \\Mac\Home\work\ETL\Debug\Obj\ldopwr.r43          #
#                            \\Mac\Home\work\ETL\Debug\Obj\led.r43             #
#                            \\Mac\Home\work\ETL\Debug\Obj\lowpower.r43        #
#                            \\Mac\Home\work\ETL\Debug\Obj\main.r43            #
#                            \\Mac\Home\work\ETL\Debug\Obj\mpy32.r43           #
#                            \\Mac\Home\work\ETL\Debug\Obj\oa.r43              #
#                            \\Mac\Home\work\ETL\Debug\Obj\pmap.r43            #
#                            \\Mac\Home\work\ETL\Debug\Obj\pmm.r43             #
#                            \\Mac\Home\work\ETL\Debug\Obj\ram.r43             #
#                            \\Mac\Home\work\ETL\Debug\Obj\ref.r43             #
#                            \\Mac\Home\work\ETL\Debug\Obj\rom.r43             #
#                            \\Mac\Home\work\ETL\Debug\Obj\rtc.r43             #
#                            \\Mac\Home\work\ETL\Debug\Obj\rtc_a.r43           #
#                            \\Mac\Home\work\ETL\Debug\Obj\rtc_b.r43           #
#                            \\Mac\Home\work\ETL\Debug\Obj\rtc_c.r43           #
#                            \\Mac\Home\work\ETL\Debug\Obj\sd24_b.r43          #
#                            \\Mac\Home\work\ETL\Debug\Obj\sfr.r43             #
#                            \\Mac\Home\work\ETL\Debug\Obj\sys_status.r43      #
#                            \\Mac\Home\work\ETL\Debug\Obj\sysctl.r43          #
#                            \\Mac\Home\work\ETL\Debug\Obj\tec.r43             #
#                            \\Mac\Home\work\ETL\Debug\Obj\timer.r43           #
#                            \\Mac\Home\work\ETL\Debug\Obj\timer_a.r43         #
#                            \\Mac\Home\work\ETL\Debug\Obj\timer_b.r43         #
#                            \\Mac\Home\work\ETL\Debug\Obj\timer_d.r43         #
#                            \\Mac\Home\work\ETL\Debug\Obj\tlv.r43             #
#                            \\Mac\Home\work\ETL\Debug\Obj\tool.r43            #
#                            \\Mac\Home\work\ETL\Debug\Obj\uart0.r43           #
#                            \\Mac\Home\work\ETL\Debug\Obj\uart1.r43           #
#                            \\Mac\Home\work\ETL\Debug\Obj\uart3.r43           #
#                            \\Mac\Home\work\ETL\Debug\Obj\uart_config.r43     #
#                            \\Mac\Home\work\ETL\Debug\Obj\ucs.r43             #
#                            \\Mac\Home\work\ETL\Debug\Obj\usci_a_spi.r43      #
#                            \\Mac\Home\work\ETL\Debug\Obj\usci_a_uart.r43     #
#                            \\Mac\Home\work\ETL\Debug\Obj\usci_b_i2c.r43      #
#                            \\Mac\Home\work\ETL\Debug\Obj\usci_b_spi.r43      #
#                            \\Mac\Home\work\ETL\Debug\Obj\wdt_a.r43 -o        #
#                            \\Mac\Home\work\ETL\Debug\Exe\RTUtest_GP.d43 -l   #
#                            \\Mac\Home\work\ETL\Debug\List\RTUtest_GP.map     #
#                            -xms                                              #
#                            "-IC:\Program Files (x86)\IAR Systems\Embedded Wo #
#                            rkbench 8.0\430\LIB\"                             #
#                            -f                                                #
#                            "C:\Program Files (x86)\IAR Systems\Embedded Work #
#                            bench 8.0\430\config\linker\lnk430f5438a.xcl"     #
#                            (-cmsp430 -D?CPU30_OFFSET=2 -QCODE_I=CODE_ID      #
#                            -QTLS16_I=TLS16_ID -D__iar_HWMUL=4C0              #
#                            -Z(CONST)INFO=1800-19FF                           #
#                            -Z(CONST)INFOA=1980-19FF                          #
#                            -Z(CONST)INFOB=1900-197F                          #
#                            -Z(CONST)INFOC=1880-18FF                          #
#                            -Z(CONST)INFOD=1800-187F                          #
#                            -Z(DATA)DATA16_I,DATA16_Z,DATA16_N,TLS16_I=1C00-5 #
#                            BFF                                               #
#                            -Z(DATA)DATA16_HEAP+_DATA16_HEAP_SIZE             #
#                            -Z(DATA)CODE_I                                    #
#                            -Z(DATA)DATA20_I,DATA20_Z,DATA20_N,DATA20_HEAP+_D #
#                            ATA20_HEAP_SIZE                                   #
#                            -Z(DATA)CSTACK+_STACK_SIZE#                       #
#                            -Z(CONST)DATA16_C,DATA16_ID,TLS16_ID,DIFUNCT,CHEC #
#                            KSUM=5C00-FF7F                                    #
#                            -Z(CODE)CSTART,ISR_CODE,CODE16=5C00-FF7F          #
#                            -P(CODE)CODE=5C00-FF7F,10000-45BFF                #
#                            -Z(CONST)DATA20_C,DATA20_ID,CODE_ID=5C00-FF7F,100 #
#                            40-45BFF                                          #
#                            -Z(CODE)INTVEC=FF80-FFFF                          #
#                            -Z(CODE)RESET=FFFE-FFFF) -f                       #
#                            "C:\Program Files (x86)\IAR Systems\Embedded Work #
#                            bench 8.0\430\config\linker\multiplier32.xcl"     #
#                            (-e?Mul8Hw=?Mul8 -e?Mul16Hw=?Mul16                #
#                            -e?Mul16to32uHw=?Mul16to32u                       #
#                            -e?Mul16to32sHw=?Mul16to32s -e?Mul32Hw32=?Mul32   #
#                            -e?Mul64Hw32=_Mul64i                              #
#                            -e?Mul32u32uto64iHw32=_Mul32u32uto64i             #
#                            -e?Mul32fHw32=_Mul32f                             #
#                            -e_Mul64fHw32Ptr=_Mul64fPtr) -D_STACK_SIZE=FA0    #
#                            -rt                                               #
#                            "C:\Program Files (x86)\IAR Systems\Embedded Work #
#                            bench 8.0\430\lib\dlib\dl430xlsfn.r43"            #
#                            -D_DATA16_HEAP_SIZE=1F40 -s __program_start       #
#                            -D_DATA20_HEAP_SIZE=50)                           #
#                                                                              #
#                           Copyright (C) 1987-2018 IAR Systems AB.            #
################################################################################





                ****************************************
                *                                      *
                *           CROSS REFERENCE            *
                *                                      *
                ****************************************

       Program entry at :           6258  Relocatable, from module : ?cstart




                ****************************************
                *                                      *
                *            RUNTIME MODEL             *
                *                                      *
                ****************************************

  __Heap_Handler             = Basic
  __SystemLibrary            = DLib
  __code_model               = large
  __core                     = 430X
  __data_model               = small
  __dlib_file_descriptor     = 0
  __dlib_full_locale_support = 0
  __double_size              = 32
  __pic                      = no
  __reg_r4                   = free
  __reg_r5                   = free
  __rt_version               = 3

                ****************************************
                *                                      *
                *    AUTOMATIC SYMBOL REDIRECTIONS     *
                *                                      *
                ****************************************

       All references to: _Printf
         were redirected to: _PrintfLargeNoMb



                ****************************************
                *                                      *
                *              MODULE MAP              *
                *                                      *
                ****************************************


  DEFINED ABSOLUTE ENTRIES
    *************************************************************************

  DEFINED ABSOLUTE ENTRIES
  PROGRAM MODULE, NAME : ?ABS_ENTRY_MOD

Absolute parts
           ENTRY                   ADDRESS         REF BY
           =====                   =======         ======
           _DATA20_HEAP_SIZE       0050 
           _DATA16_HEAP_SIZE       1F40 
           _STACK_SIZE             0FA0 
           __iar_HWMUL             04C0            ?Mul16to32sHw (?Mul16to32sHw)
                                                   ?Mul32fHw32 (?Mul32fHw32)
                                                   ETL::Read(unsigned long long, char *, int) (etl)
                                                   ETL::ReadDataPage(int, DataPage *) (etl)
                                                   ETL::Write(unsigned long long, char const *, int) (etl)
                                                   ETL::WriteDataPage(int, DataPage *) (etl)
                                                   Segment part 1 (?Mul8Hw)
           ?CPU30_OFFSET           0002 
    *************************************************************************

  FILE NAME : \\Mac\Home\work\ETL\Debug\Obj\adc10_a.r43
    *************************************************************************

  FILE NAME : \\Mac\Home\work\ETL\Debug\Obj\adc12_a.r43
    *************************************************************************

  FILE NAME : \\Mac\Home\work\ETL\Debug\Obj\aes.r43
    *************************************************************************

  FILE NAME : \\Mac\Home\work\ETL\Debug\Obj\battbak.r43
    *************************************************************************

  FILE NAME : \\Mac\Home\work\ETL\Debug\Obj\common.r43
  PROGRAM MODULE, NAME : common

  SEGMENTS IN THE MODULE
  ======================
DATA16_AN
  Relative segment, address: 021A - 021B (0x2 bytes), align: 0
  Segment part 1. ROOT        Intra module refs:   Restart_Init() (main)
           ENTRY                   ADDRESS         REF BY
           =====                   =======         ======
           _A_PAIE_L               021A 
           LOCAL                   ADDRESS         
           =====                   =======         
           PAIE                    021A 
           PAIE_H                  021B 
           PAIE_L                  021A 
    -------------------------------------------------------------------------
DATA16_AN
  Relative segment, address: 021C - 021D (0x2 bytes), align: 0
  Segment part 2. ROOT 
           ENTRY                   ADDRESS         REF BY
           =====                   =======         ======
           _A_PAIFG_L              021C 
           LOCAL                   ADDRESS         
           =====                   =======         
           PAIFG                   021C 
           PAIFG_H                 021D 
           PAIFG_L                 021C 
    -------------------------------------------------------------------------
DATA16_AN
  Relative segment, address: 024A - 024B (0x2 bytes), align: 0
  Segment part 3. ROOT        Intra module refs:   Clock_Init()
           ENTRY                   ADDRESS         REF BY
           =====                   =======         ======
           _A_PCSEL_L              024A 
           LOCAL                   ADDRESS         
           =====                   =======         
           PCSEL                   024A 
           PCSEL_H                 024B 
           PCSEL_L                 024A 
    -------------------------------------------------------------------------
DATA16_AN
  Relative segment, address: 0262 - 0263 (0x2 bytes), align: 0
  Segment part 4. ROOT        Intra module refs:   Clear_ExternWatchdog()
                                                   Restart_Init() (main)
                                                   TimerB_Init(unsigned int) (timer)
           ENTRY                   ADDRESS         REF BY
           =====                   =======         ======
           _A_PDOUT_L              0262 
           LOCAL                   ADDRESS         
           =====                   =======         
           PDOUT                   0262 
           PDOUT_H                 0263 
           PDOUT_L                 0262 
    -------------------------------------------------------------------------
DATA16_AN
  Relative segment, address: 026A - 026B (0x2 bytes), align: 0
  Segment part 5. ROOT        Intra module refs:   Clock_Init()
           ENTRY                   ADDRESS         REF BY
           =====                   =======         ======
           _A_PDSEL_L              026A 
           LOCAL                   ADDRESS         
           =====                   =======         
           PDSEL                   026A 
           PDSEL_H                 026B 
           PDSEL_L                 026A 
    -------------------------------------------------------------------------
DATA16_AN
  Relative segment, address: 0282 - 0283 (0x2 bytes), align: 0
  Segment part 6. ROOT        Intra module refs:   IIC_SCL_HIGH() (rtc)
                                                   IIC_SCL_LOW() (rtc)
                                                   IIC_SDA_HIGH() (rtc)
                                                   IIC_SDA_LOW() (rtc)
                                                   Max3222_Open()
                                                   Restart_Init() (main)
           ENTRY                   ADDRESS         REF BY
           =====                   =======         ======
           _A_PEOUT_L              0282 
           LOCAL                   ADDRESS         
           =====                   =======         
           PEOUT                   0282 
           PEOUT_H                 0283 
           PEOUT_L                 0282 
    -------------------------------------------------------------------------
DATA16_AN
  Relative segment, address: 0284 - 0285 (0x2 bytes), align: 0
  Segment part 7. ROOT        Intra module refs:   IIC_Ack() (rtc)
                                                   IIC_NAck() (rtc)
                                                   IIC_Read_Byte(unsigned char) (rtc)
                                                   IIC_Send_Byte(unsigned char) (rtc)
                                                   IIC_Start() (rtc)
                                                   IIC_Stop() (rtc)
                                                   IIC_Wait_Ack() (rtc)
                                                   Max3222_Open()
                                                   RTC_Open() (rtc)
                                                   Restart_Init() (main)
                                                   UART3_Open(int) (uart3)
           ENTRY                   ADDRESS         REF BY
           =====                   =======         ======
           _A_PEDIR_L              0284 
           LOCAL                   ADDRESS         
           =====                   =======         
           PEDIR                   0284 
           PEDIR_H                 0285 
           PEDIR_L                 0284 
    -------------------------------------------------------------------------
DATA16_AN
  Relative segment, address: 0120 - 0121 (0x2 bytes), align: 0
  Segment part 8. ROOT        Intra module refs:   Set_Vcore(unsigned int)
           ENTRY                   ADDRESS         REF BY
           =====                   =======         ======
           _A_PMMCTL0_L            0120 
           LOCAL                   ADDRESS         
           =====                   =======         
           PMMCTL0                 0120 
           PMMCTL0_H               0121 
           PMMCTL0_L               0120 
    -------------------------------------------------------------------------
DATA16_AN
  Relative segment, address: 0124 - 0125 (0x2 bytes), align: 0
  Segment part 9. ROOT        Intra module refs:   Set_Vcore(unsigned int)
           ENTRY                   ADDRESS         REF BY
           =====                   =======         ======
           _A_SVSMHCTL_L           0124 
           LOCAL                   ADDRESS         
           =====                   =======         
           SVSMHCTL                0124 
           SVSMHCTL_H              0125 
           SVSMHCTL_L              0124 
    -------------------------------------------------------------------------
DATA16_AN
  Relative segment, address: 0126 - 0127 (0x2 bytes), align: 0
  Segment part 10. ROOT       Intra module refs:   Set_Vcore(unsigned int)
           ENTRY                   ADDRESS         REF BY
           =====                   =======         ======
           _A_SVSMLCTL_L           0126 
           LOCAL                   ADDRESS         
           =====                   =======         
           SVSMLCTL                0126 
           SVSMLCTL_H              0127 
           SVSMLCTL_L              0126 
    -------------------------------------------------------------------------
DATA16_AN
  Relative segment, address: 012C - 012D (0x2 bytes), align: 0
  Segment part 11. ROOT       Intra module refs:   Set_Vcore(unsigned int)
           ENTRY                   ADDRESS         REF BY
           =====                   =======         ======
           _A_PMMIFG_L             012C 
           LOCAL                   ADDRESS         
           =====                   =======         
           PMMIFG                  012C 
           PMMIFG_H                012D 
           PMMIFG_L                012C 
    -------------------------------------------------------------------------
DATA16_AN
  Relative segment, address: 0102 - 0103 (0x2 bytes), align: 0
  Segment part 12. ROOT       Intra module refs:   Clock_ACLK_DIV(int)
                                                   Clock_Init()
                                                   Clock_SMCLK_DIV(int)
           ENTRY                   ADDRESS         REF BY
           =====                   =======         ======
           _A_SFRIFG1_L            0102 
           LOCAL                   ADDRESS         
           =====                   =======         
           SFRIFG1                 0102 
           SFRIFG1_H               0103 
           SFRIFG1_L               0102 
    -------------------------------------------------------------------------
DATA16_AN
  Relative segment, address: 0168 - 0169 (0x2 bytes), align: 0
  Segment part 13. ROOT       Intra module refs:   Clock_Init()
           ENTRY                   ADDRESS         REF BY
           =====                   =======         ======
           _A_UCSCTL4_L            0168 
           LOCAL                   ADDRESS         
           =====                   =======         
           UCSCTL4                 0168 
           UCSCTL4_H               0169 
           UCSCTL4_L               0168 
    -------------------------------------------------------------------------
DATA16_AN
  Relative segment, address: 016A - 016B (0x2 bytes), align: 0
  Segment part 14. ROOT       Intra module refs:   Clock_ACLK_DIV(int)
                                                   Clock_SMCLK_DIV(int)
           ENTRY                   ADDRESS         REF BY
           =====                   =======         ======
           _A_UCSCTL5_L            016A 
           LOCAL                   ADDRESS         
           =====                   =======         
           UCSCTL5                 016A 
           UCSCTL5_H               016B 
           UCSCTL5_L               016A 
    -------------------------------------------------------------------------
DATA16_AN
  Relative segment, address: 016C - 016D (0x2 bytes), align: 0
  Segment part 15. ROOT       Intra module refs:   Clock_Init()
           ENTRY                   ADDRESS         REF BY
           =====                   =======         ======
           _A_UCSCTL6_L            016C 
           LOCAL                   ADDRESS         
           =====                   =======         
           UCSCTL6                 016C 
           UCSCTL6_H               016D 
           UCSCTL6_L               016C 
    -------------------------------------------------------------------------
DATA16_AN
  Relative segment, address: 016E - 016F (0x2 bytes), align: 0
  Segment part 16. ROOT       Intra module refs:   Clock_Init()
           ENTRY                   ADDRESS         REF BY
           =====                   =======         ======
           _A_UCSCTL7_L            016E 
           LOCAL                   ADDRESS         
           =====                   =======         
           UCSCTL7                 016E 
           UCSCTL7_H               016F 
           UCSCTL7_L               016E 
    -------------------------------------------------------------------------
DATA16_AN
  Relative segment, address: 015C - 015D (0x2 bytes), align: 0
  Segment part 17. ROOT       Intra module refs:   Clock_Init()
                                                   WatchDog_Clear() (timer)
                                                   WatchDog_Init() (timer)
           ENTRY                   ADDRESS         REF BY
           =====                   =======         ======
           _A_WDTCTL_L             015C 
           LOCAL                   ADDRESS         
           =====                   =======         
           WDTCTL                  015C 
           WDTCTL_H                015D 
           WDTCTL_L                015C 
    -------------------------------------------------------------------------
DATA16_Z
  Relative segment, address: 1C02 - 1C03 (0x2 bytes), align: 1
  Segment part 36.            Intra module refs:   TraceFunctionLine(char const *, int)
                                                   TraceMsgFuncLine(char *, int, char const *, int)
                                                   TraceOpen()
           ENTRY                   ADDRESS         REF BY
           =====                   =======         ======
           trace_open              1C02 
    -------------------------------------------------------------------------
DATA16_Z
  Relative segment, address: 1C04 - 1C05 (0x2 bytes), align: 1
  Segment part 37.            Intra module refs:   System_Delayms(unsigned int)
           LOCAL                   ADDRESS         
           =====                   =======         
           s_clock                 1C04 
    -------------------------------------------------------------------------
DATA16_Z
  Relative segment, address: 1C06 - 1C07 (0x2 bytes), align: 1
  Segment part 38.            Intra module refs:   DownInt()
                                                   UpInt()
           LOCAL                   ADDRESS         
           =====                   =======         
           _int                    1C06 
    -------------------------------------------------------------------------
DATA16_Z
  Relative segment, address: 1C08 - 1C09 (0x2 bytes), align: 1
  Segment part 39.            Intra module refs:   Clear_ExternWatchdog()
           LOCAL                   ADDRESS         
           =====                   =======         
           s_reset_pin             1C08 
    -------------------------------------------------------------------------
<CODE> 1 (was CODE)
  Relative segment, address: B70E - B71B (0xe bytes), align: 1
  Segment part 40.
           ENTRY                   ADDRESS         REF BY
           =====                   =======         ======
           TraceOpen()             B70E            Main_Init() (main)
               calls direct
    -------------------------------------------------------------------------
<CODE> 1 (was CODE)
  Relative segment, address: B07C - B09B (0x20 bytes), align: 1
  Segment part 41.            Intra module refs:   TraceMsgFuncLine(char *, int, char const *, int)
           ENTRY                   ADDRESS         REF BY
           =====                   =======         ======
           TraceFunctionLine(char const *, int)
                                   B07C 
               calls direct
    -------------------------------------------------------------------------
<CODE> 1 (was CODE)
  Relative segment, address: AAD4 - AB05 (0x32 bytes), align: 1
  Segment part 43.
           ENTRY                   ADDRESS         REF BY
           =====                   =======         ======
           TraceMsgFuncLine(char *, int, char const *, int)
                                   AAD4            main (main)
               calls direct
    -------------------------------------------------------------------------
<CODE> 1 (was CODE)
  Relative segment, address: A92A - A961 (0x38 bytes), align: 1
  Segment part 51.            Intra module refs:   Clock_Init()
           ENTRY                   ADDRESS         REF BY
           =====                   =======         ======
           System_Delayms(unsigned int)
                                   A92A            I2C_STOP() (rom)
                                                   Led_Round() (led)
                                                   RTC_Open() (rtc)
                                                   UART3_Send(char *, int, int) (uart3)
                                                   main (main)
    -------------------------------------------------------------------------
<CODE> 1 (was CODE)
  Relative segment, address: B870 - B879 (0xa bytes), align: 1
  Segment part 53.
           ENTRY                   ADDRESS         REF BY
           =====                   =======         ======
           DownInt()               B870            ROM_ReadBytes_Page(unsigned long long, char *, int) (rom)
                                                   ROM_WriteBytes_Page_(unsigned long long, char const *, int) (rom)
                                                   RTC_Open() (rtc)
                                                   UART3_ClearBuffer() (uart3)
    -------------------------------------------------------------------------
<CODE> 1 (was CODE)
  Relative segment, address: B328 - B33F (0x18 bytes), align: 1
  Segment part 54.
           ENTRY                   ADDRESS         REF BY
           =====                   =======         ======
           UpInt()                 B328            ROM_ReadBytes_Page(unsigned long long, char *, int) (rom)
                                                   ROM_WriteBytes_Page_(unsigned long long, char const *, int) (rom)
                                                   RTC_Open() (rtc)
                                                   UART3_ClearBuffer() (uart3)
    -------------------------------------------------------------------------
<CODE> 1 (was CODE)
  Relative segment, address: B90A - B90F (0x6 bytes), align: 1
  Segment part 58.
           ENTRY                   ADDRESS         REF BY
           =====                   =======         ======
           EnInt()                 B90A            Main_Init() (main)
    -------------------------------------------------------------------------
<CODE> 1 (was CODE)
  Relative segment, address: B6F2 - B6FF (0xe bytes), align: 1
  Segment part 59.
           ENTRY                   ADDRESS         REF BY
           =====                   =======         ======
           Max3222_Open()          B6F2            main (main)
    -------------------------------------------------------------------------
<CODE> 1 (was CODE)
  Relative segment, address: 9AD8 - 9B3F (0x68 bytes), align: 1
  Segment part 62.            Intra module refs:   Clock_Init()
           ENTRY                   ADDRESS         REF BY
           =====                   =======         ======
           Clock_SMCLK_DIV(int)    9AD8 
    -------------------------------------------------------------------------
<CODE> 1 (was CODE)
  Relative segment, address: 9A70 - 9AD7 (0x68 bytes), align: 1
  Segment part 63.            Intra module refs:   Clock_Init()
           ENTRY                   ADDRESS         REF BY
           =====                   =======         ======
           Clock_ACLK_DIV(int)     9A70 
    -------------------------------------------------------------------------
<CODE> 1 (was CODE)
  Relative segment, address: 9EE6 - 9F3B (0x56 bytes), align: 1
  Segment part 64.            Intra module refs:   Clock_Init()
           ENTRY                   ADDRESS         REF BY
           =====                   =======         ======
           Set_Vcore(unsigned int)
                                   9EE6 
    -------------------------------------------------------------------------
<CODE> 1 (was CODE)
  Relative segment, address: 9CCC - 9D27 (0x5c bytes), align: 1
  Segment part 65.
           ENTRY                   ADDRESS         REF BY
           =====                   =======         ======
           Clock_Init()            9CCC            Restart_Init() (main)
               calls direct
    -------------------------------------------------------------------------
<CODE> 1 (was CODE)
  Relative segment, address: B442 - B457 (0x16 bytes), align: 1
  Segment part 72.
           ENTRY                   ADDRESS         REF BY
           =====                   =======         ======
           Utility_Strlen(char *)
                                   B442            Console_WriteString(char *) (Console)
                                                   Console_WriteStringln(char *) (Console)
    -------------------------------------------------------------------------
<CODE> 1 (was CODE)
  Relative segment, address: 9934 - 999F (0x6c bytes), align: 1
  Segment part 45.
           ENTRY                   ADDRESS         REF BY
           =====                   =======         ======
           Utility_UintToStr4(unsigned int, char *)
                                   9934            Console_WriteInt(int) (Console)
               calls direct
    -------------------------------------------------------------------------
<CODE> 1 (was CODE)
  Relative segment, address: B17A - B197 (0x1e bytes), align: 1
  Segment part 95.
           ENTRY                   ADDRESS         REF BY
           =====                   =======         ======
           Clear_ExternWatchdog()
                                   B17A            TIMERB1_ISR() (timer)
    -------------------------------------------------------------------------
DATA16_C
  Relative segment, address: 5C1C - 5C1D (0x2 bytes), align: 0
  Segment part 19.            Intra module refs:   TraceFunctionLine(char const *, int)

    *************************************************************************

  FILE NAME : \\Mac\Home\work\ETL\Debug\Obj\comp_b.r43
    *************************************************************************

  FILE NAME : \\Mac\Home\work\ETL\Debug\Obj\Console.r43
  PROGRAM MODULE, NAME : Console

  SEGMENTS IN THE MODULE
  ======================
<CODE> 1 (was CODE)
  Relative segment, address: BA60 - BA63 (0x4 bytes), align: 1
  Segment part 4.             Intra module refs:   DataPage::~DataPage() (dualpool)
                                                   ETL::InitialPhysicalPages() (etl)
                                                   ETL::ReadDataPage(int, DataPage *) (etl)
                                                   ETL::WriteDataPage(int, DataPage *) (etl)
                                                   Tool::SwapMemory(void *, void *, unsigned int) (tool)
           ENTRY                   ADDRESS         REF BY
           =====                   =======         ======
           free                    BA60 
               calls direct
    -------------------------------------------------------------------------
<CODE> 1 (was CODE)
  Relative segment, address: BA68 - BA6B (0x4 bytes), align: 1
  Segment part 5.             Intra module refs:   Tool::SwapMemory(void *, void *, unsigned int) (tool)
           ENTRY                   ADDRESS         REF BY
           =====                   =======         ======
           malloc                  BA68 
               calls direct
    -------------------------------------------------------------------------
<CODE> 1 (was CODE)
  Relative segment, address: B83E - B847 (0xa bytes), align: 1
  Segment part 6.
           ENTRY                   ADDRESS         REF BY
           =====                   =======         ======
           Console_Open()          B83E            Restart_Init() (main)
                                                   TraceOpen() (common)
               calls direct
    -------------------------------------------------------------------------
<CODE> 1 (was CODE)
  Relative segment, address: B8D4 - B8DB (0x8 bytes), align: 1
  Segment part 7.
           ENTRY                   ADDRESS         REF BY
           =====                   =======         ======
           Console_Close()         B8D4            TraceOpen() (common)
               calls direct
    -------------------------------------------------------------------------
<CODE> 1 (was CODE)
  Relative segment, address: AED0 - AEF3 (0x24 bytes), align: 1
  Segment part 11.
           ENTRY                   ADDRESS         REF BY
           =====                   =======         ======
           Console_WriteString(char *)
                                   AED0            TraceFunctionLine(char const *, int) (common)
                                                   TraceMsgFuncLine(char *, int, char const *, int) (common)
               calls direct
    -------------------------------------------------------------------------
<CODE> 1 (was CODE)
  Relative segment, address: AF84 - AFA7 (0x24 bytes), align: 1
  Segment part 9.
           ENTRY                   ADDRESS         REF BY
           =====                   =======         ======
           Console_WriteStringln(char *)
                                   AF84            TraceMsgFuncLine(char *, int, char const *, int) (common)
               calls direct
    -------------------------------------------------------------------------
<CODE> 1 (was CODE)
  Relative segment, address: B484 - B497 (0x14 bytes), align: 1
  Segment part 8.             Intra module refs:   Console_WriteInt(int)
           ENTRY                   ADDRESS         REF BY
           =====                   =======         ======
           Console_WriteBytesln(char *, int)
                                   B484 
               calls direct
    -------------------------------------------------------------------------
<CODE> 1 (was CODE)
  Relative segment, address: B2A6 - B2BF (0x1a bytes), align: 1
  Segment part 13.
           ENTRY                   ADDRESS         REF BY
           =====                   =======         ======
           Console_WriteInt(int)   B2A6            TraceFunctionLine(char const *, int) (common)
               calls direct

    *************************************************************************

  FILE NAME : \\Mac\Home\work\ETL\Debug\Obj\crc.r43
    *************************************************************************

  FILE NAME : \\Mac\Home\work\ETL\Debug\Obj\cstartup.r43
  LIBRARY MODULE, NAME : ?cstart

Absolute parts
           LOCAL                   ADDRESS         
           =====                   =======         
           __MSP430F5212__         0000 
  SEGMENTS IN THE MODULE
  ======================
CSTACK
  Relative segment, address: 4C60, align: 1
  Segment part 1.
    -------------------------------------------------------------------------
DATA16_Z
  Relative segment, address: 1C0A, align: 1
  Segment part 2.
    -------------------------------------------------------------------------
DATA16_I
  Relative segment, address: 1C00, align: 1
  Segment part 3.
    -------------------------------------------------------------------------
DATA16_ID
  Relative segment, address: 6256, align: 1
  Segment part 4.
    -------------------------------------------------------------------------
CODE_I
  Relative segment, address: 4452, align: 1
  Segment part 5.
    -------------------------------------------------------------------------
CODE_ID
  Relative segment, address: BABE, align: 1
  Segment part 6.
    -------------------------------------------------------------------------
DATA20_Z
  Relative segment, address: 4452, align: 1
  Segment part 7.
    -------------------------------------------------------------------------
DATA20_I
  Relative segment, address: 4452, align: 1
  Segment part 8.
    -------------------------------------------------------------------------
DATA20_ID
  Relative segment, address: BABE, align: 1
  Segment part 9.
    -------------------------------------------------------------------------
DATA20_C
  Relative segment, address: BABE, align: 1
  Segment part 10.
    -------------------------------------------------------------------------
DATA20_N
  Relative segment, address: 4452, align: 1
  Segment part 12.
    -------------------------------------------------------------------------
CSTART
  Relative segment, address: 6258 - 6261 (0xa bytes), align: 1
  Segment part 15.
           ENTRY                   ADDRESS         REF BY
           =====                   =======         ======
           __program_start         6258            ?reset_vector (?reset_vector)
                                                   Absolute parts (?ABS_ENTRY_MOD)
           ?cstart_begin           6258 
    -------------------------------------------------------------------------
CSTART
  Relative segment, address: 6262 - 626D (0xc bytes), align: 1
  Segment part 20.
           ENTRY                   ADDRESS         REF BY
           =====                   =======         ======
           ?cstart_init_zero       6262            GetCharSelBitCnt(char)::dict (tool)
                                                   GetCharSelBitCnt(char)::static guard for dict (tool)
                                                   IsGetInput (uart0)
                                                   Is_RS485_1 (main)
                                                   Is_uart1_RX_INT (main)
                                                   Is_uart3_RX_INT (uart3)
                                                   Segment part 2 (?xgetmemchunk)
                                                   UART0_Rx_BufLen (uart0)
                                                   UART0_Rx_Buffer (uart0)
                                                   UART0_Rx_INTIndex (uart0)
                                                   UART0_Rx_INTLen (uart0)
                                                   UART1_Rx_BufLen (uart1)
                                                   UART1_Rx_Buffer (uart1)
                                                   UART1_Rx_INTIndex (uart1)
                                                   UART1_Rx_INTLen (uart1)
                                                   UART3_Rx_BufLen (uart3)
                                                   UART3_Rx_Buffer (uart3)
                                                   UART3_Rx_INTIndex (uart3)
                                                   UART3_Rx_INTLen (uart3)
                                                   UART3_Rx_RecvIndex (uart3)
                                                   UART3_Tx_Buf (uart3)
                                                   UART3_Tx_Flag (uart3)
                                                   UART3_Tx_Len (uart3)
                                                   __data16_Aldata (?xxmemxmalloc)
                                                   __iar_New_hand (?new)
                                                   _int (common)
                                                   etl (etltest)
                                                   s_ClockTicks (timer)
                                                   s_clock (common)
                                                   s_reset_count (timer)
                                                   s_reset_pin (common)
                                                   s_uart1_type (uart1)
                                                   s_uart3_type (uart3)
                                                   trace_open (common)
    -------------------------------------------------------------------------
CSTART
  Relative segment, address: 626E - 627D (0x10 bytes), align: 1
  Segment part 21.
           ENTRY                   ADDRESS         REF BY
           =====                   =======         ======
           ?cstart_init_copy       626E            Opened (main)
    -------------------------------------------------------------------------
CSTART
  Relative segment, address: 627E - 6285 (0x8 bytes), align: 1
  Segment part 27.            Intra module refs:   Segment part 15
           ENTRY                   ADDRESS         REF BY
           =====                   =======         ======
           ?cstart_call_main       627E 
           ?cstart_end             6286 
    -------------------------------------------------------------------------
CODE_ID
  Relative segment, address: BABE, align: 1
  Segment part 28.            Intra module refs:   Segment part 5

    -------------------------------------------------------------------------
  LIBRARY MODULE, NAME : ?reset_vector

  SEGMENTS IN THE MODULE
  ======================
RESET
  Relative segment, address: FFFE - FFFF (0x2 bytes), align: 1
  Segment part 0.
           ENTRY                   ADDRESS         REF BY
           =====                   =======         ======
           ?reset_vector           FFFE            Segment part 15 (?cstart)

    *************************************************************************

  FILE NAME : \\Mac\Home\work\ETL\Debug\Obj\ctsd16.r43
    *************************************************************************

  FILE NAME : \\Mac\Home\work\ETL\Debug\Obj\dac12_a.r43
    *************************************************************************

  FILE NAME : \\Mac\Home\work\ETL\Debug\Obj\datapage.r43
    *************************************************************************

  FILE NAME : \\Mac\Home\work\ETL\Debug\Obj\debug.r43
    *************************************************************************

  FILE NAME : \\Mac\Home\work\ETL\Debug\Obj\dma.r43
    *************************************************************************

  FILE NAME : \\Mac\Home\work\ETL\Debug\Obj\dualpool.r43
  PROGRAM MODULE, NAME : dualpool

  SEGMENTS IN THE MODULE
  ======================
<CODE> 1 (was CODE)
  Relative segment, address: BA80 - BA83 (0x4 bytes), align: 1
  Segment part 87.            Intra module refs:   DataPage::DataPage(int)
                                                   ETL::InitialPhysicalPages() (etl)
                                                   ETL::ReadDataPage(int, DataPage *) (etl)
                                                   ETL::WriteDataPage(int, DataPage *) (etl)
                                                   TestHotPageToColdPage(unsigned int) (etltest)
           ENTRY                   ADDRESS         REF BY
           =====                   =======         ======
           calloc                  BA80 
               calls direct
    -------------------------------------------------------------------------
<CODE> 1 (was CODE)
  Relative segment, address: AB6A - AB99 (0x30 bytes), align: 1
  Segment part 88.            Intra module refs:   DualPool::GetSonOfOldPage(PageCycle *, enum PoolIdentify, bool, bool)
                                                   DualPool::InitialPoolBorder()
                                                   DualPool::PrintPoolInfo(enum PoolIdentify)
                                                   ETL::ColdPoolResize() (etl)
                                                   ETL::DirtySwap() (etl)
                                                   ETL::HotPoolResize() (etl)
                                                   ETL::InitLpnToPpnTable() (etl)
                                                   ETL::InitialDualpool() (etl)
                                                   ETL::InitialPhysicalPages() (etl)
                                                   ETL::Read(unsigned long long, char *, int) (etl)
                                                   ETL::Write(unsigned long long, char const *, int) (etl)
                                                   TestHotPageToColdPage(unsigned int) (etltest)
           ENTRY                   ADDRESS         REF BY
           =====                   =======         ======
           DataPage::DataPage(int)
                                   AB6A 
               calls direct
    -------------------------------------------------------------------------
<CODE> 1 (was CODE)
  Relative segment, address: B5F8 - B607 (0x10 bytes), align: 1
  Segment part 89.            Intra module refs:   DualPool::GetSonOfOldPage(PageCycle *, enum PoolIdentify, bool, bool)
                                                   DualPool::InitialPoolBorder()
                                                   DualPool::PrintPoolInfo(enum PoolIdentify)
                                                   ETL::ColdPoolResize() (etl)
                                                   ETL::DirtySwap() (etl)
                                                   ETL::HotPoolResize() (etl)
                                                   ETL::InitLpnToPpnTable() (etl)
                                                   ETL::InitialPhysicalPages() (etl)
                                                   ETL::Read(unsigned long long, char *, int) (etl)
                                                   ETL::Write(unsigned long long, char const *, int) (etl)
                                                   TestHotPageToColdPage(unsigned int) (etltest)
           ENTRY                   ADDRESS         REF BY
           =====                   =======         ======
           DataPage::~DataPage()   B5F8 
               calls direct
    -------------------------------------------------------------------------
<CODE> 1 (was CODE)
  Relative segment, address: BAA2 - BAA3 (0x2 bytes), align: 1
  Segment part 55.            Intra module refs:   _Vector_impl<unsigned char, allocator<unsigned char>>::_Make_room(unsigned char *, unsigned int)
                                                   _Vector_impl<unsigned char, allocator<unsigned char>>::_Ucopy(unsigned char const *, unsigned char const *, unsigned char *)
                                                   _Vector_impl<unsigned char, allocator<unsigned char>>::_Ufill(unsigned char *, unsigned int, unsigned char)
                                                   _Vector_impl<unsigned short, allocator<unsigned short>>::_Make_room(unsigned short *, unsigned int) (tool)
                                                   _Vector_impl<unsigned short, allocator<unsigned short>>::_Ucopy(unsigned short const *, unsigned short const *, unsigned short *) (tool)
                                                   _Vector_impl<unsigned short, allocator<unsigned short>>::_Ufill(unsigned short *, unsigned int, unsigned short) (tool)
           ENTRY                   ADDRESS         REF BY
           =====                   =======         ======
           _ClassUtil::_AllocHolder<><_Alloc, false>[with _Alloc=allocator<void>]::_Alval()
                                   BAA2 
    -------------------------------------------------------------------------
<CODE> 1 (was CODE)
  Relative segment, address: BAA6 - BAA7 (0x2 bytes), align: 1
  Segment part 65.            Intra module refs:   _Tree<_Tmap_traits<unsigned int, unsigned int, less<unsigned int>, allocator<pair<unsigned int const, unsigned int>>, 0>>::_Alnod() const (etl)
                                                   _Vector_impl<unsigned char, allocator<unsigned char>>::_Altyval() const
                                                   _Vector_impl<unsigned short, allocator<unsigned short>>::_Altyval() const (tool)
           ENTRY                   ADDRESS         REF BY
           =====                   =======         ======
           _ClassUtil::_AllocHolder<><_Alloc, false>[with _Alloc=allocator<void>]::_Alval() const
                                   BAA6 
    -------------------------------------------------------------------------
<CODE> 1 (was CODE)
  Relative segment, address: B370 - B387 (0x18 bytes), align: 1
  Segment part 43.            Intra module refs:   _Ty *_Copy_opt(_Ty const *, _Ty const *, _Ty *)[with _Ty=unsigned char]
           ENTRY                   ADDRESS         REF BY
           =====                   =======         ======
           _Copier<><_Ty, true>[with _Ty=unsigned char]::_Copy(unsigned char const *, unsigned char const *, unsigned char *)
                                   B370 
               calls direct
    -------------------------------------------------------------------------
<CODE> 1 (was CODE)
  Relative segment, address: BA50 - BA53 (0x4 bytes), align: 1
  Segment part 44.            Intra module refs:   _Ty1 *_Copy_opt(_Ty1 *, _Ty1 *, _Ty1 *)[with _Ty1=unsigned char]
           ENTRY                   ADDRESS         REF BY
           =====                   =======         ======
           _Ty *_Copy_opt(_Ty const *, _Ty const *, _Ty *)[with _Ty=unsigned char]
                                   BA50 
               calls direct
    -------------------------------------------------------------------------
<CODE> 1 (was CODE)
  Relative segment, address: BA4C - BA4F (0x4 bytes), align: 1
  Segment part 45.            Intra module refs:   _OutIt copy(_InIt, _InIt, _OutIt)[with _InIt=unsigned char *, _OutIt=unsigned char *]
           ENTRY                   ADDRESS         REF BY
           =====                   =======         ======
           _Ty1 *_Copy_opt(_Ty1 *, _Ty1 *, _Ty1 *)[with _Ty1=unsigned char]
                                   BA4C 
               calls direct
    -------------------------------------------------------------------------
<CODE> 1 (was CODE)
  Relative segment, address: BA3C - BA3F (0x4 bytes), align: 1
  Segment part 46.            Intra module refs:   _Vector_impl<unsigned char, allocator<unsigned char>>::_Erase(unsigned char *, unsigned char *)
           ENTRY                   ADDRESS         REF BY
           =====                   =======         ======
           _OutIt copy(_InIt, _InIt, _OutIt)[with _InIt=unsigned char *, _OutIt=unsigned char *]
                                   BA3C 
               calls direct
    -------------------------------------------------------------------------
<CODE> 1 (was CODE)
  Relative segment, address: B388 - B39F (0x18 bytes), align: 1
  Segment part 57.            Intra module refs:   _Ty *_Copy_backward_opt(_Ty const *, _Ty const *, _Ty *)[with _Ty=unsigned char]
           ENTRY                   ADDRESS         REF BY
           =====                   =======         ======
           _Backward_copier<><_Ty, true>[with _Ty=unsigned char]::_Copy(unsigned char const *, unsigned char const *, unsigned char *)
                                   B388 
               calls direct
    -------------------------------------------------------------------------
<CODE> 1 (was CODE)
  Relative segment, address: BA34 - BA37 (0x4 bytes), align: 1
  Segment part 58.            Intra module refs:   _Ty1 *_Copy_backward_opt(_Ty1 *, _Ty1 *, _Ty1 *)[with _Ty1=unsigned char]
           ENTRY                   ADDRESS         REF BY
           =====                   =======         ======
           _Ty *_Copy_backward_opt(_Ty const *, _Ty const *, _Ty *)[with _Ty=unsigned char]
                                   BA34 
               calls direct
    -------------------------------------------------------------------------
<CODE> 1 (was CODE)
  Relative segment, address: BA30 - BA33 (0x4 bytes), align: 1
  Segment part 59.            Intra module refs:   _BidIt2 copy_backward(_BidIt1, _BidIt1, _BidIt2)[with _BidIt1=unsigned char *, _BidIt2=unsigned char *]
           ENTRY                   ADDRESS         REF BY
           =====                   =======         ======
           _Ty1 *_Copy_backward_opt(_Ty1 *, _Ty1 *, _Ty1 *)[with _Ty1=unsigned char]
                                   BA30 
               calls direct
    -------------------------------------------------------------------------
<CODE> 1 (was CODE)
  Relative segment, address: BA28 - BA2B (0x4 bytes), align: 1
  Segment part 60.            Intra module refs:   _Vector_impl<unsigned char, allocator<unsigned char>>::_Make_room(unsigned char *, unsigned int)
           ENTRY                   ADDRESS         REF BY
           =====                   =======         ======
           _BidIt2 copy_backward(_BidIt1, _BidIt1, _BidIt2)[with _BidIt1=unsigned char *, _BidIt2=unsigned char *]
                                   BA28 
               calls direct
    -------------------------------------------------------------------------
<CODE> 1 (was CODE)
  Relative segment, address: BA24 - BA27 (0x4 bytes), align: 1
  Segment part 90.            Intra module refs:   allocator<_Tree_nod<_Tmap_traits<unsigned int, unsigned int, less<unsigned int>, allocator<pair<unsigned int const, unsigned int>>, 0>>::_Node>::allocate(unsigned int) (etl)
                                                   allocator<unsigned char>::allocate(unsigned int)
                                                   allocator<unsigned short>::allocate(unsigned int) (tool)
           ENTRY                   ADDRESS         REF BY
           =====                   =======         ======
           _Allocator<void>::allocate(unsigned int)
                                   BA24 
               calls direct
    -------------------------------------------------------------------------
<CODE> 1 (was CODE)
  Relative segment, address: BA14 - BA17 (0x4 bytes), align: 1
  Segment part 61.            Intra module refs:   allocator<unsigned char>::deallocate(unsigned char *, unsigned int)
                                                   allocator<unsigned short>::deallocate(unsigned short *, unsigned int) (tool)
           ENTRY                   ADDRESS         REF BY
           =====                   =======         ======
           _Allocator<void>::deallocate(void *)
                                   BA14 
               calls direct
    -------------------------------------------------------------------------
<CODE> 1 (was CODE)
  Relative segment, address: BAAE - BAAF (0x2 bytes), align: 1
  Segment part 54.            Intra module refs:   _Vector_impl<unsigned char, allocator<unsigned char>>::_Altyval() const
                                                   _Vector_impl<unsigned char, allocator<unsigned char>>::_Make_room(unsigned char *, unsigned int)
                                                   _Vector_impl<unsigned char, allocator<unsigned char>>::_Ucopy(unsigned char const *, unsigned char const *, unsigned char *)
                                                   _Vector_impl<unsigned char, allocator<unsigned char>>::_Ufill(unsigned char *, unsigned int, unsigned char)
           ENTRY                   ADDRESS         REF BY
           =====                   =======         ======
           void allocator<unsigned char>::allocator(allocator<_Other> const &)[with _Other=void]
                                   BAAE 
    -------------------------------------------------------------------------
<CODE> 1 (was CODE)
  Relative segment, address: B970 - B975 (0x6 bytes), align: 1
  Segment part 62.            Intra module refs:   _Vector_impl<unsigned char, allocator<unsigned char>>::_Tidy0()
           ENTRY                   ADDRESS         REF BY
           =====                   =======         ======
           allocator<unsigned char>::deallocate(unsigned char *, unsigned int)
                                   B970 
               calls direct
    -------------------------------------------------------------------------
<CODE> 1 (was CODE)
  Relative segment, address: B976 - B97B (0x6 bytes), align: 1
  Segment part 74.            Intra module refs:   _Vector_impl<unsigned char, allocator<unsigned char>>::_Make_room(unsigned char *, unsigned int)
           ENTRY                   ADDRESS         REF BY
           =====                   =======         ======
           allocator<unsigned char>::allocate(unsigned int)
                                   B976 
               calls direct
    -------------------------------------------------------------------------
<CODE> 1 (was CODE)
  Relative segment, address: B848 - B851 (0xa bytes), align: 1
  Segment part 91.            Intra module refs:   _Vector_impl<unsigned char, allocator<unsigned char>>::_Make_room(unsigned char *, unsigned int)
           ENTRY                   ADDRESS         REF BY
           =====                   =======         ======
           allocator<unsigned char>::max_size() const
                                   B848 
    -------------------------------------------------------------------------
<CODE> 1 (was CODE)
  Relative segment, address: B3D0 - B3E7 (0x18 bytes), align: 1
  Segment part 92.            Intra module refs:   _Uninit_copier<><_Ty, true>[with _Ty=unsigned char]::_Copy(unsigned char const *, unsigned char const *, unsigned char *)
           ENTRY                   ADDRESS         REF BY
           =====                   =======         ======
           _Uninit_copy(char const *, char const *, char *)
                                   B3D0 
               calls direct
    -------------------------------------------------------------------------
<CODE> 1 (was CODE)
  Relative segment, address: B9E0 - B9E3 (0x4 bytes), align: 1
  Segment part 69.            Intra module refs:   _Ty *_Uninit_copy(_Ty const *, _Ty const *, _Ty *)[with _Ty=unsigned char]
           ENTRY                   ADDRESS         REF BY
           =====                   =======         ======
           _Uninit_copier<><_Ty, true>[with _Ty=unsigned char]::_Copy(unsigned char const *, unsigned char const *, unsigned char *)
                                   B9E0 
               calls direct
    -------------------------------------------------------------------------
<CODE> 1 (was CODE)
  Relative segment, address: B9DC - B9DF (0x4 bytes), align: 1
  Segment part 70.            Intra module refs:   _FwdIt _Uninit_copy(_InIt, _InIt, _FwdIt, _Alloc &)[with _InIt=unsigned char const *, _FwdIt=unsigned char *, _Alloc=allocator<unsigned char>]
           ENTRY                   ADDRESS         REF BY
           =====                   =======         ======
           _Ty *_Uninit_copy(_Ty const *, _Ty const *, _Ty *)[with _Ty=unsigned char]
                                   B9DC 
               calls direct
    -------------------------------------------------------------------------
<CODE> 1 (was CODE)
  Relative segment, address: B9D0 - B9D3 (0x4 bytes), align: 1
  Segment part 71.            Intra module refs:   _FwdIt _Uninitialized_copy(_InIt, _InIt, _FwdIt, _Alloc &)[with _InIt=unsigned char const *, _FwdIt=unsigned char *, _Alloc=allocator<unsigned char>]
           ENTRY                   ADDRESS         REF BY
           =====                   =======         ======
           _FwdIt _Uninit_copy(_InIt, _InIt, _FwdIt, _Alloc &)[with _InIt=unsigned char const *, _FwdIt=unsigned char *, _Alloc=allocator<unsigned char>]
                                   B9D0 
               calls direct
    -------------------------------------------------------------------------
<CODE> 1 (was CODE)
  Relative segment, address: B9CC - B9CF (0x4 bytes), align: 1
  Segment part 72.            Intra module refs:   _Vector_impl<unsigned char, allocator<unsigned char>>::_Ucopy(unsigned char const *, unsigned char const *, unsigned char *)
           ENTRY                   ADDRESS         REF BY
           =====                   =======         ======
           _FwdIt _Uninitialized_copy(_InIt, _InIt, _FwdIt, _Alloc &)[with _InIt=unsigned char const *, _FwdIt=unsigned char *, _Alloc=allocator<unsigned char>]
                                   B9CC 
               calls direct
    -------------------------------------------------------------------------
<CODE> 1 (was CODE)
  Relative segment, address: B5B8 - B5C7 (0x10 bytes), align: 1
  Segment part 53.            Intra module refs:   _Vector_impl<unsigned char, allocator<unsigned char>>::_Ufill(unsigned char *, unsigned int, unsigned char)
           ENTRY                   ADDRESS         REF BY
           =====                   =======         ======
           void _Uninitialized_fill_n(_FwdIt, _Diff, _Tval const &, _Alloc &)[with _FwdIt=unsigned char *, _Diff=unsigned int, _Tval=unsigned char, _Alloc=allocator<unsigned char>]
                                   B5B8 
    -------------------------------------------------------------------------
<CODE> 1 (was CODE)
  Relative segment, address: B7A8 - B7B5 (0xe bytes), align: 1
  Segment part 10.            Intra module refs:   vector<char>::vector()
                                                   vector<int>::vector() (tool)
           ENTRY                   ADDRESS         REF BY
           =====                   =======         ======
           _Vector_value<allocator<void>>::_Zero()
                                   B7A8 
    -------------------------------------------------------------------------
<CODE> 1 (was CODE)
  Relative segment, address: B9C8 - B9CB (0x4 bytes), align: 1
  Segment part 93.            Intra module refs:   _Vector_impl<unsigned short, allocator<unsigned short>>::_Insert0(unsigned short *, unsigned short) (tool)
                                                   _Vector_value<allocator<void>>::_Bcapacity() const
                                                   _Vector_value<allocator<void>>::_Bsize() const
           ENTRY                   ADDRESS         REF BY
           =====                   =======         ======
           _Vector_value<allocator<void>>::_Bfirst() const
                                   B9C8 
    -------------------------------------------------------------------------
<CODE> 1 (was CODE)
  Relative segment, address: B994 - B999 (0x6 bytes), align: 1
  Segment part 94.            Intra module refs:   _Vector_value<allocator<void>>::_Bsize() const
           ENTRY                   ADDRESS         REF BY
           =====                   =======         ======
           _Vector_value<allocator<void>>::_Blast() const
                                   B994 
    -------------------------------------------------------------------------
<CODE> 1 (was CODE)
  Relative segment, address: B98E - B993 (0x6 bytes), align: 1
  Segment part 95.            Intra module refs:   _Vector_value<allocator<void>>::_Bcapacity() const
           ENTRY                   ADDRESS         REF BY
           =====                   =======         ======
           _Vector_value<allocator<void>>::_Bend() const
                                   B98E 
    -------------------------------------------------------------------------
<CODE> 1 (was CODE)
  Relative segment, address: B224 - B23D (0x1a bytes), align: 1
  Segment part 96.            Intra module refs:   _Vector_value<_Alloc>::size_type _Vector_value<_Alloc>::_Size<_Sz>() const[with _Alloc=allocator<void>, _Sz=1]
                                                   _Vector_value<_Alloc>::size_type _Vector_value<_Alloc>::_Size<_Sz>() const[with _Alloc=allocator<void>, _Sz=2] (tool)
           ENTRY                   ADDRESS         REF BY
           =====                   =======         ======
           _Vector_value<allocator<void>>::_Bsize() const
                                   B224 
               calls direct
    -------------------------------------------------------------------------
<CODE> 1 (was CODE)
  Relative segment, address: B23E - B257 (0x1a bytes), align: 1
  Segment part 97.            Intra module refs:   _Vector_value<_Alloc>::size_type _Vector_value<_Alloc>::_Capacity<_Sz>() const[with _Alloc=allocator<void>, _Sz=1]
                                                   _Vector_value<_Alloc>::size_type _Vector_value<_Alloc>::_Capacity<_Sz>() const[with _Alloc=allocator<void>, _Sz=2] (tool)
           ENTRY                   ADDRESS         REF BY
           =====                   =======         ======
           _Vector_value<allocator<void>>::_Bcapacity() const
                                   B23E 
               calls direct
    -------------------------------------------------------------------------
<CODE> 1 (was CODE)
  Relative segment, address: B884 - B88D (0xa bytes), align: 1
  Segment part 78.            Intra module refs:   _Vector_impl<unsigned char, allocator<unsigned char>>::capacity() const
           ENTRY                   ADDRESS         REF BY
           =====                   =======         ======
           _Vector_value<_Alloc>::size_type _Vector_value<_Alloc>::_Capacity<_Sz>() const[with _Alloc=allocator<void>, _Sz=1]
                                   B884 
               calls direct
    -------------------------------------------------------------------------
<CODE> 1 (was CODE)
  Relative segment, address: B88E - B897 (0xa bytes), align: 1
  Segment part 76.            Intra module refs:   _Vector_impl<unsigned char, allocator<unsigned char>>::size() const
                                                   vector<char>::size() const
           ENTRY                   ADDRESS         REF BY
           =====                   =======         ======
           _Vector_value<_Alloc>::size_type _Vector_value<_Alloc>::_Size<_Sz>() const[with _Alloc=allocator<void>, _Sz=1]
                                   B88E 
               calls direct
    -------------------------------------------------------------------------
<CODE> 1 (was CODE)
  Relative segment, address: BAAC - BAAD (0x2 bytes), align: 1
  Segment part 75.            Intra module refs:   _Vector_impl<unsigned char, allocator<unsigned char>>::_Make_room(unsigned char *, unsigned int)
                                                   _Vector_impl<unsigned short, allocator<unsigned short>>::_Make_room(unsigned short *, unsigned int) (tool)
           ENTRY                   ADDRESS         REF BY
           =====                   =======         ======
           _Vector_value<allocator<void>>::_Xlen() const
                                   BAAC 
    -------------------------------------------------------------------------
<CODE> 1 (was CODE)
  Relative segment, address: B28C - B2A5 (0x1a bytes), align: 1
  Segment part 66.            Intra module refs:   _Vector_impl<unsigned char, allocator<unsigned char>>::_Tidy0()
           ENTRY                   ADDRESS         REF BY
           =====                   =======         ======
           _Vector_impl<unsigned char, allocator<unsigned char>>::_Altyval() const
                                   B28C 
               calls direct
    -------------------------------------------------------------------------
<CODE> 1 (was CODE)
  Relative segment, address: AF3C - AF5F (0x24 bytes), align: 1
  Segment part 67.            Intra module refs:   _Vector_impl<unsigned char, allocator<unsigned char>>::_Tidy0()
           ENTRY                   ADDRESS         REF BY
           =====                   =======         ======
           _Vector_impl<unsigned char, allocator<unsigned char>>::_EraseAll()
                                   AF3C 
               calls direct
    -------------------------------------------------------------------------
<CODE> 1 (was CODE)
  Relative segment, address: A44A - A48B (0x42 bytes), align: 1
  Segment part 68.            Intra module refs:   _Vector_impl<unsigned char, allocator<unsigned char>>::_Make_room(unsigned char *, unsigned int)
           ENTRY                   ADDRESS         REF BY
           =====                   =======         ======
           _Vector_impl<unsigned char, allocator<unsigned char>>::_Tidy0()
                                   A44A 
               calls direct
    -------------------------------------------------------------------------
<CODE> 1 (was CODE)
  Relative segment, address: BA9E - BA9F (0x2 bytes), align: 1
  Segment part 42.            Intra module refs:   _Vector_impl<unsigned char, allocator<unsigned char>>::_Erase(unsigned char *, unsigned char *)
                                                   _Vector_impl<unsigned char, allocator<unsigned char>>::_EraseAll()
           ENTRY                   ADDRESS         REF BY
           =====                   =======         ======
           _Vector_impl<unsigned char, allocator<unsigned char>>::_Destroy(unsigned char *, unsigned char *)
                                   BA9E 
    -------------------------------------------------------------------------
<CODE> 1 (was CODE)
  Relative segment, address: B940 - B945 (0x6 bytes), align: 1
  Segment part 82.            Intra module refs:   vector<char>::_Append(unsigned int, char)
           ENTRY                   ADDRESS         REF BY
           =====                   =======         ======
           void _Vector_impl<_Ty, _Alloc>::_Insert_n(_Vector_impl<_Ty, _Alloc>::pointer, _Vector_impl<_Ty, _Alloc>::size_type, _Ty1 const &)[with _Ty=unsigned char, _Alloc=allocator<unsigned char>, _Ty1=char]
                                   B940 
               calls direct
    -------------------------------------------------------------------------
<CODE> 1 (was CODE)
  Relative segment, address: A84A - A881 (0x38 bytes), align: 1
  Segment part 48.            Intra module refs:   vector<char>::erase(char *, char *)
           ENTRY                   ADDRESS         REF BY
           =====                   =======         ======
           _Vector_impl<unsigned char, allocator<unsigned char>>::_Erase(unsigned char *, unsigned char *)
                                   A84A 
               calls direct
    -------------------------------------------------------------------------
<CODE> 1 (was CODE)
  Relative segment, address: B9F4 - B9F7 (0x4 bytes), align: 1
  Segment part 63.            Intra module refs:   _Vector_impl<unsigned char, allocator<unsigned char>>::_EraseAll()
                                                   _Vector_impl<unsigned char, allocator<unsigned char>>::_Make_room(unsigned char *, unsigned int)
                                                   _Vector_impl<unsigned char, allocator<unsigned char>>::_Tidy0()
           ENTRY                   ADDRESS         REF BY
           =====                   =======         ======
           _Vector_impl<unsigned char, allocator<unsigned char>>::_Mytyfirst() const
                                   B9F4 
    -------------------------------------------------------------------------
<CODE> 1 (was CODE)
  Relative segment, address: B9A6 - B9AB (0x6 bytes), align: 1
  Segment part 47.            Intra module refs:   _Vector_impl<unsigned char, allocator<unsigned char>>::_Erase(unsigned char *, unsigned char *)
                                                   _Vector_impl<unsigned char, allocator<unsigned char>>::_EraseAll()
                                                   _Vector_impl<unsigned char, allocator<unsigned char>>::_Make_room(unsigned char *, unsigned int)
                                                   vector<char>::_Append(unsigned int, char)
           ENTRY                   ADDRESS         REF BY
           =====                   =======         ======
           _Vector_impl<unsigned char, allocator<unsigned char>>::_Mytylast() const
                                   B9A6 
    -------------------------------------------------------------------------
<CODE> 1 (was CODE)
  Relative segment, address: B99A - B99F (0x6 bytes), align: 1
  Segment part 64.            Intra module refs:   _Vector_impl<unsigned char, allocator<unsigned char>>::_Tidy0()
           ENTRY                   ADDRESS         REF BY
           =====                   =======         ======
           _Vector_impl<unsigned char, allocator<unsigned char>>::_Mytyend() const
                                   B99A 
    -------------------------------------------------------------------------
<CODE> 1 (was CODE)
  Relative segment, address: 896C - 8A6D (0x102 bytes), align: 1
  Segment part 80.            Intra module refs:   _Vector_impl<unsigned char, allocator<unsigned char>>::_Insert_n0(unsigned char *, unsigned int, unsigned char)
           ENTRY                   ADDRESS         REF BY
           =====                   =======         ======
           _Vector_impl<unsigned char, allocator<unsigned char>>::_Make_room(unsigned char *, unsigned int)
                                   896C 
               calls direct
    -------------------------------------------------------------------------
<CODE> 1 (was CODE)
  Relative segment, address: B9E4 - B9E7 (0x4 bytes), align: 1
  Segment part 77.            Intra module refs:   _Vector_impl<unsigned char, allocator<unsigned char>>::_Make_room(unsigned char *, unsigned int)
           ENTRY                   ADDRESS         REF BY
           =====                   =======         ======
           _Vector_impl<unsigned char, allocator<unsigned char>>::size() const
                                   B9E4 
               calls direct
    -------------------------------------------------------------------------
<CODE> 1 (was CODE)
  Relative segment, address: B9E8 - B9EB (0x4 bytes), align: 1
  Segment part 79.            Intra module refs:   _Vector_impl<unsigned char, allocator<unsigned char>>::_Make_room(unsigned char *, unsigned int)
           ENTRY                   ADDRESS         REF BY
           =====                   =======         ======
           _Vector_impl<unsigned char, allocator<unsigned char>>::capacity() const
                                   B9E8 
               calls direct
    -------------------------------------------------------------------------
<CODE> 1 (was CODE)
  Relative segment, address: AFF0 - B013 (0x24 bytes), align: 1
  Segment part 81.            Intra module refs:   void _Vector_impl<_Ty, _Alloc>::_Insert_n(_Vector_impl<_Ty, _Alloc>::pointer, _Vector_impl<_Ty, _Alloc>::size_type, _Ty1 const &)[with _Ty=unsigned char, _Alloc=allocator<unsigned char>, _Ty1=char]
           ENTRY                   ADDRESS         REF BY
           =====                   =======         ======
           _Vector_impl<unsigned char, allocator<unsigned char>>::_Insert_n0(unsigned char *, unsigned int, unsigned char)
[...]
           __iar_EmptyStepPoint    BA9C            DataPage::DataPage(int) (dualpool)
                                                   ETL::ColdPoolResize() (etl)
                                                   ETL::DirtySwap() (etl)
                                                   ETL::InitialPhysicalPages() (etl)
                                                   ETL::ReadDataPage(int, DataPage *) (etl)
                                                   ETL::WriteDataPage(int, DataPage *) (etl)
                                                   Tool::SwapMemory(void *, void *, unsigned int) (tool)
    -------------------------------------------------------------------------
<CODE> 1 (was CODE)
  Relative segment, address: 9D84 - 9DDD (0x5a bytes), align: 1
  Segment part 3.
           ENTRY                   ADDRESS         REF BY
           =====                   =======         ======
           __aeabi_assert          9D84            DataPage::DataPage(int) (dualpool)
                                                   ETL::ColdPoolResize() (etl)
                                                   ETL::DirtySwap() (etl)
                                                   ETL::InitialPhysicalPages() (etl)
                                                   ETL::ReadDataPage(int, DataPage *) (etl)
                                                   ETL::WriteDataPage(int, DataPage *) (etl)
                                                   Tool::SwapMemory(void *, void *, unsigned int) (tool)
               calls direct

    -------------------------------------------------------------------------
  LIBRARY MODULE, NAME : ?xdunscal

  SEGMENTS IN THE MODULE
  ======================
<CODE> 1 (was CODE)
  Relative segment, address: A2F2 - A337 (0x46 bytes), align: 1
  Segment part 2.
           ENTRY                   ADDRESS         REF BY
           =====                   =======         ======
           __iar_Dunscale          A2F2            _LdtobLargeNoMb (?xprintflarge_nomb)

    -------------------------------------------------------------------------
  LIBRARY MODULE, NAME : ?xgetmemchunk

  SEGMENTS IN THE MODULE
  ======================
<CODE> 1 (was CODE)
  Relative segment, address: B15C - B179 (0x1e bytes), align: 1
  Segment part 3.
           ENTRY                   ADDRESS         REF BY
           =====                   =======         ======
           __data16_GetMemChunk    B15C            __data16_findmem (?xxmemxmalloc)
    -------------------------------------------------------------------------
DATA16_Z
  Relative segment, address: 1C42 - 1C43 (0x2 bytes), align: 1
  Segment part 2.             Intra module refs:   __data16_GetMemChunk
    -------------------------------------------------------------------------
DATA16_HEAP
  Relative segment, address: 2512, align: 1
  Segment part 4.

    -------------------------------------------------------------------------
  LIBRARY MODULE, NAME : ?xprintflarge_nomb

  SEGMENTS IN THE MODULE
  ======================
<CODE> 1 (was CODE)
  Relative segment, address: 6D5C - 71F3 (0x498 bytes), align: 1
  Segment part 19.
           ENTRY                   ADDRESS         REF BY
           =====                   =======         ======
           _PrintfLargeNoMb        6D5C            printf (?printf)
               calls direct
    -------------------------------------------------------------------------
<CODE> 1 (was CODE)
  Relative segment, address: B05A - B061 (0x8 bytes), align: 1
  Segment part 23.            Intra module refs:   Segment part 26
                                                   _PrintfLargeNoMb
    -------------------------------------------------------------------------
<CODE> 1 (was CODE)
  Relative segment, address: B062 - B069 (0x8 bytes), align: 1
  Segment part 24.            Intra module refs:   _PrintfLargeNoMb
    -------------------------------------------------------------------------
<CODE> 1 (was CODE)
  Relative segment, address: B06A - B075 (0xc bytes), align: 1
  Segment part 25.            Intra module refs:   Segment part 23
                                                   Segment part 24
    -------------------------------------------------------------------------
<CODE> 1 (was CODE)
  Relative segment, address: B076 - B07B (0x6 bytes), align: 1
  Segment part 26.            Intra module refs:   _PrintfLargeNoMb
    -------------------------------------------------------------------------
<CODE> 1 (was CODE)
  Relative segment, address: 660E - 6691 (0x84 bytes), align: 1
  Segment part 8.             Intra module refs:   _PrintfLargeNoMb
           LOCAL                   ADDRESS         
           =====                   =======         
           LoadInt                 660E 
    -------------------------------------------------------------------------
<CODE> 1 (was CODE)
  Relative segment, address: 6692 - 669F (0xe bytes), align: 1
  Segment part 9.             Intra module refs:   LoadInt
    -------------------------------------------------------------------------
<CODE> 1 (was CODE)
  Relative segment, address: 66A0 - 68DD (0x23e bytes), align: 1
  Segment part 10.            Intra module refs:   _LdtobLargeNoMb
           LOCAL                   ADDRESS         
           =====                   =======         
           _GenldLargeNoMb         66A0 
               calls direct
    -------------------------------------------------------------------------
<CODE> 1 (was CODE)
  Relative segment, address: 68DE - 68ED (0x10 bytes), align: 1
  Segment part 11.            Intra module refs:   _GenldLargeNoMb
    -------------------------------------------------------------------------
<CODE> 1 (was CODE)
  Relative segment, address: 68EE - 68FB (0xe bytes), align: 1
  Segment part 12.            Intra module refs:   Segment part 11
                                                   _GenldLargeNoMb
    -------------------------------------------------------------------------
<CODE> 1 (was CODE)
  Relative segment, address: 68FC - 6919 (0x1e bytes), align: 1
  Segment part 13.            Intra module refs:   _GenldLargeNoMb
    -------------------------------------------------------------------------
<CODE> 1 (was CODE)
  Relative segment, address: 691A - 695B (0x42 bytes), align: 1
  Segment part 14.            Intra module refs:   _LdtobLargeNoMb
           LOCAL                   ADDRESS         
           =====                   =======         
           scale                   691A 
               calls direct
    -------------------------------------------------------------------------
<CODE> 1 (was CODE)
  Relative segment, address: 695C - 6B99 (0x23e bytes), align: 1
  Segment part 15.            Intra module refs:   _PrintfLargeNoMb
           LOCAL                   ADDRESS         
           =====                   =======         
           _LdtobLargeNoMb         695C 
               calls direct
    -------------------------------------------------------------------------
<CODE> 1 (was CODE)
  Relative segment, address: 6B9A - 6D3F (0x1a6 bytes), align: 1
  Segment part 16.            Intra module refs:   _PrintfLargeNoMb
           LOCAL                   ADDRESS         
           =====                   =======         
           _LitobLargeNoMb         6B9A 
               calls direct
    -------------------------------------------------------------------------
<CODE> 1 (was CODE)
  Relative segment, address: 6D40 - 6D51 (0x12 bytes), align: 1
  Segment part 17.            Intra module refs:   _LitobLargeNoMb
    -------------------------------------------------------------------------
<CODE> 1 (was CODE)
  Relative segment, address: 6D52 - 6D5B (0xa bytes), align: 1
  Segment part 18.            Intra module refs:   LoadInt
                                                   _LitobLargeNoMb
                                                   _PrintfLargeNoMb
    -------------------------------------------------------------------------
<CODE> 1 (was CODE)
  Relative segment, address: A998 - A9CD (0x36 bytes), align: 1
  Segment part 28.            Intra module refs:   Segment part 23
           LOCAL                   ADDRESS         
           =====                   =======         
           pad                     A998 
               calls direct
    -------------------------------------------------------------------------
<CODE> 1 (was CODE)
  Relative segment, address: ADE8 - AE0F (0x28 bytes), align: 1
  Segment part 29.            Intra module refs:   _PrintfLargeNoMb
                                                   _PutcharsLargeNoMb
           LOCAL                   ADDRESS         
           =====                   =======         
           _PutcharLargeNoMb       ADE8 
               calls indirect
    -------------------------------------------------------------------------
<CODE> 1 (was CODE)
  Relative segment, address: AD12 - AD3D (0x2c bytes), align: 1
  Segment part 30.            Intra module refs:   Segment part 24
                                                   pad
           LOCAL                   ADDRESS         
           =====                   =======         
           _PutcharsLargeNoMb      AD12 
               calls direct
    -------------------------------------------------------------------------
<CODE> 1 (was CODE)
  Relative segment, address: B71C - B729 (0xe bytes), align: 1
  Segment part 20.            Intra module refs:   _PrintfLargeNoMb
    -------------------------------------------------------------------------
<CODE> 1 (was CODE)
  Relative segment, address: B852 - B85B (0xa bytes), align: 1
  Segment part 21.            Intra module refs:   _PrintfLargeNoMb
    -------------------------------------------------------------------------
<CODE> 1 (was CODE)
  Relative segment, address: B554 - B565 (0x12 bytes), align: 1
  Segment part 22.            Intra module refs:   _PrintfLargeNoMb
    -------------------------------------------------------------------------
<CODE> 1 (was CODE)
  Relative segment, address: A58A - A5C7 (0x3e bytes), align: 1
  Segment part 27.            Intra module refs:   _PrintfLargeNoMb
    -------------------------------------------------------------------------
DATA16_C
  Relative segment, address: 623D - 6243 (0x7 bytes), align: 0
  Segment part 2.             Intra module refs:   _PrintfLargeNoMb
    -------------------------------------------------------------------------
DATA16_C
  Relative segment, address: 6244 - 6247 (0x4 bytes), align: 0
  Segment part 3.             Intra module refs:   _LdtobLargeNoMb
    -------------------------------------------------------------------------
DATA16_C
  Relative segment, address: 6248 - 624B (0x4 bytes), align: 0
  Segment part 4.             Intra module refs:   _LdtobLargeNoMb
    -------------------------------------------------------------------------
DATA16_C
  Relative segment, address: 624C - 624F (0x4 bytes), align: 0
  Segment part 5.             Intra module refs:   _LdtobLargeNoMb
    -------------------------------------------------------------------------
DATA16_C
  Relative segment, address: 6250 - 6253 (0x4 bytes), align: 0
  Segment part 6.             Intra module refs:   _LdtobLargeNoMb
    -------------------------------------------------------------------------
DATA16_C
  Relative segment, address: 6254 - 6255 (0x2 bytes), align: 0
  Segment part 7.             Intra module refs:   _GenldLargeNoMb

    -------------------------------------------------------------------------
  LIBRARY MODULE, NAME : ?xprout

  SEGMENTS IN THE MODULE
  ======================
<CODE> 1 (was CODE)
  Relative segment, address: B340 - B357 (0x18 bytes), align: 1
  Segment part 2.
           ENTRY                   ADDRESS         REF BY
           =====                   =======         ======
           _Prout                  B340            printf (?printf)
               calls direct

    -------------------------------------------------------------------------
  LIBRARY MODULE, NAME : ?xxmemxcalloc

  SEGMENTS IN THE MODULE
  ======================
<CODE> 1 (was CODE)
  Relative segment, address: A6F4 - A72D (0x3a bytes), align: 1
  Segment part 2.
           ENTRY                   ADDRESS         REF BY
           =====                   =======         ======
           __data16_calloc         A6F4            calloc (dualpool)
               calls direct

    -------------------------------------------------------------------------
  LIBRARY MODULE, NAME : ?xxmemxfree

  SEGMENTS IN THE MODULE
  ======================
<CODE> 1 (was CODE)
  Relative segment, address: 958A - 960F (0x86 bytes), align: 1
  Segment part 2.
           ENTRY                   ADDRESS         REF BY
           =====                   =======         ======
           __data16_free           958A            __data16_findmem (?xxmemxmalloc)
                                                   free (Console)
                                                   operator delete(void *) (?delop_0)

    -------------------------------------------------------------------------
  LIBRARY MODULE, NAME : ?xxmemxmalloc

  SEGMENTS IN THE MODULE
  ======================
DATA16_Z
  Relative segment, address: 1C44 - 1C47 (0x4 bytes), align: 1
  Segment part 2.             Intra module refs:   __data16_findmem
                                                   __data16_malloc
           ENTRY                   ADDRESS         REF BY
           =====                   =======         ======
           __data16_Aldata         1C44            __data16_free (?xxmemxfree)
    -------------------------------------------------------------------------
<CODE> 1 (was CODE)
  Relative segment, address: 9BA8 - 9C0B (0x64 bytes), align: 1
  Segment part 3.             Intra module refs:   __data16_malloc
           LOCAL                   ADDRESS         
           =====                   =======         
           __data16_findmem        9BA8 
               calls direct
    -------------------------------------------------------------------------
<CODE> 1 (was CODE)
  Relative segment, address: 985A - 98C7 (0x6e bytes), align: 1
  Segment part 4.
           ENTRY                   ADDRESS         REF BY
           =====                   =======         ======
           __data16_malloc         985A            __data16_calloc (?xxmemxcalloc)
                                                   malloc (Console)
                                                   operator new(size_t) (?newop_0)
               calls direct




                ****************************************
                *                                      *
                *      SEGMENTS IN ADDRESS ORDER       *
                *                                      *
                ****************************************


SEGMENT              SPACE    START ADDRESS   END ADDRESS     SIZE  TYPE  ALIGN
=======              =====    =============   ===========     ====  ====  =====
DATA16_AN                              0100 - 0103               4   rel    0
                                       0120 - 0121               2 
                                       0124 - 0127               4 
                                       012C - 012D               2 
                                       015C - 015D               2 
                                       0168 - 016F               8 
                                       0200 - 0205               6 
                                       020A - 020B               2 
                                       021A - 021D               4 
                                       0220 - 0225               6 
                                       022A - 022B               2 
                                       0244 - 0245               2 
                                       024A - 024B               2 
                                       0262 - 0265               4 
                                       026A - 026B               2 
                                       0280 - 0285               6 
                                       028A - 028B               2 
                                       02A4 - 02A5               2 
                                       0340 - 0343               4 
                                       0352 - 0353               2 
                                       0380 - 0383               4 
                                       0392 - 0393               2 
                                       03C0 - 03C7               8 
                                       03D2 - 03D7               6 
                                       03EE - 03EF               2 
                                       05C0 - 05C1               2 
                                       05C6 - 05C8               3 
                                       05CC - 05CC               1 
                                       05CE - 05CE               1 
                                       05DC - 05DD               2 
                                       0600 - 0601               2 
                                       0606 - 0608               3 
                                       060C - 060C               1 
                                       060E - 060E               1 
                                       061C - 061D               2 
                                       0680 - 0681               2 
                                       0686 - 0688               3 
                                       068C - 068C               1 
                                       068E - 068E               1 
                                       069C - 069D               2 
DATA16_I                               1C00 - 1C01               2   rel    1
DATA16_Z                               1C02 - 2510             90F   rel    1
DATA16_HEAP                            2512 - 4451            1F40   rel    1
DATA20_I                                  4452                       rel    1
DATA20_Z                                  4452                       rel    1
DATA20_N                                  4452                       rel    1
CODE_I                                    4452                       rel    1
CSTACK                                 4C60 - 5BFF             FA0   rel    1
DATA16_C                               5C00 - 6255             656   rel    1
DATA16_ID                              6256 - 6257               2   rel    1
CSTART                                 6258 - 6285              2E   rel    1
ISR_CODE                               6286 - 660D             388   rel    1
<CODE> 1                               660E - BABD            54B0   rel    1
CODE_ID                                   BABE                       rel    1
DATA20_ID                                 BABE                       rel    1
DATA20_C                                  BABE                       rel    1
INTVEC                                 FF80 - FFF9              7A   com    1
RESET                                  FFFE - FFFF               2   rel    1

                ****************************************
                *                                      *
                *        END OF CROSS REFERENCE        *
                *                                      *
                ****************************************

 22 754 bytes of CODE  memory
 14 321 bytes of DATA  memory (+ 117 absolute )
  1 624 bytes of CONST memory

Errors: none
Warnings: 1

