Warning[w6]: Type conflict for external/entry "sys_errorcode_runcode", in module uart_config against external/entry in module timer; different basic types
  /* In module uart_config: */
  bool sys_errorcode_runcode;
  /* In module timer: */
  unsigned int sys_errorcode_runcode;
################################################################################
#                                                                              #
#      IAR Universal Linker V6.5.4.100                                         #
#                                                                              #
#           Link time     =  15/Oct/2020  09:56:54                             #
#           Target CPU    =  MSP430                                            #
#           List file     =  \\Mac\Home\work\ETL\Debug\List\RTUtest_GP.map     #
#           Output file 1 =  \\Mac\Home\work\ETL\Debug\Exe\RTUtest_GP.d43      #
#                            Format: ubrof10                                   #
#                            UBROF version 10.0.6                              #
#                            Using library modules for C-SPY (-rt)             #
#           Command line  =  -f C:\Users\83797\AppData\Local\Temp\EWB26A.tmp   #
#                            (\\Mac\Home\work\ETL\Debug\Obj\adc10_a.r43        #
#                            \\Mac\Home\work\ETL\Debug\Obj\adc12_a.r43         #
#                            \\Mac\Home\work\ETL\Debug\Obj\aes.r43             #
#                            \\Mac\Home\work\ETL\Debug\Obj\battbak.r43         #
#                            \\Mac\Home\work\ETL\Debug\Obj\common.r43          #
#                            \\Mac\Home\work\ETL\Debug\Obj\comp_b.r43          #
#                            \\Mac\Home\work\ETL\Debug\Obj\Console.r43         #
#                            \\Mac\Home\work\ETL\Debug\Obj\crc.r43             #
#                            \\Mac\Home\work\ETL\Debug\Obj\cstartup.r43        #
#                            \\Mac\Home\work\ETL\Debug\Obj\ctsd16.r43          #
#                            \\Mac\Home\work\ETL\Debug\Obj\dac12_a.r43         #
#                            \\Mac\Home\work\ETL\Debug\Obj\debug.r43           #
#                            \\Mac\Home\work\ETL\Debug\Obj\dma.r43             #
#                            \\Mac\Home\work\ETL\Debug\Obj\dualpool.r43        #
#                            \\Mac\Home\work\ETL\Debug\Obj\etl.r43             #
#                            \\Mac\Home\work\ETL\Debug\Obj\eusci_a_spi.r43     #
#                            \\Mac\Home\work\ETL\Debug\Obj\eusci_a_uart.r43    #
#                            \\Mac\Home\work\ETL\Debug\Obj\eusci_b_i2c.r43     #
#                            \\Mac\Home\work\ETL\Debug\Obj\eusci_b_spi.r43     #
#                            \\Mac\Home\work\ETL\Debug\Obj\flashctl.r43        #
#                            \\Mac\Home\work\ETL\Debug\Obj\gpio.r43            #
#                            \\Mac\Home\work\ETL\Debug\Obj\lcd_b.r43           #
#                            \\Mac\Home\work\ETL\Debug\Obj\lcd_c.r43           #
#                            \\Mac\Home\work\ETL\Debug\Obj\ldopwr.r43          #
#                            \\Mac\Home\work\ETL\Debug\Obj\led.r43             #
#                            \\Mac\Home\work\ETL\Debug\Obj\lowpower.r43        #
#                            \\Mac\Home\work\ETL\Debug\Obj\main.r43            #
#                            \\Mac\Home\work\ETL\Debug\Obj\mpy32.r43           #
#                            \\Mac\Home\work\ETL\Debug\Obj\oa.r43              #
#                            \\Mac\Home\work\ETL\Debug\Obj\pmap.r43            #
#                            \\Mac\Home\work\ETL\Debug\Obj\pmm.r43             #
#                            \\Mac\Home\work\ETL\Debug\Obj\ram.r43             #
#                            \\Mac\Home\work\ETL\Debug\Obj\ref.r43             #
#                            \\Mac\Home\work\ETL\Debug\Obj\rom.r43             #
#                            \\Mac\Home\work\ETL\Debug\Obj\rtc.r43             #
#                            \\Mac\Home\work\ETL\Debug\Obj\rtc_a.r43           #
#                            \\Mac\Home\work\ETL\Debug\Obj\rtc_b.r43           #
#                            \\Mac\Home\work\ETL\Debug\Obj\rtc_c.r43           #
#                            \\Mac\Home\work\ETL\Debug\Obj\sd24_b.r43          #
#                            \\Mac\Home\work\ETL\Debug\Obj\sfr.r43             #
#                            \\Mac\Home\work\ETL\Debug\Obj\sys_status.r43      #
#                            \\Mac\Home\work\ETL\Debug\Obj\sysctl.r43          #
#                            \\Mac\Home\work\ETL\Debug\Obj\tec.r43             #
#                            \\Mac\Home\work\ETL\Debug\Obj\timer.r43           #
#                            \\Mac\Home\work\ETL\Debug\Obj\timer_a.r43         #
#                            \\Mac\Home\work\ETL\Debug\Obj\timer_b.r43         #
#                            \\Mac\Home\work\ETL\Debug\Obj\timer_d.r43         #
#                            \\Mac\Home\work\ETL\Debug\Obj\tlv.r43             #
#                            \\Mac\Home\work\ETL\Debug\Obj\uart0.r43           #
#                            \\Mac\Home\work\ETL\Debug\Obj\uart1.r43           #
#                            \\Mac\Home\work\ETL\Debug\Obj\uart3.r43           #
#                            \\Mac\Home\work\ETL\Debug\Obj\uart_config.r43     #
#                            \\Mac\Home\work\ETL\Debug\Obj\ucs.r43             #
#                            \\Mac\Home\work\ETL\Debug\Obj\usci_a_spi.r43      #
#                            \\Mac\Home\work\ETL\Debug\Obj\usci_a_uart.r43     #
#                            \\Mac\Home\work\ETL\Debug\Obj\usci_b_i2c.r43      #
#                            \\Mac\Home\work\ETL\Debug\Obj\usci_b_spi.r43      #
#                            \\Mac\Home\work\ETL\Debug\Obj\wdt_a.r43 -o        #
#                            \\Mac\Home\work\ETL\Debug\Exe\RTUtest_GP.d43 -l   #
#                            \\Mac\Home\work\ETL\Debug\List\RTUtest_GP.map     #
#                            -xms                                              #
#                            "-IC:\Program Files (x86)\IAR Systems\Embedded Wo #
#                            rkbench 8.0\430\LIB\"                             #
#                            -f                                                #
#                            "C:\Program Files (x86)\IAR Systems\Embedded Work #
#                            bench 8.0\430\config\linker\lnk430f5438a.xcl"     #
#                            (-cmsp430 -D?CPU30_OFFSET=2 -QCODE_I=CODE_ID      #
#                            -QTLS16_I=TLS16_ID -D__iar_HWMUL=4C0              #
#                            -Z(CONST)INFO=1800-19FF                           #
#                            -Z(CONST)INFOA=1980-19FF                          #
#                            -Z(CONST)INFOB=1900-197F                          #
#                            -Z(CONST)INFOC=1880-18FF                          #
#                            -Z(CONST)INFOD=1800-187F                          #
#                            -Z(DATA)DATA16_I,DATA16_Z,DATA16_N,TLS16_I=1C00-5 #
#                            BFF                                               #
#                            -Z(DATA)DATA16_HEAP+_DATA16_HEAP_SIZE             #
#                            -Z(DATA)CODE_I                                    #
#                            -Z(DATA)DATA20_I,DATA20_Z,DATA20_N,DATA20_HEAP+_D #
#                            ATA20_HEAP_SIZE                                   #
#                            -Z(DATA)CSTACK+_STACK_SIZE#                       #
#                            -Z(CONST)DATA16_C,DATA16_ID,TLS16_ID,DIFUNCT,CHEC #
#                            KSUM=5C00-FF7F                                    #
#                            -Z(CODE)CSTART,ISR_CODE,CODE16=5C00-FF7F          #
#                            -P(CODE)CODE=5C00-FF7F,10000-45BFF                #
#                            -Z(CONST)DATA20_C,DATA20_ID,CODE_ID=5C00-FF7F,100 #
#                            40-45BFF                                          #
#                            -Z(CODE)INTVEC=FF80-FFFF                          #
#                            -Z(CODE)RESET=FFFE-FFFF) -f                       #
#                            "C:\Program Files (x86)\IAR Systems\Embedded Work #
#                            bench 8.0\430\config\linker\multiplier32.xcl"     #
#                            (-e?Mul8Hw=?Mul8 -e?Mul16Hw=?Mul16                #
#                            -e?Mul16to32uHw=?Mul16to32u                       #
#                            -e?Mul16to32sHw=?Mul16to32s -e?Mul32Hw32=?Mul32   #
#                            -e?Mul64Hw32=_Mul64i                              #
#                            -e?Mul32u32uto64iHw32=_Mul32u32uto64i             #
#                            -e?Mul32fHw32=_Mul32f                             #
#                            -e_Mul64fHw32Ptr=_Mul64fPtr) -D_STACK_SIZE=13B8   #
#                            -rt                                               #
#                            "C:\Program Files (x86)\IAR Systems\Embedded Work #
#                            bench 8.0\430\lib\dlib\dl430xlsfn.r43"            #
#                            -D_DATA16_HEAP_SIZE=1770 -s __program_start       #
#                            -D_DATA20_HEAP_SIZE=50)                           #
#                                                                              #
#                           Copyright (C) 1987-2018 IAR Systems AB.            #
################################################################################





                ****************************************
                *                                      *
                *           CROSS REFERENCE            *
                *                                      *
                ****************************************

       Program entry at :           5C7E  Relocatable, from module : ?cstart




                ****************************************
                *                                      *
                *            RUNTIME MODEL             *
                *                                      *
                ****************************************

  __Heap_Handler             = Basic
  __SystemLibrary            = DLib
  __code_model               = large
  __core                     = 430X
  __data_model               = small
  __dlib_file_descriptor     = 0
  __dlib_full_locale_support = 0
  __double_size              = 32
  __pic                      = no
  __reg_r4                   = free
  __reg_r5                   = free
  __rt_version               = 3

                ****************************************
                *                                      *
                *    AUTOMATIC SYMBOL REDIRECTIONS     *
                *                                      *
                ****************************************

       All references to: _Printf
         were redirected to: _PrintfSmallNoMb



                ****************************************
                *                                      *
                *              MODULE MAP              *
                *                                      *
                ****************************************


  DEFINED ABSOLUTE ENTRIES
    *************************************************************************

  DEFINED ABSOLUTE ENTRIES
  PROGRAM MODULE, NAME : ?ABS_ENTRY_MOD

Absolute parts
           ENTRY                   ADDRESS         REF BY
           =====                   =======         ======
           _DATA20_HEAP_SIZE       0050 
           _DATA16_HEAP_SIZE       1770 
           _STACK_SIZE             13B8 
           __iar_HWMUL             04C0            Segment part 1 (?Mul8Hw)
           ?CPU30_OFFSET           0002 
    *************************************************************************

  FILE NAME : \\Mac\Home\work\ETL\Debug\Obj\adc10_a.r43
    *************************************************************************

  FILE NAME : \\Mac\Home\work\ETL\Debug\Obj\adc12_a.r43
    *************************************************************************

  FILE NAME : \\Mac\Home\work\ETL\Debug\Obj\aes.r43
    *************************************************************************

  FILE NAME : \\Mac\Home\work\ETL\Debug\Obj\battbak.r43
    *************************************************************************

  FILE NAME : \\Mac\Home\work\ETL\Debug\Obj\common.r43
  PROGRAM MODULE, NAME : common

  SEGMENTS IN THE MODULE
  ======================
DATA16_AN
  Relative segment, address: 021A - 021B (0x2 bytes), align: 0
  Segment part 1. ROOT        Intra module refs:   Restart_Init() (main)
           ENTRY                   ADDRESS         REF BY
           =====                   =======         ======
           _A_PAIE_L               021A 
           LOCAL                   ADDRESS         
           =====                   =======         
           PAIE                    021A 
           PAIE_H                  021B 
           PAIE_L                  021A 
    -------------------------------------------------------------------------
DATA16_AN
  Relative segment, address: 021C - 021D (0x2 bytes), align: 0
  Segment part 2. ROOT 
           ENTRY                   ADDRESS         REF BY
           =====                   =======         ======
           _A_PAIFG_L              021C 
           LOCAL                   ADDRESS         
           =====                   =======         
           PAIFG                   021C 
           PAIFG_H                 021D 
           PAIFG_L                 021C 
    -------------------------------------------------------------------------
DATA16_AN
  Relative segment, address: 024A - 024B (0x2 bytes), align: 0
  Segment part 3. ROOT        Intra module refs:   Clock_Init()
           ENTRY                   ADDRESS         REF BY
           =====                   =======         ======
           _A_PCSEL_L              024A 
           LOCAL                   ADDRESS         
           =====                   =======         
           PCSEL                   024A 
           PCSEL_H                 024B 
           PCSEL_L                 024A 
    -------------------------------------------------------------------------
DATA16_AN
  Relative segment, address: 0262 - 0263 (0x2 bytes), align: 0
  Segment part 4. ROOT        Intra module refs:   Clear_ExternWatchdog()
                                                   Restart_Init() (main)
                                                   TimerB_Init(unsigned int) (timer)
           ENTRY                   ADDRESS         REF BY
           =====                   =======         ======
           _A_PDOUT_L              0262 
           LOCAL                   ADDRESS         
           =====                   =======         
           PDOUT                   0262 
           PDOUT_H                 0263 
           PDOUT_L                 0262 
    -------------------------------------------------------------------------
DATA16_AN
  Relative segment, address: 026A - 026B (0x2 bytes), align: 0
  Segment part 5. ROOT        Intra module refs:   Clock_Init()
           ENTRY                   ADDRESS         REF BY
           =====                   =======         ======
           _A_PDSEL_L              026A 
           LOCAL                   ADDRESS         
           =====                   =======         
           PDSEL                   026A 
           PDSEL_H                 026B 
           PDSEL_L                 026A 
    -------------------------------------------------------------------------
DATA16_AN
  Relative segment, address: 0282 - 0283 (0x2 bytes), align: 0
  Segment part 6. ROOT        Intra module refs:   IIC_SCL_HIGH() (rtc)
                                                   IIC_SCL_LOW() (rtc)
                                                   IIC_SDA_HIGH() (rtc)
                                                   IIC_SDA_LOW() (rtc)
                                                   Max3222_Open()
                                                   Restart_Init() (main)
           ENTRY                   ADDRESS         REF BY
           =====                   =======         ======
           _A_PEOUT_L              0282 
           LOCAL                   ADDRESS         
           =====                   =======         
           PEOUT                   0282 
           PEOUT_H                 0283 
           PEOUT_L                 0282 
    -------------------------------------------------------------------------
DATA16_AN
  Relative segment, address: 0284 - 0285 (0x2 bytes), align: 0
  Segment part 7. ROOT        Intra module refs:   IIC_Send_Byte(unsigned char) (rtc)
                                                   IIC_Start() (rtc)
                                                   IIC_Stop() (rtc)
                                                   IIC_Wait_Ack() (rtc)
                                                   Max3222_Open()
                                                   RTC_Open() (rtc)
                                                   Restart_Init() (main)
                                                   UART3_Open(int) (uart3)
           ENTRY                   ADDRESS         REF BY
           =====                   =======         ======
           _A_PEDIR_L              0284 
           LOCAL                   ADDRESS         
           =====                   =======         
           PEDIR                   0284 
           PEDIR_H                 0285 
           PEDIR_L                 0284 
    -------------------------------------------------------------------------
DATA16_AN
  Relative segment, address: 0120 - 0121 (0x2 bytes), align: 0
  Segment part 8. ROOT        Intra module refs:   Set_Vcore(unsigned int)
           ENTRY                   ADDRESS         REF BY
           =====                   =======         ======
           _A_PMMCTL0_L            0120 
           LOCAL                   ADDRESS         
           =====                   =======         
           PMMCTL0                 0120 
           PMMCTL0_H               0121 
           PMMCTL0_L               0120 
    -------------------------------------------------------------------------
DATA16_AN
  Relative segment, address: 0124 - 0125 (0x2 bytes), align: 0
  Segment part 9. ROOT        Intra module refs:   Set_Vcore(unsigned int)
           ENTRY                   ADDRESS         REF BY
           =====                   =======         ======
           _A_SVSMHCTL_L           0124 
           LOCAL                   ADDRESS         
           =====                   =======         
           SVSMHCTL                0124 
           SVSMHCTL_H              0125 
           SVSMHCTL_L              0124 
    -------------------------------------------------------------------------
DATA16_AN
  Relative segment, address: 0126 - 0127 (0x2 bytes), align: 0
  Segment part 10. ROOT       Intra module refs:   Set_Vcore(unsigned int)
           ENTRY                   ADDRESS         REF BY
           =====                   =======         ======
           _A_SVSMLCTL_L           0126 
           LOCAL                   ADDRESS         
           =====                   =======         
           SVSMLCTL                0126 
           SVSMLCTL_H              0127 
           SVSMLCTL_L              0126 
    -------------------------------------------------------------------------
DATA16_AN
  Relative segment, address: 012C - 012D (0x2 bytes), align: 0
  Segment part 11. ROOT       Intra module refs:   Set_Vcore(unsigned int)
           ENTRY                   ADDRESS         REF BY
           =====                   =======         ======
           _A_PMMIFG_L             012C 
           LOCAL                   ADDRESS         
           =====                   =======         
           PMMIFG                  012C 
           PMMIFG_H                012D 
           PMMIFG_L                012C 
    -------------------------------------------------------------------------
DATA16_AN
  Relative segment, address: 0102 - 0103 (0x2 bytes), align: 0
  Segment part 12. ROOT       Intra module refs:   Clock_ACLK_DIV(int)
                                                   Clock_Init()
                                                   Clock_SMCLK_DIV(int)
           ENTRY                   ADDRESS         REF BY
           =====                   =======         ======
           _A_SFRIFG1_L            0102 
           LOCAL                   ADDRESS         
           =====                   =======         
           SFRIFG1                 0102 
           SFRIFG1_H               0103 
           SFRIFG1_L               0102 
    -------------------------------------------------------------------------
DATA16_AN
  Relative segment, address: 0168 - 0169 (0x2 bytes), align: 0
  Segment part 13. ROOT       Intra module refs:   Clock_Init()
           ENTRY                   ADDRESS         REF BY
           =====                   =======         ======
           _A_UCSCTL4_L            0168 
           LOCAL                   ADDRESS         
           =====                   =======         
           UCSCTL4                 0168 
           UCSCTL4_H               0169 
           UCSCTL4_L               0168 
    -------------------------------------------------------------------------
DATA16_AN
  Relative segment, address: 016A - 016B (0x2 bytes), align: 0
  Segment part 14. ROOT       Intra module refs:   Clock_ACLK_DIV(int)
                                                   Clock_SMCLK_DIV(int)
           ENTRY                   ADDRESS         REF BY
           =====                   =======         ======
           _A_UCSCTL5_L            016A 
           LOCAL                   ADDRESS         
           =====                   =======         
           UCSCTL5                 016A 
           UCSCTL5_H               016B 
           UCSCTL5_L               016A 
    -------------------------------------------------------------------------
DATA16_AN
  Relative segment, address: 016C - 016D (0x2 bytes), align: 0
  Segment part 15. ROOT       Intra module refs:   Clock_Init()
           ENTRY                   ADDRESS         REF BY
           =====                   =======         ======
           _A_UCSCTL6_L            016C 
           LOCAL                   ADDRESS         
           =====                   =======         
           UCSCTL6                 016C 
           UCSCTL6_H               016D 
           UCSCTL6_L               016C 
    -------------------------------------------------------------------------
DATA16_AN
  Relative segment, address: 016E - 016F (0x2 bytes), align: 0
  Segment part 16. ROOT       Intra module refs:   Clock_Init()
           ENTRY                   ADDRESS         REF BY
           =====                   =======         ======
           _A_UCSCTL7_L            016E 
           LOCAL                   ADDRESS         
           =====                   =======         
           UCSCTL7                 016E 
           UCSCTL7_H               016F 
           UCSCTL7_L               016E 
    -------------------------------------------------------------------------
DATA16_AN
  Relative segment, address: 015C - 015D (0x2 bytes), align: 0
  Segment part 17. ROOT       Intra module refs:   Clock_Init()
                                                   System_Reset()
                                                   WatchDog_Clear() (timer)
                                                   WatchDog_Init() (timer)
           ENTRY                   ADDRESS         REF BY
           =====                   =======         ======
           _A_WDTCTL_L             015C 
           LOCAL                   ADDRESS         
           =====                   =======         
           WDTCTL                  015C 
           WDTCTL_H                015D 
           WDTCTL_L                015C 
    -------------------------------------------------------------------------
DATA16_Z
  Relative segment, address: 1C02 - 1C03 (0x2 bytes), align: 1
  Segment part 36.            Intra module refs:   TraceFunctionLine(char const *, int)
                                                   TraceMsgFuncLine(char *, int, char const *, int)
                                                   TraceOpen()
           ENTRY                   ADDRESS         REF BY
           =====                   =======         ======
           trace_open              1C02 
    -------------------------------------------------------------------------
DATA16_Z
  Relative segment, address: 1C04 - 1C05 (0x2 bytes), align: 1
  Segment part 37.            Intra module refs:   System_Delayms(unsigned int)
           LOCAL                   ADDRESS         
           =====                   =======         
           s_clock                 1C04 
    -------------------------------------------------------------------------
DATA16_Z
  Relative segment, address: 1C06 - 1C07 (0x2 bytes), align: 1
  Segment part 38.            Intra module refs:   DownInt()
                                                   UpInt()
           LOCAL                   ADDRESS         
           =====                   =======         
           _int                    1C06 
    -------------------------------------------------------------------------
DATA16_Z
  Relative segment, address: 1C08 - 1C09 (0x2 bytes), align: 1
  Segment part 39.            Intra module refs:   Clear_ExternWatchdog()
           LOCAL                   ADDRESS         
           =====                   =======         
           s_reset_pin             1C08 
    -------------------------------------------------------------------------
<CODE> 1 (was CODE)
  Relative segment, address: 7ED2 - 7EDF (0xe bytes), align: 1
  Segment part 40.
           ENTRY                   ADDRESS         REF BY
           =====                   =======         ======
           TraceOpen()             7ED2            Main_Init() (main)
               calls direct
    -------------------------------------------------------------------------
<CODE> 1 (was CODE)
  Relative segment, address: 7B42 - 7B61 (0x20 bytes), align: 1
  Segment part 41.            Intra module refs:   TraceMsgFuncLine(char *, int, char const *, int)
           ENTRY                   ADDRESS         REF BY
           =====                   =======         ======
           TraceFunctionLine(char const *, int)
                                   7B42 
               calls direct
    -------------------------------------------------------------------------
<CODE> 1 (was CODE)
  Relative segment, address: 7828 - 7859 (0x32 bytes), align: 1
  Segment part 43.            Intra module refs:   System_Reset()
           ENTRY                   ADDRESS         REF BY
           =====                   =======         ======
           TraceMsgFuncLine(char *, int, char const *, int)
                                   7828            main (main)
               calls direct
    -------------------------------------------------------------------------
<CODE> 1 (was CODE)
  Relative segment, address: 7782 - 77B9 (0x38 bytes), align: 1
  Segment part 51.            Intra module refs:   Clock_Init()
                                                   System_Reset()
           ENTRY                   ADDRESS         REF BY
           =====                   =======         ======
           System_Delayms(unsigned int)
                                   7782            Led_Round() (led)
                                                   RTC_Open() (rtc)
                                                   UART3_Send(char *, int, int) (uart3)
                                                   main (main)
    -------------------------------------------------------------------------
<CODE> 1 (was CODE)
  Relative segment, address: 7F42 - 7F4B (0xa bytes), align: 1
  Segment part 53.
           ENTRY                   ADDRESS         REF BY
           =====                   =======         ======
           DownInt()               7F42            RTC_Open() (rtc)
                                                   UART3_ClearBuffer() (uart3)
    -------------------------------------------------------------------------
<CODE> 1 (was CODE)
  Relative segment, address: 7C9E - 7CB5 (0x18 bytes), align: 1
  Segment part 54.
           ENTRY                   ADDRESS         REF BY
           =====                   =======         ======
           UpInt()                 7C9E            RTC_Open() (rtc)
                                                   UART3_ClearBuffer() (uart3)
    -------------------------------------------------------------------------
<CODE> 1 (was CODE)
  Relative segment, address: 7FDC - 7FE1 (0x6 bytes), align: 1
  Segment part 58.
           ENTRY                   ADDRESS         REF BY
           =====                   =======         ======
           EnInt()                 7FDC            Main_Init() (main)
    -------------------------------------------------------------------------
<CODE> 1 (was CODE)
  Relative segment, address: 7EE0 - 7EED (0xe bytes), align: 1
  Segment part 59.
           ENTRY                   ADDRESS         REF BY
           =====                   =======         ======
           Max3222_Open()          7EE0            main (main)
    -------------------------------------------------------------------------
<CODE> 1 (was CODE)
  Relative segment, address: 7B82 - 7BA1 (0x20 bytes), align: 1
  Segment part 61.
           ENTRY                   ADDRESS         REF BY
           =====                   =======         ======
           System_Reset()          7B82            TIMERB1_ISR() (timer)
               calls direct
    -------------------------------------------------------------------------
<CODE> 1 (was CODE)
  Relative segment, address: 72B6 - 731D (0x68 bytes), align: 1
  Segment part 62.            Intra module refs:   Clock_Init()
           ENTRY                   ADDRESS         REF BY
           =====                   =======         ======
           Clock_SMCLK_DIV(int)    72B6 
    -------------------------------------------------------------------------
<CODE> 1 (was CODE)
  Relative segment, address: 724E - 72B5 (0x68 bytes), align: 1
  Segment part 63.            Intra module refs:   Clock_Init()
           ENTRY                   ADDRESS         REF BY
           =====                   =======         ======
           Clock_ACLK_DIV(int)     724E 
    -------------------------------------------------------------------------
<CODE> 1 (was CODE)
  Relative segment, address: 75B0 - 7605 (0x56 bytes), align: 1
  Segment part 64.            Intra module refs:   Clock_Init()
           ENTRY                   ADDRESS         REF BY
           =====                   =======         ======
           Set_Vcore(unsigned int)
                                   75B0 
    -------------------------------------------------------------------------
<CODE> 1 (was CODE)
  Relative segment, address: 74A2 - 74FD (0x5c bytes), align: 1
  Segment part 65.
           ENTRY                   ADDRESS         REF BY
           =====                   =======         ======
           Clock_Init()            74A2            Restart_Init() (main)
               calls direct
    -------------------------------------------------------------------------
<CODE> 1 (was CODE)
  Relative segment, address: 7D2E - 7D43 (0x16 bytes), align: 1
  Segment part 72.
           ENTRY                   ADDRESS         REF BY
           =====                   =======         ======
           Utility_Strlen(char *)
                                   7D2E            Console_WriteString(char *) (Console)
                                                   Console_WriteStringln(char *) (Console)
    -------------------------------------------------------------------------
<CODE> 1 (was CODE)
  Relative segment, address: 717A - 71E5 (0x6c bytes), align: 1
  Segment part 45.
           ENTRY                   ADDRESS         REF BY
           =====                   =======         ======
           Utility_UintToStr4(unsigned int, char *)
                                   717A            Console_WriteInt(int) (Console)
               calls direct
    -------------------------------------------------------------------------
<CODE> 1 (was CODE)
  Relative segment, address: 7BC2 - 7BDF (0x1e bytes), align: 1
  Segment part 95.
           ENTRY                   ADDRESS         REF BY
           =====                   =======         ======
           Clear_ExternWatchdog()
                                   7BC2            TIMERB1_ISR() (timer)
    -------------------------------------------------------------------------
DATA16_C
  Relative segment, address: 5C1C - 5C1D (0x2 bytes), align: 0
  Segment part 19.            Intra module refs:   TraceFunctionLine(char const *, int)
    -------------------------------------------------------------------------
DATA16_C
  Relative segment, address: 5C1E - 5C2A (0xd bytes), align: 0
  Segment part 21.            Intra module refs:   System_Reset()
           LOCAL                   ADDRESS         
           =====                   =======         
           System_Reset()::__FUNCTION__
                                   5C1E 
    -------------------------------------------------------------------------
DATA16_C
  Relative segment, address: 5C2B - 5C37 (0xd bytes), align: 0
  Segment part 22.            Intra module refs:   System_Reset()

    *************************************************************************

  FILE NAME : \\Mac\Home\work\ETL\Debug\Obj\comp_b.r43
    *************************************************************************

  FILE NAME : \\Mac\Home\work\ETL\Debug\Obj\Console.r43
  PROGRAM MODULE, NAME : Console

  SEGMENTS IN THE MODULE
  ======================
<CODE> 1 (was CODE)
  Relative segment, address: 7F38 - 7F41 (0xa bytes), align: 1
  Segment part 6.
           ENTRY                   ADDRESS         REF BY
           =====                   =======         ======
           Console_Open()          7F38            Restart_Init() (main)
                                                   TraceOpen() (common)
               calls direct
    -------------------------------------------------------------------------
<CODE> 1 (was CODE)
  Relative segment, address: 7F96 - 7F9D (0x8 bytes), align: 1
  Segment part 7.
           ENTRY                   ADDRESS         REF BY
           =====                   =======         ======
           Console_Close()         7F96            TraceOpen() (common)
               calls direct
    -------------------------------------------------------------------------
<CODE> 1 (was CODE)
  Relative segment, address: 7A9A - 7ABD (0x24 bytes), align: 1
  Segment part 11.
           ENTRY                   ADDRESS         REF BY
           =====                   =======         ======
           Console_WriteString(char *)
                                   7A9A            TraceFunctionLine(char const *, int) (common)
                                                   TraceMsgFuncLine(char *, int, char const *, int) (common)
               calls direct
    -------------------------------------------------------------------------
<CODE> 1 (was CODE)
  Relative segment, address: 7A52 - 7A75 (0x24 bytes), align: 1
  Segment part 9.
           ENTRY                   ADDRESS         REF BY
           =====                   =======         ======
           Console_WriteStringln(char *)
                                   7A52            TraceMsgFuncLine(char *, int, char const *, int) (common)
               calls direct
    -------------------------------------------------------------------------
<CODE> 1 (was CODE)
  Relative segment, address: 7D84 - 7D97 (0x14 bytes), align: 1
  Segment part 8.             Intra module refs:   Console_WriteInt(int)
           ENTRY                   ADDRESS         REF BY
           =====                   =======         ======
           Console_WriteBytesln(char *, int)
                                   7D84 
               calls direct
    -------------------------------------------------------------------------
<CODE> 1 (was CODE)
  Relative segment, address: 7C50 - 7C69 (0x1a bytes), align: 1
  Segment part 13.
           ENTRY                   ADDRESS         REF BY
           =====                   =======         ======
           Console_WriteInt(int)   7C50            TraceFunctionLine(char const *, int) (common)
               calls direct

    *************************************************************************

  FILE NAME : \\Mac\Home\work\ETL\Debug\Obj\crc.r43
    *************************************************************************

  FILE NAME : \\Mac\Home\work\ETL\Debug\Obj\cstartup.r43
  LIBRARY MODULE, NAME : ?cstart

Absolute parts
           LOCAL                   ADDRESS         
           =====                   =======         
           __MSP430F5212__         0000 
  SEGMENTS IN THE MODULE
  ======================
CSTACK
  Relative segment, address: 4848, align: 1
  Segment part 1.
    -------------------------------------------------------------------------
DATA16_Z
  Relative segment, address: 1C0A, align: 1
  Segment part 2.
    -------------------------------------------------------------------------
DATA16_I
  Relative segment, address: 1C00, align: 1
  Segment part 3.
    -------------------------------------------------------------------------
DATA16_ID
  Relative segment, address: 5C7C, align: 1
  Segment part 4.
    -------------------------------------------------------------------------
CODE_I
  Relative segment, address: 3C78, align: 1
  Segment part 5.
    -------------------------------------------------------------------------
CODE_ID
  Relative segment, address: 8096, align: 1
  Segment part 6.
    -------------------------------------------------------------------------
DATA20_Z
  Relative segment, address: 3C78, align: 1
  Segment part 7.
    -------------------------------------------------------------------------
DATA20_I
  Relative segment, address: 3C78, align: 1
  Segment part 8.
    -------------------------------------------------------------------------
DATA20_ID
  Relative segment, address: 8096, align: 1
  Segment part 9.
    -------------------------------------------------------------------------
DATA20_C
  Relative segment, address: 8096, align: 1
  Segment part 10.
    -------------------------------------------------------------------------
DATA20_N
  Relative segment, address: 3C78, align: 1
  Segment part 12.
    -------------------------------------------------------------------------
CSTART
  Relative segment, address: 5C7E - 5C87 (0xa bytes), align: 1
  Segment part 15.
           ENTRY                   ADDRESS         REF BY
           =====                   =======         ======
           __program_start         5C7E            ?reset_vector (?reset_vector)
                                                   Absolute parts (?ABS_ENTRY_MOD)
           ?cstart_begin           5C7E 
    -------------------------------------------------------------------------
CSTART
  Relative segment, address: 5C88 - 5C93 (0xc bytes), align: 1
  Segment part 20.
           ENTRY                   ADDRESS         REF BY
           =====                   =======         ======
           ?cstart_init_zero       5C88            IsGetInput (uart0)
                                                   Is_RS485_1 (main)
                                                   Is_uart1_RX_INT (main)
                                                   Is_uart3_RX_INT (uart3)
                                                   Segment part 2 (?xgetmemchunk)
                                                   UART0_Rx_BufLen (uart0)
                                                   UART0_Rx_Buffer (uart0)
                                                   UART0_Rx_INTIndex (uart0)
                                                   UART0_Rx_INTLen (uart0)
                                                   UART1_Rx_BufLen (uart1)
                                                   UART1_Rx_Buffer (uart1)
                                                   UART1_Rx_INTIndex (uart1)
                                                   UART1_Rx_INTLen (uart1)
                                                   UART3_Rx_BufLen (uart3)
                                                   UART3_Rx_Buffer (uart3)
                                                   UART3_Rx_INTIndex (uart3)
                                                   UART3_Rx_INTLen (uart3)
                                                   UART3_Rx_RecvIndex (uart3)
                                                   UART3_Tx_Buf (uart3)
                                                   UART3_Tx_Flag (uart3)
                                                   UART3_Tx_Len (uart3)
                                                   __data16_Aldata (?xxmemxmalloc)
                                                   __iar_New_hand (?new)
                                                   _int (common)
                                                   s_ClockTicks (timer)
                                                   s_clock (common)
                                                   s_reset_count (timer)
                                                   s_reset_pin (common)
                                                   s_uart1_type (uart1)
                                                   s_uart3_type (uart3)
                                                   trace_open (common)
    -------------------------------------------------------------------------
CSTART
  Relative segment, address: 5C94 - 5CA3 (0x10 bytes), align: 1
  Segment part 21.
           ENTRY                   ADDRESS         REF BY
           =====                   =======         ======
           ?cstart_init_copy       5C94            Opened (main)
    -------------------------------------------------------------------------
CSTART
  Relative segment, address: 5CA4 - 5CAB (0x8 bytes), align: 1
  Segment part 27.            Intra module refs:   Segment part 15
           ENTRY                   ADDRESS         REF BY
           =====                   =======         ======
           ?cstart_call_main       5CA4 
           ?cstart_end             5CAC 
    -------------------------------------------------------------------------
CODE_ID
  Relative segment, address: 8096, align: 1
  Segment part 28.            Intra module refs:   Segment part 5

    -------------------------------------------------------------------------
  LIBRARY MODULE, NAME : ?reset_vector

  SEGMENTS IN THE MODULE
  ======================
RESET
  Relative segment, address: FFFE - FFFF (0x2 bytes), align: 1
  Segment part 0.
           ENTRY                   ADDRESS         REF BY
           =====                   =======         ======
           ?reset_vector           FFFE            Segment part 15 (?cstart)

    *************************************************************************

  FILE NAME : \\Mac\Home\work\ETL\Debug\Obj\ctsd16.r43
    *************************************************************************

  FILE NAME : \\Mac\Home\work\ETL\Debug\Obj\dac12_a.r43
    *************************************************************************

  FILE NAME : \\Mac\Home\work\ETL\Debug\Obj\debug.r43
    *************************************************************************

  FILE NAME : \\Mac\Home\work\ETL\Debug\Obj\dma.r43
    *************************************************************************

  FILE NAME : \\Mac\Home\work\ETL\Debug\Obj\dualpool.r43
    *************************************************************************

  FILE NAME : \\Mac\Home\work\ETL\Debug\Obj\etl.r43
    *************************************************************************

  FILE NAME : \\Mac\Home\work\ETL\Debug\Obj\eusci_a_spi.r43
    *************************************************************************

  FILE NAME : \\Mac\Home\work\ETL\Debug\Obj\eusci_a_uart.r43
    *************************************************************************

  FILE NAME : \\Mac\Home\work\ETL\Debug\Obj\eusci_b_i2c.r43
    *************************************************************************

  FILE NAME : \\Mac\Home\work\ETL\Debug\Obj\eusci_b_spi.r43
    *************************************************************************

  FILE NAME : \\Mac\Home\work\ETL\Debug\Obj\flashctl.r43
    *************************************************************************

  FILE NAME : \\Mac\Home\work\ETL\Debug\Obj\gpio.r43
  PROGRAM MODULE, NAME : gpio

  SEGMENTS IN THE MODULE
  ======================
DATA16_C
  Relative segment, address: 5C00 - 5C1B (0x1c bytes), align: 1
  Segment part 2.             Intra module refs:   GPIO_clearInterrupt
                                                   GPIO_getInterruptStatus
           LOCAL                   ADDRESS         
           =====                   =======         
           GPIO_PORT_TO_BASE       5C00 
    -------------------------------------------------------------------------
<CODE> 1 (was CODE)
  Relative segment, address: 76D2 - 770F (0x3e bytes), align: 1
  Segment part 15.
           ENTRY                   ADDRESS         REF BY
           =====                   =======         ======
           GPIO_getInterruptStatus
                                   76D2            Port_2() (main)
    -------------------------------------------------------------------------
<CODE> 1 (was CODE)
  Relative segment, address: 7ABE - 7ADF (0x22 bytes), align: 1
  Segment part 16.
           ENTRY                   ADDRESS         REF BY
           =====                   =======         ======
           GPIO_clearInterrupt     7ABE            Port_2() (main)

    *************************************************************************

  FILE NAME : \\Mac\Home\work\ETL\Debug\Obj\lcd_b.r43
    *************************************************************************

  FILE NAME : \\Mac\Home\work\ETL\Debug\Obj\lcd_c.r43
    *************************************************************************

  FILE NAME : \\Mac\Home\work\ETL\Debug\Obj\ldopwr.r43
    *************************************************************************

  FILE NAME : \\Mac\Home\work\ETL\Debug\Obj\led.r43
  PROGRAM MODULE, NAME : led

  SEGMENTS IN THE MODULE
  ======================
DATA16_AN
  Relative segment, address: 0222 - 0223 (0x2 bytes), align: 0
  Segment part 1. ROOT        Intra module refs:   Led1_Off()
                                                   Led1_On()
                                                   Led2_Off()
                                                   Led2_On()
                                                   Led_Init()
           ENTRY                   ADDRESS         REF BY
           =====                   =======         ======
           _A_PBOUT_L              0222 
           LOCAL                   ADDRESS         
           =====                   =======         
           PBOUT                   0222 
           PBOUT_H                 0223 
           PBOUT_L                 0222 
    -------------------------------------------------------------------------
DATA16_AN
  Relative segment, address: 0224 - 0225 (0x2 bytes), align: 0
  Segment part 2. ROOT        Intra module refs:   Led_Init()
           ENTRY                   ADDRESS         REF BY
           =====                   =======         ======
           _A_PBDIR_L              0224 
           LOCAL                   ADDRESS         
           =====                   =======         
           PBDIR                   0224 
           PBDIR_H                 0225 
           PBDIR_L                 0224 
    -------------------------------------------------------------------------
DATA16_AN
  Relative segment, address: 022A - 022B (0x2 bytes), align: 0
  Segment part 3. ROOT        Intra module refs:   Led_Init()
           ENTRY                   ADDRESS         REF BY
           =====                   =======         ======
           _A_PBSEL_L              022A 
           LOCAL                   ADDRESS         
           =====                   =======         
           PBSEL                   022A 
           PBSEL_H                 022B 
           PBSEL_L                 022A 
    -------------------------------------------------------------------------
<CODE> 1 (was CODE)
  Relative segment, address: 7D98 - 7DAB (0x14 bytes), align: 1
  Segment part 5.
           ENTRY                   ADDRESS         REF BY
           =====                   =======         ======
           Led_Init()              7D98            Restart_Init() (main)
    -------------------------------------------------------------------------
<CODE> 1 (was CODE)
  Relative segment, address: 7B22 - 7B41 (0x20 bytes), align: 1
  Segment part 10.
           ENTRY                   ADDRESS         REF BY
           =====                   =======         ======
           Led_Round()             7B22            main (main)
               calls direct
    -------------------------------------------------------------------------
<CODE> 1 (was CODE)
  Relative segment, address: 7FE2 - 7FE7 (0x6 bytes), align: 1
  Segment part 9.             Intra module refs:   Led_Round()
           ENTRY                   ADDRESS         REF BY
           =====                   =======         ======
           Led1_On()               7FE2 
    -------------------------------------------------------------------------
<CODE> 1 (was CODE)
  Relative segment, address: 7FE8 - 7FED (0x6 bytes), align: 1
  Segment part 7.             Intra module refs:   Led_Round()
           ENTRY                   ADDRESS         REF BY
           =====                   =======         ======
           Led2_On()               7FE8 
    -------------------------------------------------------------------------
<CODE> 1 (was CODE)
  Relative segment, address: 7FF4 - 7FF9 (0x6 bytes), align: 1
  Segment part 8.             Intra module refs:   Led_Round()
           ENTRY                   ADDRESS         REF BY
           =====                   =======         ======
           Led1_Off()              7FF4 
    -------------------------------------------------------------------------
<CODE> 1 (was CODE)
  Relative segment, address: 7FFA - 7FFF (0x6 bytes), align: 1
  Segment part 6.             Intra module refs:   Led_Round()
           ENTRY                   ADDRESS         REF BY
           =====                   =======         ======
           Led2_Off()              7FFA 
    -------------------------------------------------------------------------
<CODE> 1 (was CODE)
  Relative segment, address: 8080 - 8081 (0x2 bytes), align: 1
  Segment part 18.
           ENTRY                   ADDRESS         REF BY
           =====                   =======         ======
           Led1_WorkLightOff()     8080            Restart_Init() (main)

    *************************************************************************

  FILE NAME : \\Mac\Home\work\ETL\Debug\Obj\lowpower.r43
  PROGRAM MODULE, NAME : lowpower

  SEGMENTS IN THE MODULE
  ======================
DATA16_AN
  Relative segment, address: 0202 - 0203 (0x2 bytes), align: 0
  Segment part 1. ROOT        Intra module refs:   BoardPowerOn()
           ENTRY                   ADDRESS         REF BY
           =====                   =======         ======
           _A_PAOUT_L              0202 
           LOCAL                   ADDRESS         
           =====                   =======         
           PAOUT                   0202 
           PAOUT_H                 0203 
           PAOUT_L                 0202 
    -------------------------------------------------------------------------
DATA16_AN
  Relative segment, address: 0204 - 0205 (0x2 bytes), align: 0
  Segment part 2. ROOT        Intra module refs:   BoardPowerOn()
                                                   Restart_Init() (main)
           ENTRY                   ADDRESS         REF BY
           =====                   =======         ======
           _A_PADIR_L              0204 
           LOCAL                   ADDRESS         
           =====                   =======         
           PADIR                   0204 
           PADIR_H                 0205 
           PADIR_L                 0204 
    -------------------------------------------------------------------------
<CODE> 1 (was CODE)
  Relative segment, address: 7F4C - 7F55 (0xa bytes), align: 1
  Segment part 13.
           ENTRY                   ADDRESS         REF BY
           =====                   =======         ======
           BoardPowerOn()          7F4C            main (main)

    *************************************************************************

  FILE NAME : \\Mac\Home\work\ETL\Debug\Obj\main.r43
  PROGRAM MODULE, NAME : main

  SEGMENTS IN THE MODULE
  ======================
DATA16_AN
  Relative segment, address: 020A - 020B (0x2 bytes), align: 0
  Segment part 2. ROOT        Intra module refs:   Restart_Init()
           ENTRY                   ADDRESS         REF BY
           =====                   =======         ======
           _A_PASEL_L              020A 
           LOCAL                   ADDRESS         
           =====                   =======         
           PASEL                   020A 
           PASEL_H                 020B 
           PASEL_L                 020A 
    -------------------------------------------------------------------------
DATA16_AN
  Relative segment, address: 0264 - 0265 (0x2 bytes), align: 0
  Segment part 5. ROOT        Intra module refs:   Restart_Init()
                                                   TimerB_Init(unsigned int) (timer)
           ENTRY                   ADDRESS         REF BY
           =====                   =======         ======
           _A_PDDIR_L              0264 
           LOCAL                   ADDRESS         
           =====                   =======         
           PDDIR                   0264 
           PDDIR_H                 0265 
           PDDIR_L                 0264 
    -------------------------------------------------------------------------
DATA16_AN
  Relative segment, address: 02A4 - 02A5 (0x2 bytes), align: 0
  Segment part 8. ROOT        Intra module refs:   Restart_Init()
           ENTRY                   ADDRESS         REF BY
           =====                   =======         ======
           _A_PFDIR_L              02A4 
           LOCAL                   ADDRESS         
           =====                   =======         
           PFDIR                   02A4 
           PFDIR_H                 02A5 
           PFDIR_L                 02A4 
    -------------------------------------------------------------------------
DATA16_AN
  Relative segment, address: 0100 - 0101 (0x2 bytes), align: 0
  Segment part 9. ROOT        Intra module refs:   Restart_Init()
           ENTRY                   ADDRESS         REF BY
           =====                   =======         ======
           _A_SFRIE1_L             0100 
           LOCAL                   ADDRESS         
           =====                   =======         
           SFRIE1                  0100 
           SFRIE1_H                0101 
           SFRIE1_L                0100 
    -------------------------------------------------------------------------
<CODE> 1 (was CODE)
  Relative segment, address: 800C - 8011 (0x6 bytes), align: 1
  Segment part 26.            Intra module refs:   void _ClassUtil::_MemHolder<int, less<int>>::_MemHolder(_Ty1 const &)[with _Ty1=less<int>]
           ENTRY                   ADDRESS         REF BY
           =====                   =======         ======
           void _ClassUtil::_MemHolder<int, less<int>>::_Helper<less<int>, 0>::_Helper(_Ty2 const &)[with _Ty2=less<int>]
                                   800C 
    -------------------------------------------------------------------------
<CODE> 1 (was CODE)
  Relative segment, address: 807E - 807F (0x2 bytes), align: 1
  Segment part 27.            Intra module refs:   _ClassUtil::_MemHolder<int, less<int>>::operator less<int> const &() const
           ENTRY                   ADDRESS         REF BY
           =====                   =======         ======
           _ClassUtil::_MemHolder<int, less<int>>::_Helper<less<int>, 0>::Ref() const
                                   807E 
    -------------------------------------------------------------------------
<CODE> 1 (was CODE)
  Relative segment, address: 8082 - 8083 (0x2 bytes), align: 1
  Segment part 28.            Intra module refs:   _ClassUtil::_MemHolder<int, less<int>>::operator less<int> &()
           ENTRY                   ADDRESS         REF BY
           =====                   =======         ======
           _ClassUtil::_MemHolder<int, less<int>>::_Helper<less<int>, 0>::Ref()
                                   8082 
    -------------------------------------------------------------------------
<CODE> 1 (was CODE)
  Relative segment, address: 7E7A - 7E89 (0x10 bytes), align: 1
  Segment part 29.            Intra module refs:   _Tree_nod<_Tset_traits<int, less<int>, allocator<int>, 0>>::_Tree_nod(less<int> const &, allocator<int>)
           ENTRY                   ADDRESS         REF BY
           =====                   =======         ======
           void _ClassUtil::_MemHolder<int, less<int>>::_MemHolder(_Ty1 const &)[with _Ty1=less<int>]
                                   7E7A 
               calls direct
    -------------------------------------------------------------------------
<CODE> 1 (was CODE)
  Relative segment, address: 806E - 8071 (0x4 bytes), align: 1
  Segment part 30.            Intra module refs:   _Tree_nod<_Tset_traits<int, less<int>, allocator<int>, 0>>::comp() const
           ENTRY                   ADDRESS         REF BY
           =====                   =======         ======
           _ClassUtil::_MemHolder<int, less<int>>::operator less<int> const &() const
                                   806E 
               calls direct
    -------------------------------------------------------------------------
<CODE> 1 (was CODE)
  Relative segment, address: 801E - 8021 (0x4 bytes), align: 1
  Segment part 31.            Intra module refs:   _Tree_nod<_Tset_traits<int, less<int>, allocator<int>, 0>>::comp()
           ENTRY                   ADDRESS         REF BY
           =====                   =======         ======
           _ClassUtil::_MemHolder<int, less<int>>::operator less<int> &()
                                   801E 
               calls direct
    -------------------------------------------------------------------------
<CODE> 1 (was CODE)
  Relative segment, address: 8084 - 8085 (0x2 bytes), align: 1
  Segment part 32.            Intra module refs:   _Tree_algobase<allocator<void>>::_Tree_algobase(allocator<void> const &)
           ENTRY                   ADDRESS         REF BY
           =====                   =======         ======
           _ClassUtil::_AllocHolder<><_Alloc, false>[with _Alloc=allocator<void>]::_AllocHolder(allocator<void>)
                                   8084 
    -------------------------------------------------------------------------
<CODE> 1 (was CODE)
  Relative segment, address: 8086 - 8087 (0x2 bytes), align: 1
  Segment part 33.            Intra module refs:   _Tree<_Tset_traits<int, less<int>, allocator<int>, 0>>::_Alnod() const
           ENTRY                   ADDRESS         REF BY
           =====                   =======         ======
           _ClassUtil::_AllocHolder<><_Alloc, false>[with _Alloc=allocator<void>]::_Alval() const
                                   8086 
    -------------------------------------------------------------------------
<CODE> 1 (was CODE)
  Relative segment, address: 7F14 - 7F1F (0xc bytes), align: 1
  Segment part 34.            Intra module refs:   _Tree<_Tset_traits<int, less<int>, allocator<int>, 0>>::_Lbound(int) const
                                                   _Tree<_Tset_traits<int, less<int>, allocator<int>, 0>>::find(int)
                                                   _Tree<_Tset_traits<int, less<int>, allocator<int>, 0>>::insert(int)
           ENTRY                   ADDRESS         REF BY
           =====                   =======         ======
           less<int>::operator()(int, int) const
                                   7F14 
    -------------------------------------------------------------------------
<CODE> 1 (was CODE)
  Relative segment, address: 7F08 - 7F13 (0xc bytes), align: 1
  Segment part 35.            Intra module refs:   _Tree_algobase<allocator<void>>::_Erase(_Genptr)
           ENTRY                   ADDRESS         REF BY
           =====                   =======         ======
           void swap(_Ty &, _Ty &)[with _Ty=char]
                                   7F08 
    -------------------------------------------------------------------------
<CODE> 1 (was CODE)
  Relative segment, address: 7F74 - 7F7D (0xa bytes), align: 1
  Segment part 36.            Intra module refs:   _Tree<_Tset_traits<int, less<int>, allocator<int>, 0>>::insert(int)
           ENTRY                   ADDRESS         REF BY
           =====                   =======         ======
           pair<_Tree<_Tset_traits<int, less<int>, allocator<int>, 0>>::iterator, bool>::pair(_ParamTy1, bool)
                                   7F74 
    -------------------------------------------------------------------------
<CODE> 1 (was CODE)
  Relative segment, address: 8066 - 8069 (0x4 bytes), align: 1
  Segment part 37.            Intra module refs:   _Tree<_Tset_traits<int, less<int>, allocator<int>, 0>>::_Buynode(_Nodeptr, _Nodeptr, _Nodeptr, int, char)
           ENTRY                   ADDRESS         REF BY
           =====                   =======         ======
           operator new(unsigned int, void *)
                                   8066 
    -------------------------------------------------------------------------
<CODE> 1 (was CODE)
  Relative segment, address: 8042 - 8045 (0x4 bytes), align: 1
  Segment part 38.            Intra module refs:   allocator<_Tree_nod<_Tset_traits<int, less<int>, allocator<int>, 0>>::_Node>::allocate(unsigned int)
           ENTRY                   ADDRESS         REF BY
           =====                   =======         ======
           _Allocator<void>::allocate(unsigned int)
                                   8042 
               calls direct
    -------------------------------------------------------------------------
<CODE> 1 (was CODE)
  Relative segment, address: 8032 - 8035 (0x4 bytes), align: 1
  Segment part 39.            Intra module refs:   allocator<_Tree_nod<_Tset_traits<int, less<int>, allocator<int>, 0>>::_Node>::deallocate(pointer, unsigned int)
           ENTRY                   ADDRESS         REF BY
           =====                   =======         ======
           _Allocator<void>::deallocate(void *)
                                   8032 
               calls direct
    -------------------------------------------------------------------------
<CODE> 1 (was CODE)
  Relative segment, address: 802A - 802D (0x4 bytes), align: 1
  Segment part 41.            Intra module refs:   allocator<_Tree_nod<_Tset_traits<int, less<int>, allocator<int>, 0>>::_Node>::destroy(pointer)
           ENTRY                   ADDRESS         REF BY
           =====                   =======         ======
           void _Destroy(_Ty *)[with _Ty=allocator<_Tree_nod<_Tset_traits<int, less<int>, allocator<int>, 0>>::_Node>::value_type]
                                   802A 
               calls direct
    -------------------------------------------------------------------------
<CODE> 1 (was CODE)
  Relative segment, address: 8092 - 8093 (0x2 bytes), align: 1
  Segment part 42.            Intra module refs:   _Tree<_Tset_traits<int, less<int>, allocator<int>, 0>>::_Alnod() const
           ENTRY                   ADDRESS         REF BY
           =====                   =======         ======
           void allocator<_Tree_nod<_Tset_traits<int, less<int>, allocator<int>, 0>>::_Node>::allocator(allocator<_Other> const &)[with _Other=void]
                                   8092 
    -------------------------------------------------------------------------
<CODE> 1 (was CODE)
  Relative segment, address: 8018 - 801D (0x6 bytes), align: 1
  Segment part 43.            Intra module refs:   _Tree<_Tset_traits<int, less<int>, allocator<int>, 0>>::erase(iterator)
           ENTRY                   ADDRESS         REF BY
           =====                   =======         ======
           allocator<_Tree_nod<_Tset_traits<int, less<int>, allocator<int>, 0>>::_Node>::deallocate(pointer, unsigned int)
                                   8018 
               calls direct
    -------------------------------------------------------------------------
<CODE> 1 (was CODE)
  Relative segment, address: 7EEE - 7EFB (0xe bytes), align: 1
  Segment part 44.            Intra module refs:   _Tree<_Tset_traits<int, less<int>, allocator<int>, 0>>::_Buynode(_Nodeptr, _Nodeptr, _Nodeptr, int, char)
           ENTRY                   ADDRESS         REF BY
           =====                   =======         ======
           allocator<_Tree_nod<_Tset_traits<int, less<int>, allocator<int>, 0>>::_Node>::allocate(unsigned int)
                                   7EEE 
               calls direct
    -------------------------------------------------------------------------
<CODE> 1 (was CODE)
  Relative segment, address: 8012 - 8017 (0x6 bytes), align: 1
  Segment part 45.            Intra module refs:   _Tree<_Tset_traits<int, less<int>, allocator<int>, 0>>::erase(iterator)
           ENTRY                   ADDRESS         REF BY
           =====                   =======         ======
           allocator<_Tree_nod<_Tset_traits<int, less<int>, allocator<int>, 0>>::_Node>::destroy(pointer)
                                   8012 
               calls direct
    -------------------------------------------------------------------------
<CODE> 1 (was CODE)
  Relative segment, address: 7EFC - 7F07 (0xc bytes), align: 1
  Segment part 46.            Intra module refs:   _Tree<_Tset_traits<int, less<int>, allocator<int>, 0>>::max_size() const
           ENTRY                   ADDRESS         REF BY
           =====                   =======         ======
           allocator<_Tree_nod<_Tset_traits<int, less<int>, allocator<int>, 0>>::_Node>::max_size() const
                                   7EFC 
    -------------------------------------------------------------------------
<CODE> 1 (was CODE)
  Relative segment, address: 7CCE - 7CE5 (0x18 bytes), align: 1
  Segment part 47.            Intra module refs:   _Tree_nod<_Tset_traits<int, less<int>, allocator<int>, 0>>::_Node::_Node(_Tree_nod<_Tset_traits<int, less<int>, allocator<int>, 0>>::_MyGenptr, _Tree_nod<_Tset_traits<int, less<int>, allocator<int>, 0>>::_MyGenptr, _Tree_nod<_Tset_traits<int, less<int>, allocator<int>, 0>>::_MyGenptr, int, char)
           ENTRY                   ADDRESS         REF BY
           =====                   =======         ======
           _Tree_algobase<allocator<void>>::_GenNode::_GenNode(_Tree_algobase<allocator<void>>::_Genptr, _Tree_algobase<allocator<void>>::_Genptr, _Tree_algobase<allocator<void>>::_Genptr, char)
                                   7CCE 
    -------------------------------------------------------------------------
<CODE> 1 (was CODE)
  Relative segment, address: 8000 - 8005 (0x6 bytes), align: 1
  Segment part 48.            Intra module refs:   _Tree_algobase<allocator<void>>::_Erase(_Genptr)
                                                   _Tree_algobase<allocator<void>>::_Insert(bool, _Genptr, _Genptr)
           ENTRY                   ADDRESS         REF BY
           =====                   =======         ======
           _Tree_algobase<allocator<void>>::_Color(_Genptr)
                                   8000 
    -------------------------------------------------------------------------
<CODE> 1 (was CODE)
  Relative segment, address: 7FEE - 7FF3 (0x6 bytes), align: 1
  Segment part 49.            Intra module refs:   _Tree<_Tset_traits<int, less<int>, allocator<int>, 0>>::_Isnil(_Tree_algobase<allocator<void>>::_Genptr)
                                                   _Tree_algobase<allocator<void>>::_DecP(_Genptr)
                                                   _Tree_algobase<allocator<void>>::_Erase(_Genptr)
                                                   _Tree_algobase<allocator<void>>::_IncP(_Genptr)
                                                   _Tree_algobase<allocator<void>>::_Lrotate(_Genptr)
                                                   _Tree_algobase<allocator<void>>::_Max(_Genptr)
                                                   _Tree_algobase<allocator<void>>::_Min(_Genptr)
                                                   _Tree_algobase<allocator<void>>::_Rrotate(_Genptr)
           ENTRY                   ADDRESS         REF BY
           =====                   =======         ======
           _Tree_algobase<allocator<void>>::_Isnil(_Genptr)
                                   7FEE 
    -------------------------------------------------------------------------
<CODE> 1 (was CODE)
  Relative segment, address: 8088 - 8089 (0x2 bytes), align: 1
  Segment part 50.            Intra module refs:   _Tree_algobase<allocator<void>>::_DecP(_Genptr)
                                                   _Tree_algobase<allocator<void>>::_Erase(_Genptr)
                                                   _Tree_algobase<allocator<void>>::_Insert(bool, _Genptr, _Genptr)
                                                   _Tree_algobase<allocator<void>>::_Lmost()
                                                   _Tree_algobase<allocator<void>>::_Lrotate(_Genptr)
                                                   _Tree_algobase<allocator<void>>::_Min(_Genptr)
                                                   _Tree_algobase<allocator<void>>::_Rrotate(_Genptr)
           ENTRY                   ADDRESS         REF BY
           =====                   =======         ======
           _Tree_algobase<allocator<void>>::_Left(_Genptr)
                                   8088 
    -------------------------------------------------------------------------
<CODE> 1 (was CODE)
  Relative segment, address: 8052 - 8055 (0x4 bytes), align: 1
  Segment part 51.            Intra module refs:   _Tree_algobase<allocator<void>>::_DecP(_Genptr)
                                                   _Tree_algobase<allocator<void>>::_Erase(_Genptr)
                                                   _Tree_algobase<allocator<void>>::_IncP(_Genptr)
                                                   _Tree_algobase<allocator<void>>::_Insert(bool, _Genptr, _Genptr)
                                                   _Tree_algobase<allocator<void>>::_Lrotate(_Genptr)
                                                   _Tree_algobase<allocator<void>>::_Root()
                                                   _Tree_algobase<allocator<void>>::_Rrotate(_Genptr)
           ENTRY                   ADDRESS         REF BY
           =====                   =======         ======
           _Tree_algobase<allocator<void>>::_Parent(_Genptr)
                                   8052 
    -------------------------------------------------------------------------
<CODE> 1 (was CODE)
  Relative segment, address: 8026 - 8029 (0x4 bytes), align: 1
  Segment part 52.            Intra module refs:   _Tree_algobase<allocator<void>>::_DecP(_Genptr)
                                                   _Tree_algobase<allocator<void>>::_Erase(_Genptr)
                                                   _Tree_algobase<allocator<void>>::_IncP(_Genptr)
                                                   _Tree_algobase<allocator<void>>::_Insert(bool, _Genptr, _Genptr)
                                                   _Tree_algobase<allocator<void>>::_Lrotate(_Genptr)
                                                   _Tree_algobase<allocator<void>>::_Max(_Genptr)
                                                   _Tree_algobase<allocator<void>>::_Rmost()
                                                   _Tree_algobase<allocator<void>>::_Rrotate(_Genptr)
           ENTRY                   ADDRESS         REF BY
           =====                   =======         ======
           _Tree_algobase<allocator<void>>::_Right(_Genptr)
                                   8026 
    -------------------------------------------------------------------------
<CODE> 1 (was CODE)
  Relative segment, address: 7A08 - 7A2D (0x26 bytes), align: 1
  Segment part 53.            Intra module refs:   _Tree_algobase<allocator<void>>::_DecP(_Genptr)
                                                   _Tree_algobase<allocator<void>>::_Erase(_Genptr)
           ENTRY                   ADDRESS         REF BY
           =====                   =======         ======
           _Tree_algobase<allocator<void>>::_Max(_Genptr)
                                   7A08 
               calls direct
    -------------------------------------------------------------------------
<CODE> 1 (was CODE)
  Relative segment, address: 7996 - 79BB (0x26 bytes), align: 1
  Segment part 54.            Intra module refs:   _Tree_algobase<allocator<void>>::_Erase(_Genptr)
                                                   _Tree_algobase<allocator<void>>::_IncP(_Genptr)
           ENTRY                   ADDRESS         REF BY
           =====                   =======         ======
           _Tree_algobase<allocator<void>>::_Min(_Genptr)
                                   7996 
               calls direct
    -------------------------------------------------------------------------
<CODE> 1 (was CODE)
  Relative segment, address: 709E - 710B (0x6e bytes), align: 1
  Segment part 55.            Intra module refs:   _Tree_algobase<allocator<void>>::_GenIter::_Dec()
           ENTRY                   ADDRESS         REF BY
           =====                   =======         ======
           _Tree_algobase<allocator<void>>::_DecP(_Genptr)
                                   709E 
               calls direct
    -------------------------------------------------------------------------
<CODE> 1 (was CODE)
  Relative segment, address: 7558 - 75AF (0x58 bytes), align: 1
  Segment part 56.            Intra module refs:   _Tree_algobase<allocator<void>>::_Erase(_Genptr)
                                                   _Tree_algobase<allocator<void>>::_GenIter::_Inc()
           ENTRY                   ADDRESS         REF BY
           =====                   =======         ======
           _Tree_algobase<allocator<void>>::_IncP(_Genptr)
                                   7558 
               calls direct
    -------------------------------------------------------------------------
<CODE> 1 (was CODE)
  Relative segment, address: 7FD6 - 7FDB (0x6 bytes), align: 1
  Segment part 57.            Intra module refs:   _Tree<_Tset_traits<int, less<int>, allocator<int>, 0>>::const_iterator::const_iterator(_Tree_algobase<allocator<void>>::_Genptr)
           ENTRY                   ADDRESS         REF BY
           =====                   =======         ======
           _Tree_algobase<allocator<void>>::_GenIter::_GenIter(_Tree_algobase<allocator<void>>::_Genptr)
                                   7FD6 
    -------------------------------------------------------------------------
<CODE> 1 (was CODE)
  Relative segment, address: 7EA8 - 7EB5 (0xe bytes), align: 1
  Segment part 58.            Intra module refs:   _Tree<_Tset_traits<int, less<int>, allocator<int>, 0>>::const_iterator::operator==(_Tree<_Tset_traits<int, less<int>, allocator<int>, 0>>::const_iterator const &) const
           ENTRY                   ADDRESS         REF BY
           =====                   =======         ======
           _Tree_algobase<allocator<void>>::_GenIter::operator==(_Tree_algobase<allocator<void>>::_GenIter const &) const
                                   7EA8 
    -------------------------------------------------------------------------
<CODE> 1 (was CODE)
  Relative segment, address: 7E08 - 7E19 (0x12 bytes), align: 1
  Segment part 59.            Intra module refs:   _Tree<_Tset_traits<int, less<int>, allocator<int>, 0>>::iterator::operator--()
           ENTRY                   ADDRESS         REF BY
           =====                   =======         ======
           _Tree_algobase<allocator<void>>::_GenIter::_Dec()
                                   7E08 
               calls direct
    -------------------------------------------------------------------------
<CODE> 1 (was CODE)
  Relative segment, address: 7DF6 - 7E07 (0x12 bytes), align: 1
  Segment part 60.            Intra module refs:   _Tree<_Tset_traits<int, less<int>, allocator<int>, 0>>::iterator::operator++()
           ENTRY                   ADDRESS         REF BY
           =====                   =======         ======
           _Tree_algobase<allocator<void>>::_GenIter::_Inc()
                                   7DF6 
               calls direct
    -------------------------------------------------------------------------
<CODE> 1 (was CODE)
  Relative segment, address: 805A - 805D (0x4 bytes), align: 1
  Segment part 61.            Intra module refs:   _Tree<_Tset_traits<int, less<int>, allocator<int>, 0>>::const_iterator::_Mynode() const
                                                   _Tree<_Tset_traits<int, less<int>, allocator<int>, 0>>::iterator::operator*() const
[...]
  LIBRARY MODULE, NAME : ?exit

  SEGMENTS IN THE MODULE
  ======================
<CODE> 1 (was CODE)
  Relative segment, address: 803E - 8041 (0x4 bytes), align: 1
  Segment part 2.
           ENTRY                   ADDRESS         REF BY
           =====                   =======         ======
           exit                    803E            Segment part 27 (?cstart)
               calls direct

    -------------------------------------------------------------------------
  LIBRARY MODULE, NAME : ?DivMod816u

  SEGMENTS IN THE MODULE
  ======================
<CODE> 1 (was CODE)
  Relative segment, address: 7CFE - 7D15 (0x18 bytes), align: 1
  Segment part 1.
           ENTRY                   ADDRESS         REF BY
           =====                   =======         ======
           ?DivMod16u              7CFE            Utility_UintToStr4(unsigned int, char *) (common)

    -------------------------------------------------------------------------
  LIBRARY MODULE, NAME : ?DivMod32u

  SEGMENTS IN THE MODULE
  ======================
<CODE> 1 (was CODE)
  Relative segment, address: 78BE - 78ED (0x30 bytes), align: 1
  Segment part 0.
           ENTRY                   ADDRESS         REF BY
           =====                   =======         ======
           ?DivMod32u              78BE            _LitobSmallNoMb (?xprintfsmall_nomb)

    -------------------------------------------------------------------------
  LIBRARY MODULE, NAME : ?memchr

  SEGMENTS IN THE MODULE
  ======================
<CODE> 1 (was CODE)
  Relative segment, address: 7DAC - 7DBF (0x14 bytes), align: 1
  Segment part 2.
           ENTRY                   ADDRESS         REF BY
           =====                   =======         ======
           __iar_Memchr            7DAC            _PrintfSmallNoMb (?xprintfsmall_nomb)

    -------------------------------------------------------------------------
  LIBRARY MODULE, NAME : ?memcpy

  SEGMENTS IN THE MODULE
  ======================
<CODE> 1 (was CODE)
  Relative segment, address: 7DC0 - 7DD1 (0x12 bytes), align: 1
  Segment part 2.
           ENTRY                   ADDRESS         REF BY
           =====                   =======         ======
           memcpy                  7DC0            __data16_memcpy (?memzero)

    -------------------------------------------------------------------------
  LIBRARY MODULE, NAME : ?memzero

  SEGMENTS IN THE MODULE
  ======================
<CODE> 1 (was CODE)
  Relative segment, address: 7E5A - 7E69 (0x10 bytes), align: 1
  Segment part 2.
           ENTRY                   ADDRESS         REF BY
           =====                   =======         ======
           __data16_memzero        7E5A            ?cstart_init_zero (?cstart)
    -------------------------------------------------------------------------
<CODE> 1 (was CODE)
  Relative segment, address: 8056 - 8059 (0x4 bytes), align: 1
  Segment part 3.
           ENTRY                   ADDRESS         REF BY
           =====                   =======         ======
           __data16_memcpy         8056            ?cstart_init_copy (?cstart)
               calls direct

    -------------------------------------------------------------------------
  LIBRARY MODULE, NAME : ?Mul8Hw

  SEGMENTS IN THE MODULE
  ======================
<CODE> 1 (was CODE)
  Relative segment, address: 7B02 - 7B05 (0x4 bytes), align: 1
  Segment part 0.
           ENTRY                   ADDRESS         REF BY
           =====                   =======         ======
           ?Mul8Hw                 7B02            _LitobSmallNoMb (?xprintfsmall_nomb)
    -------------------------------------------------------------------------
<CODE> 1 (was CODE)
  Relative segment, address: 7B06 - 7B21 (0x1c bytes), align: 1
  Segment part 1.             Intra module refs:   ?Mul8Hw
           ENTRY                   ADDRESS         REF BY
           =====                   =======         ======
           ?Mul16Hw                7B06 
           ?Mul16to32uHw           7B06 

    -------------------------------------------------------------------------
  LIBRARY MODULE, NAME : ?new

  SEGMENTS IN THE MODULE
  ======================
DATA16_Z
  Relative segment, address: 1C36 - 1C39 (0x4 bytes), align: 1
  Segment part 2.
           ENTRY                   ADDRESS         REF BY
           =====                   =======         ======
           __iar_New_hand          1C36            operator new(unsigned int) (?newop_0)

    -------------------------------------------------------------------------
  LIBRARY MODULE, NAME : ?newop_0

  SEGMENTS IN THE MODULE
  ======================
<CODE> 1 (was CODE)
  Relative segment, address: 7944 - 796D (0x2a bytes), align: 1
  Segment part 2.
           ENTRY                   ADDRESS         REF BY
           =====                   =======         ======
           operator new(unsigned int)
                                   7944            _Allocator<void>::allocate(unsigned int) (main)
               calls direct and indirect

    -------------------------------------------------------------------------
  LIBRARY MODULE, NAME : ?nomemory

  SEGMENTS IN THE MODULE
  ======================
<CODE> 1 (was CODE)
  Relative segment, address: 8062 - 8065 (0x4 bytes), align: 1
  Segment part 10.
           ENTRY                   ADDRESS         REF BY
           =====                   =======         ======
           _Nomemory()             8062            operator new(unsigned int) (?newop_0)
               calls direct

    -------------------------------------------------------------------------
  LIBRARY MODULE, NAME : ?printf

  SEGMENTS IN THE MODULE
  ======================
<CODE> 1 (was CODE)
  Relative segment, address: 79E2 - 7A07 (0x26 bytes), align: 1
  Segment part 2.
           ENTRY                   ADDRESS         REF BY
           =====                   =======         ======
           printf                  79E2            Port_2() (main)
                                                   main (main)
               calls direct

    -------------------------------------------------------------------------
  LIBRARY MODULE, NAME : ?IndCallR11

  SEGMENTS IN THE MODULE
  ======================
<CODE> 1 (was CODE)
  Relative segment, address: 806A - 806D (0x4 bytes), align: 1
  Segment part 0.
           ENTRY                   ADDRESS         REF BY
           =====                   =======         ======
           ?IndCallR11             806A            _PutcharSmallNoMb (?xprintfsmall_nomb)

    -------------------------------------------------------------------------
  LIBRARY MODULE, NAME : ?strchr

  SEGMENTS IN THE MODULE
  ======================
<CODE> 1 (was CODE)
  Relative segment, address: 7EC4 - 7ED1 (0xe bytes), align: 1
  Segment part 2.
           ENTRY                   ADDRESS         REF BY
           =====                   =======         ======
           __iar_Strchr            7EC4            _PrintfSmallNoMb (?xprintfsmall_nomb)

    -------------------------------------------------------------------------
  LIBRARY MODULE, NAME : ?strlen

  SEGMENTS IN THE MODULE
  ======================
<CODE> 1 (was CODE)
  Relative segment, address: 7DE4 - 7DF5 (0x12 bytes), align: 1
  Segment part 2.
           ENTRY                   ADDRESS         REF BY
           =====                   =======         ======
           strlen                  7DE4            _PrintfSmallNoMb (?xprintfsmall_nomb)

    -------------------------------------------------------------------------
  LIBRARY MODULE, NAME : ?xgetmemchunk

  SEGMENTS IN THE MODULE
  ======================
<CODE> 1 (was CODE)
  Relative segment, address: 7BE0 - 7BFD (0x1e bytes), align: 1
  Segment part 3.
           ENTRY                   ADDRESS         REF BY
           =====                   =======         ======
           __data16_GetMemChunk    7BE0            __data16_findmem (?xxmemxmalloc)
    -------------------------------------------------------------------------
DATA16_Z
  Relative segment, address: 1C3A - 1C3B (0x2 bytes), align: 1
  Segment part 2.             Intra module refs:   __data16_GetMemChunk
    -------------------------------------------------------------------------
DATA16_HEAP
  Relative segment, address: 2508, align: 1
  Segment part 4.

    -------------------------------------------------------------------------
  LIBRARY MODULE, NAME : ?xprintfsmall_nomb

  SEGMENTS IN THE MODULE
  ======================
<CODE> 1 (was CODE)
  Relative segment, address: 6468 - 6811 (0x3aa bytes), align: 1
  Segment part 4.
           ENTRY                   ADDRESS         REF BY
           =====                   =======         ======
           _PrintfSmallNoMb        6468            printf (?printf)
               calls direct
    -------------------------------------------------------------------------
<CODE> 1 (was CODE)
  Relative segment, address: 7EB6 - 7EC3 (0xe bytes), align: 1
  Segment part 5.             Intra module refs:   _PrintfSmallNoMb
    -------------------------------------------------------------------------
<CODE> 1 (was CODE)
  Relative segment, address: 7E4A - 7E4B (0x2 bytes), align: 1
  Segment part 6.             Intra module refs:   _PrintfSmallNoMb
    -------------------------------------------------------------------------
<CODE> 1 (was CODE)
  Relative segment, address: 7E4C - 7E59 (0xe bytes), align: 1
  Segment part 7.             Intra module refs:   Segment part 6
                                                   _PrintfSmallNoMb
    -------------------------------------------------------------------------
<CODE> 1 (was CODE)
  Relative segment, address: 71E6 - 724D (0x68 bytes), align: 1
  Segment part 8.             Intra module refs:   _PrintfSmallNoMb
           LOCAL                   ADDRESS         
           =====                   =======         
           LoadInt                 71E6 
    -------------------------------------------------------------------------
<CODE> 1 (was CODE)
  Relative segment, address: 7F20 - 7F2B (0xc bytes), align: 1
  Segment part 9.             Intra module refs:   LoadInt
    -------------------------------------------------------------------------
<CODE> 1 (was CODE)
  Relative segment, address: 77F2 - 7827 (0x36 bytes), align: 1
  Segment part 10.            Intra module refs:   Segment part 7
           LOCAL                   ADDRESS         
           =====                   =======         
           pad                     77F2 
               calls direct
    -------------------------------------------------------------------------
<CODE> 1 (was CODE)
  Relative segment, address: 6A42 - 6B85 (0x144 bytes), align: 1
  Segment part 3.             Intra module refs:   _PrintfSmallNoMb
           LOCAL                   ADDRESS         
           =====                   =======         
           _LitobSmallNoMb         6A42 
               calls direct
    -------------------------------------------------------------------------
<CODE> 1 (was CODE)
  Relative segment, address: 796E - 7995 (0x28 bytes), align: 1
  Segment part 11.            Intra module refs:   _PrintfSmallNoMb
                                                   _PutcharsSmallNoMb
           LOCAL                   ADDRESS         
           =====                   =======         
           _PutcharSmallNoMb       796E 
               calls indirect
    -------------------------------------------------------------------------
<CODE> 1 (was CODE)
  Relative segment, address: 78EE - 7919 (0x2c bytes), align: 1
  Segment part 12.            Intra module refs:   Segment part 5
                                                   pad
           LOCAL                   ADDRESS         
           =====                   =======         
           _PutcharsSmallNoMb      78EE 
               calls direct
    -------------------------------------------------------------------------
DATA16_C
  Relative segment, address: 5C76 - 5C7B (0x6 bytes), align: 0
  Segment part 2.             Intra module refs:   _PrintfSmallNoMb

    -------------------------------------------------------------------------
  LIBRARY MODULE, NAME : ?xprout

  SEGMENTS IN THE MODULE
  ======================
<CODE> 1 (was CODE)
  Relative segment, address: 7D16 - 7D2D (0x18 bytes), align: 1
  Segment part 2.
           ENTRY                   ADDRESS         REF BY
           =====                   =======         ======
           _Prout                  7D16            printf (?printf)
               calls direct

    -------------------------------------------------------------------------
  LIBRARY MODULE, NAME : ?xxmemxfree

  SEGMENTS IN THE MODULE
  ======================
<CODE> 1 (was CODE)
  Relative segment, address: 6FA2 - 7027 (0x86 bytes), align: 1
  Segment part 2.
           ENTRY                   ADDRESS         REF BY
           =====                   =======         ======
           __data16_free           6FA2            __data16_findmem (?xxmemxmalloc)
                                                   operator delete(void *) (?delop_0)

    -------------------------------------------------------------------------
  LIBRARY MODULE, NAME : ?xxmemxmalloc

  SEGMENTS IN THE MODULE
  ======================
DATA16_Z
  Relative segment, address: 1C3C - 1C3F (0x4 bytes), align: 1
  Segment part 2.             Intra module refs:   __data16_findmem
                                                   __data16_malloc
           ENTRY                   ADDRESS         REF BY
           =====                   =======         ======
           __data16_Aldata         1C3C            __data16_free (?xxmemxfree)
    -------------------------------------------------------------------------
<CODE> 1 (was CODE)
  Relative segment, address: 731E - 7381 (0x64 bytes), align: 1
  Segment part 3.             Intra module refs:   __data16_malloc
           LOCAL                   ADDRESS         
           =====                   =======         
           __data16_findmem        731E 
               calls direct
    -------------------------------------------------------------------------
<CODE> 1 (was CODE)
  Relative segment, address: 710C - 7179 (0x6e bytes), align: 1
  Segment part 4.
           ENTRY                   ADDRESS         REF BY
           =====                   =======         ======
           __data16_malloc         710C            operator new(unsigned int) (?newop_0)
               calls direct




                ****************************************
                *                                      *
                *      SEGMENTS IN ADDRESS ORDER       *
                *                                      *
                ****************************************


SEGMENT              SPACE    START ADDRESS   END ADDRESS     SIZE  TYPE  ALIGN
=======              =====    =============   ===========     ====  ====  =====
DATA16_AN                              0100 - 0103               4   rel    0
                                       0120 - 0121               2 
                                       0124 - 0127               4 
                                       012C - 012D               2 
                                       015C - 015D               2 
                                       0168 - 016F               8 
                                       0200 - 0205               6 
                                       020A - 020B               2 
                                       021A - 021D               4 
                                       0220 - 0225               6 
                                       022A - 022B               2 
                                       0244 - 0245               2 
                                       024A - 024B               2 
                                       0262 - 0265               4 
                                       026A - 026B               2 
                                       0280 - 0285               6 
                                       028A - 028B               2 
                                       02A4 - 02A5               2 
                                       0340 - 0343               4 
                                       0352 - 0353               2 
                                       0380 - 0383               4 
                                       0392 - 0393               2 
                                       03C0 - 03C7               8 
                                       03D2 - 03D7               6 
                                       03EE - 03EF               2 
                                       05C0 - 05C1               2 
                                       05C6 - 05C8               3 
                                       05CC - 05CC               1 
                                       05CE - 05CE               1 
                                       05DC - 05DD               2 
                                       0600 - 0601               2 
                                       0606 - 0608               3 
                                       060C - 060C               1 
                                       060E - 060E               1 
                                       061C - 061D               2 
                                       0680 - 0681               2 
                                       0686 - 0688               3 
                                       068C - 068C               1 
                                       068E - 068E               1 
                                       069C - 069D               2 
DATA16_I                               1C00 - 1C01               2   rel    1
DATA16_Z                               1C02 - 2507             906   rel    1
DATA16_HEAP                            2508 - 3C77            1770   rel    1
DATA20_I                                  3C78                       rel    1
DATA20_Z                                  3C78                       rel    1
DATA20_N                                  3C78                       rel    1
CODE_I                                    3C78                       rel    1
CSTACK                                 4848 - 5BFF            13B8   rel    1
DATA16_C                               5C00 - 5C7B              7C   rel    1
DATA16_ID                              5C7C - 5C7D               2   rel    1
CSTART                                 5C7E - 5CAB              2E   rel    1
ISR_CODE                               5CAC - 603F             394   rel    1
<CODE> 1                               6040 - 8095            2056   rel    1
CODE_ID                                   8096                       rel    1
DATA20_ID                                 8096                       rel    1
DATA20_C                                  8096                       rel    1
INTVEC                                 FF80 - FFF9              7A   com    1
RESET                                  FFFE - FFFF               2   rel    1

                ****************************************
                *                                      *
                *        END OF CROSS REFERENCE        *
                *                                      *
                ****************************************

  9 364 bytes of CODE  memory
 13 360 bytes of DATA  memory (+ 117 absolute )
    126 bytes of CONST memory

Errors: none
Warnings: 1

