Warning[w6]: Type conflict for external/entry "sys_errorcode_runcode", in module uart_config against external/entry in module timer; different basic types
  /* In module uart_config: */
  bool sys_errorcode_runcode;
  /* In module timer: */
  unsigned int sys_errorcode_runcode;
################################################################################
#                                                                              #
#      IAR Universal Linker V6.5.4.100                                         #
#                                                                              #
#           Link time     =  23/Nov/2020  11:18:40                             #
#           Target CPU    =  MSP430                                            #
#           List file     =  \\Mac\Home\work\ETL\Debug\List\RTUtest_GP.map     #
#           Output file 1 =  \\Mac\Home\work\ETL\Debug\Exe\RTUtest_GP.d43      #
#                            Format: ubrof10                                   #
#                            UBROF version 10.0.6                              #
#                            Using library modules for C-SPY (-rt)             #
#           Command line  =  -f C:\Users\83797\AppData\Local\Temp\EW75.tmp     #
#                            (\\Mac\Home\work\ETL\Debug\Obj\adc10_a.r43        #
#                            \\Mac\Home\work\ETL\Debug\Obj\adc12_a.r43         #
#                            \\Mac\Home\work\ETL\Debug\Obj\aes.r43             #
#                            \\Mac\Home\work\ETL\Debug\Obj\battbak.r43         #
#                            \\Mac\Home\work\ETL\Debug\Obj\common.r43          #
#                            \\Mac\Home\work\ETL\Debug\Obj\comp_b.r43          #
#                            \\Mac\Home\work\ETL\Debug\Obj\Console.r43         #
#                            \\Mac\Home\work\ETL\Debug\Obj\crc.r43             #
#                            \\Mac\Home\work\ETL\Debug\Obj\cstartup.r43        #
#                            \\Mac\Home\work\ETL\Debug\Obj\ctsd16.r43          #
#                            \\Mac\Home\work\ETL\Debug\Obj\dac12_a.r43         #
#                            \\Mac\Home\work\ETL\Debug\Obj\datapage.r43        #
#                            \\Mac\Home\work\ETL\Debug\Obj\debug.r43           #
#                            \\Mac\Home\work\ETL\Debug\Obj\dma.r43             #
#                            \\Mac\Home\work\ETL\Debug\Obj\dualpool.r43        #
#                            \\Mac\Home\work\ETL\Debug\Obj\etl.r43             #
#                            \\Mac\Home\work\ETL\Debug\Obj\etltest.r43         #
#                            \\Mac\Home\work\ETL\Debug\Obj\eusci_a_spi.r43     #
#                            \\Mac\Home\work\ETL\Debug\Obj\eusci_a_uart.r43    #
#                            \\Mac\Home\work\ETL\Debug\Obj\eusci_b_i2c.r43     #
#                            \\Mac\Home\work\ETL\Debug\Obj\eusci_b_spi.r43     #
#                            \\Mac\Home\work\ETL\Debug\Obj\flashctl.r43        #
#                            \\Mac\Home\work\ETL\Debug\Obj\gpio.r43            #
#                            \\Mac\Home\work\ETL\Debug\Obj\infopage.r43        #
#                            \\Mac\Home\work\ETL\Debug\Obj\lcd_b.r43           #
#                            \\Mac\Home\work\ETL\Debug\Obj\lcd_c.r43           #
#                            \\Mac\Home\work\ETL\Debug\Obj\ldopwr.r43          #
#                            \\Mac\Home\work\ETL\Debug\Obj\led.r43             #
#                            \\Mac\Home\work\ETL\Debug\Obj\lowpower.r43        #
#                            \\Mac\Home\work\ETL\Debug\Obj\main.r43            #
#                            \\Mac\Home\work\ETL\Debug\Obj\mpy32.r43           #
#                            \\Mac\Home\work\ETL\Debug\Obj\oa.r43              #
#                            \\Mac\Home\work\ETL\Debug\Obj\pmap.r43            #
#                            \\Mac\Home\work\ETL\Debug\Obj\pmm.r43             #
#                            \\Mac\Home\work\ETL\Debug\Obj\ram.r43             #
#                            \\Mac\Home\work\ETL\Debug\Obj\ref.r43             #
#                            \\Mac\Home\work\ETL\Debug\Obj\rom.r43             #
#                            \\Mac\Home\work\ETL\Debug\Obj\rtc.r43             #
#                            \\Mac\Home\work\ETL\Debug\Obj\rtc_a.r43           #
#                            \\Mac\Home\work\ETL\Debug\Obj\rtc_b.r43           #
#                            \\Mac\Home\work\ETL\Debug\Obj\rtc_c.r43           #
#                            \\Mac\Home\work\ETL\Debug\Obj\sd24_b.r43          #
#                            \\Mac\Home\work\ETL\Debug\Obj\sfr.r43             #
#                            \\Mac\Home\work\ETL\Debug\Obj\sys_status.r43      #
#                            \\Mac\Home\work\ETL\Debug\Obj\sysctl.r43          #
#                            \\Mac\Home\work\ETL\Debug\Obj\tec.r43             #
#                            \\Mac\Home\work\ETL\Debug\Obj\timer.r43           #
#                            \\Mac\Home\work\ETL\Debug\Obj\timer_a.r43         #
#                            \\Mac\Home\work\ETL\Debug\Obj\timer_b.r43         #
#                            \\Mac\Home\work\ETL\Debug\Obj\timer_d.r43         #
#                            \\Mac\Home\work\ETL\Debug\Obj\tlv.r43             #
#                            \\Mac\Home\work\ETL\Debug\Obj\tool.r43            #
#                            \\Mac\Home\work\ETL\Debug\Obj\uart0.r43           #
#                            \\Mac\Home\work\ETL\Debug\Obj\uart1.r43           #
#                            \\Mac\Home\work\ETL\Debug\Obj\uart3.r43           #
#                            \\Mac\Home\work\ETL\Debug\Obj\uart_config.r43     #
#                            \\Mac\Home\work\ETL\Debug\Obj\ucs.r43             #
#                            \\Mac\Home\work\ETL\Debug\Obj\usci_a_spi.r43      #
#                            \\Mac\Home\work\ETL\Debug\Obj\usci_a_uart.r43     #
#                            \\Mac\Home\work\ETL\Debug\Obj\usci_b_i2c.r43      #
#                            \\Mac\Home\work\ETL\Debug\Obj\usci_b_spi.r43      #
#                            \\Mac\Home\work\ETL\Debug\Obj\wdt_a.r43 -o        #
#                            \\Mac\Home\work\ETL\Debug\Exe\RTUtest_GP.d43 -l   #
#                            \\Mac\Home\work\ETL\Debug\List\RTUtest_GP.map     #
#                            -xms                                              #
#                            "-IC:\Program Files (x86)\IAR Systems\Embedded Wo #
#                            rkbench 8.0\430\LIB\"                             #
#                            -f                                                #
#                            "C:\Program Files (x86)\IAR Systems\Embedded Work #
#                            bench 8.0\430\config\linker\lnk430f5438a.xcl"     #
#                            (-cmsp430 -D?CPU30_OFFSET=2 -QCODE_I=CODE_ID      #
#                            -QTLS16_I=TLS16_ID -D__iar_HWMUL=4C0              #
#                            -Z(CONST)INFO=1800-19FF                           #
#                            -Z(CONST)INFOA=1980-19FF                          #
#                            -Z(CONST)INFOB=1900-197F                          #
#                            -Z(CONST)INFOC=1880-18FF                          #
#                            -Z(CONST)INFOD=1800-187F                          #
#                            -Z(DATA)DATA16_I,DATA16_Z,DATA16_N,TLS16_I=1C00-5 #
#                            BFF                                               #
#                            -Z(DATA)DATA16_HEAP+_DATA16_HEAP_SIZE             #
#                            -Z(DATA)CODE_I                                    #
#                            -Z(DATA)DATA20_I,DATA20_Z,DATA20_N,DATA20_HEAP+_D #
#                            ATA20_HEAP_SIZE                                   #
#                            -Z(DATA)CSTACK+_STACK_SIZE#                       #
#                            -Z(CONST)DATA16_C,DATA16_ID,TLS16_ID,DIFUNCT,CHEC #
#                            KSUM=5C00-FF7F                                    #
#                            -Z(CODE)CSTART,ISR_CODE,CODE16=5C00-FF7F          #
#                            -P(CODE)CODE=5C00-FF7F,10000-45BFF                #
#                            -Z(CONST)DATA20_C,DATA20_ID,CODE_ID=5C00-FF7F,100 #
#                            40-45BFF                                          #
#                            -Z(CODE)INTVEC=FF80-FFFF                          #
#                            -Z(CODE)RESET=FFFE-FFFF) -f                       #
#                            "C:\Program Files (x86)\IAR Systems\Embedded Work #
#                            bench 8.0\430\config\linker\multiplier32.xcl"     #
#                            (-e?Mul8Hw=?Mul8 -e?Mul16Hw=?Mul16                #
#                            -e?Mul16to32uHw=?Mul16to32u                       #
#                            -e?Mul16to32sHw=?Mul16to32s -e?Mul32Hw32=?Mul32   #
#                            -e?Mul64Hw32=_Mul64i                              #
#                            -e?Mul32u32uto64iHw32=_Mul32u32uto64i             #
#                            -e?Mul32fHw32=_Mul32f                             #
#                            -e_Mul64fHw32Ptr=_Mul64fPtr) -D_STACK_SIZE=7D0    #
#                            -rt                                               #
#                            "C:\Program Files (x86)\IAR Systems\Embedded Work #
#                            bench 8.0\430\lib\dlib\dl430xlsfn.r43"            #
#                            -D_DATA16_HEAP_SIZE=2AF8 -s __program_start       #
#                            -D_DATA20_HEAP_SIZE=50)                           #
#                                                                              #
#                           Copyright (C) 1987-2018 IAR Systems AB.            #
################################################################################





                ****************************************
                *                                      *
                *           CROSS REFERENCE            *
                *                                      *
                ****************************************

       Program entry at :           5F7E  Relocatable, from module : ?cstart




                ****************************************
                *                                      *
                *            RUNTIME MODEL             *
                *                                      *
                ****************************************

  __Heap_Handler             = Basic
  __SystemLibrary            = DLib
  __code_model               = large
  __core                     = 430X
  __data_model               = small
  __dlib_file_descriptor     = 0
  __dlib_full_locale_support = 0
  __double_size              = 32
  __pic                      = no
  __reg_r4                   = free
  __reg_r5                   = free
  __rt_version               = 3

                ****************************************
                *                                      *
                *    AUTOMATIC SYMBOL REDIRECTIONS     *
                *                                      *
                ****************************************

       All references to: _Printf
         were redirected to: _PrintfSmallNoMb



                ****************************************
                *                                      *
                *              MODULE MAP              *
                *                                      *
                ****************************************


  DEFINED ABSOLUTE ENTRIES
    *************************************************************************

  DEFINED ABSOLUTE ENTRIES
  PROGRAM MODULE, NAME : ?ABS_ENTRY_MOD

Absolute parts
           ENTRY                   ADDRESS         REF BY
           =====                   =======         ======
           _DATA20_HEAP_SIZE       0050 
           _DATA16_HEAP_SIZE       2AF8 
           _STACK_SIZE             07D0 
           __iar_HWMUL             04C0            ETL::ReadDataPage(int, DataPage *) (etl)
                                                   ETL::Write(unsigned long long, char const *, int) (etl)
                                                   ETL::WriteDataPage(int, DataPage *) (etl)
                                                   Segment part 1 (?Mul8Hw)
           ?CPU30_OFFSET           0002 
    *************************************************************************

  FILE NAME : \\Mac\Home\work\ETL\Debug\Obj\adc10_a.r43
    *************************************************************************

  FILE NAME : \\Mac\Home\work\ETL\Debug\Obj\adc12_a.r43
    *************************************************************************

  FILE NAME : \\Mac\Home\work\ETL\Debug\Obj\aes.r43
    *************************************************************************

  FILE NAME : \\Mac\Home\work\ETL\Debug\Obj\battbak.r43
    *************************************************************************

  FILE NAME : \\Mac\Home\work\ETL\Debug\Obj\common.r43
  PROGRAM MODULE, NAME : common

  SEGMENTS IN THE MODULE
  ======================
DATA16_AN
  Relative segment, address: 021A - 021B (0x2 bytes), align: 0
  Segment part 1. ROOT        Intra module refs:   Restart_Init() (main)
           ENTRY                   ADDRESS         REF BY
           =====                   =======         ======
           _A_PAIE_L               021A 
           LOCAL                   ADDRESS         
           =====                   =======         
           PAIE                    021A 
           PAIE_H                  021B 
           PAIE_L                  021A 
    -------------------------------------------------------------------------
DATA16_AN
  Relative segment, address: 021C - 021D (0x2 bytes), align: 0
  Segment part 2. ROOT 
           ENTRY                   ADDRESS         REF BY
           =====                   =======         ======
           _A_PAIFG_L              021C 
           LOCAL                   ADDRESS         
           =====                   =======         
           PAIFG                   021C 
           PAIFG_H                 021D 
           PAIFG_L                 021C 
    -------------------------------------------------------------------------
DATA16_AN
  Relative segment, address: 024A - 024B (0x2 bytes), align: 0
  Segment part 3. ROOT        Intra module refs:   Clock_Init()
           ENTRY                   ADDRESS         REF BY
           =====                   =======         ======
           _A_PCSEL_L              024A 
           LOCAL                   ADDRESS         
           =====                   =======         
           PCSEL                   024A 
           PCSEL_H                 024B 
           PCSEL_L                 024A 
    -------------------------------------------------------------------------
DATA16_AN
  Relative segment, address: 0262 - 0263 (0x2 bytes), align: 0
  Segment part 4. ROOT        Intra module refs:   Clear_ExternWatchdog()
                                                   Restart_Init() (main)
                                                   TimerB_Init(unsigned int) (timer)
           ENTRY                   ADDRESS         REF BY
           =====                   =======         ======
           _A_PDOUT_L              0262 
           LOCAL                   ADDRESS         
           =====                   =======         
           PDOUT                   0262 
           PDOUT_H                 0263 
           PDOUT_L                 0262 
    -------------------------------------------------------------------------
DATA16_AN
  Relative segment, address: 026A - 026B (0x2 bytes), align: 0
  Segment part 5. ROOT        Intra module refs:   Clock_Init()
           ENTRY                   ADDRESS         REF BY
           =====                   =======         ======
           _A_PDSEL_L              026A 
           LOCAL                   ADDRESS         
           =====                   =======         
           PDSEL                   026A 
           PDSEL_H                 026B 
           PDSEL_L                 026A 
    -------------------------------------------------------------------------
DATA16_AN
  Relative segment, address: 0282 - 0283 (0x2 bytes), align: 0
  Segment part 6. ROOT        Intra module refs:   IIC_SCL_HIGH() (rtc)
                                                   IIC_SCL_LOW() (rtc)
                                                   IIC_SDA_HIGH() (rtc)
                                                   IIC_SDA_LOW() (rtc)
                                                   Max3222_Open()
                                                   Restart_Init() (main)
           ENTRY                   ADDRESS         REF BY
           =====                   =======         ======
           _A_PEOUT_L              0282 
           LOCAL                   ADDRESS         
           =====                   =======         
           PEOUT                   0282 
           PEOUT_H                 0283 
           PEOUT_L                 0282 
    -------------------------------------------------------------------------
DATA16_AN
  Relative segment, address: 0284 - 0285 (0x2 bytes), align: 0
  Segment part 7. ROOT        Intra module refs:   IIC_Send_Byte(unsigned char) (rtc)
                                                   IIC_Start() (rtc)
                                                   IIC_Stop() (rtc)
                                                   IIC_Wait_Ack() (rtc)
                                                   Max3222_Open()
                                                   RTC_Open() (rtc)
                                                   Restart_Init() (main)
                                                   UART3_Open(int) (uart3)
           ENTRY                   ADDRESS         REF BY
           =====                   =======         ======
           _A_PEDIR_L              0284 
           LOCAL                   ADDRESS         
           =====                   =======         
           PEDIR                   0284 
           PEDIR_H                 0285 
           PEDIR_L                 0284 
    -------------------------------------------------------------------------
DATA16_AN
  Relative segment, address: 0120 - 0121 (0x2 bytes), align: 0
  Segment part 8. ROOT        Intra module refs:   Set_Vcore(unsigned int)
           ENTRY                   ADDRESS         REF BY
           =====                   =======         ======
           _A_PMMCTL0_L            0120 
           LOCAL                   ADDRESS         
           =====                   =======         
           PMMCTL0                 0120 
           PMMCTL0_H               0121 
           PMMCTL0_L               0120 
    -------------------------------------------------------------------------
DATA16_AN
  Relative segment, address: 0124 - 0125 (0x2 bytes), align: 0
  Segment part 9. ROOT        Intra module refs:   Set_Vcore(unsigned int)
           ENTRY                   ADDRESS         REF BY
           =====                   =======         ======
           _A_SVSMHCTL_L           0124 
           LOCAL                   ADDRESS         
           =====                   =======         
           SVSMHCTL                0124 
           SVSMHCTL_H              0125 
           SVSMHCTL_L              0124 
    -------------------------------------------------------------------------
DATA16_AN
  Relative segment, address: 0126 - 0127 (0x2 bytes), align: 0
  Segment part 10. ROOT       Intra module refs:   Set_Vcore(unsigned int)
           ENTRY                   ADDRESS         REF BY
           =====                   =======         ======
           _A_SVSMLCTL_L           0126 
           LOCAL                   ADDRESS         
           =====                   =======         
           SVSMLCTL                0126 
           SVSMLCTL_H              0127 
           SVSMLCTL_L              0126 
    -------------------------------------------------------------------------
DATA16_AN
  Relative segment, address: 012C - 012D (0x2 bytes), align: 0
  Segment part 11. ROOT       Intra module refs:   Set_Vcore(unsigned int)
           ENTRY                   ADDRESS         REF BY
           =====                   =======         ======
           _A_PMMIFG_L             012C 
           LOCAL                   ADDRESS         
           =====                   =======         
           PMMIFG                  012C 
           PMMIFG_H                012D 
           PMMIFG_L                012C 
    -------------------------------------------------------------------------
DATA16_AN
  Relative segment, address: 0102 - 0103 (0x2 bytes), align: 0
  Segment part 12. ROOT       Intra module refs:   Clock_ACLK_DIV(int)
                                                   Clock_Init()
                                                   Clock_SMCLK_DIV(int)
           ENTRY                   ADDRESS         REF BY
           =====                   =======         ======
           _A_SFRIFG1_L            0102 
           LOCAL                   ADDRESS         
           =====                   =======         
           SFRIFG1                 0102 
           SFRIFG1_H               0103 
           SFRIFG1_L               0102 
    -------------------------------------------------------------------------
DATA16_AN
  Relative segment, address: 0168 - 0169 (0x2 bytes), align: 0
  Segment part 13. ROOT       Intra module refs:   Clock_Init()
           ENTRY                   ADDRESS         REF BY
           =====                   =======         ======
           _A_UCSCTL4_L            0168 
           LOCAL                   ADDRESS         
           =====                   =======         
           UCSCTL4                 0168 
           UCSCTL4_H               0169 
           UCSCTL4_L               0168 
    -------------------------------------------------------------------------
DATA16_AN
  Relative segment, address: 016A - 016B (0x2 bytes), align: 0
  Segment part 14. ROOT       Intra module refs:   Clock_ACLK_DIV(int)
                                                   Clock_SMCLK_DIV(int)
           ENTRY                   ADDRESS         REF BY
           =====                   =======         ======
           _A_UCSCTL5_L            016A 
           LOCAL                   ADDRESS         
           =====                   =======         
           UCSCTL5                 016A 
           UCSCTL5_H               016B 
           UCSCTL5_L               016A 
    -------------------------------------------------------------------------
DATA16_AN
  Relative segment, address: 016C - 016D (0x2 bytes), align: 0
  Segment part 15. ROOT       Intra module refs:   Clock_Init()
           ENTRY                   ADDRESS         REF BY
           =====                   =======         ======
           _A_UCSCTL6_L            016C 
           LOCAL                   ADDRESS         
           =====                   =======         
           UCSCTL6                 016C 
           UCSCTL6_H               016D 
           UCSCTL6_L               016C 
    -------------------------------------------------------------------------
DATA16_AN
  Relative segment, address: 016E - 016F (0x2 bytes), align: 0
  Segment part 16. ROOT       Intra module refs:   Clock_Init()
           ENTRY                   ADDRESS         REF BY
           =====                   =======         ======
           _A_UCSCTL7_L            016E 
           LOCAL                   ADDRESS         
           =====                   =======         
           UCSCTL7                 016E 
           UCSCTL7_H               016F 
           UCSCTL7_L               016E 
    -------------------------------------------------------------------------
DATA16_AN
  Relative segment, address: 015C - 015D (0x2 bytes), align: 0
  Segment part 17. ROOT       Intra module refs:   Clock_Init()
                                                   System_Reset()
                                                   WatchDog_Clear() (timer)
                                                   WatchDog_Init() (timer)
           ENTRY                   ADDRESS         REF BY
           =====                   =======         ======
           _A_WDTCTL_L             015C 
           LOCAL                   ADDRESS         
           =====                   =======         
           WDTCTL                  015C 
           WDTCTL_H                015D 
           WDTCTL_L                015C 
    -------------------------------------------------------------------------
DATA16_Z
  Relative segment, address: 1C02 - 1C03 (0x2 bytes), align: 1
  Segment part 36.            Intra module refs:   TraceFunctionLine(char const *, int)
                                                   TraceMsgFuncLine(char *, int, char const *, int)
                                                   TraceOpen()
           ENTRY                   ADDRESS         REF BY
           =====                   =======         ======
           trace_open              1C02 
    -------------------------------------------------------------------------
DATA16_Z
  Relative segment, address: 1C04 - 1C05 (0x2 bytes), align: 1
  Segment part 37.            Intra module refs:   System_Delayms(unsigned int)
           LOCAL                   ADDRESS         
           =====                   =======         
           s_clock                 1C04 
    -------------------------------------------------------------------------
DATA16_Z
  Relative segment, address: 1C06 - 1C07 (0x2 bytes), align: 1
  Segment part 38.            Intra module refs:   DownInt()
                                                   UpInt()
           LOCAL                   ADDRESS         
           =====                   =======         
           _int                    1C06 
    -------------------------------------------------------------------------
DATA16_Z
  Relative segment, address: 1C08 - 1C09 (0x2 bytes), align: 1
  Segment part 39.            Intra module refs:   Clear_ExternWatchdog()
           LOCAL                   ADDRESS         
           =====                   =======         
           s_reset_pin             1C08 
    -------------------------------------------------------------------------
<CODE> 1 (was CODE)
  Relative segment, address: 9C72 - 9C7F (0xe bytes), align: 1
  Segment part 40.
           ENTRY                   ADDRESS         REF BY
           =====                   =======         ======
           TraceOpen()             9C72            Main_Init() (main)
               calls direct
    -------------------------------------------------------------------------
<CODE> 1 (was CODE)
  Relative segment, address: 97B4 - 97D3 (0x20 bytes), align: 1
  Segment part 41.            Intra module refs:   TraceMsgFuncLine(char *, int, char const *, int)
           ENTRY                   ADDRESS         REF BY
           =====                   =======         ======
           TraceFunctionLine(char const *, int)
                                   97B4 
               calls direct
    -------------------------------------------------------------------------
<CODE> 1 (was CODE)
  Relative segment, address: 92BE - 92EF (0x32 bytes), align: 1
  Segment part 43.            Intra module refs:   System_Reset()
           ENTRY                   ADDRESS         REF BY
           =====                   =======         ======
           TraceMsgFuncLine(char *, int, char const *, int)
                                   92BE            main (main)
               calls direct
    -------------------------------------------------------------------------
<CODE> 1 (was CODE)
  Relative segment, address: 910E - 9145 (0x38 bytes), align: 1
  Segment part 51.            Intra module refs:   Clock_Init()
                                                   System_Reset()
           ENTRY                   ADDRESS         REF BY
           =====                   =======         ======
           System_Delayms(unsigned int)
                                   910E            I2C_STOP() (rom)
                                                   Led_Round() (led)
                                                   RTC_Open() (rtc)
                                                   UART3_Send(char *, int, int) (uart3)
                                                   main (main)
    -------------------------------------------------------------------------
<CODE> 1 (was CODE)
  Relative segment, address: 9D9C - 9DA5 (0xa bytes), align: 1
  Segment part 53.
           ENTRY                   ADDRESS         REF BY
           =====                   =======         ======
           DownInt()               9D9C            ROM_ReadByte(unsigned long long, char *) (rom)
                                                   ROM_WriteByte(unsigned long long, char) (rom)
                                                   RTC_Open() (rtc)
                                                   UART3_ClearBuffer() (uart3)
    -------------------------------------------------------------------------
<CODE> 1 (was CODE)
  Relative segment, address: 99EE - 9A05 (0x18 bytes), align: 1
  Segment part 54.
           ENTRY                   ADDRESS         REF BY
           =====                   =======         ======
           UpInt()                 99EE            ROM_ReadByte(unsigned long long, char *) (rom)
                                                   ROM_WriteByte(unsigned long long, char) (rom)
                                                   RTC_Open() (rtc)
                                                   UART3_ClearBuffer() (uart3)
    -------------------------------------------------------------------------
<CODE> 1 (was CODE)
  Relative segment, address: 9E9E - 9EA3 (0x6 bytes), align: 1
  Segment part 58.
           ENTRY                   ADDRESS         REF BY
           =====                   =======         ======
           EnInt()                 9E9E            Main_Init() (main)
    -------------------------------------------------------------------------
<CODE> 1 (was CODE)
  Relative segment, address: 9C8E - 9C9B (0xe bytes), align: 1
  Segment part 59.
           ENTRY                   ADDRESS         REF BY
           =====                   =======         ======
           Max3222_Open()          9C8E            main (main)
    -------------------------------------------------------------------------
<CODE> 1 (was CODE)
  Relative segment, address: 9754 - 9773 (0x20 bytes), align: 1
  Segment part 61.
           ENTRY                   ADDRESS         REF BY
           =====                   =======         ======
           System_Reset()          9754            TIMERB1_ISR() (timer)
               calls direct
    -------------------------------------------------------------------------
<CODE> 1 (was CODE)
  Relative segment, address: 83F0 - 8457 (0x68 bytes), align: 1
  Segment part 62.            Intra module refs:   Clock_Init()
           ENTRY                   ADDRESS         REF BY
           =====                   =======         ======
           Clock_SMCLK_DIV(int)    83F0 
    -------------------------------------------------------------------------
<CODE> 1 (was CODE)
  Relative segment, address: 8458 - 84BF (0x68 bytes), align: 1
  Segment part 63.            Intra module refs:   Clock_Init()
           ENTRY                   ADDRESS         REF BY
           =====                   =======         ======
           Clock_ACLK_DIV(int)     8458 
    -------------------------------------------------------------------------
<CODE> 1 (was CODE)
  Relative segment, address: 8A9E - 8AF3 (0x56 bytes), align: 1
  Segment part 64.            Intra module refs:   Clock_Init()
           ENTRY                   ADDRESS         REF BY
           =====                   =======         ======
           Set_Vcore(unsigned int)
                                   8A9E 
    -------------------------------------------------------------------------
<CODE> 1 (was CODE)
  Relative segment, address: 8884 - 88DF (0x5c bytes), align: 1
  Segment part 65.
           ENTRY                   ADDRESS         REF BY
           =====                   =======         ======
           Clock_Init()            8884            Restart_Init() (main)
               calls direct
    -------------------------------------------------------------------------
<CODE> 1 (was CODE)
  Relative segment, address: 9A1E - 9A33 (0x16 bytes), align: 1
  Segment part 72.
           ENTRY                   ADDRESS         REF BY
           =====                   =======         ======
           Utility_Strlen(char *)
                                   9A1E            Console_WriteString(char *) (Console)
                                                   Console_WriteStringln(char *) (Console)
    -------------------------------------------------------------------------
<CODE> 1 (was CODE)
  Relative segment, address: 831C - 8387 (0x6c bytes), align: 1
  Segment part 45.
           ENTRY                   ADDRESS         REF BY
           =====                   =======         ======
           Utility_UintToStr4(unsigned int, char *)
                                   831C            Console_WriteInt(int) (Console)
               calls direct
    -------------------------------------------------------------------------
<CODE> 1 (was CODE)
  Relative segment, address: 9814 - 9831 (0x1e bytes), align: 1
  Segment part 95.
           ENTRY                   ADDRESS         REF BY
           =====                   =======         ======
           Clear_ExternWatchdog()
                                   9814            TIMERB1_ISR() (timer)
    -------------------------------------------------------------------------
DATA16_C
  Relative segment, address: 5C1C - 5C1D (0x2 bytes), align: 0
  Segment part 19.            Intra module refs:   TraceFunctionLine(char const *, int)
    -------------------------------------------------------------------------
DATA16_C
  Relative segment, address: 5C1E - 5C2A (0xd bytes), align: 0
  Segment part 21.            Intra module refs:   System_Reset()
           LOCAL                   ADDRESS         
           =====                   =======         
           System_Reset()::__FUNCTION__
                                   5C1E 
    -------------------------------------------------------------------------
DATA16_C
  Relative segment, address: 5C2B - 5C37 (0xd bytes), align: 0
  Segment part 22.            Intra module refs:   System_Reset()

    *************************************************************************

  FILE NAME : \\Mac\Home\work\ETL\Debug\Obj\comp_b.r43
    *************************************************************************

  FILE NAME : \\Mac\Home\work\ETL\Debug\Obj\Console.r43
  PROGRAM MODULE, NAME : Console

  SEGMENTS IN THE MODULE
  ======================
<CODE> 1 (was CODE)
  Relative segment, address: 9EF4 - 9EF7 (0x4 bytes), align: 1
  Segment part 4.             Intra module refs:   DataPage::~DataPage() (etl)
                                                   ETL::InitialPhysicalPages() (etl)
                                                   ETL::ReadDataPage(int, DataPage *) (etl)
                                                   ETL::WriteDataPage(int, DataPage *) (etl)
                                                   Tool::SwapMemory(void *, void *, unsigned int) (tool)
           ENTRY                   ADDRESS         REF BY
           =====                   =======         ======
           free                    9EF4 
               calls direct
    -------------------------------------------------------------------------
<CODE> 1 (was CODE)
  Relative segment, address: 9F28 - 9F2B (0x4 bytes), align: 1
  Segment part 5.             Intra module refs:   Tool::SwapMemory(void *, void *, unsigned int) (tool)
           ENTRY                   ADDRESS         REF BY
           =====                   =======         ======
           malloc                  9F28 
               calls direct
    -------------------------------------------------------------------------
<CODE> 1 (was CODE)
  Relative segment, address: 9DD8 - 9DE1 (0xa bytes), align: 1
  Segment part 6.
           ENTRY                   ADDRESS         REF BY
           =====                   =======         ======
           Console_Open()          9DD8            Restart_Init() (main)
                                                   TraceOpen() (common)
               calls direct
    -------------------------------------------------------------------------
<CODE> 1 (was CODE)
  Relative segment, address: 9E78 - 9E7F (0x8 bytes), align: 1
  Segment part 7.
           ENTRY                   ADDRESS         REF BY
           =====                   =======         ======
           Console_Close()         9E78            TraceOpen() (common)
               calls direct
    -------------------------------------------------------------------------
<CODE> 1 (was CODE)
  Relative segment, address: 9686 - 96A9 (0x24 bytes), align: 1
  Segment part 11.
           ENTRY                   ADDRESS         REF BY
           =====                   =======         ======
           Console_WriteString(char *)
                                   9686            TraceFunctionLine(char const *, int) (common)
                                                   TraceMsgFuncLine(char *, int, char const *, int) (common)
               calls direct
    -------------------------------------------------------------------------
<CODE> 1 (was CODE)
  Relative segment, address: 961A - 963D (0x24 bytes), align: 1
  Segment part 9.
           ENTRY                   ADDRESS         REF BY
           =====                   =======         ======
           Console_WriteStringln(char *)
                                   961A            TraceMsgFuncLine(char *, int, char const *, int) (common)
               calls direct
    -------------------------------------------------------------------------
<CODE> 1 (was CODE)
  Relative segment, address: 9AC8 - 9ADB (0x14 bytes), align: 1
  Segment part 8.             Intra module refs:   Console_WriteInt(int)
           ENTRY                   ADDRESS         REF BY
           =====                   =======         ======
           Console_WriteBytesln(char *, int)
                                   9AC8 
               calls direct
    -------------------------------------------------------------------------
<CODE> 1 (was CODE)
  Relative segment, address: 9942 - 995B (0x1a bytes), align: 1
  Segment part 13.
           ENTRY                   ADDRESS         REF BY
           =====                   =======         ======
           Console_WriteInt(int)   9942            TraceFunctionLine(char const *, int) (common)
               calls direct

    *************************************************************************

  FILE NAME : \\Mac\Home\work\ETL\Debug\Obj\crc.r43
    *************************************************************************

  FILE NAME : \\Mac\Home\work\ETL\Debug\Obj\cstartup.r43
  LIBRARY MODULE, NAME : ?cstart

Absolute parts
           LOCAL                   ADDRESS         
           =====                   =======         
           __MSP430F5212__         0000 
  SEGMENTS IN THE MODULE
  ======================
CSTACK
  Relative segment, address: 5430, align: 1
  Segment part 1.
    -------------------------------------------------------------------------
DATA16_Z
  Relative segment, address: 1C0A, align: 1
  Segment part 2.
    -------------------------------------------------------------------------
DATA16_I
  Relative segment, address: 1C00, align: 1
  Segment part 3.
    -------------------------------------------------------------------------
DATA16_ID
  Relative segment, address: 5F7C, align: 1
  Segment part 4.
    -------------------------------------------------------------------------
CODE_I
  Relative segment, address: 5002, align: 1
  Segment part 5.
    -------------------------------------------------------------------------
CODE_ID
  Relative segment, address: 9FAA, align: 1
  Segment part 6.
    -------------------------------------------------------------------------
DATA20_Z
  Relative segment, address: 5002, align: 1
  Segment part 7.
    -------------------------------------------------------------------------
DATA20_I
  Relative segment, address: 5002, align: 1
  Segment part 8.
    -------------------------------------------------------------------------
DATA20_ID
  Relative segment, address: 9FAA, align: 1
  Segment part 9.
    -------------------------------------------------------------------------
DATA20_C
  Relative segment, address: 9FAA, align: 1
  Segment part 10.
    -------------------------------------------------------------------------
DATA20_N
  Relative segment, address: 5002, align: 1
  Segment part 12.
    -------------------------------------------------------------------------
CSTART
  Relative segment, address: 5F7E - 5F87 (0xa bytes), align: 1
  Segment part 15.
           ENTRY                   ADDRESS         REF BY
           =====                   =======         ======
           __program_start         5F7E            ?reset_vector (?reset_vector)
                                                   Absolute parts (?ABS_ENTRY_MOD)
           ?cstart_begin           5F7E 
    -------------------------------------------------------------------------
CSTART
  Relative segment, address: 5F88 - 5F93 (0xc bytes), align: 1
  Segment part 20.
           ENTRY                   ADDRESS         REF BY
           =====                   =======         ======
           ?cstart_init_zero       5F88            IsGetInput (uart0)
                                                   Is_RS485_1 (main)
                                                   Is_uart1_RX_INT (main)
                                                   Is_uart3_RX_INT (uart3)
                                                   Segment part 2 (?xgetmemchunk)
                                                   UART0_Rx_BufLen (uart0)
                                                   UART0_Rx_Buffer (uart0)
                                                   UART0_Rx_INTIndex (uart0)
                                                   UART0_Rx_INTLen (uart0)
                                                   UART1_Rx_BufLen (uart1)
                                                   UART1_Rx_Buffer (uart1)
                                                   UART1_Rx_INTIndex (uart1)
                                                   UART1_Rx_INTLen (uart1)
                                                   UART3_Rx_BufLen (uart3)
                                                   UART3_Rx_Buffer (uart3)
                                                   UART3_Rx_INTIndex (uart3)
                                                   UART3_Rx_INTLen (uart3)
                                                   UART3_Rx_RecvIndex (uart3)
                                                   UART3_Tx_Buf (uart3)
                                                   UART3_Tx_Flag (uart3)
                                                   UART3_Tx_Len (uart3)
                                                   __data16_Aldata (?xxmemxmalloc)
                                                   __iar_New_hand (?new)
                                                   _int (common)
                                                   etl (etltest)
                                                   s_ClockTicks (timer)
                                                   s_clock (common)
                                                   s_reset_count (timer)
                                                   s_reset_pin (common)
                                                   s_uart1_type (uart1)
                                                   s_uart3_type (uart3)
                                                   trace_open (common)
    -------------------------------------------------------------------------
CSTART
  Relative segment, address: 5F94 - 5FA3 (0x10 bytes), align: 1
  Segment part 21.
           ENTRY                   ADDRESS         REF BY
           =====                   =======         ======
           ?cstart_init_copy       5F94            Opened (main)
    -------------------------------------------------------------------------
CSTART
  Relative segment, address: 5FA4 - 5FAB (0x8 bytes), align: 1
  Segment part 27.            Intra module refs:   Segment part 15
           ENTRY                   ADDRESS         REF BY
           =====                   =======         ======
           ?cstart_call_main       5FA4 
           ?cstart_end             5FAC 
    -------------------------------------------------------------------------
CODE_ID
  Relative segment, address: 9FAA, align: 1
  Segment part 28.            Intra module refs:   Segment part 5

    -------------------------------------------------------------------------
  LIBRARY MODULE, NAME : ?reset_vector

  SEGMENTS IN THE MODULE
  ======================
RESET
  Relative segment, address: FFFE - FFFF (0x2 bytes), align: 1
  Segment part 0.
           ENTRY                   ADDRESS         REF BY
           =====                   =======         ======
           ?reset_vector           FFFE            Segment part 15 (?cstart)

    *************************************************************************

  FILE NAME : \\Mac\Home\work\ETL\Debug\Obj\ctsd16.r43
    *************************************************************************

  FILE NAME : \\Mac\Home\work\ETL\Debug\Obj\dac12_a.r43
    *************************************************************************

  FILE NAME : \\Mac\Home\work\ETL\Debug\Obj\datapage.r43
    *************************************************************************

  FILE NAME : \\Mac\Home\work\ETL\Debug\Obj\debug.r43
    *************************************************************************

  FILE NAME : \\Mac\Home\work\ETL\Debug\Obj\dma.r43
    *************************************************************************

  FILE NAME : \\Mac\Home\work\ETL\Debug\Obj\dualpool.r43
  PROGRAM MODULE, NAME : dualpool

  SEGMENTS IN THE MODULE
  ======================
<CODE> 1 (was CODE)
  Relative segment, address: 9E80 - 9E85 (0x6 bytes), align: 1
  Segment part 12.            Intra module refs:   void _ClassUtil::_MemHolder<PageCycle, less<PageCycle>>::_MemHolder(_Ty1 const &)[with _Ty1=less<PageCycle>]
           ENTRY                   ADDRESS         REF BY
           =====                   =======         ======
           void _ClassUtil::_MemHolder<PageCycle, less<PageCycle>>::_Helper<less<PageCycle>, 0>::_Helper(_Ty2 const &)[with _Ty2=less<PageCycle>]
                                   9E80 
    -------------------------------------------------------------------------
<CODE> 1 (was CODE)
  Relative segment, address: 9F98 - 9F99 (0x2 bytes), align: 1
  Segment part 38.            Intra module refs:   _ClassUtil::_MemHolder<PageCycle, less<PageCycle>>::operator less<PageCycle> const &() const
           ENTRY                   ADDRESS         REF BY
           =====                   =======         ======
           _ClassUtil::_MemHolder<PageCycle, less<PageCycle>>::_Helper<less<PageCycle>, 0>::Ref() const
                                   9F98 
    -------------------------------------------------------------------------
<CODE> 1 (was CODE)
  Relative segment, address: 9F94 - 9F95 (0x2 bytes), align: 1
  Segment part 39.            Intra module refs:   _ClassUtil::_MemHolder<PageCycle, less<PageCycle>>::operator less<PageCycle> &()
           ENTRY                   ADDRESS         REF BY
           =====                   =======         ======
           _ClassUtil::_MemHolder<PageCycle, less<PageCycle>>::_Helper<less<PageCycle>, 0>::Ref()
                                   9F94 
    -------------------------------------------------------------------------
<CODE> 1 (was CODE)
  Relative segment, address: 9C62 - 9C71 (0x10 bytes), align: 1
  Segment part 13.            Intra module refs:   _Tree_nod<_Tset_traits<PageCycle, less<PageCycle>, allocator<PageCycle>, 0>>::_Tree_nod(less<PageCycle> const &, allocator<PageCycle>)
           ENTRY                   ADDRESS         REF BY
           =====                   =======         ======
           void _ClassUtil::_MemHolder<PageCycle, less<PageCycle>>::_MemHolder(_Ty1 const &)[with _Ty1=less<PageCycle>]
                                   9C62 
               calls direct
    -------------------------------------------------------------------------
<CODE> 1 (was CODE)
  Relative segment, address: 9EF8 - 9EFB (0x4 bytes), align: 1
  Segment part 40.            Intra module refs:   _Tree_nod<_Tset_traits<PageCycle, less<PageCycle>, allocator<PageCycle>, 0>>::comp() const
           ENTRY                   ADDRESS         REF BY
           =====                   =======         ======
           _ClassUtil::_MemHolder<PageCycle, less<PageCycle>>::operator less<PageCycle> const &() const
                                   9EF8 
               calls direct
    -------------------------------------------------------------------------
<CODE> 1 (was CODE)
  Relative segment, address: 9F2C - 9F2F (0x4 bytes), align: 1
  Segment part 41.            Intra module refs:   _Tree_nod<_Tset_traits<PageCycle, less<PageCycle>, allocator<PageCycle>, 0>>::comp()
           ENTRY                   ADDRESS         REF BY
           =====                   =======         ======
           _ClassUtil::_MemHolder<PageCycle, less<PageCycle>>::operator less<PageCycle> &()
                                   9F2C 
               calls direct
    -------------------------------------------------------------------------
<CODE> 1 (was CODE)
  Relative segment, address: 9F8E - 9F8F (0x2 bytes), align: 1
  Segment part 15.            Intra module refs:   _Tree_algobase<allocator<void>>::_Tree_algobase(allocator<void> const &)
           ENTRY                   ADDRESS         REF BY
           =====                   =======         ======
           _ClassUtil::_AllocHolder<><_Alloc, false>[with _Alloc=allocator<void>]::_AllocHolder(allocator<void>)
                                   9F8E 
    -------------------------------------------------------------------------
<CODE> 1 (was CODE)
  Relative segment, address: 9F8C - 9F8D (0x2 bytes), align: 1
  Segment part 42.            Intra module refs:   _Tree<_Tmap_traits<unsigned int, unsigned int, less<unsigned int>, allocator<pair<unsigned int const, unsigned int>>, 0>>::_Alnod() const (etl)
                                                   _Tree<_Tset_traits<PageCycle, less<PageCycle>, allocator<PageCycle>, 0>>::_Alnod() const
           ENTRY                   ADDRESS         REF BY
           =====                   =======         ======
           _ClassUtil::_AllocHolder<><_Alloc, false>[with _Alloc=allocator<void>]::_Alval() const
                                   9F8C 
    -------------------------------------------------------------------------
<CODE> 1 (was CODE)
  Relative segment, address: 9E20 - 9E27 (0x8 bytes), align: 1
  Segment part 44.            Intra module refs:   _Tree<_Tset_traits<PageCycle, less<PageCycle>, allocator<PageCycle>, 0>>::_Lbound(PageCycle const &) const
                                                   _Tree<_Tset_traits<PageCycle, less<PageCycle>, allocator<PageCycle>, 0>>::_Ubound(PageCycle const &) const
                                                   _Tree<_Tset_traits<PageCycle, less<PageCycle>, allocator<PageCycle>, 0>>::insert(PageCycle const &)
           ENTRY                   ADDRESS         REF BY
           =====                   =======         ======
           less<PageCycle>::operator()(_ParamTy, _ParamTy) const
                                   9E20 
               calls direct
    -------------------------------------------------------------------------
<CODE> 1 (was CODE)
  Relative segment, address: 9D5A - 9D65 (0xc bytes), align: 1
  Segment part 45.            Intra module refs:   _Tree_algobase<allocator<void>>::_Erase(_Genptr)
           ENTRY                   ADDRESS         REF BY
           =====                   =======         ======
           void swap(_Ty &, _Ty &)[with _Ty=char]
                                   9D5A 
    -------------------------------------------------------------------------
<CODE> 1 (was CODE)
  Relative segment, address: 9DA6 - 9DAF (0xa bytes), align: 1
  Segment part 46.            Intra module refs:   _Tree<_Tset_traits<PageCycle, less<PageCycle>, allocator<PageCycle>, 0>>::insert(PageCycle const &)
           ENTRY                   ADDRESS         REF BY
           =====                   =======         ======
           pair<_Tree<_Tset_traits<PageCycle, less<PageCycle>, allocator<PageCycle>, 0>>::iterator, bool>::pair(_ParamTy1, bool)
                                   9DA6 
    -------------------------------------------------------------------------
<CODE> 1 (was CODE)
  Relative segment, address: 9D92 - 9D9B (0xa bytes), align: 1
  Segment part 47.            Intra module refs:   _Tree<_Tset_traits<PageCycle, less<PageCycle>, allocator<PageCycle>, 0>>::equal_range(PageCycle const &)
           ENTRY                   ADDRESS         REF BY
           =====                   =======         ======
           pair<_Tree<_Tset_traits<PageCycle, less<PageCycle>, allocator<PageCycle>, 0>>::iterator, _Tree<_Tset_traits<PageCycle, less<PageCycle>, allocator<PageCycle>, 0>>::iterator>::pair(_TypeUtil::_ParameterType<_Tree<_Tset_traits<PageCycle, less<PageCycle>, allocator<PageCycle>, 0>>::iterator>::_Type, _TypeUtil::_ParameterType<_Tree<_Tset_traits<PageCycle, less<PageCycle>, allocator<PageCycle>, 0>>::iterator>::_Type)
                                   9D92 
    -------------------------------------------------------------------------
<CODE> 1 (was CODE)
  Relative segment, address: 94C0 - 94E9 (0x2a bytes), align: 1
  Segment part 56.            Intra module refs:   iterator_traits<_InIt>::difference_type distance(_InIt, _InIt)[with _InIt=_TypeUtil::_StripMemory<_Tree<_Tset_traits<PageCycle, less<PageCycle>, allocator<PageCycle>, 0>>::iterator>::_Type]
           ENTRY                   ADDRESS         REF BY
           =====                   =======         ======
           iterator_traits<_InIt>::difference_type _DistanceHelper<bidirectional_iterator_tag>::_Distance(_InIt, _InIt)[with _InIt=_TypeUtil::_StripMemory<_Tree<_Tset_traits<PageCycle, less<PageCycle>, allocator<PageCycle>, 0>>::iterator>::_Type]
                                   94C0 
               calls direct
    -------------------------------------------------------------------------
<CODE> 1 (was CODE)
  Relative segment, address: 9B6E - 9B7F (0x12 bytes), align: 1
  Segment part 57.            Intra module refs:   _Tree<_Tset_traits<PageCycle, less<PageCycle>, allocator<PageCycle>, 0>>::erase(PageCycle const &)
           ENTRY                   ADDRESS         REF BY
           =====                   =======         ======
           iterator_traits<_InIt>::difference_type distance(_InIt, _InIt)[with _InIt=_TypeUtil::_StripMemory<_Tree<_Tset_traits<PageCycle, less<PageCycle>, allocator<PageCycle>, 0>>::iterator>::_Type]
                                   9B6E 
               calls direct
    -------------------------------------------------------------------------
<CODE> 1 (was CODE)
  Relative segment, address: 9E10 - 9E17 (0x8 bytes), align: 1
  Segment part 58.            Intra module refs:   _Tree<_Tset_traits<PageCycle, less<PageCycle>, allocator<PageCycle>, 0>>::rbegin()
           ENTRY                   ADDRESS         REF BY
           =====                   =======         ======
           reverse_iterator<_Tree<_Tset_traits<PageCycle, less<PageCycle>, allocator<PageCycle>, 0>>::iterator>::reverse_iterator(_Tree<_Tset_traits<PageCycle, less<PageCycle>, allocator<PageCycle>, 0>>::iterator)
                                   9E10 
    -------------------------------------------------------------------------
<CODE> 1 (was CODE)
  Relative segment, address: 9AA0 - 9AB3 (0x14 bytes), align: 1
  Segment part 66.            Intra module refs:   reverse_iterator<_Tree<_Tset_traits<PageCycle, less<PageCycle>, allocator<PageCycle>, 0>>::iterator>::operator->() const
           ENTRY                   ADDRESS         REF BY
           =====                   =======         ======
           reverse_iterator<_Tree<_Tset_traits<PageCycle, less<PageCycle>, allocator<PageCycle>, 0>>::iterator>::operator*() const
                                   9AA0 
               calls direct
    -------------------------------------------------------------------------
<CODE> 1 (was CODE)
  Relative segment, address: 9F6C - 9F6F (0x4 bytes), align: 1
  Segment part 67.            Intra module refs:   DualPool::IsHotPoolResizeTriggered()
           ENTRY                   ADDRESS         REF BY
           =====                   =======         ======
           reverse_iterator<_Tree<_Tset_traits<PageCycle, less<PageCycle>, allocator<PageCycle>, 0>>::iterator>::operator->() const
                                   9F6C 
               calls direct
    -------------------------------------------------------------------------
<CODE> 1 (was CODE)
  Relative segment, address: 9F64 - 9F67 (0x4 bytes), align: 1
  Segment part 68.            Intra module refs:   _Tree<_Tmap_traits<unsigned int, unsigned int, less<unsigned int>, allocator<pair<unsigned int const, unsigned int>>, 0>>::_Buynode(_Nodeptr, _Nodeptr, _Nodeptr, pair<unsigned int const, unsigned int> const &, char) (etl)
                                                   _Tree<_Tset_traits<PageCycle, less<PageCycle>, allocator<PageCycle>, 0>>::_Buynode(_Nodeptr, _Nodeptr, _Nodeptr, PageCycle const &, char)
           ENTRY                   ADDRESS         REF BY
           =====                   =======         ======
           operator new(unsigned int, void *)
                                   9F64 
    -------------------------------------------------------------------------
<CODE> 1 (was CODE)
  Relative segment, address: 9F60 - 9F63 (0x4 bytes), align: 1
  Segment part 69.            Intra module refs:   allocator<_Tree_nod<_Tmap_traits<unsigned int, unsigned int, less<unsigned int>, allocator<pair<unsigned int const, unsigned int>>, 0>>::_Node>::allocate(unsigned int) (etl)
                                                   allocator<_Tree_nod<_Tset_traits<PageCycle, less<PageCycle>, allocator<PageCycle>, 0>>::_Node>::allocate(unsigned int)
           ENTRY                   ADDRESS         REF BY
           =====                   =======         ======
           _Allocator<void>::allocate(unsigned int)
                                   9F60 
               calls direct
    -------------------------------------------------------------------------
<CODE> 1 (was CODE)
  Relative segment, address: 9F5C - 9F5F (0x4 bytes), align: 1
  Segment part 70.            Intra module refs:   allocator<_Tree_nod<_Tset_traits<PageCycle, less<PageCycle>, allocator<PageCycle>, 0>>::_Node>::deallocate(pointer, unsigned int)
           ENTRY                   ADDRESS         REF BY
           =====                   =======         ======
           _Allocator<void>::deallocate(void *)
                                   9F5C 
               calls direct
    -------------------------------------------------------------------------
<CODE> 1 (was CODE)
  Relative segment, address: 9F58 - 9F5B (0x4 bytes), align: 1
  Segment part 72.            Intra module refs:   allocator<_Tree_nod<_Tset_traits<PageCycle, less<PageCycle>, allocator<PageCycle>, 0>>::_Node>::destroy(pointer)
           ENTRY                   ADDRESS         REF BY
           =====                   =======         ======
           void _Destroy(_Ty *)[with _Ty=allocator<_Tree_nod<_Tset_traits<PageCycle, less<PageCycle>, allocator<PageCycle>, 0>>::_Node>::value_type]
                                   9F58 
               calls direct
    -------------------------------------------------------------------------
<CODE> 1 (was CODE)
  Relative segment, address: 9FA8 - 9FA9 (0x2 bytes), align: 1
  Segment part 73.            Intra module refs:   _Tree<_Tset_traits<PageCycle, less<PageCycle>, allocator<PageCycle>, 0>>::_Alnod() const
           ENTRY                   ADDRESS         REF BY
           =====                   =======         ======
           void allocator<_Tree_nod<_Tset_traits<PageCycle, less<PageCycle>, allocator<PageCycle>, 0>>::_Node>::allocator(allocator<_Other> const &)[with _Other=void]
                                   9FA8 
    -------------------------------------------------------------------------
<CODE> 1 (was CODE)
  Relative segment, address: 9EC2 - 9EC7 (0x6 bytes), align: 1
  Segment part 74.            Intra module refs:   _Tree<_Tset_traits<PageCycle, less<PageCycle>, allocator<PageCycle>, 0>>::_Erase(_Nodeptr)
                                                   _Tree<_Tset_traits<PageCycle, less<PageCycle>, allocator<PageCycle>, 0>>::erase(iterator)
           ENTRY                   ADDRESS         REF BY
           =====                   =======         ======
           allocator<_Tree_nod<_Tset_traits<PageCycle, less<PageCycle>, allocator<PageCycle>, 0>>::_Node>::deallocate(pointer, unsigned int)
                                   9EC2 
               calls direct
    -------------------------------------------------------------------------
<CODE> 1 (was CODE)
  Relative segment, address: 9D0C - 9D19 (0xe bytes), align: 1
  Segment part 75.            Intra module refs:   _Tree<_Tset_traits<PageCycle, less<PageCycle>, allocator<PageCycle>, 0>>::_Buynode(_Nodeptr, _Nodeptr, _Nodeptr, PageCycle const &, char)
           ENTRY                   ADDRESS         REF BY
           =====                   =======         ======
           allocator<_Tree_nod<_Tset_traits<PageCycle, less<PageCycle>, allocator<PageCycle>, 0>>::_Node>::allocate(unsigned int)
                                   9D0C 
               calls direct
    -------------------------------------------------------------------------
<CODE> 1 (was CODE)
  Relative segment, address: 9E86 - 9E8B (0x6 bytes), align: 1
  Segment part 76.            Intra module refs:   _Tree<_Tset_traits<PageCycle, less<PageCycle>, allocator<PageCycle>, 0>>::_Erase(_Nodeptr)
                                                   _Tree<_Tset_traits<PageCycle, less<PageCycle>, allocator<PageCycle>, 0>>::erase(iterator)
           ENTRY                   ADDRESS         REF BY
           =====                   =======         ======
           allocator<_Tree_nod<_Tset_traits<PageCycle, less<PageCycle>, allocator<PageCycle>, 0>>::_Node>::destroy(pointer)
                                   9E86 
               calls direct
    -------------------------------------------------------------------------
<CODE> 1 (was CODE)
  Relative segment, address: 9D66 - 9D71 (0xc bytes), align: 1
  Segment part 77.            Intra module refs:   _Tree<_Tset_traits<PageCycle, less<PageCycle>, allocator<PageCycle>, 0>>::max_size() const
           ENTRY                   ADDRESS         REF BY
           =====                   =======         ======
           allocator<_Tree_nod<_Tset_traits<PageCycle, less<PageCycle>, allocator<PageCycle>, 0>>::_Node>::max_size() const
                                   9D66 
    -------------------------------------------------------------------------
<CODE> 1 (was CODE)
  Relative segment, address: 99A6 - 99BD (0x18 bytes), align: 1
  Segment part 78.            Intra module refs:   _Tree_nod<_Tmap_traits<unsigned int, unsigned int, less<unsigned int>, allocator<pair<unsigned int const, unsigned int>>, 0>>::_Node::_Node(_Tree_nod<_Tmap_traits<unsigned int, unsigned int, less<unsigned int>, allocator<pair<unsigned int const, unsigned int>>, 0>>::_MyGenptr, _Tree_nod<_Tmap_traits<unsigned int, unsigned int, less<unsigned int>, allocator<pair<unsigned int const, unsigned int>>, 0>>::_MyGenptr, _Tree_nod<_Tmap_traits<unsigned int, unsigned int, less<unsigned int>, allocator<pair<unsigned int const, unsigned int>>, 0>>::_MyGenptr, pair<unsigned int const, unsigned int> const &, char) (etl)
                                                   _Tree_nod<_Tset_traits<PageCycle, less<PageCycle>, allocator<PageCycle>, 0>>::_Node::_Node(_Tree_nod<_Tset_traits<PageCycle, less<PageCycle>, allocator<PageCycle>, 0>>::_MyGenptr, _Tree_nod<_Tset_traits<PageCycle, less<PageCycle>, allocator<PageCycle>, 0>>::_MyGenptr, _Tree_nod<_Tset_traits<PageCycle, less<PageCycle>, allocator<PageCycle>, 0>>::_MyGenptr, PageCycle const &, char)
           ENTRY                   ADDRESS         REF BY
           =====                   =======         ======
           _Tree_algobase<allocator<void>>::_GenNode::_GenNode(_Tree_algobase<allocator<void>>::_Genptr, _Tree_algobase<allocator<void>>::_Genptr, _Tree_algobase<allocator<void>>::_Genptr, char)
                                   99A6 
    -------------------------------------------------------------------------
<CODE> 1 (was CODE)
  Relative segment, address: 9E98 - 9E9D (0x6 bytes), align: 1
  Segment part 79.            Intra module refs:   _Tree_algobase<allocator<void>>::_Erase(_Genptr)
                                                   _Tree_algobase<allocator<void>>::_Insert(bool, _Genptr, _Genptr)
           ENTRY                   ADDRESS         REF BY
           =====                   =======         ======
           _Tree_algobase<allocator<void>>::_Color(_Genptr)
                                   9E98 
    -------------------------------------------------------------------------
<CODE> 1 (was CODE)
  Relative segment, address: 9EA4 - 9EA9 (0x6 bytes), align: 1
  Segment part 49.            Intra module refs:   _Tree<_Tmap_traits<unsigned int, unsigned int, less<unsigned int>, allocator<pair<unsigned int const, unsigned int>>, 0>>::_Isnil(_Tree_algobase<allocator<void>>::_Genptr) (etl)
                                                   _Tree<_Tset_traits<PageCycle, less<PageCycle>, allocator<PageCycle>, 0>>::_Isnil(_Tree_algobase<allocator<void>>::_Genptr)
                                                   _Tree_algobase<allocator<void>>::_DecP(_Genptr)
                                                   _Tree_algobase<allocator<void>>::_Erase(_Genptr)
                                                   _Tree_algobase<allocator<void>>::_IncP(_Genptr)
                                                   _Tree_algobase<allocator<void>>::_Lrotate(_Genptr)
                                                   _Tree_algobase<allocator<void>>::_Max(_Genptr)
                                                   _Tree_algobase<allocator<void>>::_Min(_Genptr)
                                                   _Tree_algobase<allocator<void>>::_Rrotate(_Genptr)
           ENTRY                   ADDRESS         REF BY
           =====                   =======         ======
           _Tree_algobase<allocator<void>>::_Isnil(_Genptr)
                                   9EA4 
    -------------------------------------------------------------------------
<CODE> 1 (was CODE)
  Relative segment, address: 9F90 - 9F91 (0x2 bytes), align: 1
  Segment part 50.            Intra module refs:   _Tree_algobase<allocator<void>>::_DecP(_Genptr)
                                                   _Tree_algobase<allocator<void>>::_Erase(_Genptr)
                                                   _Tree_algobase<allocator<void>>::_Insert(bool, _Genptr, _Genptr)
                                                   _Tree_algobase<allocator<void>>::_Lmost()
                                                   _Tree_algobase<allocator<void>>::_Lrotate(_Genptr)
                                                   _Tree_algobase<allocator<void>>::_Min(_Genptr)
                                                   _Tree_algobase<allocator<void>>::_Rrotate(_Genptr)
           ENTRY                   ADDRESS         REF BY
           =====                   =======         ======
           _Tree_algobase<allocator<void>>::_Left(_Genptr)
                                   9F90 
    -------------------------------------------------------------------------
<CODE> 1 (was CODE)
  Relative segment, address: 9F24 - 9F27 (0x4 bytes), align: 1
  Segment part 48.            Intra module refs:   _Tree_algobase<allocator<void>>::_DecP(_Genptr)
                                                   _Tree_algobase<allocator<void>>::_Erase(_Genptr)
                                                   _Tree_algobase<allocator<void>>::_IncP(_Genptr)
                                                   _Tree_algobase<allocator<void>>::_Insert(bool, _Genptr, _Genptr)
                                                   _Tree_algobase<allocator<void>>::_Lrotate(_Genptr)
                                                   _Tree_algobase<allocator<void>>::_Root()
                                                   _Tree_algobase<allocator<void>>::_Rrotate(_Genptr)
           ENTRY                   ADDRESS         REF BY
           =====                   =======         ======
           _Tree_algobase<allocator<void>>::_Parent(_Genptr)
                                   9F24 
    -------------------------------------------------------------------------
<CODE> 1 (was CODE)
  Relative segment, address: 9F20 - 9F23 (0x4 bytes), align: 1
  Segment part 52.            Intra module refs:   _Tree_algobase<allocator<void>>::_DecP(_Genptr)
                                                   _Tree_algobase<allocator<void>>::_Erase(_Genptr)
                                                   _Tree_algobase<allocator<void>>::_IncP(_Genptr)
                                                   _Tree_algobase<allocator<void>>::_Insert(bool, _Genptr, _Genptr)
                                                   _Tree_algobase<allocator<void>>::_Lrotate(_Genptr)
                                                   _Tree_algobase<allocator<void>>::_Max(_Genptr)
                                                   _Tree_algobase<allocator<void>>::_Rmost()
                                                   _Tree_algobase<allocator<void>>::_Rrotate(_Genptr)
           ENTRY                   ADDRESS         REF BY
           =====                   =======         ======
           _Tree_algobase<allocator<void>>::_Right(_Genptr)
                                   9F20 
    -------------------------------------------------------------------------
<CODE> 1 (was CODE)
  Relative segment, address: 9560 - 9585 (0x26 bytes), align: 1
  Segment part 62.            Intra module refs:   _Tree_algobase<allocator<void>>::_DecP(_Genptr)
                                                   _Tree_algobase<allocator<void>>::_Erase(_Genptr)
           ENTRY                   ADDRESS         REF BY
           =====                   =======         ======
           _Tree_algobase<allocator<void>>::_Max(_Genptr)
                                   9560 
               calls direct
    -------------------------------------------------------------------------
<CODE> 1 (was CODE)
  Relative segment, address: 9586 - 95AB (0x26 bytes), align: 1
  Segment part 51.            Intra module refs:   _Tree_algobase<allocator<void>>::_Erase(_Genptr)
                                                   _Tree_algobase<allocator<void>>::_IncP(_Genptr)
           ENTRY                   ADDRESS         REF BY
           =====                   =======         ======
           _Tree_algobase<allocator<void>>::_Min(_Genptr)
                                   9586 
               calls direct
    -------------------------------------------------------------------------
<CODE> 1 (was CODE)
  Relative segment, address: 81D4 - 8241 (0x6e bytes), align: 1
  Segment part 63.            Intra module refs:   _Tree_algobase<allocator<void>>::_GenIter::_Dec()
           ENTRY                   ADDRESS         REF BY
           =====                   =======         ======
           _Tree_algobase<allocator<void>>::_DecP(_Genptr)
                                   81D4 
               calls direct
    -------------------------------------------------------------------------
<CODE> 1 (was CODE)
  Relative segment, address: 89F0 - 8A47 (0x58 bytes), align: 1
  Segment part 53.            Intra module refs:   _Tree_algobase<allocator<void>>::_Erase(_Genptr)
                                                   _Tree_algobase<allocator<void>>::_GenIter::_Inc()
           ENTRY                   ADDRESS         REF BY
           =====                   =======         ======
           _Tree_algobase<allocator<void>>::_IncP(_Genptr)
                                   89F0 
               calls direct
    -------------------------------------------------------------------------
<CODE> 1 (was CODE)
  Relative segment, address: 9EAA - 9EAF (0x6 bytes), align: 1
  Segment part 80.            Intra module refs:   _Tree<_Tmap_traits<unsigned int, unsigned int, less<unsigned int>, allocator<pair<unsigned int const, unsigned int>>, 0>>::const_iterator::const_iterator(_Tree_algobase<allocator<void>>::_Genptr) (etl)
                                                   _Tree<_Tset_traits<PageCycle, less<PageCycle>, allocator<PageCycle>, 0>>::const_iterator::const_iterator(_Tree_algobase<allocator<void>>::_Genptr)
           ENTRY                   ADDRESS         REF BY
           =====                   =======         ======
           _Tree_algobase<allocator<void>>::_GenIter::_GenIter(_Tree_algobase<allocator<void>>::_Genptr)
                                   9EAA 
    -------------------------------------------------------------------------
<CODE> 1 (was CODE)
  Relative segment, address: 9D1A - 9D27 (0xe bytes), align: 1
  Segment part 81.            Intra module refs:   _Tree<_Tmap_traits<unsigned int, unsigned int, less<unsigned int>, allocator<pair<unsigned int const, unsigned int>>, 0>>::const_iterator::operator==(_Tree<_Tmap_traits<unsigned int, unsigned int, less<unsigned int>, allocator<pair<unsigned int const, unsigned int>>, 0>>::const_iterator const &) const (etl)
                                                   _Tree<_Tset_traits<PageCycle, less<PageCycle>, allocator<PageCycle>, 0>>::const_iterator::operator==(_Tree<_Tset_traits<PageCycle, less<PageCycle>, allocator<PageCycle>, 0>>::const_iterator const &) const
           ENTRY                   ADDRESS         REF BY
           =====                   =======         ======
           _Tree_algobase<allocator<void>>::_GenIter::operator==(_Tree_algobase<allocator<void>>::_GenIter const &) const
                                   9D1A 
    -------------------------------------------------------------------------
<CODE> 1 (was CODE)
  Relative segment, address: 9B80 - 9B91 (0x12 bytes), align: 1
  Segment part 64.            Intra module refs:   _Tree<_Tmap_traits<unsigned int, unsigned int, less<unsigned int>, allocator<pair<unsigned int const, unsigned int>>, 0>>::iterator::operator--() (etl)
                                                   _Tree<_Tset_traits<PageCycle, less<PageCycle>, allocator<PageCycle>, 0>>::iterator::operator--()
           ENTRY                   ADDRESS         REF BY
           =====                   =======         ======
           _Tree_algobase<allocator<void>>::_GenIter::_Dec()
                                   9B80 
               calls direct
    -------------------------------------------------------------------------
<CODE> 1 (was CODE)
  Relative segment, address: 9B5C - 9B6D (0x12 bytes), align: 1
  Segment part 54.            Intra module refs:   _Tree<_Tmap_traits<unsigned int, unsigned int, less<unsigned int>, allocator<pair<unsigned int const, unsigned int>>, 0>>::iterator::operator++() (etl)
                                                   _Tree<_Tset_traits<PageCycle, less<PageCycle>, allocator<PageCycle>, 0>>::iterator::operator++()
           ENTRY                   ADDRESS         REF BY
           =====                   =======         ======
           _Tree_algobase<allocator<void>>::_GenIter::_Inc()
                                   9B5C 
               calls direct
    -------------------------------------------------------------------------
<CODE> 1 (was CODE)
  Relative segment, address: 9F14 - 9F17 (0x4 bytes), align: 1
  Segment part 60.            Intra module refs:   _Tree<_Tmap_traits<unsigned int, unsigned int, less<unsigned int>, allocator<pair<unsigned int const, unsigned int>>, 0>>::const_iterator::_Mynode() const (etl)
                                                   _Tree<_Tmap_traits<unsigned int, unsigned int, less<unsigned int>, allocator<pair<unsigned int const, unsigned int>>, 0>>::iterator::operator*() const (etl)
                                                   _Tree<_Tset_traits<PageCycle, less<PageCycle>, allocator<PageCycle>, 0>>::const_iterator::_Mynode() const
                                                   _Tree<_Tset_traits<PageCycle, less<PageCycle>, allocator<PageCycle>, 0>>::iterator::operator*() const
           ENTRY                   ADDRESS         REF BY
           =====                   =======         ======
           _Tree_algobase<allocator<void>>::_GenIter::_Mynode() const
                                   9F14 
    -------------------------------------------------------------------------
<CODE> 1 (was CODE)
  Relative segment, address: 9850 - 986B (0x1c bytes), align: 1
  Segment part 16.            Intra module refs:   _Tree_nod<_Tmap_traits<unsigned int, unsigned int, less<unsigned int>, allocator<pair<unsigned int const, unsigned int>>, 0>>::_Tree_nod(less<unsigned int> const &, allocator<pair<unsigned int const, unsigned int>>) (etl)
[...]
<CODE> 1 (was CODE)
  Relative segment, address: 97D8 - 97F3 (0x1c bytes), align: 1
  Segment part 1.             Intra module refs:   ?Mul8Hw
           ENTRY                   ADDRESS         REF BY
           =====                   =======         ======
           ?Mul16Hw                97D8            __data16_calloc (?xxmemxcalloc)
           ?Mul16to32uHw           97D8 

    -------------------------------------------------------------------------
  LIBRARY MODULE, NAME : ?new

  SEGMENTS IN THE MODULE
  ======================
DATA16_Z
  Relative segment, address: 1C38 - 1C3B (0x4 bytes), align: 1
  Segment part 2.
           ENTRY                   ADDRESS         REF BY
           =====                   =======         ======
           __iar_New_hand          1C38            operator new(size_t) (?newop_0)

    -------------------------------------------------------------------------
  LIBRARY MODULE, NAME : ?newop_0

  SEGMENTS IN THE MODULE
  ======================
<CODE> 1 (was CODE)
  Relative segment, address: 946C - 9495 (0x2a bytes), align: 1
  Segment part 2.
           ENTRY                   ADDRESS         REF BY
           =====                   =======         ======
           operator new(size_t)    946C            ETL::ColdPoolResize() (etl)
                                                   ETL::DirtySwap() (etl)
                                                   ETL::InitLpnToPpnTable() (etl)
                                                   ETL::InitialDualpool() (etl)
                                                   TestUpdateEraseCycle() (etltest)
                                                   _Allocator<void>::allocate(unsigned int) (dualpool)
               calls direct and indirect

    -------------------------------------------------------------------------
  LIBRARY MODULE, NAME : ?nomemory

  SEGMENTS IN THE MODULE
  ======================
<CODE> 1 (was CODE)
  Relative segment, address: 9F74 - 9F77 (0x4 bytes), align: 1
  Segment part 10.
           ENTRY                   ADDRESS         REF BY
           =====                   =======         ======
           _Nomemory()             9F74            operator new(size_t) (?newop_0)
               calls direct

    -------------------------------------------------------------------------
  LIBRARY MODULE, NAME : ?printf

  SEGMENTS IN THE MODULE
  ======================
<CODE> 1 (was CODE)
  Relative segment, address: 953A - 955F (0x26 bytes), align: 1
  Segment part 2.
           ENTRY                   ADDRESS         REF BY
           =====                   =======         ======
           printf                  953A            DualPool::IsHotPoolResizeTriggered() (dualpool)
                                                   DualPool::PrintEraseCyclePoolInfo() (dualpool)
                                                   ETL::ETL(unsigned long long) (etl)
                                                   ETL::Format(unsigned char, unsigned int) (etl)
                                                   ETL::InitialDualpool() (etl)
                                                   ETL::PrintPMTT() (etl)
                                                   ETL::TryToExecDualPoolAlgorithm() (etl)
                                                   Port_2() (main)
                                                   TestUpdateEraseCycle() (etltest)
               calls direct

    -------------------------------------------------------------------------
  LIBRARY MODULE, NAME : ?IndCallR11

  SEGMENTS IN THE MODULE
  ======================
<CODE> 1 (was CODE)
  Relative segment, address: 9F7C - 9F7F (0x4 bytes), align: 1
  Segment part 0.
           ENTRY                   ADDRESS         REF BY
           =====                   =======         ======
           ?IndCallR11             9F7C            _PutcharSmallNoMb (?xprintfsmall_nomb)

    -------------------------------------------------------------------------
  LIBRARY MODULE, NAME : ?strchr

  SEGMENTS IN THE MODULE
  ======================
<CODE> 1 (was CODE)
  Relative segment, address: 9CAA - 9CB7 (0xe bytes), align: 1
  Segment part 2.
           ENTRY                   ADDRESS         REF BY
           =====                   =======         ======
           __iar_Strchr            9CAA            _PrintfSmallNoMb (?xprintfsmall_nomb)

    -------------------------------------------------------------------------
  LIBRARY MODULE, NAME : ?strlen

  SEGMENTS IN THE MODULE
  ======================
<CODE> 1 (was CODE)
  Relative segment, address: 9B14 - 9B25 (0x12 bytes), align: 1
  Segment part 2.
           ENTRY                   ADDRESS         REF BY
           =====                   =======         ======
           strlen                  9B14            TestUpdateEraseCycle() (etltest)
                                                   _PrintfSmallNoMb (?xprintfsmall_nomb)

    -------------------------------------------------------------------------
  LIBRARY MODULE, NAME : ?xassert

  SEGMENTS IN THE MODULE
  ======================
<CODE> 1 (was CODE)
  Relative segment, address: 9F88 - 9F89 (0x2 bytes), align: 1
  Segment part 2.
           ENTRY                   ADDRESS         REF BY
           =====                   =======         ======
           __iar_EmptyStepPoint    9F88            DataPage::DataPage(int) (etl)
                                                   ETL::ColdPoolResize() (etl)
                                                   ETL::DirtySwap() (etl)
                                                   ETL::InitialPhysicalPages() (etl)
                                                   ETL::ReadDataPage(int, DataPage *) (etl)
                                                   ETL::WriteDataPage(int, DataPage *) (etl)
                                                   Tool::SwapMemory(void *, void *, unsigned int) (tool)
    -------------------------------------------------------------------------
<CODE> 1 (was CODE)
  Relative segment, address: 8996 - 89EF (0x5a bytes), align: 1
  Segment part 3.
           ENTRY                   ADDRESS         REF BY
           =====                   =======         ======
           __aeabi_assert          8996            DataPage::DataPage(int) (etl)
                                                   ETL::ColdPoolResize() (etl)
                                                   ETL::DirtySwap() (etl)
                                                   ETL::InitialPhysicalPages() (etl)
                                                   ETL::ReadDataPage(int, DataPage *) (etl)
                                                   ETL::WriteDataPage(int, DataPage *) (etl)
                                                   Tool::SwapMemory(void *, void *, unsigned int) (tool)
               calls direct

    -------------------------------------------------------------------------
  LIBRARY MODULE, NAME : ?xgetmemchunk

  SEGMENTS IN THE MODULE
  ======================
<CODE> 1 (was CODE)
  Relative segment, address: 9832 - 984F (0x1e bytes), align: 1
  Segment part 3.
           ENTRY                   ADDRESS         REF BY
           =====                   =======         ======
           __data16_GetMemChunk    9832            __data16_findmem (?xxmemxmalloc)
    -------------------------------------------------------------------------
DATA16_Z
  Relative segment, address: 1C3C - 1C3D (0x2 bytes), align: 1
  Segment part 2.             Intra module refs:   __data16_GetMemChunk
    -------------------------------------------------------------------------
DATA16_HEAP
  Relative segment, address: 250A, align: 1
  Segment part 4.

    -------------------------------------------------------------------------
  LIBRARY MODULE, NAME : ?xprintfsmall_nomb

  SEGMENTS IN THE MODULE
  ======================
<CODE> 1 (was CODE)
  Relative segment, address: 6768 - 6B11 (0x3aa bytes), align: 1
  Segment part 4.
           ENTRY                   ADDRESS         REF BY
           =====                   =======         ======
           _PrintfSmallNoMb        6768            printf (?printf)
               calls direct
    -------------------------------------------------------------------------
<CODE> 1 (was CODE)
  Relative segment, address: 9C9C - 9CA9 (0xe bytes), align: 1
  Segment part 5.             Intra module refs:   _PrintfSmallNoMb
    -------------------------------------------------------------------------
<CODE> 1 (was CODE)
  Relative segment, address: 9BE2 - 9BE3 (0x2 bytes), align: 1
  Segment part 6.             Intra module refs:   _PrintfSmallNoMb
    -------------------------------------------------------------------------
<CODE> 1 (was CODE)
  Relative segment, address: 9BE4 - 9BF1 (0xe bytes), align: 1
  Segment part 7.             Intra module refs:   Segment part 6
                                                   _PrintfSmallNoMb
    -------------------------------------------------------------------------
<CODE> 1 (was CODE)
  Relative segment, address: 8388 - 83EF (0x68 bytes), align: 1
  Segment part 8.             Intra module refs:   _PrintfSmallNoMb
           LOCAL                   ADDRESS         
           =====                   =======         
           LoadInt                 8388 
    -------------------------------------------------------------------------
<CODE> 1 (was CODE)
  Relative segment, address: 9D42 - 9D4D (0xc bytes), align: 1
  Segment part 9.             Intra module refs:   LoadInt
    -------------------------------------------------------------------------
<CODE> 1 (was CODE)
  Relative segment, address: 917E - 91B3 (0x36 bytes), align: 1
  Segment part 10.            Intra module refs:   Segment part 7
           LOCAL                   ADDRESS         
           =====                   =======         
           pad                     917E 
               calls direct
    -------------------------------------------------------------------------
<CODE> 1 (was CODE)
  Relative segment, address: 707A - 71BD (0x144 bytes), align: 1
  Segment part 3.             Intra module refs:   _PrintfSmallNoMb
           LOCAL                   ADDRESS         
           =====                   =======         
           _LitobSmallNoMb         707A 
               calls direct
    -------------------------------------------------------------------------
<CODE> 1 (was CODE)
  Relative segment, address: 9512 - 9539 (0x28 bytes), align: 1
  Segment part 11.            Intra module refs:   _PrintfSmallNoMb
                                                   _PutcharsSmallNoMb
           LOCAL                   ADDRESS         
           =====                   =======         
           _PutcharSmallNoMb       9512 
               calls indirect
    -------------------------------------------------------------------------
<CODE> 1 (was CODE)
  Relative segment, address: 9414 - 943F (0x2c bytes), align: 1
  Segment part 12.            Intra module refs:   Segment part 5
                                                   pad
           LOCAL                   ADDRESS         
           =====                   =======         
           _PutcharsSmallNoMb      9414 
               calls direct
    -------------------------------------------------------------------------
DATA16_C
  Relative segment, address: 5F75 - 5F7A (0x6 bytes), align: 0
  Segment part 2.             Intra module refs:   _PrintfSmallNoMb

    -------------------------------------------------------------------------
  LIBRARY MODULE, NAME : ?xprout

  SEGMENTS IN THE MODULE
  ======================
<CODE> 1 (was CODE)
  Relative segment, address: 99D6 - 99ED (0x18 bytes), align: 1
  Segment part 2.
           ENTRY                   ADDRESS         REF BY
           =====                   =======         ======
           _Prout                  99D6            printf (?printf)
               calls direct

    -------------------------------------------------------------------------
  LIBRARY MODULE, NAME : ?xxmemxcalloc

  SEGMENTS IN THE MODULE
  ======================
<CODE> 1 (was CODE)
  Relative segment, address: 9062 - 909B (0x3a bytes), align: 1
  Segment part 2.
           ENTRY                   ADDRESS         REF BY
           =====                   =======         ======
           __data16_calloc         9062            calloc (etl)
               calls direct

    -------------------------------------------------------------------------
  LIBRARY MODULE, NAME : ?xxmemxfree

  SEGMENTS IN THE MODULE
  ======================
<CODE> 1 (was CODE)
  Relative segment, address: 7FE6 - 806B (0x86 bytes), align: 1
  Segment part 2.
           ENTRY                   ADDRESS         REF BY
           =====                   =======         ======
           __data16_free           7FE6            __data16_findmem (?xxmemxmalloc)
                                                   free (Console)
                                                   operator delete(void *) (?delop_0)

    -------------------------------------------------------------------------
  LIBRARY MODULE, NAME : ?xxmemxmalloc

  SEGMENTS IN THE MODULE
  ======================
DATA16_Z
  Relative segment, address: 1C3E - 1C41 (0x4 bytes), align: 1
  Segment part 2.             Intra module refs:   __data16_findmem
                                                   __data16_malloc
           ENTRY                   ADDRESS         REF BY
           =====                   =======         ======
           __data16_Aldata         1C3E            __data16_free (?xxmemxfree)
    -------------------------------------------------------------------------
<CODE> 1 (was CODE)
  Relative segment, address: 84C0 - 8523 (0x64 bytes), align: 1
  Segment part 3.             Intra module refs:   __data16_malloc
           LOCAL                   ADDRESS         
           =====                   =======         
           __data16_findmem        84C0 
               calls direct
    -------------------------------------------------------------------------
<CODE> 1 (was CODE)
  Relative segment, address: 8242 - 82AF (0x6e bytes), align: 1
  Segment part 4.
           ENTRY                   ADDRESS         REF BY
           =====                   =======         ======
           __data16_malloc         8242            __data16_calloc (?xxmemxcalloc)
                                                   malloc (Console)
                                                   operator new(size_t) (?newop_0)
               calls direct




                ****************************************
                *                                      *
                *      SEGMENTS IN ADDRESS ORDER       *
                *                                      *
                ****************************************


SEGMENT              SPACE    START ADDRESS   END ADDRESS     SIZE  TYPE  ALIGN
=======              =====    =============   ===========     ====  ====  =====
DATA16_AN                              0100 - 0103               4   rel    0
                                       0120 - 0121               2 
                                       0124 - 0127               4 
                                       012C - 012D               2 
                                       015C - 015D               2 
                                       0168 - 016F               8 
                                       0200 - 0205               6 
                                       020A - 020B               2 
                                       021A - 021D               4 
                                       0220 - 0225               6 
                                       022A - 022B               2 
                                       0244 - 0245               2 
                                       024A - 024B               2 
                                       0262 - 0265               4 
                                       026A - 026B               2 
                                       0280 - 0285               6 
                                       028A - 028B               2 
                                       02A4 - 02A5               2 
                                       0340 - 0343               4 
                                       0352 - 0353               2 
                                       0380 - 0383               4 
                                       0392 - 0393               2 
                                       03C0 - 03C7               8 
                                       03D2 - 03D7               6 
                                       03EE - 03EF               2 
                                       05C0 - 05C1               2 
                                       05C6 - 05C8               3 
                                       05CC - 05CC               1 
                                       05CE - 05CE               1 
                                       05DC - 05DD               2 
                                       0600 - 0601               2 
                                       0606 - 0608               3 
                                       060C - 060C               1 
                                       060E - 060E               1 
                                       061C - 061D               2 
                                       0680 - 0681               2 
                                       0686 - 0688               3 
                                       068C - 068C               1 
                                       068E - 068E               1 
                                       069C - 069D               2 
DATA16_I                               1C00 - 1C01               2   rel    1
DATA16_Z                               1C02 - 2509             908   rel    1
DATA16_HEAP                            250A - 5001            2AF8   rel    1
DATA20_I                                  5002                       rel    1
DATA20_Z                                  5002                       rel    1
DATA20_N                                  5002                       rel    1
CODE_I                                    5002                       rel    1
CSTACK                                 5430 - 5BFF             7D0   rel    1
DATA16_C                               5C00 - 5F7A             37B   rel    1
DATA16_ID                              5F7C - 5F7D               2   rel    1
CSTART                                 5F7E - 5FAB              2E   rel    1
ISR_CODE                               5FAC - 633F             394   rel    1
<CODE> 1                               6340 - 9FA9            3C6A   rel    1
CODE_ID                                   9FAA                       rel    1
DATA20_ID                                 9FAA                       rel    1
DATA20_C                                  9FAA                       rel    1
INTVEC                                 FF80 - FFF9              7A   com    1
RESET                                  FFFE - FFFF               2   rel    1

                ****************************************
                *                                      *
                *        END OF CROSS REFERENCE        *
                *                                      *
                ****************************************

 16 552 bytes of CODE  memory
 15 314 bytes of DATA  memory (+ 117 absolute )
    893 bytes of CONST memory

Errors: none
Warnings: 1

