Warning[w6]: Type conflict for external/entry "GSM_Close", in module main against external/entry in module GSM; prototyped function vs K&R function
  /* In module main: */
  /* K&R Function, args 0, attr 0 */
  int (__cc_version2 GSM_Close)();
  /* In module GSM: */
  /* Function, args 1, attr 0 */
  int (__cc_version2 GSM_Close)(int);
Warning[w6]: Type conflict for external/entry "GSM_Process", in module main against external/entry in module GSM; prototyped function vs K&R function
  /* In module main: */
  /* K&R Function, args 0, attr 0 */
  int (__cc_version2 GSM_Process)();
  /* In module GSM: */
  /* Function, args 2, attr 0 */
  int (__cc_version2 GSM_Process)(int,
                                  int);
Warning[w6]: Type conflict for external/entry "GSM_SendMsgTxt", in module main against external/entry in module GSM; prototyped function vs K&R function
  /* In module main: */
  /* K&R Function, args 0, attr 0 */
  int (__cc_version2 GSM_SendMsgTxt)();
  /* In module GSM: */
  /* Function, args 3, attr 0 */
  int (__cc_version2 GSM_SendMsgTxt)(char *,
                                     char *,
                                     int);
Warning[w6]: Type conflict for external/entry "mallocElement", in module hydrologytask against external/entry in module message; prototyped function vs K&R function
  /* In module hydrologytask: */
  /* K&R Function, args 0, attr 0 */
  int (__cc_version2 mallocElement)();
  /* In module message: */
  /* Function, args 4, attr 0 */
  int (__cc_version2 mallocElement)(char,
                                    char,
                                    char,
                                    hydrologyElement *);
    typedef struct tagHydrologyElement hydrologyElement;
Warning[w6]: Type conflict for external/entry "Judge_Watermeter", in module uart3 against external/entry in module uart1; function return types are different; different basic types
  /* In module uart3: */
  /* K&R Function, args 0, attr 0 */
  int (__cc_version2 Judge_Watermeter)();
  /* In module uart1: */
  /* K&R Function, args 0, attr 0 */
  void (__cc_version2 Judge_Watermeter)();
Warning[w6]: Type conflict for external/entry "printf", in module ioDev against external/entry in module ?printf; prototyped function vs K&R function
  /* In module ioDev: */
  /* K&R Function, args 0, attr 0 */
  int (__cc_version2 printf)();
  /* In module ?printf: */
  /* Function, args 2, attr 0 */
  int (__cc_version2 printf)(char const *,
                             ...);
Error[e46]: Undefined external "BC95_Open" referred in GTM900C ( C:\Users\Administrator\Desktop\师弟代码\RTUtest_GP\Debug\Obj\GTM900C.r43 )
Error[e46]: Undefined external "BC95_QuerySimState" referred in GTM900C ( C:\Users\Administrator\Desktop\师弟代码\RTUtest_GP\Debug\Obj\GTM900C.r43 )
Error[e46]: Undefined external "BC95_SetSendMsgIndications" referred in GTM900C ( C:\Users\Administrator\Desktop\师弟代码\RTUtest_GP\Debug\Obj\GTM900C.r43 )
Error[e46]: Undefined external "BC95_SetNNMI" referred in GTM900C ( C:\Users\Administrator\Desktop\师弟代码\RTUtest_GP\Debug\Obj\GTM900C.r43 )
Error[e46]: Undefined external "BC95_QueryCSQState" referred in GTM900C ( C:\Users\Administrator\Desktop\师弟代码\RTUtest_GP\Debug\Obj\GTM900C.r43 )
Error[e46]: Undefined external "BC95_QueryCGATTState" referred in GTM900C ( C:\Users\Administrator\Desktop\师弟代码\RTUtest_GP\Debug\Obj\GTM900C.r43 )
Error[e46]: Undefined external "BC95_Close" referred in GTM900C ( C:\Users\Administrator\Desktop\师弟代码\RTUtest_GP\Debug\Obj\GTM900C.r43 )
Error[e46]: Undefined external "BC95_QueryTime" referred in GTM900C ( C:\Users\Administrator\Desktop\师弟代码\RTUtest_GP\Debug\Obj\GTM900C.r43 )
Error[e46]: Undefined external "BC95_SendSocketData" referred in GTM900C ( C:\Users\Administrator\Desktop\师弟代码\RTUtest_GP\Debug\Obj\GTM900C.r43 )
################################################################################
#                                                                              #
#      IAR Universal Linker V6.5.1.95                                          #
#                                                                              #
#           Link time     =  03/Dec/2019  11:16:47                             #
#           Target CPU    =  MSP430                                            #
#           List file     =  C:\Users\Administrator\Desktop\师弟代码\RTUtest_G #
#                            P\Debug\List\RTUtest_NB.map                       #
#           Output file 1 =  C:\Users\Administrator\Desktop\师弟代码\RTUtest_G #
#                            P\Debug\Exe\RTUtest_NB.d43                        #
#                            Format: ubrof10                                   #
#                            UBROF version 10.0.6                              #
#                            Using library modules for C-SPY (-rt)             #
#           Command line  =  -f                                                #
#                            C:\Users\ADMINI~1\AppData\Local\Temp\EWF2A5.tmp   #
#                            (C:\Users\Administrator\Desktop\师弟代码\RTUtest_ #
#                            GP\Debug\Obj\adc.r43                              #
#                            C:\Users\Administrator\Desktop\师弟代码\RTUtest_G #
#                            P\Debug\Obj\common.r43                            #
#                            C:\Users\Administrator\Desktop\师弟代码\RTUtest_G #
#                            P\Debug\Obj\Console.r43                           #
#                            C:\Users\Administrator\Desktop\师弟代码\RTUtest_G #
#                            P\Debug\Obj\debug.r43                             #
#                            C:\Users\Administrator\Desktop\师弟代码\RTUtest_G #
#                            P\Debug\Obj\flash.r43                             #
#                            C:\Users\Administrator\Desktop\师弟代码\RTUtest_G #
#                            P\Debug\Obj\flow.r43                              #
#                            C:\Users\Administrator\Desktop\师弟代码\RTUtest_G #
#                            P\Debug\Obj\GSM.r43                               #
#                            C:\Users\Administrator\Desktop\师弟代码\RTUtest_G #
#                            P\Debug\Obj\GTM900C.r43                           #
#                            C:\Users\Administrator\Desktop\师弟代码\RTUtest_G #
#                            P\Debug\Obj\hydrologycommand.r43                  #
#                            C:\Users\Administrator\Desktop\师弟代码\RTUtest_G #
#                            P\Debug\Obj\hydrologytask.r43                     #
#                            C:\Users\Administrator\Desktop\师弟代码\RTUtest_G #
#                            P\Debug\Obj\ioDev.r43                             #
#                            C:\Users\Administrator\Desktop\师弟代码\RTUtest_G #
#                            P\Debug\Obj\led.r43                               #
#                            C:\Users\Administrator\Desktop\师弟代码\RTUtest_G #
#                            P\Debug\Obj\main.r43                              #
#                            C:\Users\Administrator\Desktop\师弟代码\RTUtest_G #
#                            P\Debug\Obj\message.r43                           #
#                            C:\Users\Administrator\Desktop\师弟代码\RTUtest_G #
#                            P\Debug\Obj\packet.r43                            #
#                            C:\Users\Administrator\Desktop\师弟代码\RTUtest_G #
#                            P\Debug\Obj\rom.r43                               #
#                            C:\Users\Administrator\Desktop\师弟代码\RTUtest_G #
#                            P\Debug\Obj\rtc.r43                               #
#                            C:\Users\Administrator\Desktop\师弟代码\RTUtest_G #
#                            P\Debug\Obj\Sampler.r43                           #
#                            C:\Users\Administrator\Desktop\师弟代码\RTUtest_G #
#                            P\Debug\Obj\store.r43                             #
#                            C:\Users\Administrator\Desktop\师弟代码\RTUtest_G #
#                            P\Debug\Obj\timer.r43                             #
#                            C:\Users\Administrator\Desktop\师弟代码\RTUtest_G #
#                            P\Debug\Obj\uart0.r43                             #
#                            C:\Users\Administrator\Desktop\师弟代码\RTUtest_G #
#                            P\Debug\Obj\uart1.r43                             #
#                            C:\Users\Administrator\Desktop\师弟代码\RTUtest_G #
#                            P\Debug\Obj\uart2.r43                             #
#                            C:\Users\Administrator\Desktop\师弟代码\RTUtest_G #
#                            P\Debug\Obj\uart3.r43                             #
#                            C:\Users\Administrator\Desktop\师弟代码\RTUtest_G #
#                            P\Debug\Obj\uart_config.r43                       #
#                            C:\Users\Administrator\Desktop\师弟代码\RTUtest_G #
#                            P\Debug\Obj\wifi_config.r43                       #
#                            -o                                                #
#                            C:\Users\Administrator\Desktop\师弟代码\RTUtest_G #
#                            P\Debug\Exe\RTUtest_NB.d43                        #
#                            -l                                                #
#                            C:\Users\Administrator\Desktop\师弟代码\RTUtest_G #
#                            P\Debug\List\RTUtest_NB.map                       #
#                            -xms                                              #
#                            "-ID:\Program Files (x86)\IAR Systems\Embedded Wo #
#                            rkbench 8.0\430\LIB\"                             #
#                            -f                                                #
#                            "D:\Program Files (x86)\IAR Systems\Embedded Work #
#                            bench 8.0\430\config\linker\lnk430f5438a.xcl"     #
#                            (-cmsp430 -D?CPU30_OFFSET=2 -QCODE_I=CODE_ID      #
#                            -QTLS16_I=TLS16_ID -D__iar_HWMUL=4C0              #
#                            -Z(CONST)INFO=1800-19FF                           #
#                            -Z(CONST)INFOA=1980-19FF                          #
#                            -Z(CONST)INFOB=1900-197F                          #
#                            -Z(CONST)INFOC=1880-18FF                          #
#                            -Z(CONST)INFOD=1800-187F                          #
#                            -Z(DATA)DATA16_I,DATA16_Z,DATA16_N,TLS16_I=1C00-5 #
#                            BFF                                               #
#                            -Z(DATA)DATA16_HEAP+_DATA16_HEAP_SIZE             #
#                            -Z(DATA)CODE_I                                    #
#                            -Z(DATA)DATA20_I,DATA20_Z,DATA20_N,DATA20_HEAP+_D #
#                            ATA20_HEAP_SIZE                                   #
#                            -Z(DATA)CSTACK+_STACK_SIZE#                       #
#                            -Z(CONST)DATA16_C,DATA16_ID,TLS16_ID,DIFUNCT,CHEC #
#                            KSUM=5C00-FF7F                                    #
#                            -Z(CODE)CSTART,ISR_CODE,CODE16=5C00-FF7F          #
#                            -P(CODE)CODE=5C00-FF7F,10000-45BFF                #
#                            -Z(CONST)DATA20_C,DATA20_ID,CODE_ID=5C00-FF7F,100 #
#                            40-45BFF                                          #
#                            -Z(CODE)INTVEC=FF80-FFFF                          #
#                            -Z(CODE)RESET=FFFE-FFFF) -f                       #
#                            "D:\Program Files (x86)\IAR Systems\Embedded Work #
#                            bench 8.0\430\config\linker\multiplier32.xcl"     #
#                            (-e?Mul8Hw=?Mul8 -e?Mul16Hw=?Mul16                #
#                            -e?Mul16to32uHw=?Mul16to32u                       #
#                            -e?Mul16to32sHw=?Mul16to32s -e?Mul32Hw32=?Mul32   #
#                            -e?Mul64Hw32=_Mul64i                              #
#                            -e?Mul32u32uto64iHw32=_Mul32u32uto64i             #
#                            -e?Mul32fHw32=_Mul32f                             #
#                            -e_Mul64fHw32Ptr=_Mul64fPtr) -D_STACK_SIZE=800    #
#                            -rt                                               #
#                            "D:\Program Files (x86)\IAR Systems\Embedded Work #
#                            bench 8.0\430\lib\dlib\dl430xlsfn.r43"            #
#                            -D_DATA16_HEAP_SIZE=9C4 -s __program_start        #
#                            -D_DATA20_HEAP_SIZE=50)                           #
#                                                                              #
#                           Copyright (C) 1987-2016 IAR Systems AB.            #
################################################################################





                ****************************************
                *                                      *
                *           CROSS REFERENCE            *
                *                                      *
                ****************************************

       Program entry at :           6532  Relocatable, from module : ?cstart




                ****************************************
                *                                      *
                *            RUNTIME MODEL             *
                *                                      *
                ****************************************

  __Heap_Handler             = Basic
  __SystemLibrary            = DLib
  __code_model               = large
  __core                     = 430X
  __data_model               = small
  __dlib_file_descriptor     = 0
  __dlib_full_locale_support = 0
  __double_size              = 32
  __pic                      = no
  __reg_r4                   = free
  __reg_r5                   = free
  __rt_version               = 3

                ****************************************
                *                                      *
                *    AUTOMATIC SYMBOL REDIRECTIONS     *
                *                                      *
                ****************************************

       All references to: _Printf
         were redirected to: _PrintfFullNoMb



                ****************************************
                *                                      *
                *              MODULE MAP              *
                *                                      *
                ****************************************


  DEFINED ABSOLUTE ENTRIES
    *************************************************************************

  DEFINED ABSOLUTE ENTRIES
  PROGRAM MODULE, NAME : ?ABS_ENTRY_MOD

Absolute parts
           ENTRY                   ADDRESS         REF BY
           =====                   =======         ======
           _DATA20_HEAP_SIZE       0050 
           _DATA16_HEAP_SIZE       09C4 
           _STACK_SIZE             0800 
           __iar_HWMUL             04C0            ?Mul16to32sHw (?Mul16to32sHw)
                                                   ?Mul32fHw32 (?Mul32fHw32)
                                                   HydrologySaveData (hydrologytask)
                                                   Hydrology_ReadRom (message)
                                                   ROM_WriteBytes (rom)
                                                   Segment part 1 (?Mul8Hw)
                                                   Store_CheckDataItemSended (store)
                                                   Store_MarkDataItemSended (store)
                                                   Store_ReadDataItem (store)
                                                   Store_WriteDataItem (store)
                                                   _DECtoBCD (rtc)
                                                   getstreamid (message)
           ?CPU30_OFFSET           0002 
    *************************************************************************

  FILE NAME : C:\Users\Administrator\Desktop\师弟代码\RTUtest_GP\Debug\Obj\adc.r43
  PROGRAM MODULE, NAME : adc

  SEGMENTS IN THE MODULE
  ======================
DATA16_AN
  Relative segment, address: 0700 - 0701 (0x2 bytes), align: 0
  Segment part 1. ROOT        Intra module refs:   ADC_Open
                                                   ADC_Sample
           ENTRY                   ADDRESS         REF BY
           =====                   =======         ======
           _A_ADC12CTL0_L          0700 
           LOCAL                   ADDRESS         
           =====                   =======         
           ADC12CTL0               0700 
           ADC12CTL0_H             0701 
           ADC12CTL0_L             0700 
    -------------------------------------------------------------------------
DATA16_AN
  Relative segment, address: 0702 - 0703 (0x2 bytes), align: 0
  Segment part 2. ROOT        Intra module refs:   ADC_Open
                                                   ADC_Sample
           ENTRY                   ADDRESS         REF BY
           =====                   =======         ======
           _A_ADC12CTL1_L          0702 
           LOCAL                   ADDRESS         
           =====                   =======         
           ADC12CTL1               0702 
           ADC12CTL1_H             0703 
           ADC12CTL1_L             0702 
    -------------------------------------------------------------------------
DATA16_AN
  Relative segment, address: 0720 - 0721 (0x2 bytes), align: 0
  Segment part 3. ROOT        Intra module refs:   ADC_Sample
           ENTRY                   ADDRESS         REF BY
           =====                   =======         ======
           _A_ADC12MEM0_L          0720 
           LOCAL                   ADDRESS         
           =====                   =======         
           ADC12MEM0               0720 
           ADC12MEM0_H             0721 
           ADC12MEM0_L             0720 
    -------------------------------------------------------------------------
DATA16_AN
  Relative segment, address: 0722 - 0723 (0x2 bytes), align: 0
  Segment part 4. ROOT        Intra module refs:   ADC_Sample
           ENTRY                   ADDRESS         REF BY
           =====                   =======         ======
           _A_ADC12MEM1_L          0722 
           LOCAL                   ADDRESS         
           =====                   =======         
           ADC12MEM1               0722 
           ADC12MEM1_H             0723 
           ADC12MEM1_L             0722 
    -------------------------------------------------------------------------
DATA16_AN
  Relative segment, address: 0724 - 0725 (0x2 bytes), align: 0
  Segment part 5. ROOT        Intra module refs:   ADC_Sample
           ENTRY                   ADDRESS         REF BY
           =====                   =======         ======
           _A_ADC12MEM2_L          0724 
           LOCAL                   ADDRESS         
           =====                   =======         
           ADC12MEM2               0724 
           ADC12MEM2_H             0725 
           ADC12MEM2_L             0724 
    -------------------------------------------------------------------------
DATA16_AN
  Relative segment, address: 0726 - 0727 (0x2 bytes), align: 0
  Segment part 6. ROOT        Intra module refs:   ADC_Sample
           ENTRY                   ADDRESS         REF BY
           =====                   =======         ======
           _A_ADC12MEM3_L          0726 
           LOCAL                   ADDRESS         
           =====                   =======         
           ADC12MEM3               0726 
           ADC12MEM3_H             0727 
           ADC12MEM3_L             0726 
    -------------------------------------------------------------------------
DATA16_AN
  Relative segment, address: 0728 - 0729 (0x2 bytes), align: 0
  Segment part 7. ROOT        Intra module refs:   ADC_Sample
           ENTRY                   ADDRESS         REF BY
           =====                   =======         ======
           _A_ADC12MEM4_L          0728 
           LOCAL                   ADDRESS         
           =====                   =======         
           ADC12MEM4               0728 
           ADC12MEM4_H             0729 
           ADC12MEM4_L             0728 
    -------------------------------------------------------------------------
DATA16_AN
  Relative segment, address: 072A - 072B (0x2 bytes), align: 0
  Segment part 8. ROOT        Intra module refs:   ADC_Sample
           ENTRY                   ADDRESS         REF BY
           =====                   =======         ======
           _A_ADC12MEM5_L          072A 
           LOCAL                   ADDRESS         
           =====                   =======         
           ADC12MEM5               072A 
           ADC12MEM5_H             072B 
           ADC12MEM5_L             072A 
    -------------------------------------------------------------------------
DATA16_AN
  Relative segment, address: 072C - 072D (0x2 bytes), align: 0
  Segment part 9. ROOT        Intra module refs:   ADC_Sample
           ENTRY                   ADDRESS         REF BY
           =====                   =======         ======
           _A_ADC12MEM6_L          072C 
           LOCAL                   ADDRESS         
           =====                   =======         
           ADC12MEM6               072C 
           ADC12MEM6_H             072D 
           ADC12MEM6_L             072C 
    -------------------------------------------------------------------------
DATA16_AN
  Relative segment, address: 072E - 072F (0x2 bytes), align: 0
  Segment part 10. ROOT       Intra module refs:   ADC_Sample
           ENTRY                   ADDRESS         REF BY
           =====                   =======         ======
           _A_ADC12MEM7_L          072E 
           LOCAL                   ADDRESS         
           =====                   =======         
           ADC12MEM7               072E 
           ADC12MEM7_H             072F 
           ADC12MEM7_L             072E 
    -------------------------------------------------------------------------
DATA16_AN
  Relative segment, address: 0730 - 0731 (0x2 bytes), align: 0
  Segment part 11. ROOT       Intra module refs:   ADC_Sample
           ENTRY                   ADDRESS         REF BY
           =====                   =======         ======
           _A_ADC12MEM8_L          0730 
           LOCAL                   ADDRESS         
           =====                   =======         
           ADC12MEM8               0730 
           ADC12MEM8_H             0731 
           ADC12MEM8_L             0730 
    -------------------------------------------------------------------------
DATA16_AN
  Relative segment, address: 0732 - 0733 (0x2 bytes), align: 0
  Segment part 12. ROOT       Intra module refs:   ADC_Sample
           ENTRY                   ADDRESS         REF BY
           =====                   =======         ======
           _A_ADC12MEM9_L          0732 
           LOCAL                   ADDRESS         
           =====                   =======         
           ADC12MEM9               0732 
           ADC12MEM9_H             0733 
           ADC12MEM9_L             0732 
    -------------------------------------------------------------------------
DATA16_AN
  Relative segment, address: 0734 - 0735 (0x2 bytes), align: 0
  Segment part 13. ROOT       Intra module refs:   ADC_Sample
           ENTRY                   ADDRESS         REF BY
           =====                   =======         ======
           _A_ADC12MEM10_L         0734 
           LOCAL                   ADDRESS         
           =====                   =======         
           ADC12MEM10              0734 
           ADC12MEM10_H            0735 
           ADC12MEM10_L            0734 
    -------------------------------------------------------------------------
DATA16_AN
  Relative segment, address: 0736 - 0737 (0x2 bytes), align: 0
  Segment part 14. ROOT       Intra module refs:   ADC_Sample
           ENTRY                   ADDRESS         REF BY
           =====                   =======         ======
           _A_ADC12MEM11_L         0736 
           LOCAL                   ADDRESS         
           =====                   =======         
           ADC12MEM11              0736 
           ADC12MEM11_H            0737 
           ADC12MEM11_L            0736 
    -------------------------------------------------------------------------
DATA16_AN
  Relative segment, address: 0738 - 0739 (0x2 bytes), align: 0
  Segment part 15. ROOT       Intra module refs:   ADC_Sample
           ENTRY                   ADDRESS         REF BY
           =====                   =======         ======
           _A_ADC12MEM12_L         0738 
           LOCAL                   ADDRESS         
           =====                   =======         
           ADC12MEM12              0738 
           ADC12MEM12_H            0739 
           ADC12MEM12_L            0738 
    -------------------------------------------------------------------------
DATA16_AN
  Relative segment, address: 073A - 073B (0x2 bytes), align: 0
  Segment part 16. ROOT       Intra module refs:   ADC_Sample
           ENTRY                   ADDRESS         REF BY
           =====                   =======         ======
           _A_ADC12MEM13_L         073A 
           LOCAL                   ADDRESS         
           =====                   =======         
           ADC12MEM13              073A 
           ADC12MEM13_H            073B 
           ADC12MEM13_L            073A 
    -------------------------------------------------------------------------
DATA16_AN
  Relative segment, address: 073C - 073D (0x2 bytes), align: 0
  Segment part 17. ROOT       Intra module refs:   ADC_Sample
           ENTRY                   ADDRESS         REF BY
           =====                   =======         ======
           _A_ADC12MEM14_L         073C 
           LOCAL                   ADDRESS         
           =====                   =======         
           ADC12MEM14              073C 
           ADC12MEM14_H            073D 
           ADC12MEM14_L            073C 
    -------------------------------------------------------------------------
DATA16_AN
  Relative segment, address: 073E - 073F (0x2 bytes), align: 0
  Segment part 18. ROOT       Intra module refs:   ADC_Sample
           ENTRY                   ADDRESS         REF BY
           =====                   =======         ======
           _A_ADC12MEM15_L         073E 
           LOCAL                   ADDRESS         
           =====                   =======         
           ADC12MEM15              073E 
           ADC12MEM15_H            073F 
           ADC12MEM15_L            073E 
    -------------------------------------------------------------------------
DATA16_AN
  Relative segment, address: 0710 - 0710 (0x1 bytes), align: 0
  Segment part 19. ROOT       Intra module refs:   ADC_Open
           ENTRY                   ADDRESS         REF BY
           =====                   =======         ======
           ADC12MCTL0              0710 
    -------------------------------------------------------------------------
DATA16_AN
  Relative segment, address: 0711 - 0711 (0x1 bytes), align: 0
  Segment part 20. ROOT       Intra module refs:   ADC_Open
           ENTRY                   ADDRESS         REF BY
           =====                   =======         ======
           ADC12MCTL1              0711 
    -------------------------------------------------------------------------
DATA16_AN
  Relative segment, address: 0712 - 0712 (0x1 bytes), align: 0
  Segment part 21. ROOT       Intra module refs:   ADC_Open
           ENTRY                   ADDRESS         REF BY
           =====                   =======         ======
           ADC12MCTL2              0712 
    -------------------------------------------------------------------------
DATA16_AN
  Relative segment, address: 0713 - 0713 (0x1 bytes), align: 0
  Segment part 22. ROOT       Intra module refs:   ADC_Open
           ENTRY                   ADDRESS         REF BY
           =====                   =======         ======
           ADC12MCTL3              0713 
    -------------------------------------------------------------------------
DATA16_AN
  Relative segment, address: 0714 - 0714 (0x1 bytes), align: 0
  Segment part 23. ROOT       Intra module refs:   ADC_Open
           ENTRY                   ADDRESS         REF BY
           =====                   =======         ======
           ADC12MCTL4              0714 
    -------------------------------------------------------------------------
DATA16_AN
  Relative segment, address: 0715 - 0715 (0x1 bytes), align: 0
  Segment part 24. ROOT       Intra module refs:   ADC_Open
           ENTRY                   ADDRESS         REF BY
           =====                   =======         ======
           ADC12MCTL5              0715 
    -------------------------------------------------------------------------
DATA16_AN
  Relative segment, address: 0716 - 0716 (0x1 bytes), align: 0
  Segment part 25. ROOT       Intra module refs:   ADC_Open
           ENTRY                   ADDRESS         REF BY
           =====                   =======         ======
           ADC12MCTL6              0716 
    -------------------------------------------------------------------------
DATA16_AN
  Relative segment, address: 0717 - 0717 (0x1 bytes), align: 0
  Segment part 26. ROOT       Intra module refs:   ADC_Open
           ENTRY                   ADDRESS         REF BY
           =====                   =======         ======
           ADC12MCTL7              0717 
    -------------------------------------------------------------------------
DATA16_AN
  Relative segment, address: 0718 - 0718 (0x1 bytes), align: 0
  Segment part 27. ROOT       Intra module refs:   ADC_Open
           ENTRY                   ADDRESS         REF BY
           =====                   =======         ======
           ADC12MCTL8              0718 
    -------------------------------------------------------------------------
DATA16_AN
  Relative segment, address: 0719 - 0719 (0x1 bytes), align: 0
  Segment part 28. ROOT       Intra module refs:   ADC_Open
           ENTRY                   ADDRESS         REF BY
           =====                   =======         ======
           ADC12MCTL9              0719 
    -------------------------------------------------------------------------
DATA16_AN
  Relative segment, address: 071A - 071A (0x1 bytes), align: 0
  Segment part 29. ROOT       Intra module refs:   ADC_Open
           ENTRY                   ADDRESS         REF BY
           =====                   =======         ======
           ADC12MCTL10             071A 
    -------------------------------------------------------------------------
DATA16_AN
  Relative segment, address: 071B - 071B (0x1 bytes), align: 0
  Segment part 30. ROOT       Intra module refs:   ADC_Open
           ENTRY                   ADDRESS         REF BY
           =====                   =======         ======
           ADC12MCTL11             071B 
    -------------------------------------------------------------------------
DATA16_AN
  Relative segment, address: 071C - 071C (0x1 bytes), align: 0
  Segment part 31. ROOT       Intra module refs:   ADC_Open
           ENTRY                   ADDRESS         REF BY
           =====                   =======         ======
           ADC12MCTL12             071C 
    -------------------------------------------------------------------------
DATA16_AN
  Relative segment, address: 071D - 071D (0x1 bytes), align: 0
  Segment part 32. ROOT       Intra module refs:   ADC_Open
           ENTRY                   ADDRESS         REF BY
           =====                   =======         ======
           ADC12MCTL13             071D 
    -------------------------------------------------------------------------
DATA16_AN
  Relative segment, address: 071E - 071E (0x1 bytes), align: 0
  Segment part 33. ROOT       Intra module refs:   ADC_Open
           ENTRY                   ADDRESS         REF BY
           =====                   =======         ======
           ADC12MCTL14             071E 
    -------------------------------------------------------------------------
DATA16_AN
  Relative segment, address: 071F - 071F (0x1 bytes), align: 0
  Segment part 34. ROOT       Intra module refs:   ADC_Open
           ENTRY                   ADDRESS         REF BY
           =====                   =======         ======
           ADC12MCTL15             071F 
    -------------------------------------------------------------------------
DATA16_AN
  Relative segment, address: 0242 - 0243 (0x2 bytes), align: 0
  Segment part 35. ROOT       Intra module refs:   ADC_Sample
                                                   Led1_Off (led)
                                                   Led1_On (led)
                                                   Led_Init (led)
                                                   ROM_WP_OFF (rom)
                                                   ROM_WP_ON (rom)
           ENTRY                   ADDRESS         REF BY
           =====                   =======         ======
           _A_PCOUT_L              0242 
           LOCAL                   ADDRESS         
           =====                   =======         
           PCOUT                   0242 
           PCOUT_H                 0243 
           PCOUT_L                 0242 
    -------------------------------------------------------------------------
DATA16_AN
  Relative segment, address: 024A - 024B (0x2 bytes), align: 0
  Segment part 36. ROOT       Intra module refs:   ADC_Open
                                                   ADC_Sample
                                                   Clock_Init (common)
                                                   Led_Init (led)
                                                   UART1_Open_9600 (uart1)
           ENTRY                   ADDRESS         REF BY
           =====                   =======         ======
           _A_PCSEL_L              024A 
           LOCAL                   ADDRESS         
           =====                   =======         
           PCSEL                   024A 
           PCSEL_H                 024B 
           PCSEL_L                 024A 
    -------------------------------------------------------------------------
DATA16_Z
  Relative segment, address: 1C2A - 1C49 (0x20 bytes), align: 1
  Segment part 38.            Intra module refs:   ADC_Sample
           ENTRY                   ADDRESS         REF BY
           =====                   =======         ======
           A                       1C2A            ADC_Element (hydrologytask)
    -------------------------------------------------------------------------
<CODE> 1 (was CODE)
  Relative segment, address: D7BE - D859 (0x9c bytes), align: 1
  Segment part 39.
           ENTRY                   ADDRESS         REF BY
           =====                   =======         ======
           ADC_Open                D7BE            Sampler_Open (Sampler)
               calls direct
    -------------------------------------------------------------------------
<CODE> 1 (was CODE)
  Relative segment, address: 848C - 894D (0x4c2 bytes), align: 1
  Segment part 41.
           ENTRY                   ADDRESS         REF BY
           =====                   =======         ======
           ADC_Sample              848C            HydrologySample (hydrologytask)
               calls direct

    *************************************************************************

  FILE NAME : C:\Users\Administrator\Desktop\师弟代码\RTUtest_GP\Debug\Obj\common.r43
  PROGRAM MODULE, NAME : common

  SEGMENTS IN THE MODULE
  ======================
DATA16_AN
  Relative segment, address: 021A - 021B (0x2 bytes), align: 0
  Segment part 1. ROOT        Intra module refs:   Sampler_Init (Sampler)
           ENTRY                   ADDRESS         REF BY
           =====                   =======         ======
           _A_PAIE_L               021A 
           LOCAL                   ADDRESS         
           =====                   =======         
           PAIE                    021A 
           PAIE_H                  021B 
           PAIE_L                  021A 
    -------------------------------------------------------------------------
DATA16_AN
  Relative segment, address: 021C - 021D (0x2 bytes), align: 0
  Segment part 2. ROOT        Intra module refs:   PORT1_ISR (Sampler)
           ENTRY                   ADDRESS         REF BY
           =====                   =======         ======
           _A_PAIFG_L              021C 
           LOCAL                   ADDRESS         
           =====                   =======         
           PAIFG                   021C 
           PAIFG_H                 021D 
           PAIFG_L                 021C 
    -------------------------------------------------------------------------
DATA16_AN
  Relative segment, address: 026A - 026B (0x2 bytes), align: 0
  Segment part 4. ROOT        Intra module refs:   Clock_Init
                                                   Led_Init (led)
           ENTRY                   ADDRESS         REF BY
           =====                   =======         ======
           _A_PDSEL_L              026A 
           LOCAL                   ADDRESS         
           =====                   =======         
           PDSEL                   026A 
           PDSEL_H                 026B 
           PDSEL_L                 026A 
    -------------------------------------------------------------------------
DATA16_AN
  Relative segment, address: 0282 - 0283 (0x2 bytes), align: 0
  Segment part 5. ROOT        Intra module refs:   Clear_ExternWatchdog
                                                   GSM_Close (GSM)
                                                   IIC_SCL_HIGH (rtc)
                                                   IIC_SCL_LOW (rtc)
                                                   IIC_SDA_HIGH (rtc)
                                                   IIC_SDA_LOW (rtc)
                                                   Led_Init (led)
                                                   Max3222_Close
                                                   Max3222_Open
                                                   Restart_Init (main)
                                                   Sampler_Open (Sampler)
                                                   TimerB_Init (timer)
           ENTRY                   ADDRESS         REF BY
           =====                   =======         ======
           _A_PEOUT_L              0282 
           LOCAL                   ADDRESS         
           =====                   =======         
           PEOUT                   0282 
           PEOUT_H                 0283 
           PEOUT_L                 0282 
    -------------------------------------------------------------------------
DATA16_AN
  Relative segment, address: 0284 - 0285 (0x2 bytes), align: 0
  Segment part 6. ROOT        Intra module refs:   GSM_Close (GSM)
                                                   IIC_Ack (rtc)
                                                   IIC_NAck (rtc)
                                                   IIC_Read_Byte (rtc)
                                                   IIC_Send_Byte (rtc)
                                                   IIC_Start (rtc)
                                                   IIC_Stop (rtc)
                                                   IIC_Wait_Ack (rtc)
                                                   Led_Init (led)
                                                   Max3222_Close
                                                   Max3222_Open
                                                   RTC_Open (rtc)
                                                   Restart_Init (main)
                                                   Sampler_Open (Sampler)
                                                   TimerB_Init (timer)
                                                   UART3_Open (uart3)
           ENTRY                   ADDRESS         REF BY
           =====                   =======         ======
           _A_PEDIR_L              0284 
           LOCAL                   ADDRESS         
           =====                   =======         
           PEDIR                   0284 
           PEDIR_H                 0285 
           PEDIR_L                 0284 
    -------------------------------------------------------------------------
DATA16_AN
  Relative segment, address: 0120 - 0121 (0x2 bytes), align: 0
  Segment part 7. ROOT        Intra module refs:   Set_Vcore
           ENTRY                   ADDRESS         REF BY
           =====                   =======         ======
           _A_PMMCTL0_L            0120 
           LOCAL                   ADDRESS         
           =====                   =======         
           PMMCTL0                 0120 
           PMMCTL0_H               0121 
           PMMCTL0_L               0120 
    -------------------------------------------------------------------------
DATA16_AN
  Relative segment, address: 0124 - 0125 (0x2 bytes), align: 0
  Segment part 8. ROOT        Intra module refs:   Set_Vcore
           ENTRY                   ADDRESS         REF BY
           =====                   =======         ======
           _A_SVSMHCTL_L           0124 
           LOCAL                   ADDRESS         
           =====                   =======         
           SVSMHCTL                0124 
           SVSMHCTL_H              0125 
           SVSMHCTL_L              0124 
    -------------------------------------------------------------------------
DATA16_AN
  Relative segment, address: 0126 - 0127 (0x2 bytes), align: 0
  Segment part 9. ROOT        Intra module refs:   Set_Vcore
           ENTRY                   ADDRESS         REF BY
           =====                   =======         ======
           _A_SVSMLCTL_L           0126 
           LOCAL                   ADDRESS         
           =====                   =======         
           SVSMLCTL                0126 
           SVSMLCTL_H              0127 
           SVSMLCTL_L              0126 
    -------------------------------------------------------------------------
DATA16_AN
  Relative segment, address: 012C - 012D (0x2 bytes), align: 0
  Segment part 10. ROOT       Intra module refs:   Set_Vcore
           ENTRY                   ADDRESS         REF BY
           =====                   =======         ======
           _A_PMMIFG_L             012C 
           LOCAL                   ADDRESS         
           =====                   =======         
           PMMIFG                  012C 
           PMMIFG_H                012D 
           PMMIFG_L                012C 
    -------------------------------------------------------------------------
DATA16_AN
  Relative segment, address: 0102 - 0103 (0x2 bytes), align: 0
  Segment part 11. ROOT       Intra module refs:   Clock_ACLK_DIV
                                                   Clock_Init
                                                   Clock_SMCLK_DIV
           ENTRY                   ADDRESS         REF BY
           =====                   =======         ======
           _A_SFRIFG1_L            0102 
           LOCAL                   ADDRESS         
           =====                   =======         
           SFRIFG1                 0102 
           SFRIFG1_H               0103 
           SFRIFG1_L               0102 
    -------------------------------------------------------------------------
DATA16_AN
  Relative segment, address: 0168 - 0169 (0x2 bytes), align: 0
  Segment part 12. ROOT       Intra module refs:   Clock_Init
           ENTRY                   ADDRESS         REF BY
           =====                   =======         ======
           _A_UCSCTL4_L            0168 
           LOCAL                   ADDRESS         
           =====                   =======         
           UCSCTL4                 0168 
           UCSCTL4_H               0169 
           UCSCTL4_L               0168 
    -------------------------------------------------------------------------
DATA16_AN
  Relative segment, address: 016A - 016B (0x2 bytes), align: 0
  Segment part 13. ROOT       Intra module refs:   Clock_ACLK_DIV
                                                   Clock_SMCLK_DIV
           ENTRY                   ADDRESS         REF BY
           =====                   =======         ======
           _A_UCSCTL5_L            016A 
           LOCAL                   ADDRESS         
           =====                   =======         
           UCSCTL5                 016A 
           UCSCTL5_H               016B 
           UCSCTL5_L               016A 
    -------------------------------------------------------------------------
DATA16_AN
  Relative segment, address: 016C - 016D (0x2 bytes), align: 0
  Segment part 14. ROOT       Intra module refs:   Clock_Init
           ENTRY                   ADDRESS         REF BY
           =====                   =======         ======
           _A_UCSCTL6_L            016C 
           LOCAL                   ADDRESS         
           =====                   =======         
           UCSCTL6                 016C 
           UCSCTL6_H               016D 
           UCSCTL6_L               016C 
    -------------------------------------------------------------------------
DATA16_AN
  Relative segment, address: 016E - 016F (0x2 bytes), align: 0
  Segment part 15. ROOT       Intra module refs:   Clock_Init
           ENTRY                   ADDRESS         REF BY
           =====                   =======         ======
           _A_UCSCTL7_L            016E 
           LOCAL                   ADDRESS         
           =====                   =======         
           UCSCTL7                 016E 
           UCSCTL7_H               016F 
           UCSCTL7_L               016E 
    -------------------------------------------------------------------------
DATA16_AN
  Relative segment, address: 015C - 015D (0x2 bytes), align: 0
  Segment part 16. ROOT       Intra module refs:   Clock_Init
                                                   System_Reset
                                                   WatchDog_Clear (timer)
                                                   WatchDog_Init (timer)
           ENTRY                   ADDRESS         REF BY
           =====                   =======         ======
           _A_WDTCTL_L             015C 
           LOCAL                   ADDRESS         
           =====                   =======         
           WDTCTL                  015C 
           WDTCTL_H                015D 
           WDTCTL_L                015C 
    -------------------------------------------------------------------------
DATA16_Z
  Relative segment, address: 1C4A - 1C4B (0x2 bytes), align: 1
  Segment part 49.            Intra module refs:   TraceFunctionLine
                                                   TraceHexMsgFuncLine
                                                   TraceInt4FuncLine
                                                   TraceMsgFuncLine
                                                   TraceOpen
           ENTRY                   ADDRESS         REF BY
           =====                   =======         ======
           trace_open              1C4A            WIFI_Open (wifi_config)
    -------------------------------------------------------------------------
DATA16_Z
  Relative segment, address: 1C4C - 1C4D (0x2 bytes), align: 1
  Segment part 50.            Intra module refs:   System_Delayms
                                                   System_Delayus
           LOCAL                   ADDRESS         
           =====                   =======         
           s_clock                 1C4C 
    -------------------------------------------------------------------------
DATA16_Z
  Relative segment, address: 1C4E - 1C4F (0x2 bytes), align: 1
  Segment part 51.            Intra module refs:   DownInt
                                                   UpInt
           LOCAL                   ADDRESS         
           =====                   =======         
           _int                    1C4E 
    -------------------------------------------------------------------------
DATA16_Z
  Relative segment, address: 1C50 - 1C51 (0x2 bytes), align: 1
  Segment part 52.            Intra module refs:   Clear_ExternWatchdog
           LOCAL                   ADDRESS         
           =====                   =======         
           s_reset_pin             1C50 
    -------------------------------------------------------------------------
<CODE> 2 (was CODE)
  Relative segment, address: 00010718 - 00010725 (0xe bytes), align: 1
  Segment part 53.
           ENTRY                   ADDRESS         REF BY
           =====                   =======         ======
           TraceOpen               00010718        Main_Init (main)
                                                   main (main)
               calls direct
    -------------------------------------------------------------------------
<CODE> 2 (was CODE)
  Relative segment, address: 000103B6 - 000103D5 (0x20 bytes), align: 1
  Segment part 54.            Intra module refs:   TraceHexMsgFuncLine
                                                   TraceInt4FuncLine
                                                   TraceMsgFuncLine
           ENTRY                   ADDRESS         REF BY
           =====                   =======         ======
           TraceFunctionLine       000103B6 
               calls direct
    -------------------------------------------------------------------------
<CODE> 2 (was CODE)
  Relative segment, address: 00010336 - 00010355 (0x20 bytes), align: 1
  Segment part 55.
           ENTRY                   ADDRESS         REF BY
           =====                   =======         ======
           TraceHexMsgFuncLine     00010336        GPRS_Send (GTM900C)
                                                   HydrologyInstantWaterLevel (hydrologytask)
                                                   Hydrology_ProcessUARTReceieve (uart_config)
                                                   Hydrology_SendData (message)
                                                   Hydrology_TimeCheck (hydrologytask)
                                                   RS485_Read (hydrologycommand)
                                                   RS485_Send (hydrologycommand)
               calls direct
    -------------------------------------------------------------------------
<CODE> 1 (was CODE)
  Relative segment, address: FD4A - FD7B (0x32 bytes), align: 1
  Segment part 56.            Intra module refs:   System_Reset
           ENTRY                   ADDRESS         REF BY
           =====                   =======         ======
           TraceMsgFuncLine        FD4A            FlowCheckSampleData (flow)
                                                   GPRS_Close_TCP_Link (GTM900C)
                                                   GPRS_Send (GTM900C)
                                                   GSM_AT_CloseFeedback (GSM)
                                                   GSM_Close (GSM)
                                                   GSM_DealData (GSM)
                                                   HydrologyInstantWaterLevel (hydrologytask)
                                                   HydrologySample (hydrologytask)
                                                   HydrologySaveData (hydrologytask)
                                                   Hydrology_InitWaitConfig (uart_config)
                                                   Hydrology_Printf (message)
                                                   Hydrology_TimeCheck (hydrologytask)
                                                   PORT1_ISR (Sampler)
                                                   Store_ReadDataItem (store)
                                                   WIFI_Open (wifi_config)
                                                   main (main)
               calls direct
    -------------------------------------------------------------------------
<CODE> 1 (was CODE)
  Relative segment, address: F3DE - F423 (0x46 bytes), align: 1
  Segment part 61.
           ENTRY                   ADDRESS         REF BY
           =====                   =======         ======
           TraceInt4FuncLine       F3DE            FlowCheckSampleData (flow)
                                                   HydrologyInstantWaterLevel (hydrologytask)
                                                   HydrologyUpdateElementTable (hydrologytask)
                                                   PORT1_ISR (Sampler)
                                                   UART1_RecvLineTry (uart1)
                                                   UART3_RecvLineTry (uart3)
                                                   hydrologySetPara (hydrologycommand)
               calls direct
    -------------------------------------------------------------------------
<CODE> 1 (was CODE)
  Relative segment, address: EADC - EB3F (0x64 bytes), align: 1
  Segment part 62.
           ENTRY                   ADDRESS         REF BY
           =====                   =======         ======
           hex_2_ascii             EADC            Hydrology_SetTime (message)
               calls direct
    -------------------------------------------------------------------------
<CODE> 1 (was CODE)
  Relative segment, address: FA92 - FAC9 (0x38 bytes), align: 1
  Segment part 64.            Intra module refs:   Clock_Init
                                                   Select_Debug_Mode
                                                   System_Reset
           ENTRY                   ADDRESS         REF BY
           =====                   =======         ======
           System_Delayms          FA92            ADC_Open (adc)
                                                   ADC_Sample (adc)
                                                   GPRS_Close_GSM (GTM900C)
                                                   GPRS_Send (GTM900C)
                                                   GSM_Close (GSM)
                                                   HydrologyInstantWaterLevel (hydrologytask)
                                                   Hydrology_InitWaitConfig (uart_config)
                                                   Hydrology_TimeCheck (hydrologytask)
                                                   I2C_STOP (rom)
                                                   Led1_WARN (led)
                                                   RS485_Delayms (hydrologycommand)
                                                   RTC_Open (rtc)
                                                   Sampler_Open (Sampler)
                                                   UART0_RecvLineWait (uart0)
                                                   UART0_Send (uart0)
                                                   UART1_Send (uart1)
                                                   UART3_Send (uart3)
                                                   WIFI_InitCmd (wifi_config)
                                                   WIFI_Open (wifi_config)
                                                   //WIFI_SendData (wifi_config)
                                                   WIFI_Server_Start (wifi_config)
                                                   WIFI_WaitSendResult (wifi_config)
    -------------------------------------------------------------------------
<CODE> 1 (was CODE)
  Relative segment, address: FC18 - FC4D (0x36 bytes), align: 1
  Segment part 65.
           ENTRY                   ADDRESS         REF BY
           =====                   =======         ======
           System_Delayus          FC18            RS485_Delayus (hydrologycommand)
    -------------------------------------------------------------------------
<CODE> 2 (was CODE)
  Relative segment, address: 0001082E - 00010837 (0xa bytes), align: 1
  Segment part 66.
           ENTRY                   ADDRESS         REF BY
           =====                   =======         ======
           DownInt                 0001082E        ROM_Init (rom)
                                                   ROM_ReadByte (rom)
                                                   ROM_ReadBytes (rom)
                                                   ROM_WriteByte (rom)
                                                   ROM_WriteBytes (rom)
                                                   RTC_Open (rtc)
                                                   RTC_ReadTimeBytes5 (rtc)
                                                   RTC_ReadTimeBytes6 (rtc)
                                                   RTC_RetrievePulseBytes (rtc)
                                                   RTC_SetTimeStr6_B (rtc)
                                                   UART0_ClearBuffer (uart0)
                                                   UART1_ClearBuffer (uart1)
                                                   UART3_ClearBuffer (uart3)
    -------------------------------------------------------------------------
<CODE> 2 (was CODE)
  Relative segment, address: 00010578 - 0001058F (0x18 bytes), align: 1
  Segment part 67.
           ENTRY                   ADDRESS         REF BY
           =====                   =======         ======
           UpInt                   00010578        ROM_Init (rom)
                                                   ROM_ReadByte (rom)
                                                   ROM_ReadBytes (rom)
                                                   ROM_WriteByte (rom)
                                                   ROM_WriteBytes (rom)
                                                   RTC_Open (rtc)
                                                   RTC_ReadTimeBytes5 (rtc)
                                                   RTC_ReadTimeBytes6 (rtc)
                                                   RTC_RetrievePulseBytes (rtc)
                                                   RTC_SetTimeStr6_B (rtc)
                                                   UART0_ClearBuffer (uart0)
                                                   UART1_ClearBuffer (uart1)
                                                   UART3_ClearBuffer (uart3)
    -------------------------------------------------------------------------
<CODE> 2 (was CODE)
  Relative segment, address: 00010886 - 0001088B (0x6 bytes), align: 1
  Segment part 71.
           ENTRY                   ADDRESS         REF BY
           =====                   =======         ======
           EnInt                   00010886        Main_Init (main)
    -------------------------------------------------------------------------
<CODE> 2 (was CODE)
  Relative segment, address: 000107A4 - 000107B1 (0xe bytes), align: 1
  Segment part 72.            Intra module refs:   Select_Debug_Mode
           ENTRY                   ADDRESS         REF BY
           =====                   =======         ======
           Max3222_Open            000107A4 
    -------------------------------------------------------------------------
<CODE> 2 (was CODE)
  Relative segment, address: 000107C0 - 000107CD (0xe bytes), align: 1
  Segment part 73.            Intra module refs:   Select_Debug_Mode
           ENTRY                   ADDRESS         REF BY
           =====                   =======         ======
           Max3222_Close           000107C0 
    -------------------------------------------------------------------------
<CODE> 2 (was CODE)
  Relative segment, address: 000100B2 - 000100DD (0x2c bytes), align: 1
  Segment part 74.
           ENTRY                   ADDRESS         REF BY
           =====                   =======         ======
           Select_Debug_Mode       000100B2        main (main)
               calls direct
    -------------------------------------------------------------------------
<CODE> 2 (was CODE)
  Relative segment, address: 00010396 - 000103B5 (0x20 bytes), align: 1
  Segment part 75.
           ENTRY                   ADDRESS         REF BY
           =====                   =======         ======
           System_Reset            00010396        HydrologyInstantWaterLevel (hydrologytask)
                                                   Hydrology_TimeCheck (hydrologytask)
                                                   TIMERB1_ISR (timer)
               calls direct
    -------------------------------------------------------------------------
<CODE> 1 (was CODE)
  Relative segment, address: E9A6 - EA0D (0x68 bytes), align: 1
  Segment part 76.            Intra module refs:   Clock_Init
           ENTRY                   ADDRESS         REF BY
           =====                   =======         ======
           Clock_SMCLK_DIV         E9A6 
    -------------------------------------------------------------------------
<CODE> 1 (was CODE)
  Relative segment, address: EA0E - EA75 (0x68 bytes), align: 1
  Segment part 77.            Intra module refs:   Clock_Init
           ENTRY                   ADDRESS         REF BY
           =====                   =======         ======
           Clock_ACLK_DIV          EA0E 
    -------------------------------------------------------------------------
<CODE> 1 (was CODE)
  Relative segment, address: EEEC - EF41 (0x56 bytes), align: 1
  Segment part 78.            Intra module refs:   Clock_Init
           ENTRY                   ADDRESS         REF BY
           =====                   =======         ======
           Set_Vcore               EEEC 
    -------------------------------------------------------------------------
<CODE> 1 (was CODE)
  Relative segment, address: EDE4 - EE3F (0x5c bytes), align: 1
  Segment part 79.
           ENTRY                   ADDRESS         REF BY
           =====                   =======         ======
           Clock_Init              EDE4            Restart_Init (main)
               calls direct
    -------------------------------------------------------------------------
<CODE> 2 (was CODE)
  Relative segment, address: 000105F0 - 00010605 (0x16 bytes), align: 1
  Segment part 81.
           ENTRY                   ADDRESS         REF BY
           =====                   =======         ======
           Utility_Strlen          000105F0        Console_WriteString (Console)
                                                   Console_WriteStringln (Console)
                                                   WIFI_InitCmd (wifi_config)
                                                   //WIFI_SendData (wifi_config)
                                                   WIFI_Server_Start (wifi_config)
    -------------------------------------------------------------------------
<CODE> 2 (was CODE)
  Relative segment, address: 00010486 - 000104A1 (0x1c bytes), align: 1
  Segment part 80.
           ENTRY                   ADDRESS         REF BY
           =====                   =======         ======
           Utility_Strncpy         00010486        HydrologyInstantWaterLevel (hydrologytask)
                                                   HydrologySample (hydrologytask)
                                                   HydrologySaveData (hydrologytask)
                                                   Store_ReadDataItem (store)
    -------------------------------------------------------------------------
<CODE> 2 (was CODE)
  Relative segment, address: 00010240 - 00010263 (0x24 bytes), align: 1
  Segment part 91.
           ENTRY                   ADDRESS         REF BY
           =====                   =======         ======
           Utility_Strncmp         00010240        GSM_AT_CloseFeedback (GSM)
                                                   GSM_AT_OffCall (GSM)
                                                   GSM_AT_ShutDown (GSM)
                                                   GSM_DealData (GSM)
                                                   WIFI_WaitSendResult (wifi_config)
    -------------------------------------------------------------------------
<CODE> 1 (was CODE)
  Relative segment, address: F57C - F5BF (0x44 bytes), align: 1
  Segment part 92.
           ENTRY                   ADDRESS         REF BY
           =====                   =======         ======
           Utility_CharToHex       F57C            Console_WriteHexCharln (Console)
    -------------------------------------------------------------------------
<CODE> 1 (was CODE)
  Relative segment, address: E866 - E8D1 (0x6c bytes), align: 1
  Segment part 58.            Intra module refs:   TraceInt4FuncLine
           ENTRY                   ADDRESS         REF BY
           =====                   =======         ======
           Utility_UintToStr4      E866            Console_WriteInt (Console)
                                                   Hydrology_ReadEndIdx (message)
                                                   Hydrology_ReadStartIdx (message)
                                                   Hydrology_SetDataPacketCount (message)
                                                   Hydrology_SetEndIdx (message)
                                                   Hydrology_SetStartIdx (message)
               calls direct
    -------------------------------------------------------------------------
<CODE> 1 (was CODE)
  Relative segment, address: A98A - ABA1 (0x218 bytes), align: 1
  Segment part 112.
           ENTRY                   ADDRESS         REF BY
           =====                   =======         ======
           Utility_Is_A_ReportTime
                                   A98A            HydrologyInstantWaterLevel (hydrologytask)
               calls direct
    -------------------------------------------------------------------------
<CODE> 2 (was CODE)
  Relative segment, address: 00010430 - 0001044D (0x1e bytes), align: 1
  Segment part 120.
           ENTRY                   ADDRESS         REF BY
           =====                   =======         ======
           Clear_ExternWatchdog    00010430        TIMERB1_ISR (timer)
    -------------------------------------------------------------------------
DATA16_C
  Relative segment, address: 5C32 - 5C33 (0x2 bytes), align: 0
  Segment part 18.            Intra module refs:   TraceFunctionLine
    -------------------------------------------------------------------------
DATA16_C
  Relative segment, address: 5C00 - 5C11 (0x12 bytes), align: 1
  Segment part 19.            Intra module refs:   hex_2_ascii
    -------------------------------------------------------------------------
DATA16_C
  Relative segment, address: 5C34 - 5C40 (0xd bytes), align: 0
  Segment part 20.            Intra module refs:   System_Reset
           LOCAL                   ADDRESS         
           =====                   =======         
           System_Reset::__FUNCTION__
                                   5C34 
    -------------------------------------------------------------------------
DATA16_C
  Relative segment, address: 5C41 - 5C4D (0xd bytes), align: 0
  Segment part 21.            Intra module refs:   System_Reset

    *************************************************************************

  FILE NAME : C:\Users\Administrator\Desktop\师弟代码\RTUtest_GP\Debug\Obj\Console.r43
  PROGRAM MODULE, NAME : Console

  SEGMENTS IN THE MODULE
  ======================
<CODE> 2 (was CODE)
  Relative segment, address: 000108B8 - 000108BB (0x4 bytes), align: 1
  Segment part 5.             Intra module refs:   Console_WriteHexCharln
                                                   hydrologyExitReceieve (message)
                                                   hydrologyExitSend (message)
           ENTRY                   ADDRESS         REF BY
           =====                   =======         ======
           free                    000108B8 
               calls direct
    -------------------------------------------------------------------------
<CODE> 2 (was CODE)
  Relative segment, address: 00010898 - 0001089B (0x4 bytes), align: 1
  Segment part 6.             Intra module refs:   Console_WriteHexCharln
                                                   HydrologySaveData (hydrologytask)
                                                   Hydrology_CalElementInfo (message)
                                                   hydrologyInitReceieve (message)
                                                   hydrologyInitSend (message)
                                                   hydrologyMakeDownBody (message)
                                                   hydrologyMakeUpBody (message)
                                                   mallocElement (message)
           ENTRY                   ADDRESS         REF BY
           =====                   =======         ======
           malloc                  00010898 
               calls direct
    -------------------------------------------------------------------------
DATA16_Z
  Relative segment, address: 1C52 - 1C53 (0x2 bytes), align: 1
  Segment part 4.             Intra module refs:   Console_Open
                                                   Console_WriteBytes
                                                   Console_WriteBytesln
                                                   Console_WriteString
                                                   Console_WriteStringln
           LOCAL                   ADDRESS         
           =====                   =======         
           Opened                  1C52 
    -------------------------------------------------------------------------
<CODE> 2 (was CODE)
  Relative segment, address: 0001076C - 00010779 (0xe bytes), align: 1
  Segment part 7.
           ENTRY                   ADDRESS         REF BY
           =====                   =======         ======
           Console_Open            0001076C        Restart_Init (main)
                                                   Store_ReadPulseRangeBytes (store)
                                                   TraceOpen (common)
               calls direct
    -------------------------------------------------------------------------
<CODE> 2 (was CODE)
  Relative segment, address: 0001085A - 00010861 (0x8 bytes), align: 1
  Segment part 8.
           ENTRY                   ADDRESS         REF BY
           =====                   =======         ======
           Console_Close           0001085A        TraceOpen (common)
               calls direct
    -------------------------------------------------------------------------
<CODE> 1 (was CODE)
  Relative segment, address: ED26 - ED85 (0x60 bytes), align: 1
  Segment part 11.
           ENTRY                   ADDRESS         REF BY
           =====                   =======         ======
           Console_WriteHexCharln
                                   ED26            TraceHexMsgFuncLine (common)
               calls direct
    -------------------------------------------------------------------------
<CODE> 1 (was CODE)
  Relative segment, address: F708 - F747 (0x40 bytes), align: 1
  Segment part 12.
           ENTRY                   ADDRESS         REF BY
           =====                   =======         ======
           Console_WriteString     F708            TraceFunctionLine (common)
                                                   TraceMsgFuncLine (common)
               calls direct
    -------------------------------------------------------------------------
<CODE> 1 (was CODE)
  Relative segment, address: F748 - F787 (0x40 bytes), align: 1
  Segment part 10.            Intra module refs:   Console_WriteHexCharln
           ENTRY                   ADDRESS         REF BY
           =====                   =======         ======
           Console_WriteStringln   F748            GPRS_Send (GTM900C)
                                                   GSM_AT_CloseFeedback (GSM)
                                                   TraceMsgFuncLine (common)
               calls direct
    -------------------------------------------------------------------------
<CODE> 2 (was CODE)
  Relative segment, address: 00010184 - 000101A9 (0x26 bytes), align: 1
  Segment part 13.
           ENTRY                   ADDRESS         REF BY
           =====                   =======         ======
           Console_WriteBytes      00010184        TraceInt4FuncLine (common)
               calls direct
    -------------------------------------------------------------------------
<CODE> 2 (was CODE)
  Relative segment, address: 000101AA - 000101CF (0x26 bytes), align: 1
  Segment part 9.             Intra module refs:   Console_WriteHexCharln
                                                   Console_WriteInt
           ENTRY                   ADDRESS         REF BY
           =====                   =======         ======
           Console_WriteBytesln    000101AA        TraceInt4FuncLine (common)
               calls direct
    -------------------------------------------------------------------------
<CODE> 2 (was CODE)
  Relative segment, address: 0001052A - 00010543 (0x1a bytes), align: 1
  Segment part 14.
           ENTRY                   ADDRESS         REF BY
           =====                   =======         ======
           Console_WriteInt        0001052A        TraceFunctionLine (common)
               calls direct
    -------------------------------------------------------------------------
DATA16_C
  Relative segment, address: 5C4E - 5C72 (0x25 bytes), align: 0
  Segment part 2.             Intra module refs:   Console_WriteHexCharln

    *************************************************************************

  FILE NAME : C:\Users\Administrator\Desktop\师弟代码\RTUtest_GP\Debug\Obj\debug.r43
    *************************************************************************

  FILE NAME : C:\Users\Administrator\Desktop\师弟代码\RTUtest_GP\Debug\Obj\flash.r43
    *************************************************************************

  FILE NAME : C:\Users\Administrator\Desktop\师弟代码\RTUtest_GP\Debug\Obj\flow.r43
  PROGRAM MODULE, NAME : flow

  SEGMENTS IN THE MODULE
  ======================
<CODE> 1 (was CODE)
  Relative segment, address: B248 - B381 (0x13a bytes), align: 1
  Segment part 18.
           ENTRY                   ADDRESS         REF BY
           =====                   =======         ======
           FlowCheckSampleData     B248            HydrologyInstantWaterLevel (hydrologytask)
               calls direct
    -------------------------------------------------------------------------
DATA16_C
  Relative segment, address: 5C73 - 5C86 (0x14 bytes), align: 0
  Segment part 2.             Intra module refs:   FlowCheckSampleData
           LOCAL                   ADDRESS         
           =====                   =======         
           FlowCheckSampleData::__FUNCTION__
                                   5C73 
    -------------------------------------------------------------------------
DATA16_C
  Relative segment, address: 5C87 - 5CA3 (0x1d bytes), align: 0
  Segment part 3.             Intra module refs:   FlowCheckSampleData
    -------------------------------------------------------------------------
DATA16_C
  Relative segment, address: 5CA4 - 5CB2 (0xf bytes), align: 0
  Segment part 4.             Intra module refs:   FlowCheckSampleData
    -------------------------------------------------------------------------
DATA16_C
  Relative segment, address: 5CB3 - 5CBC (0xa bytes), align: 0
  Segment part 5.             Intra module refs:   FlowCheckSampleData
    -------------------------------------------------------------------------
DATA16_C
  Relative segment, address: 5CBD - 5CC4 (0x8 bytes), align: 0
  Segment part 6.             Intra module refs:   FlowCheckSampleData
    -------------------------------------------------------------------------
DATA16_C
  Relative segment, address: 5CC5 - 5CCE (0xa bytes), align: 0
  Segment part 7.             Intra module refs:   FlowCheckSampleData
    -------------------------------------------------------------------------
DATA16_C
  Relative segment, address: 5CCF - 5CD8 (0xa bytes), align: 0
  Segment part 8.             Intra module refs:   FlowCheckSampleData
    -------------------------------------------------------------------------
DATA16_C
  Relative segment, address: 5CD9 - 5CE0 (0x8 bytes), align: 0
  Segment part 9.             Intra module refs:   FlowCheckSampleData

    *************************************************************************

  FILE NAME : C:\Users\Administrator\Desktop\师弟代码\RTUtest_GP\Debug\Obj\GSM.r43
  PROGRAM MODULE, NAME : GSM

  SEGMENTS IN THE MODULE
  ======================
DATA16_AN
  Relative segment, address: 0222 - 0223 (0x2 bytes), align: 0
  Segment part 1. ROOT        Intra module refs:   Hydrology_SetIO_STATUS (hydrologycommand)
                                                   I2C_Set_sck_high (rom)
                                                   I2C_Set_sck_low (rom)
                                                   I2C_Set_sda_high (rom)
                                                   I2C_Set_sda_low (rom)
                                                   ROM_WP_OFF (rom)
                                                   ROM_WP_ON (rom)
[...]
  Segment part 2.
           ENTRY                   ADDRESS         REF BY
           =====                   =======         ======
           __iar_Dscale            DE2C            _LdtobFullNoMb (?xprintffull_nomb)

    -------------------------------------------------------------------------
  LIBRARY MODULE, NAME : ?xdunscal

  SEGMENTS IN THE MODULE
  ======================
<CODE> 1 (was CODE)
  Relative segment, address: F424 - F469 (0x46 bytes), align: 1
  Segment part 2.
           ENTRY                   ADDRESS         REF BY
           =====                   =======         ======
           __iar_Dunscale          F424            _LdtobFullNoMb (?xprintffull_nomb)

    -------------------------------------------------------------------------
  LIBRARY MODULE, NAME : ?xgetmemchunk

  SEGMENTS IN THE MODULE
  ======================
<CODE> 2 (was CODE)
  Relative segment, address: 000103D6 - 000103F3 (0x1e bytes), align: 1
  Segment part 3.
           ENTRY                   ADDRESS         REF BY
           =====                   =======         ======
           __data16_GetMemChunk    000103D6        __data16_findmem (?xxmemxmalloc)
    -------------------------------------------------------------------------
DATA16_Z
  Relative segment, address: 1CF4 - 1CF5 (0x2 bytes), align: 1
  Segment part 2.             Intra module refs:   __data16_GetMemChunk
    -------------------------------------------------------------------------
DATA16_HEAP
  Relative segment, address: 29FE, align: 1
  Segment part 4.

    -------------------------------------------------------------------------
  LIBRARY MODULE, NAME : ?xprintffull_nomb

  SEGMENTS IN THE MODULE
  ======================
<CODE> 1 (was CODE)
  Relative segment, address: 894E - 8DED (0x4a0 bytes), align: 1
  Segment part 23.
           ENTRY                   ADDRESS         REF BY
           =====                   =======         ======
           _PrintfFullNoMb         894E            printf (?printf)
                                                   sprintf (?sprintf)
               calls direct
    -------------------------------------------------------------------------
<CODE> 2 (was CODE)
  Relative segment, address: 00010314 - 0001031B (0x8 bytes), align: 1
  Segment part 27.            Intra module refs:   Segment part 30
                                                   _PrintfFullNoMb
    -------------------------------------------------------------------------
<CODE> 2 (was CODE)
  Relative segment, address: 0001031C - 00010323 (0x8 bytes), align: 1
  Segment part 28.            Intra module refs:   _PrintfFullNoMb
    -------------------------------------------------------------------------
<CODE> 2 (was CODE)
  Relative segment, address: 00010324 - 0001032F (0xc bytes), align: 1
  Segment part 29.            Intra module refs:   Segment part 27
                                                   Segment part 28
    -------------------------------------------------------------------------
<CODE> 2 (was CODE)
  Relative segment, address: 00010330 - 00010335 (0x6 bytes), align: 1
  Segment part 30.            Intra module refs:   _PrintfFullNoMb
    -------------------------------------------------------------------------
<CODE> 1 (was CODE)
  Relative segment, address: 6CDA - 6D5D (0x84 bytes), align: 1
  Segment part 8.             Intra module refs:   _PrintfFullNoMb
           LOCAL                   ADDRESS         
           =====                   =======         
           LoadInt                 6CDA 
    -------------------------------------------------------------------------
<CODE> 1 (was CODE)
  Relative segment, address: 6D5E - 6D6B (0xe bytes), align: 1
  Segment part 9.             Intra module refs:   LoadInt
    -------------------------------------------------------------------------
<CODE> 1 (was CODE)
  Relative segment, address: 6D6C - 6FC5 (0x25a bytes), align: 1
  Segment part 10.            Intra module refs:   _LdtobFullNoMb
           LOCAL                   ADDRESS         
           =====                   =======         
           _GenldFullNoMb          6D6C 
               calls direct
    -------------------------------------------------------------------------
<CODE> 1 (was CODE)
  Relative segment, address: 6FC6 - 6FD5 (0x10 bytes), align: 1
  Segment part 11.            Intra module refs:   _GenldFullNoMb
    -------------------------------------------------------------------------
<CODE> 1 (was CODE)
  Relative segment, address: 6FD6 - 6FE3 (0xe bytes), align: 1
  Segment part 12.            Intra module refs:   Segment part 11
                                                   _GenldFullNoMb
    -------------------------------------------------------------------------
<CODE> 1 (was CODE)
  Relative segment, address: 6FE4 - 7001 (0x1e bytes), align: 1
  Segment part 13.            Intra module refs:   _GenldFullNoMb
    -------------------------------------------------------------------------
<CODE> 1 (was CODE)
  Relative segment, address: 7002 - 7043 (0x42 bytes), align: 1
  Segment part 14.            Intra module refs:   _LdtobFullNoMb
           LOCAL                   ADDRESS         
           =====                   =======         
           scale                   7002 
               calls direct
    -------------------------------------------------------------------------
<CODE> 1 (was CODE)
  Relative segment, address: 7044 - 7429 (0x3e6 bytes), align: 1
  Segment part 15.            Intra module refs:   _PrintfFullNoMb
           LOCAL                   ADDRESS         
           =====                   =======         
           _LdtobFullNoMb          7044 
               calls direct
    -------------------------------------------------------------------------
<CODE> 1 (was CODE)
  Relative segment, address: 742A - 742F (0x6 bytes), align: 1
  Segment part 16.            Intra module refs:   _LdtobFullNoMb
    -------------------------------------------------------------------------
<CODE> 1 (was CODE)
  Relative segment, address: 7430 - 7439 (0xa bytes), align: 1
  Segment part 17.            Intra module refs:   Segment part 16
                                                   _LdtobFullNoMb
    -------------------------------------------------------------------------
<CODE> 1 (was CODE)
  Relative segment, address: 743A - 7443 (0xa bytes), align: 1
  Segment part 18.            Intra module refs:   _LdtobFullNoMb
    -------------------------------------------------------------------------
<CODE> 1 (was CODE)
  Relative segment, address: 7444 - 7453 (0x10 bytes), align: 1
  Segment part 19.            Intra module refs:   _LdtobFullNoMb
    -------------------------------------------------------------------------
<CODE> 1 (was CODE)
  Relative segment, address: 7454 - 75F9 (0x1a6 bytes), align: 1
  Segment part 20.            Intra module refs:   _PrintfFullNoMb
           LOCAL                   ADDRESS         
           =====                   =======         
           _LitobFullNoMb          7454 
               calls direct
    -------------------------------------------------------------------------
<CODE> 1 (was CODE)
  Relative segment, address: 75FA - 760B (0x12 bytes), align: 1
  Segment part 21.            Intra module refs:   _LitobFullNoMb
    -------------------------------------------------------------------------
<CODE> 1 (was CODE)
  Relative segment, address: 760C - 7615 (0xa bytes), align: 1
  Segment part 22.            Intra module refs:   LoadInt
                                                   _LitobFullNoMb
                                                   _PrintfFullNoMb
    -------------------------------------------------------------------------
<CODE> 1 (was CODE)
  Relative segment, address: FBE2 - FC17 (0x36 bytes), align: 1
  Segment part 32.            Intra module refs:   Segment part 27
           LOCAL                   ADDRESS         
           =====                   =======         
           pad                     FBE2 
               calls direct
    -------------------------------------------------------------------------
<CODE> 2 (was CODE)
  Relative segment, address: 0001015C - 00010183 (0x28 bytes), align: 1
  Segment part 33.            Intra module refs:   _PrintfFullNoMb
                                                   _PutcharsFullNoMb
           LOCAL                   ADDRESS         
           =====                   =======         
           _PutcharFullNoMb        0001015C 
               calls indirect
    -------------------------------------------------------------------------
<CODE> 2 (was CODE)
  Relative segment, address: 0001005A - 00010085 (0x2c bytes), align: 1
  Segment part 34.            Intra module refs:   Segment part 28
                                                   pad
           LOCAL                   ADDRESS         
           =====                   =======         
           _PutcharsFullNoMb       0001005A 
               calls direct
    -------------------------------------------------------------------------
<CODE> 2 (was CODE)
  Relative segment, address: 00010824 - 0001082D (0xa bytes), align: 1
  Segment part 24.            Intra module refs:   _PrintfFullNoMb
    -------------------------------------------------------------------------
<CODE> 2 (was CODE)
  Relative segment, address: 00010734 - 00010741 (0xe bytes), align: 1
  Segment part 25.            Intra module refs:   _PrintfFullNoMb
    -------------------------------------------------------------------------
<CODE> 2 (was CODE)
  Relative segment, address: 0001062E - 0001063F (0x12 bytes), align: 1
  Segment part 26.            Intra module refs:   _PrintfFullNoMb
    -------------------------------------------------------------------------
<CODE> 1 (was CODE)
  Relative segment, address: F7C6 - F803 (0x3e bytes), align: 1
  Segment part 31.            Intra module refs:   _PrintfFullNoMb
    -------------------------------------------------------------------------
DATA16_C
  Relative segment, address: 64EF - 64F5 (0x7 bytes), align: 0
  Segment part 2.             Intra module refs:   _PrintfFullNoMb
    -------------------------------------------------------------------------
DATA16_C
  Relative segment, address: 64F6 - 64F9 (0x4 bytes), align: 0
  Segment part 3.             Intra module refs:   _LdtobFullNoMb
    -------------------------------------------------------------------------
DATA16_C
  Relative segment, address: 64FA - 64FD (0x4 bytes), align: 0
  Segment part 4.             Intra module refs:   _LdtobFullNoMb
    -------------------------------------------------------------------------
DATA16_C
  Relative segment, address: 64FE - 6501 (0x4 bytes), align: 0
  Segment part 5.             Intra module refs:   _LdtobFullNoMb
    -------------------------------------------------------------------------
DATA16_C
  Relative segment, address: 6502 - 6505 (0x4 bytes), align: 0
  Segment part 6.             Intra module refs:   _LdtobFullNoMb
    -------------------------------------------------------------------------
DATA16_C
  Relative segment, address: 6506 - 6507 (0x2 bytes), align: 0
  Segment part 7.             Intra module refs:   _GenldFullNoMb

    -------------------------------------------------------------------------
  LIBRARY MODULE, NAME : ?xprout

  SEGMENTS IN THE MODULE
  ======================
<CODE> 2 (was CODE)
  Relative segment, address: 000105A8 - 000105BF (0x18 bytes), align: 1
  Segment part 2.
           ENTRY                   ADDRESS         REF BY
           =====                   =======         ======
           _Prout                  000105A8        printf (?printf)
               calls direct

    -------------------------------------------------------------------------
  LIBRARY MODULE, NAME : ?xsprout

  SEGMENTS IN THE MODULE
  ======================
<CODE> 2 (was CODE)
  Relative segment, address: 00010818 - 00010823 (0xc bytes), align: 1
  Segment part 2.
           ENTRY                   ADDRESS         REF BY
           =====                   =======         ======
           _SProut                 00010818        sprintf (?sprintf)

    -------------------------------------------------------------------------
  LIBRARY MODULE, NAME : ?xxmemxfree

  SEGMENTS IN THE MODULE
  ======================
<CODE> 1 (was CODE)
  Relative segment, address: DFCA - E04F (0x86 bytes), align: 1
  Segment part 2.
           ENTRY                   ADDRESS         REF BY
           =====                   =======         ======
           __data16_free           DFCA            __data16_findmem (?xxmemxmalloc)
                                                   free (Console)

    -------------------------------------------------------------------------
  LIBRARY MODULE, NAME : ?xxmemxmalloc

  SEGMENTS IN THE MODULE
  ======================
DATA16_Z
  Relative segment, address: 1CF6 - 1CF9 (0x4 bytes), align: 1
  Segment part 2.             Intra module refs:   __data16_findmem
                                                   __data16_malloc
           ENTRY                   ADDRESS         REF BY
           =====                   =======         ======
           __data16_Aldata         1CF6            __data16_free (?xxmemxfree)
    -------------------------------------------------------------------------
<CODE> 1 (was CODE)
  Relative segment, address: EB40 - EBA3 (0x64 bytes), align: 1
  Segment part 3.             Intra module refs:   __data16_malloc
           LOCAL                   ADDRESS         
           =====                   =======         
           __data16_findmem        EB40 
               calls direct
    -------------------------------------------------------------------------
<CODE> 1 (was CODE)
  Relative segment, address: E78C - E7F9 (0x6e bytes), align: 1
  Segment part 4.
           ENTRY                   ADDRESS         REF BY
           =====                   =======         ======
           __data16_malloc         E78C            malloc (Console)
               calls direct




                ****************************************
                *                                      *
                *      SEGMENTS IN ADDRESS ORDER       *
                *                                      *
                ****************************************


SEGMENT              SPACE    START ADDRESS   END ADDRESS     SIZE  TYPE  ALIGN
=======              =====    =============   ===========     ====  ====  =====
DATA16_AN                              0100 - 0103               4   rel    0
                                       0120 - 0121               2 
                                       0124 - 0127               4 
                                       012C - 012D               2 
                                       015C - 015D               2 
                                       0168 - 016F               8 
                                       0200 - 0205               6 
                                       020A - 020B               2 
                                       0218 - 021D               6 
                                       0220 - 0225               6 
                                       022A - 022B               2 
                                       0242 - 0245               4 
                                       024A - 024B               2 
                                       0260 - 0265               6 
                                       026A - 026B               2 
                                       0280 - 0285               6 
                                       028A - 028B               2 
                                       02A2 - 02A5               4 
                                       0380 - 0383               4 
                                       0392 - 0393               2 
                                       03C0 - 03C1               2 
                                       03C4 - 03C7               4 
                                       03D4 - 03D7               4 
                                       03EE - 03EF               2 
                                       05C0 - 05C1               2 
                                       05C6 - 05C8               3 
                                       05CC - 05CC               1 
                                       05CE - 05CE               1 
                                       05DC - 05DD               2 
                                       0600 - 0601               2 
                                       0606 - 0608               3 
                                       060C - 060C               1 
                                       060E - 060E               1 
                                       061C - 061D               2 
                                       0640 - 0641               2 
                                       0646 - 0648               3 
                                       064C - 064C               1 
                                       064E - 064E               1 
                                       065C - 065D               2 
                                       0680 - 0681               2 
                                       0686 - 0688               3 
                                       068C - 068C               1 
                                       068E - 068E               1 
                                       069C - 069D               2 
                                       0700 - 0703               4 
                                       0710 - 073F              30 
DATA16_I                               1C00 - 1C28              29   rel    1
DATA16_Z                               1C2A - 29FD             DD4   rel    1
DATA16_HEAP                            29FE - 33C1             9C4   rel    1
CODE_I                                    33C2                       rel    1
DATA20_I                                  33C2                       rel    1
DATA20_Z                                  33C2                       rel    1
DATA20_N                                  33C2                       rel    1
CSTACK                                 5400 - 5BFF             800   rel    1
DATA16_C                               5C00 - 6507             908   rel    1
DATA16_ID                              6508 - 6530              29   rel    1
CSTART                                 6532 - 6559              28   rel    1
ISR_CODE                               655A - 6CD9             780   rel    1
<CODE> 1                               6CDA - FF7F            92A6   rel    1
INTVEC                                 FF80 - FFF9              7A   com    1
RESET                                  FFFE - FFFF               2   rel    1
<CODE> 2                           00010000 - 000108C7         8C8   rel    1
DATA20_ID                               000108C8                     rel    1
CODE_ID                                 000108C8                     rel    1
DATA20_C                                000108C8                     rel    1

                ****************************************
                *                                      *
                *        END OF CROSS REFERENCE        *
                *                                      *
                ****************************************

 41 874 bytes of CODE  memory
  8 129 bytes of DATA  memory (+ 176 absolute )
  2 353 bytes of CONST memory

Errors: 9
Warnings: 6

