Warning[w6]: Type conflict for external/entry "BleDriverInstall", in module uart_config against external/entry in module blueTooth; function return types are different; different basic types
  /* In module uart_config: */
  /* K&R Function, args 0, attr 0 */
  int (__cc_version2 BleDriverInstall)();
  /* In module blueTooth: */
  /* K&R Function, args 0, attr 0 */
  void (__cc_version2 BleDriverInstall)();
Warning[w6]: Type conflict for external/entry "ble_waiting_query", in module uart_config against external/entry in module blueTooth; function return types are different; different basic types
  /* In module uart_config: */
  /* K&R Function, args 0, attr 0 */
  int (__cc_version2 ble_waiting_query)();
  /* In module blueTooth: */
  /* K&R Function, args 0, attr 0 */
  void (__cc_version2 ble_waiting_query)();
Warning[w6]: Type conflict for external/entry "camera", in module message against external/entry in module camera; function return types are different; different basic types
  /* In module message: */
  /* K&R Function, args 0, attr 0 */
  int (__cc_version2 camera)();
  /* In module camera: */
  /* K&R Function, args 0, attr 0 */
  void (__cc_version2 camera)();
Warning[w6]: Type conflict for external/entry "System_Delayms", in module lowpower against external/entry in module common; prototyped function vs K&R function
  /* In module lowpower: */
  /* K&R Function, args 0, attr 0 */
  int (__cc_version2 System_Delayms)();
  /* In module common: */
  /* Function, args 1, attr 0 */
  void (__cc_version2 System_Delayms)(unsigned int);
Warning[w6]: Type conflict for external/entry "Read_Flash_Segment", in module hydrologycommand against external/entry in module flash; prototyped function vs K&R function
  /* In module hydrologycommand: */
  /* K&R Function, args 0, attr 0 */
  int (__cc_version2 Read_Flash_Segment)();
  /* In module flash: */
  /* Function, args 3, attr 0 */
  void (__cc_version2 Read_Flash_Segment)(unsigned long,
                                          char *,
                                          int);
Warning[w6]: Type conflict for external/entry "Write_Flash_Segment", in module hydrologycommand against external/entry in module flash; prototyped function vs K&R function
  /* In module hydrologycommand: */
  /* K&R Function, args 0, attr 0 */
  int (__cc_version2 Write_Flash_Segment)();
  /* In module flash: */
  /* Function, args 3, attr 0 */
  void (__cc_version2 Write_Flash_Segment)(unsigned long,
                                           char *,
                                           int);
Warning[w6]: Type conflict for external/entry "GSM_Close", in module main against external/entry in module GSM; prototyped function vs K&R function
  /* In module main: */
  /* K&R Function, args 0, attr 0 */
  int (__cc_version2 GSM_Close)();
  /* In module GSM: */
  /* Function, args 1, attr 0 */
  int (__cc_version2 GSM_Close)(int);
Warning[w6]: Type conflict for external/entry "GSM_Process", in module main against external/entry in module GSM; prototyped function vs K&R function
  /* In module main: */
  /* K&R Function, args 0, attr 0 */
  int (__cc_version2 GSM_Process)();
  /* In module GSM: */
  /* Function, args 2, attr 0 */
  int (__cc_version2 GSM_Process)(int,
                                  int);
Warning[w6]: Type conflict for external/entry "GSM_SendMsgTxt", in module main against external/entry in module GSM; prototyped function vs K&R function
  /* In module main: */
  /* K&R Function, args 0, attr 0 */
  int (__cc_version2 GSM_SendMsgTxt)();
  /* In module GSM: */
  /* Function, args 3, attr 0 */
  int (__cc_version2 GSM_SendMsgTxt)(char *,
                                     char *,
                                     int);
Warning[w6]: Type conflict for external/entry "Led1_WorkLightOff", in module GTM900C against external/entry in module led; function return types are different; different basic types
  /* In module GTM900C: */
  /* K&R Function, args 0, attr 0 */
  int (__cc_version2 Led1_WorkLightOff)();
  /* In module led: */
  /* K&R Function, args 0, attr 0 */
  void (__cc_version2 Led1_WorkLightOff)();
Warning[w6]: Type conflict for external/entry "Led_OffAll", in module adc against external/entry in module led; function return types are different; different basic types
  /* In module adc: */
  /* K&R Function, args 0, attr 0 */
  int (__cc_version2 Led_OffAll)();
  /* In module led: */
  /* K&R Function, args 0, attr 0 */
  void (__cc_version2 Led_OffAll)();
Warning[w6]: Type conflict for external/entry "Hydrology_ReadDataPacketCount", in module main against external/entry in module message; prototyped function vs K&R function
  /* In module main: */
  /* K&R Function, args 0, attr 0 */
  int (__cc_version2 Hydrology_ReadDataPacketCount)();
  /* In module message: */
  /* Function, args 1, attr 0 */
  int (__cc_version2 Hydrology_ReadDataPacketCount)(int *);
Warning[w6]: Type conflict for external/entry "Hydrology_ReadEndIdx", in module main against external/entry in module message; prototyped function vs K&R function
  /* In module main: */
  /* K&R Function, args 0, attr 0 */
  int (__cc_version2 Hydrology_ReadEndIdx)();
  /* In module message: */
  /* Function, args 1, attr 0 */
  int (__cc_version2 Hydrology_ReadEndIdx)(int *);
Warning[w6]: Type conflict for external/entry "Hydrology_ReadStartIdx", in module main against external/entry in module message; prototyped function vs K&R function
  /* In module main: */
  /* K&R Function, args 0, attr 0 */
  int (__cc_version2 Hydrology_ReadStartIdx)();
  /* In module message: */
  /* Function, args 1, attr 0 */
  int (__cc_version2 Hydrology_ReadStartIdx)(int *);
Warning[w6]: Type conflict for external/entry "Hydrology_SetDataPacketCount", in module main against external/entry in module message; prototyped function vs K&R function
  /* In module main: */
  /* K&R Function, args 0, attr 0 */
  int (__cc_version2 Hydrology_SetDataPacketCount)();
  /* In module message: */
  /* Function, args 1, attr 0 */
  int (__cc_version2 Hydrology_SetDataPacketCount)(int);
Warning[w6]: Type conflict for external/entry "Hydrology_SetStartIdx", in module main against external/entry in module message; prototyped function vs K&R function
  /* In module main: */
  /* K&R Function, args 0, attr 0 */
  int (__cc_version2 Hydrology_SetStartIdx)();
  /* In module message: */
  /* Function, args 1, attr 0 */
  int (__cc_version2 Hydrology_SetStartIdx)(int);
Warning[w6]: Type conflict for external/entry "mallocElement", in module hydrologytask against external/entry in module message; prototyped function vs K&R function
  /* In module hydrologytask: */
  /* K&R Function, args 0, attr 0 */
  int (__cc_version2 mallocElement)();
  /* In module message: */
  /* Function, args 4, attr 0 */
  int (__cc_version2 mallocElement)(char,
                                    char,
                                    char,
                                    hydrologyElement *);
    typedef struct tagHydrologyElement hydrologyElement;
Warning[w6]: Type conflict for external/entry "_BCDtoHEX", in module hydrologycommand against external/entry in module rtc; prototyped function vs K&R function
  /* In module hydrologycommand: */
  /* K&R Function, args 0, attr 0 */
  int (__cc_version2 _BCDtoHEX)();
  /* In module rtc: */
  /* Function, args 1, attr 0 */
  char (__cc_version2 _BCDtoHEX)(char);
Warning[w6]: Type conflict for external/entry "_BCDtoHEX", in module ec200 against external/entry in module rtc; prototyped function vs K&R function
  /* In module ec200: */
  /* K&R Function, args 0, attr 0 */
  int (__cc_version2 _BCDtoHEX)();
  /* In module rtc: */
  /* Function, args 1, attr 0 */
  char (__cc_version2 _BCDtoHEX)(char);
Warning[w6]: Type conflict for external/entry "led_flash_init", in module adc against external/entry in module sys_status; prototyped function vs K&R function
  /* In module adc: */
  /* K&R Function, args 0, attr 0 */
  int (__cc_version2 led_flash_init)();
  /* In module sys_status: */
  /* Function, args 1, attr 0 */
  void (__cc_version2 led_flash_init)(unsigned int);
Warning[w6]: Type conflict for external/entry "sys_error_status", in module timer against external/entry in module sys_status; prototyped function vs K&R function
  /* In module timer: */
  /* K&R Function, args 0, attr 0 */
  int (__cc_version2 sys_error_status)();
  /* In module sys_status: */
  /* Function, args 1, attr 0 */
  void (__cc_version2 sys_error_status)(unsigned int);
Warning[w6]: Type conflict for external/entry "Timer0_A0_Clear", in module adc against external/entry in module timer; function return types are different; different basic types
  /* In module adc: */
  /* K&R Function, args 0, attr 0 */
  int (__cc_version2 Timer0_A0_Clear)();
  /* In module timer: */
  /* K&R Function, args 0, attr 0 */
  void (__cc_version2 Timer0_A0_Clear)();
Warning[w6]: Type conflict for external/entry "Timer0_A0_Enable", in module adc against external/entry in module timer; function return types are different; different basic types
  /* In module adc: */
  /* K&R Function, args 0, attr 0 */
  int (__cc_version2 Timer0_A0_Enable)();
  /* In module timer: */
  /* K&R Function, args 0, attr 0 */
  void (__cc_version2 Timer0_A0_Enable)();
Warning[w6]: Type conflict for external/entry "Timer0_A0_Init", in module main against external/entry in module timer; prototyped function vs K&R function
  /* In module main: */
  /* K&R Function, args 0, attr 0 */
  int (__cc_version2 Timer0_A0_Init)();
  /* In module timer: */
  /* Function, args 1, attr 0 */
  void (__cc_version2 Timer0_A0_Init)(unsigned int);
Warning[w6]: Type conflict for external/entry "Timer1_A0_Init", in module main against external/entry in module timer; prototyped function vs K&R function
  /* In module main: */
  /* K&R Function, args 0, attr 0 */
  int (__cc_version2 Timer1_A0_Init)();
  /* In module timer: */
  /* Function, args 1, attr 0 */
  void (__cc_version2 Timer1_A0_Init)(unsigned int);
Warning[w6]: Type conflict for external/entry "sys_errorcode_runcode", in module uart_config against external/entry in module timer; different basic types
  /* In module uart_config: */
  bool sys_errorcode_runcode;
    typedef bool bool;
  /* In module timer: */
  unsigned int sys_errorcode_runcode;
Warning[w6]: Type conflict for external/entry "Judge_Watermeter", in module uart3 against external/entry in module uart1; function return types are different; different basic types
  /* In module uart3: */
  /* K&R Function, args 0, attr 0 */
  int (__cc_version2 Judge_Watermeter)();
  /* In module uart1: */
  /* K&R Function, args 0, attr 0 */
  void (__cc_version2 Judge_Watermeter)();
Warning[w6]: Type conflict for external/entry "printf", in module ioDev against external/entry in module ?printf; prototyped function vs K&R function
  /* In module ioDev: */
  /* K&R Function, args 0, attr 0 */
  int (__cc_version2 printf)();
  /* In module ?printf: */
  /* Function, args 2, attr 0 */
  int (__cc_version2 printf)(char const *,
                             ...);
################################################################################
#                                                                              #
#      IAR Universal Linker V6.5.4.100                                         #
#                                                                              #
#           Link time     =  10/Oct/2020  10:53:13                             #
#           Target CPU    =  MSP430                                            #
#           List file     =  \\Mac\Home\work\ETL\Debug\List\RTUtest_GP.map     #
#           Output file 1 =  \\Mac\Home\work\ETL\Debug\Exe\RTUtest_GP.d43      #
#                            Format: ubrof10                                   #
#                            UBROF version 10.0.6                              #
#                            Using library modules for C-SPY (-rt)             #
#           Command line  =  -f C:\Users\83797\AppData\Local\Temp\EW5500.tmp   #
#                            (\\Mac\Home\work\ETL\Debug\Obj\adc.r43            #
#                            \\Mac\Home\work\ETL\Debug\Obj\adc10_a.r43         #
#                            \\Mac\Home\work\ETL\Debug\Obj\adc12_a.r43         #
#                            \\Mac\Home\work\ETL\Debug\Obj\aes.r43             #
#                            \\Mac\Home\work\ETL\Debug\Obj\battbak.r43         #
#                            \\Mac\Home\work\ETL\Debug\Obj\BC95.r43            #
#                            \\Mac\Home\work\ETL\Debug\Obj\blueTooth.r43       #
#                            \\Mac\Home\work\ETL\Debug\Obj\camera.r43          #
#                            \\Mac\Home\work\ETL\Debug\Obj\common.r43          #
#                            \\Mac\Home\work\ETL\Debug\Obj\comp_b.r43          #
#                            \\Mac\Home\work\ETL\Debug\Obj\Console.r43         #
#                            \\Mac\Home\work\ETL\Debug\Obj\crc.r43             #
#                            \\Mac\Home\work\ETL\Debug\Obj\cstartup.r43        #
#                            \\Mac\Home\work\ETL\Debug\Obj\ctsd16.r43          #
#                            \\Mac\Home\work\ETL\Debug\Obj\dac12_a.r43         #
#                            \\Mac\Home\work\ETL\Debug\Obj\debug.r43           #
#                            \\Mac\Home\work\ETL\Debug\Obj\dma.r43             #
#                            \\Mac\Home\work\ETL\Debug\Obj\ec200.r43           #
#                            \\Mac\Home\work\ETL\Debug\Obj\eusci_a_spi.r43     #
#                            \\Mac\Home\work\ETL\Debug\Obj\eusci_a_uart.r43    #
#                            \\Mac\Home\work\ETL\Debug\Obj\eusci_b_i2c.r43     #
#                            \\Mac\Home\work\ETL\Debug\Obj\eusci_b_spi.r43     #
#                            \\Mac\Home\work\ETL\Debug\Obj\flash.r43           #
#                            \\Mac\Home\work\ETL\Debug\Obj\flashctl.r43        #
#                            \\Mac\Home\work\ETL\Debug\Obj\flow.r43            #
#                            \\Mac\Home\work\ETL\Debug\Obj\gpio.r43            #
#                            \\Mac\Home\work\ETL\Debug\Obj\GSM.r43             #
#                            \\Mac\Home\work\ETL\Debug\Obj\GTM900C.r43         #
#                            \\Mac\Home\work\ETL\Debug\Obj\hydrologycommand.r4 #
#                            3                                                 #
#                            \\Mac\Home\work\ETL\Debug\Obj\hydrologytask.r43   #
#                            \\Mac\Home\work\ETL\Debug\Obj\ioDev.r43           #
#                            \\Mac\Home\work\ETL\Debug\Obj\lcd_b.r43           #
#                            \\Mac\Home\work\ETL\Debug\Obj\lcd_c.r43           #
#                            \\Mac\Home\work\ETL\Debug\Obj\ldopwr.r43          #
#                            \\Mac\Home\work\ETL\Debug\Obj\led.r43             #
#                            \\Mac\Home\work\ETL\Debug\Obj\lowpower.r43        #
#                            \\Mac\Home\work\ETL\Debug\Obj\main.r43            #
#                            \\Mac\Home\work\ETL\Debug\Obj\message.r43         #
#                            \\Mac\Home\work\ETL\Debug\Obj\mpy32.r43           #
#                            \\Mac\Home\work\ETL\Debug\Obj\oa.r43              #
#                            \\Mac\Home\work\ETL\Debug\Obj\packet.r43          #
#                            \\Mac\Home\work\ETL\Debug\Obj\pmap.r43            #
#                            \\Mac\Home\work\ETL\Debug\Obj\pmm.r43             #
#                            \\Mac\Home\work\ETL\Debug\Obj\ram.r43             #
#                            \\Mac\Home\work\ETL\Debug\Obj\ref.r43             #
#                            "\\Mac\Home\work\ETL\Debug\Obj\reportbinding .r43 #
#                            "                                                 #
#                            \\Mac\Home\work\ETL\Debug\Obj\rom.r43             #
#                            \\Mac\Home\work\ETL\Debug\Obj\rtc.r43             #
#                            \\Mac\Home\work\ETL\Debug\Obj\rtc_a.r43           #
#                            \\Mac\Home\work\ETL\Debug\Obj\rtc_b.r43           #
#                            \\Mac\Home\work\ETL\Debug\Obj\rtc_c.r43           #
#                            \\Mac\Home\work\ETL\Debug\Obj\Sampler.r43         #
#                            \\Mac\Home\work\ETL\Debug\Obj\sd24_b.r43          #
#                            \\Mac\Home\work\ETL\Debug\Obj\sfr.r43             #
#                            \\Mac\Home\work\ETL\Debug\Obj\store.r43           #
#                            \\Mac\Home\work\ETL\Debug\Obj\sys_status.r43      #
#                            \\Mac\Home\work\ETL\Debug\Obj\sysctl.r43          #
#                            \\Mac\Home\work\ETL\Debug\Obj\tec.r43             #
#                            \\Mac\Home\work\ETL\Debug\Obj\timer.r43           #
#                            \\Mac\Home\work\ETL\Debug\Obj\timer_a.r43         #
#                            \\Mac\Home\work\ETL\Debug\Obj\timer_b.r43         #
#                            \\Mac\Home\work\ETL\Debug\Obj\timer_d.r43         #
#                            \\Mac\Home\work\ETL\Debug\Obj\tlv.r43             #
#                            \\Mac\Home\work\ETL\Debug\Obj\uart0.r43           #
#                            \\Mac\Home\work\ETL\Debug\Obj\uart1.r43           #
#                            \\Mac\Home\work\ETL\Debug\Obj\uart2.r43           #
#                            \\Mac\Home\work\ETL\Debug\Obj\uart3.r43           #
#                            \\Mac\Home\work\ETL\Debug\Obj\uart_config.r43     #
#                            \\Mac\Home\work\ETL\Debug\Obj\ucs.r43             #
#                            \\Mac\Home\work\ETL\Debug\Obj\usci_a_spi.r43      #
#                            \\Mac\Home\work\ETL\Debug\Obj\usci_a_uart.r43     #
#                            \\Mac\Home\work\ETL\Debug\Obj\usci_b_i2c.r43      #
#                            \\Mac\Home\work\ETL\Debug\Obj\usci_b_spi.r43      #
#                            \\Mac\Home\work\ETL\Debug\Obj\wdt_a.r43           #
#                            \\Mac\Home\work\ETL\Debug\Obj\wifi_config.r43     #
#                            -o \\Mac\Home\work\ETL\Debug\Exe\RTUtest_GP.d43   #
#                            -l                                                #
#                            \\Mac\Home\work\ETL\Debug\List\RTUtest_GP.map     #
#                            -xms                                              #
#                            "-IC:\Program Files (x86)\IAR Systems\Embedded Wo #
#                            rkbench 8.0\430\LIB\"                             #
#                            -f                                                #
#                            "C:\Program Files (x86)\IAR Systems\Embedded Work #
#                            bench 8.0\430\config\linker\lnk430f5438a.xcl"     #
#                            (-cmsp430 -D?CPU30_OFFSET=2 -QCODE_I=CODE_ID      #
#                            -QTLS16_I=TLS16_ID -D__iar_HWMUL=4C0              #
#                            -Z(CONST)INFO=1800-19FF                           #
#                            -Z(CONST)INFOA=1980-19FF                          #
#                            -Z(CONST)INFOB=1900-197F                          #
#                            -Z(CONST)INFOC=1880-18FF                          #
#                            -Z(CONST)INFOD=1800-187F                          #
#                            -Z(DATA)DATA16_I,DATA16_Z,DATA16_N,TLS16_I=1C00-5 #
#                            BFF                                               #
#                            -Z(DATA)DATA16_HEAP+_DATA16_HEAP_SIZE             #
#                            -Z(DATA)CODE_I                                    #
#                            -Z(DATA)DATA20_I,DATA20_Z,DATA20_N,DATA20_HEAP+_D #
#                            ATA20_HEAP_SIZE                                   #
#                            -Z(DATA)CSTACK+_STACK_SIZE#                       #
#                            -Z(CONST)DATA16_C,DATA16_ID,TLS16_ID,DIFUNCT,CHEC #
#                            KSUM=5C00-FF7F                                    #
#                            -Z(CODE)CSTART,ISR_CODE,CODE16=5C00-FF7F          #
#                            -P(CODE)CODE=5C00-FF7F,10000-45BFF                #
#                            -Z(CONST)DATA20_C,DATA20_ID,CODE_ID=5C00-FF7F,100 #
#                            40-45BFF                                          #
#                            -Z(CODE)INTVEC=FF80-FFFF                          #
#                            -Z(CODE)RESET=FFFE-FFFF) -f                       #
#                            "C:\Program Files (x86)\IAR Systems\Embedded Work #
#                            bench 8.0\430\config\linker\multiplier32.xcl"     #
#                            (-e?Mul8Hw=?Mul8 -e?Mul16Hw=?Mul16                #
#                            -e?Mul16to32uHw=?Mul16to32u                       #
#                            -e?Mul16to32sHw=?Mul16to32s -e?Mul32Hw32=?Mul32   #
#                            -e?Mul64Hw32=_Mul64i                              #
#                            -e?Mul32u32uto64iHw32=_Mul32u32uto64i             #
#                            -e?Mul32fHw32=_Mul32f                             #
#                            -e_Mul64fHw32Ptr=_Mul64fPtr) -D_STACK_SIZE=13B8   #
#                            -rt                                               #
#                            "C:\Program Files (x86)\IAR Systems\Embedded Work #
#                            bench 8.0\430\lib\dlib\dl430xlsfn.r43"            #
#                            -D_DATA16_HEAP_SIZE=1770 -s __program_start       #
#                            -D_DATA20_HEAP_SIZE=50)                           #
#                                                                              #
#                           Copyright (C) 1987-2018 IAR Systems AB.            #
################################################################################





                ****************************************
                *                                      *
                *           CROSS REFERENCE            *
                *                                      *
                ****************************************

       Program entry at :           7B02  Relocatable, from module : ?cstart




                ****************************************
                *                                      *
                *            RUNTIME MODEL             *
                *                                      *
                ****************************************

  __Heap_Handler             = Basic
  __SystemLibrary            = DLib
  __code_model               = large
  __core                     = 430X
  __data_model               = small
  __dlib_file_descriptor     = 0
  __dlib_full_locale_support = 0
  __double_size              = 32
  __pic                      = no
  __reg_r4                   = free
  __reg_r5                   = free
  __rt_version               = 3

                ****************************************
                *                                      *
                *    AUTOMATIC SYMBOL REDIRECTIONS     *
                *                                      *
                ****************************************

       All references to: _Printf
         were redirected to: _PrintfFullNoMb



                ****************************************
                *                                      *
                *              MODULE MAP              *
                *                                      *
                ****************************************


  DEFINED ABSOLUTE ENTRIES
    *************************************************************************

  DEFINED ABSOLUTE ENTRIES
  PROGRAM MODULE, NAME : ?ABS_ENTRY_MOD

Absolute parts
           ENTRY                   ADDRESS         REF BY
           =====                   =======         ======
           _DATA20_HEAP_SIZE       0050 
           _DATA16_HEAP_SIZE       1770 
           _STACK_SIZE             13B8 
           __iar_HWMUL             04C0            ?Mul16to32sHw (?Mul16to32sHw)
                                                   ?Mul32Hw32 (?Mul32Hw32)
                                                   ?Mul32fHw32 (?Mul32fHw32)
                                                   ?Mul64Hw32 (?Mul64Hw32)
                                                   CalcNextWakeupTime (lowpower)
                                                   GPRS_AT_OpenTCPLink (GTM900C)
                                                   HydrologyTask (hydrologytask)
                                                   Hydrology_ReadRom (message)
                                                   OpenTran (ec200)
                                                   Segment part 1 (?Mul8Hw)
                                                   Store_CheckDataItemSended (store)
                                                   Store_ReadDataItem (store)
                                                   Store_WriteDataItem (store)
                                                   _HEXtoBCD (rtc)
                                                   getstreamid (message)
                                                   setWakeupInterval (main)
           ?CPU30_OFFSET           0002 
    *************************************************************************

  FILE NAME : \\Mac\Home\work\ETL\Debug\Obj\adc.r43
  PROGRAM MODULE, NAME : adc

  SEGMENTS IN THE MODULE
  ======================
DATA16_AN
  Relative segment, address: 0700 - 0701 (0x2 bytes), align: 0
  Segment part 1. ROOT        Intra module refs:   ADC_Close
                                                   ADC_Open
                                                   ADC_Sample
           ENTRY                   ADDRESS         REF BY
           =====                   =======         ======
           _A_ADC12CTL0_L          0700 
           LOCAL                   ADDRESS         
           =====                   =======         
           ADC12CTL0               0700 
           ADC12CTL0_H             0701 
           ADC12CTL0_L             0700 
    -------------------------------------------------------------------------
DATA16_AN
  Relative segment, address: 0702 - 0703 (0x2 bytes), align: 0
  Segment part 2. ROOT        Intra module refs:   ADC_Open
                                                   ADC_Sample
           ENTRY                   ADDRESS         REF BY
           =====                   =======         ======
           _A_ADC12CTL1_L          0702 
           LOCAL                   ADDRESS         
           =====                   =======         
           ADC12CTL1               0702 
           ADC12CTL1_H             0703 
           ADC12CTL1_L             0702 
    -------------------------------------------------------------------------
DATA16_AN
  Relative segment, address: 0720 - 0721 (0x2 bytes), align: 0
  Segment part 3. ROOT        Intra module refs:   ADC_Sample
           ENTRY                   ADDRESS         REF BY
           =====                   =======         ======
           _A_ADC12MEM0_L          0720 
           LOCAL                   ADDRESS         
           =====                   =======         
           ADC12MEM0               0720 
           ADC12MEM0_H             0721 
           ADC12MEM0_L             0720 
    -------------------------------------------------------------------------
DATA16_AN
  Relative segment, address: 0722 - 0723 (0x2 bytes), align: 0
  Segment part 4. ROOT        Intra module refs:   ADC_Sample
           ENTRY                   ADDRESS         REF BY
           =====                   =======         ======
           _A_ADC12MEM1_L          0722 
           LOCAL                   ADDRESS         
           =====                   =======         
           ADC12MEM1               0722 
           ADC12MEM1_H             0723 
           ADC12MEM1_L             0722 
    -------------------------------------------------------------------------
DATA16_AN
  Relative segment, address: 0724 - 0725 (0x2 bytes), align: 0
  Segment part 5. ROOT        Intra module refs:   ADC_Sample
           ENTRY                   ADDRESS         REF BY
           =====                   =======         ======
           _A_ADC12MEM2_L          0724 
           LOCAL                   ADDRESS         
           =====                   =======         
           ADC12MEM2               0724 
           ADC12MEM2_H             0725 
           ADC12MEM2_L             0724 
    -------------------------------------------------------------------------
DATA16_AN
  Relative segment, address: 0726 - 0727 (0x2 bytes), align: 0
  Segment part 6. ROOT        Intra module refs:   ADC_Sample
           ENTRY                   ADDRESS         REF BY
           =====                   =======         ======
           _A_ADC12MEM3_L          0726 
           LOCAL                   ADDRESS         
           =====                   =======         
           ADC12MEM3               0726 
           ADC12MEM3_H             0727 
           ADC12MEM3_L             0726 
    -------------------------------------------------------------------------
DATA16_AN
  Relative segment, address: 0728 - 0729 (0x2 bytes), align: 0
  Segment part 7. ROOT        Intra module refs:   ADC_Sample
           ENTRY                   ADDRESS         REF BY
           =====                   =======         ======
           _A_ADC12MEM4_L          0728 
           LOCAL                   ADDRESS         
           =====                   =======         
           ADC12MEM4               0728 
           ADC12MEM4_H             0729 
           ADC12MEM4_L             0728 
    -------------------------------------------------------------------------
DATA16_AN
  Relative segment, address: 072A - 072B (0x2 bytes), align: 0
  Segment part 8. ROOT        Intra module refs:   ADC_Sample
           ENTRY                   ADDRESS         REF BY
           =====                   =======         ======
           _A_ADC12MEM5_L          072A 
           LOCAL                   ADDRESS         
           =====                   =======         
           ADC12MEM5               072A 
           ADC12MEM5_H             072B 
           ADC12MEM5_L             072A 
    -------------------------------------------------------------------------
DATA16_AN
  Relative segment, address: 072C - 072D (0x2 bytes), align: 0
  Segment part 9. ROOT        Intra module refs:   ADC_Sample
           ENTRY                   ADDRESS         REF BY
           =====                   =======         ======
           _A_ADC12MEM6_L          072C 
           LOCAL                   ADDRESS         
           =====                   =======         
           ADC12MEM6               072C 
           ADC12MEM6_H             072D 
           ADC12MEM6_L             072C 
    -------------------------------------------------------------------------
DATA16_AN
  Relative segment, address: 072E - 072F (0x2 bytes), align: 0
  Segment part 10. ROOT       Intra module refs:   ADC_Sample
           ENTRY                   ADDRESS         REF BY
           =====                   =======         ======
           _A_ADC12MEM7_L          072E 
           LOCAL                   ADDRESS         
           =====                   =======         
           ADC12MEM7               072E 
           ADC12MEM7_H             072F 
           ADC12MEM7_L             072E 
    -------------------------------------------------------------------------
DATA16_AN
  Relative segment, address: 0730 - 0731 (0x2 bytes), align: 0
  Segment part 11. ROOT       Intra module refs:   ADC_Sample
           ENTRY                   ADDRESS         REF BY
           =====                   =======         ======
           _A_ADC12MEM8_L          0730 
           LOCAL                   ADDRESS         
           =====                   =======         
           ADC12MEM8               0730 
           ADC12MEM8_H             0731 
           ADC12MEM8_L             0730 
    -------------------------------------------------------------------------
DATA16_AN
  Relative segment, address: 0732 - 0733 (0x2 bytes), align: 0
  Segment part 12. ROOT       Intra module refs:   ADC_Sample
           ENTRY                   ADDRESS         REF BY
           =====                   =======         ======
           _A_ADC12MEM9_L          0732 
           LOCAL                   ADDRESS         
           =====                   =======         
           ADC12MEM9               0732 
           ADC12MEM9_H             0733 
           ADC12MEM9_L             0732 
    -------------------------------------------------------------------------
DATA16_AN
  Relative segment, address: 0734 - 0735 (0x2 bytes), align: 0
  Segment part 13. ROOT       Intra module refs:   ADC_Sample
           ENTRY                   ADDRESS         REF BY
           =====                   =======         ======
           _A_ADC12MEM10_L         0734 
           LOCAL                   ADDRESS         
           =====                   =======         
           ADC12MEM10              0734 
           ADC12MEM10_H            0735 
           ADC12MEM10_L            0734 
    -------------------------------------------------------------------------
DATA16_AN
  Relative segment, address: 0736 - 0737 (0x2 bytes), align: 0
  Segment part 14. ROOT       Intra module refs:   ADC_Sample
           ENTRY                   ADDRESS         REF BY
           =====                   =======         ======
           _A_ADC12MEM11_L         0736 
           LOCAL                   ADDRESS         
           =====                   =======         
           ADC12MEM11              0736 
           ADC12MEM11_H            0737 
           ADC12MEM11_L            0736 
    -------------------------------------------------------------------------
DATA16_AN
  Relative segment, address: 0738 - 0739 (0x2 bytes), align: 0
  Segment part 15. ROOT       Intra module refs:   ADC_Sample
           ENTRY                   ADDRESS         REF BY
           =====                   =======         ======
           _A_ADC12MEM12_L         0738 
           LOCAL                   ADDRESS         
           =====                   =======         
           ADC12MEM12              0738 
           ADC12MEM12_H            0739 
           ADC12MEM12_L            0738 
    -------------------------------------------------------------------------
DATA16_AN
  Relative segment, address: 073A - 073B (0x2 bytes), align: 0
  Segment part 16. ROOT       Intra module refs:   ADC_Sample
           ENTRY                   ADDRESS         REF BY
           =====                   =======         ======
           _A_ADC12MEM13_L         073A 
           LOCAL                   ADDRESS         
           =====                   =======         
           ADC12MEM13              073A 
           ADC12MEM13_H            073B 
           ADC12MEM13_L            073A 
    -------------------------------------------------------------------------
DATA16_AN
  Relative segment, address: 073C - 073D (0x2 bytes), align: 0
  Segment part 17. ROOT       Intra module refs:   ADC_Sample
           ENTRY                   ADDRESS         REF BY
           =====                   =======         ======
           _A_ADC12MEM14_L         073C 
           LOCAL                   ADDRESS         
           =====                   =======         
           ADC12MEM14              073C 
           ADC12MEM14_H            073D 
           ADC12MEM14_L            073C 
    -------------------------------------------------------------------------
DATA16_AN
  Relative segment, address: 073E - 073F (0x2 bytes), align: 0
  Segment part 18. ROOT       Intra module refs:   ADC_Sample
           ENTRY                   ADDRESS         REF BY
           =====                   =======         ======
           _A_ADC12MEM15_L         073E 
           LOCAL                   ADDRESS         
           =====                   =======         
           ADC12MEM15              073E 
           ADC12MEM15_H            073F 
           ADC12MEM15_L            073E 
    -------------------------------------------------------------------------
DATA16_AN
  Relative segment, address: 0710 - 0710 (0x1 bytes), align: 0
  Segment part 19. ROOT       Intra module refs:   ADC_Open
           ENTRY                   ADDRESS         REF BY
           =====                   =======         ======
           ADC12MCTL0              0710 
    -------------------------------------------------------------------------
DATA16_AN
  Relative segment, address: 0711 - 0711 (0x1 bytes), align: 0
  Segment part 20. ROOT       Intra module refs:   ADC_Open
           ENTRY                   ADDRESS         REF BY
           =====                   =======         ======
           ADC12MCTL1              0711 
    -------------------------------------------------------------------------
DATA16_AN
  Relative segment, address: 0712 - 0712 (0x1 bytes), align: 0
  Segment part 21. ROOT       Intra module refs:   ADC_Open
           ENTRY                   ADDRESS         REF BY
           =====                   =======         ======
           ADC12MCTL2              0712 
    -------------------------------------------------------------------------
DATA16_AN
  Relative segment, address: 0713 - 0713 (0x1 bytes), align: 0
  Segment part 22. ROOT       Intra module refs:   ADC_Open
           ENTRY                   ADDRESS         REF BY
           =====                   =======         ======
           ADC12MCTL3              0713 
    -------------------------------------------------------------------------
DATA16_AN
  Relative segment, address: 0714 - 0714 (0x1 bytes), align: 0
  Segment part 23. ROOT       Intra module refs:   ADC_Open
           ENTRY                   ADDRESS         REF BY
           =====                   =======         ======
           ADC12MCTL4              0714 
    -------------------------------------------------------------------------
DATA16_AN
  Relative segment, address: 0715 - 0715 (0x1 bytes), align: 0
  Segment part 24. ROOT       Intra module refs:   ADC_Open
           ENTRY                   ADDRESS         REF BY
           =====                   =======         ======
           ADC12MCTL5              0715 
    -------------------------------------------------------------------------
DATA16_AN
  Relative segment, address: 0716 - 0716 (0x1 bytes), align: 0
  Segment part 25. ROOT       Intra module refs:   ADC_Open
           ENTRY                   ADDRESS         REF BY
           =====                   =======         ======
           ADC12MCTL6              0716 
    -------------------------------------------------------------------------
DATA16_AN
  Relative segment, address: 0717 - 0717 (0x1 bytes), align: 0
  Segment part 26. ROOT       Intra module refs:   ADC_Open
           ENTRY                   ADDRESS         REF BY
           =====                   =======         ======
           ADC12MCTL7              0717 
    -------------------------------------------------------------------------
DATA16_AN
  Relative segment, address: 0718 - 0718 (0x1 bytes), align: 0
  Segment part 27. ROOT       Intra module refs:   ADC_Open
           ENTRY                   ADDRESS         REF BY
           =====                   =======         ======
           ADC12MCTL8              0718 
    -------------------------------------------------------------------------
DATA16_AN
  Relative segment, address: 0719 - 0719 (0x1 bytes), align: 0
  Segment part 28. ROOT       Intra module refs:   ADC_Open
           ENTRY                   ADDRESS         REF BY
           =====                   =======         ======
           ADC12MCTL9              0719 
    -------------------------------------------------------------------------
DATA16_AN
  Relative segment, address: 071A - 071A (0x1 bytes), align: 0
  Segment part 29. ROOT       Intra module refs:   ADC_Open
           ENTRY                   ADDRESS         REF BY
           =====                   =======         ======
           ADC12MCTL10             071A 
    -------------------------------------------------------------------------
DATA16_AN
  Relative segment, address: 071B - 071B (0x1 bytes), align: 0
  Segment part 30. ROOT       Intra module refs:   ADC_Open
           ENTRY                   ADDRESS         REF BY
           =====                   =======         ======
           ADC12MCTL11             071B 
    -------------------------------------------------------------------------
DATA16_AN
  Relative segment, address: 071C - 071C (0x1 bytes), align: 0
  Segment part 31. ROOT       Intra module refs:   ADC_Open
           ENTRY                   ADDRESS         REF BY
           =====                   =======         ======
           ADC12MCTL12             071C 
    -------------------------------------------------------------------------
DATA16_AN
  Relative segment, address: 071D - 071D (0x1 bytes), align: 0
  Segment part 32. ROOT       Intra module refs:   ADC_Open
           ENTRY                   ADDRESS         REF BY
           =====                   =======         ======
           ADC12MCTL13             071D 
    -------------------------------------------------------------------------
DATA16_AN
  Relative segment, address: 071E - 071E (0x1 bytes), align: 0
  Segment part 33. ROOT       Intra module refs:   ADC_Open
           ENTRY                   ADDRESS         REF BY
           =====                   =======         ======
           ADC12MCTL14             071E 
    -------------------------------------------------------------------------
DATA16_AN
  Relative segment, address: 071F - 071F (0x1 bytes), align: 0
  Segment part 34. ROOT       Intra module refs:   ADC_Open
           ENTRY                   ADDRESS         REF BY
           =====                   =======         ======
           ADC12MCTL15             071F 
    -------------------------------------------------------------------------
DATA16_AN
  Relative segment, address: 0242 - 0243 (0x2 bytes), align: 0
  Segment part 35. ROOT       Intra module refs:   ADC_Sample
           ENTRY                   ADDRESS         REF BY
           =====                   =======         ======
           _A_PCOUT_L              0242 
           LOCAL                   ADDRESS         
           =====                   =======         
           PCOUT                   0242 
           PCOUT_H                 0243 
           PCOUT_L                 0242 
    -------------------------------------------------------------------------
DATA16_AN
  Relative segment, address: 024A - 024B (0x2 bytes), align: 0
  Segment part 36. ROOT       Intra module refs:   ADC_Open
                                                   ADC_Sample
                                                   Clock_Init (common)
                                                   UART1_Open_9600 (uart1)
           ENTRY                   ADDRESS         REF BY
           =====                   =======         ======
           _A_PCSEL_L              024A 
           LOCAL                   ADDRESS         
           =====                   =======         
           PCSEL                   024A 
           PCSEL_H                 024B 
           PCSEL_L                 024A 
    -------------------------------------------------------------------------
DATA16_Z
  Relative segment, address: 1C70 - 1C8F (0x20 bytes), align: 1
  Segment part 38.            Intra module refs:   ADC_Sample
           ENTRY                   ADDRESS         REF BY
           =====                   =======         ======
           A                       1C70            ADC_Element (hydrologytask)
    -------------------------------------------------------------------------
<CODE> 2 (was CODE)
  Relative segment, address: 00014B60 - 00014BFB (0x9c bytes), align: 1
  Segment part 39.
           ENTRY                   ADDRESS         REF BY
           =====                   =======         ======
           ADC_Open                00014B60        Sampler_Open (Sampler)
               calls direct
    -------------------------------------------------------------------------
<CODE> 1 (was CODE)
  Relative segment, address: C4F0 - C9D3 (0x4e4 bytes), align: 1
  Segment part 41.
           ENTRY                   ADDRESS         REF BY
           =====                   =======         ======
           ADC_Sample              C4F0            HydrologySample (hydrologytask)
               calls direct
    -------------------------------------------------------------------------
<CODE> 2 (was CODE)
  Relative segment, address: 00019B28 - 00019B33 (0xc bytes), align: 1
  Segment part 42.
           ENTRY                   ADDRESS         REF BY
           =====                   =======         ======
           ADC_Close               00019B28        Sampler_Close (Sampler)

    *************************************************************************

  FILE NAME : \\Mac\Home\work\ETL\Debug\Obj\adc10_a.r43
    *************************************************************************

  FILE NAME : \\Mac\Home\work\ETL\Debug\Obj\adc12_a.r43
    *************************************************************************

  FILE NAME : \\Mac\Home\work\ETL\Debug\Obj\aes.r43
    *************************************************************************

  FILE NAME : \\Mac\Home\work\ETL\Debug\Obj\battbak.r43
    *************************************************************************

  FILE NAME : \\Mac\Home\work\ETL\Debug\Obj\BC95.r43
  PROGRAM MODULE, NAME : BC95

  SEGMENTS IN THE MODULE
  ======================
DATA16_AN
  Relative segment, address: 0282 - 0283 (0x2 bytes), align: 0
  Segment part 1. ROOT        Intra module refs:   GSM_Close (GSM)
                                                   GSM_Open (GSM)
                                                   IIC_SCL_HIGH (rtc)
                                                   IIC_SCL_LOW (rtc)
                                                   IIC_SDA_HIGH (rtc)
                                                   IIC_SDA_LOW (rtc)
                                                   Max3222_Close (common)
                                                   Max3222_Open (common)
                                                   Restart_Init (main)
                                                   Sampler_Close (Sampler)
                                                   Sampler_Open (Sampler)
                                                   camera_change (camera)
           ENTRY                   ADDRESS         REF BY
           =====                   =======         ======
           _A_PEOUT_L              0282 
           LOCAL                   ADDRESS         
           =====                   =======         
           PEOUT                   0282 
           PEOUT_H                 0283 
           PEOUT_L                 0282 
    -------------------------------------------------------------------------
DATA16_AN
  Relative segment, address: 0284 - 0285 (0x2 bytes), align: 0
  Segment part 2. ROOT        Intra module refs:   GSM_Close (GSM)
                                                   GSM_Open (GSM)
                                                   IIC_Ack (rtc)
                                                   IIC_NAck (rtc)
                                                   IIC_Read_Byte (rtc)
                                                   IIC_Send_Byte (rtc)
                                                   IIC_Start (rtc)
                                                   IIC_Stop (rtc)
                                                   IIC_Wait_Ack (rtc)
                                                   Max3222_Close (common)
                                                   Max3222_Open (common)
                                                   RTC_Open (rtc)
                                                   Restart_Init (main)
                                                   Sampler_Close (Sampler)
                                                   Sampler_Open (Sampler)
                                                   UART2_Open (uart2)
                                                   UART3_Open (uart3)
           ENTRY                   ADDRESS         REF BY
           =====                   =======         ======
           _A_PEDIR_L              0284 
           LOCAL                   ADDRESS         
           =====                   =======         
           PEDIR                   0284 
           PEDIR_H                 0285 
           PEDIR_L                 0284 
    -------------------------------------------------------------------------
<CODE> 2 (was CODE)
  Relative segment, address: 00019CC0 - 00019CC3 (0x4 bytes), align: 1
  Segment part 88.            Intra module refs:   ATTEST (blueTooth)
                                                   BLE_ADVSTART (blueTooth)
                                                   BLE_ATE (blueTooth)
                                                   BLE_BLESP (blueTooth)
                                                   BLE_BLESPPCFG (blueTooth)
                                                   BLE_CONNECT (blueTooth)
                                                   BLE_GATTSSRVCRE (blueTooth)
                                                   BLE_GATTSSRVSTART (blueTooth)
                                                   BLE_RST (blueTooth)
                                                   BLE_RecAt (blueTooth)
                                                   BLE_SERVER (blueTooth)
                                                   BLE_SERVER_INIT (blueTooth)
                                                   BLE_SetName (blueTooth)
                                                   CloseTran (ec200)
                                                   OpenTran (ec200)
                                                   QueryCerg (ec200)
                                                   QuerySIMSignal (ec200)
                                                   SetNoEcho (ec200)
                                                   TransmissionActivation (ec200)
                                                   TransmissionConfiguration (ec200)
                                                   TransmissionDeactivation (ec200)
                                                   get_time (ec200)
           ENTRY                   ADDRESS         REF BY
           =====                   =======         ======
           strstr                  00019CC0 
               calls direct
    -------------------------------------------------------------------------
<CODE> 2 (was CODE)
  Relative segment, address: 00019C98 - 00019C9B (0x4 bytes), align: 1
  Segment part 89.            Intra module refs:   Console_WriteHexCharln (Console)
                                                   Ec200RecvMsg (ec200)
                                                   GPRS_Send (GTM900C)
                                                   GRPS_AT_Receive_Response (GTM900C)
                                                   GRPS_AT_Send (GTM900C)
                                                   HydrologySaveData (hydrologytask)
                                                   Hydrology_ProcessGPRSReceieve (GTM900C)
                                                   Hydrology_SendData (message)
                                                   WriteFlashInBank (flash)
                                                   camera_Take (camera)
                                                   hydrologyExitReceieve (message)
                                                   hydrologyExitSend (message)
           ENTRY                   ADDRESS         REF BY
           =====                   =======         ======
           free                    00019C98 
               calls direct
    -------------------------------------------------------------------------
<CODE> 2 (was CODE)
  Relative segment, address: 00019C90 - 00019C93 (0x4 bytes), align: 1
  Segment part 90.            Intra module refs:   Console_WriteHexCharln (Console)
                                                   Ec200RecvMsg (ec200)
                                                   GPRS_Send (GTM900C)
                                                   GRPS_AT_Receive_Response (GTM900C)
                                                   GRPS_AT_Send (GTM900C)
                                                   HydrologySaveData (hydrologytask)
                                                   Hydrology_CalElementInfo (message)
                                                   Hydrology_SendData (message)
                                                   WriteFlashInBank (flash)
                                                   camera_Take (camera)
                                                   hydrologyInitReceieve (message)
                                                   hydrologyInitSend (message)
                                                   hydrologyMakeDownBody (message)
                                                   hydrologyMakeUpBody (message)
                                                   mallocElement (message)
           ENTRY                   ADDRESS         REF BY
           =====                   =======         ======
           malloc                  00019C90 
               calls direct

    *************************************************************************

  FILE NAME : \\Mac\Home\work\ETL\Debug\Obj\blueTooth.r43
  PROGRAM MODULE, NAME : blueTooth

  SEGMENTS IN THE MODULE
  ======================
DATA16_AN
  Relative segment, address: 0262 - 0263 (0x2 bytes), align: 0
  Segment part 1. ROOT        Intra module refs:   BLE_Close
                                                   BLE_INIT
                                                   Clear_ExternWatchdog (common)
                                                   PowerOff (ec200)
                                                   PowerOn (ec200)
                                                   Restart_Init (main)
                                                   TimerB_Init (timer)
                                                   UART2_Open (uart2)
           ENTRY                   ADDRESS         REF BY
           =====                   =======         ======
           _A_PDOUT_L              0262 
           LOCAL                   ADDRESS         
           =====                   =======         
           PDOUT                   0262 
           PDOUT_H                 0263 
           PDOUT_L                 0262 
    -------------------------------------------------------------------------
DATA16_AN
  Relative segment, address: 0264 - 0265 (0x2 bytes), align: 0
  Segment part 2. ROOT        Intra module refs:   BLE_INIT
                                                   PowerOff (ec200)
                                                   PowerOn (ec200)
                                                   Restart_Init (main)
                                                   TimerB_Init (timer)
                                                   UART2_Open (uart2)
           ENTRY                   ADDRESS         REF BY
           =====                   =======         ======
           _A_PDDIR_L              0264 
           LOCAL                   ADDRESS         
           =====                   =======         
           PDDIR                   0264 
           PDDIR_H                 0265 
           PDDIR_L                 0264 
    -------------------------------------------------------------------------
DATA16_Z
  Relative segment, address: 1C90 - 1C91 (0x2 bytes), align: 1
  Segment part 74.            Intra module refs:   BLE_Open
                                                   BLE_RST
                                                   ble_isinit
           ENTRY                   ADDRESS         REF BY
           =====                   =======         ======
           BLEINIT                 1C90 
    -------------------------------------------------------------------------
DATA16_Z
  Relative segment, address: 1C92 - 1C93 (0x2 bytes), align: 1
  Segment part 75.            Intra module refs:   BLE_BLESPP
                                                   BLE_BLESPPEND
                                                   ble_getMsg
                                                   ble_getMsgNoWait
                                                   ble_isCanUse
                                                   ble_sendMsg
                                                   ble_sppflag
           ENTRY                   ADDRESS         REF BY
           =====                   =======         ======
           sppflag                 1C92 
    -------------------------------------------------------------------------
DATA16_Z
  Relative segment, address: 1C94 - 1C95 (0x2 bytes), align: 1
  Segment part 76.            Intra module refs:   BLE_INIT
                                                   BLE_ISFINDBT
                                                   ble_task_start
           ENTRY                   ADDRESS         REF BY
           =====                   =======         ======
           isbt                    1C94 
    -------------------------------------------------------------------------
<CODE> 2 (was CODE)
  Relative segment, address: 00019C84 - 00019C87 (0x4 bytes), align: 1
  Segment part 81.            Intra module refs:   ATTEST
                                                   BLE_BLESP
                                                   BLE_BLESPPEND
                                                   BLE_CONNECT
                                                   BLE_GATTSSRVCRE
                                                   BLE_INIT
                                                   BLE_SendAtCmd
           ENTRY                   ADDRESS         REF BY
           =====                   =======         ======
           BLE_buffer_Clear        00019C84 
               calls direct
    -------------------------------------------------------------------------
<CODE> 2 (was CODE)
  Relative segment, address: 00019CA8 - 00019CAB (0x4 bytes), align: 1
  Segment part 83.            Intra module refs:   ble_sendMsg
           ENTRY                   ADDRESS         REF BY
           =====                   =======         ======
           SPPRX                   00019CA8 
               calls direct
    -------------------------------------------------------------------------
<CODE> 2 (was CODE)
  Relative segment, address: 00018F32 - 00018F61 (0x30 bytes), align: 1
  Segment part 84.            Intra module refs:   ble_getMsg
           ENTRY                   ADDRESS         REF BY
           =====                   =======         ======
           SPPTX                   00018F32 
               calls direct
    -------------------------------------------------------------------------
<CODE> 2 (was CODE)
  Relative segment, address: 00019B92 - 00019B9B (0xa bytes), align: 1
  Segment part 85.            Intra module refs:   ble_getMsgNoWait
           ENTRY                   ADDRESS         REF BY
           =====                   =======         ======
           SPPTX_NOWAIT            00019B92 
               calls direct
    -------------------------------------------------------------------------
<CODE> 2 (was CODE)
  Relative segment, address: 00017D1A - 00017D67 (0x4e bytes), align: 1
  Segment part 86.            Intra module refs:   ATTEST
                                                   BLE_ADVSTART
                                                   BLE_ATE
                                                   BLE_BLESP
                                                   BLE_BLESPPCFG
                                                   BLE_CONNECT
                                                   BLE_GATTSSRVSTART
                                                   BLE_RST
                                                   BLE_SERVER
                                                   BLE_SERVER_INIT
                                                   BLE_SetName
           ENTRY                   ADDRESS         REF BY
           =====                   =======         ======
           BLE_SendAtCmd           00017D1A 
               calls direct
    -------------------------------------------------------------------------
<CODE> 2 (was CODE)
  Relative segment, address: 00019C66 - 00019C6B (0x6 bytes), align: 1
  Segment part 82.            Intra module refs:   SPPRX
           ENTRY                   ADDRESS         REF BY
           =====                   =======         ======
           BLE_SendMsg             00019C66 
               calls direct
    -------------------------------------------------------------------------
<CODE> 2 (was CODE)
  Relative segment, address: 00017A9A - 00017AEB (0x52 bytes), align: 1
  Segment part 88.            Intra module refs:   ATTEST
                                                   BLE_ADVSTART
                                                   BLE_ATE
                                                   BLE_BLESP
                                                   BLE_BLESPPCFG
                                                   BLE_BLESPPEND
                                                   BLE_CONNECT
                                                   BLE_GATTSSRVCRE
                                                   BLE_GATTSSRVSTART
                                                   BLE_RST
                                                   BLE_SERVER
                                                   BLE_SERVER_INIT
                                                   BLE_SetName
           ENTRY                   ADDRESS         REF BY
           =====                   =======         ======
           BLE_RecAt               00017A9A 
               calls direct
    -------------------------------------------------------------------------
<CODE> 2 (was CODE)
  Relative segment, address: 00016B18 - 00016B87 (0x70 bytes), align: 1
  Segment part 89.            Intra module refs:   BLE_INIT
           ENTRY                   ADDRESS         REF BY
           =====                   =======         ======
           BLE_ATE                 00016B18 
               calls direct
    -------------------------------------------------------------------------
<CODE> 2 (was CODE)
  Relative segment, address: 00015B0E - 00015B95 (0x88 bytes), align: 1
  Segment part 90.            Intra module refs:   BLE_BLESPPEND
                                                   BLE_INIT
           ENTRY                   ADDRESS         REF BY
           =====                   =======         ======
           ATTEST                  00015B0E 
               calls direct
    -------------------------------------------------------------------------
<CODE> 2 (was CODE)
  Relative segment, address: 00017794 - 000177ED (0x5a bytes), align: 1
  Segment part 91.            Intra module refs:   BLE_Open
           ENTRY                   ADDRESS         REF BY
           =====                   =======         ======
           BLE_SetName             00017794 
               calls direct
    -------------------------------------------------------------------------
<CODE> 2 (was CODE)
  Relative segment, address: 000176DE - 00017739 (0x5c bytes), align: 1
  Segment part 92.            Intra module refs:   BLE_Open
           ENTRY                   ADDRESS         REF BY
           =====                   =======         ======
           BLE_SERVER_INIT         000176DE 
               calls direct
    -------------------------------------------------------------------------
<CODE> 2 (was CODE)
  Relative segment, address: 00017512 - 0001756D (0x5c bytes), align: 1
  Segment part 93.            Intra module refs:   BLE_Open
           ENTRY                   ADDRESS         REF BY
           =====                   =======         ======
           BLE_SERVER              00017512 
               calls direct
    -------------------------------------------------------------------------
<CODE> 2 (was CODE)
  Relative segment, address: 00014C96 - 00014D2D (0x98 bytes), align: 1
  Segment part 94.            Intra module refs:   BLE_Open
           ENTRY                   ADDRESS         REF BY
           =====                   =======         ======
           BLE_GATTSSRVCRE         00014C96 
               calls direct
    -------------------------------------------------------------------------
<CODE> 2 (was CODE)
  Relative segment, address: 000175CA - 00017625 (0x5c bytes), align: 1
  Segment part 95.            Intra module refs:   BLE_Open
           ENTRY                   ADDRESS         REF BY
           =====                   =======         ======
           BLE_GATTSSRVSTART       000175CA 
               calls direct
    -------------------------------------------------------------------------
<CODE> 2 (was CODE)
  Relative segment, address: 00017626 - 00017681 (0x5c bytes), align: 1
  Segment part 96.            Intra module refs:   BLE_Open
                                                   ble_adv
           ENTRY                   ADDRESS         REF BY
           =====                   =======         ======
           BLE_ADVSTART            00017626 
               calls direct
    -------------------------------------------------------------------------
<CODE> 2 (was CODE)
  Relative segment, address: 00017682 - 000176DD (0x5c bytes), align: 1
  Segment part 97.            Intra module refs:   BLE_BLESP
           ENTRY                   ADDRESS         REF BY
           =====                   =======         ======
           BLE_BLESPPCFG           00017682 
               calls direct
    -------------------------------------------------------------------------
<CODE> 2 (was CODE)
  Relative segment, address: 000151CC - 0001525B (0x90 bytes), align: 1
  Segment part 98.            Intra module refs:   BLE_BLESPP
           ENTRY                   ADDRESS         REF BY
           =====                   =======         ======
           BLE_BLESP               000151CC 
               calls direct
    -------------------------------------------------------------------------
<CODE> 2 (was CODE)
  Relative segment, address: 00017EE4 - 00017F2D (0x4a bytes), align: 1
  Segment part 99.            Intra module refs:   ble_open
           ENTRY                   ADDRESS         REF BY
           =====                   =======         ======
           BLE_BLESPP              00017EE4 
               calls direct
    -------------------------------------------------------------------------
<CODE> 2 (was CODE)
  Relative segment, address: 00016444 - 000164BD (0x7a bytes), align: 1
  Segment part 100.           Intra module refs:   BLE_INIT
                                                   ble_close
           ENTRY                   ADDRESS         REF BY
           =====                   =======         ======
           BLE_BLESPPEND           00016444 
               calls direct
    -------------------------------------------------------------------------
<CODE> 2 (was CODE)
  Relative segment, address: 000143A2 - 00014451 (0xb0 bytes), align: 1
  Segment part 102.           Intra module refs:   BLE_MAIN
           ENTRY                   ADDRESS         REF BY
           =====                   =======         ======
           BLE_INIT                000143A2 
               calls direct
    -------------------------------------------------------------------------
<CODE> 2 (was CODE)
  Relative segment, address: 00013DD4 - 00013E9D (0xca bytes), align: 1
  Segment part 103.           Intra module refs:   BLE_MAIN
           ENTRY                   ADDRESS         REF BY
           =====                   =======         ======
           BLE_Open                00013DD4 
               calls direct
    -------------------------------------------------------------------------
<CODE> 2 (was CODE)
  Relative segment, address: 00016DAC - 00016E17 (0x6c bytes), align: 1
  Segment part 104.           Intra module refs:   BLE_MAIN
                                                   ble_isCanUse
           ENTRY                   ADDRESS         REF BY
           =====                   =======         ======
           BLE_CONNECT             00016DAC 
               calls direct
    -------------------------------------------------------------------------
<CODE> 2 (was CODE)
  Relative segment, address: 00016A38 - 00016AA7 (0x70 bytes), align: 1
  Segment part 101.           Intra module refs:   BLE_INIT
                                                   ble_rst
           ENTRY                   ADDRESS         REF BY
           =====                   =======         ======
           BLE_RST                 00016A38 
               calls direct
    -------------------------------------------------------------------------
<CODE> 2 (was CODE)
  Relative segment, address: 00019B1C - 00019B27 (0xc bytes), align: 1
  Segment part 107.           Intra module refs:   ble_task_start
           ENTRY                   ADDRESS         REF BY
           =====                   =======         ======
           BLE_Close               00019B1C 
               calls direct
    -------------------------------------------------------------------------
<CODE> 2 (was CODE)
  Relative segment, address: 00019366 - 00019387 (0x22 bytes), align: 1
  Segment part 87.            Intra module refs:   BLE_RecAt
           ENTRY                   ADDRESS         REF BY
           =====                   =======         ======
           BLE_RecvLineTry         00019366 
               calls direct
    -------------------------------------------------------------------------
<CODE> 2 (was CODE)
  Relative segment, address: 000159FE - 00015A85 (0x88 bytes), align: 1
  Segment part 108.           Intra module refs:   ble_init
           ENTRY                   ADDRESS         REF BY
           =====                   =======         ======
           BLE_MAIN                000159FE 
               calls direct
    -------------------------------------------------------------------------
<CODE> 2 (was CODE)
  Relative segment, address: 000197EE - 00019803 (0x16 bytes), align: 1
  Segment part 109.           Intra module refs:   ble_adv
                                                   ble_getMsg
                                                   ble_getMsgNoWait
                                                   ble_open
                                                   ble_sendMsg
                                                   ble_task_end
                                                   ble_task_start
                                                   ble_waiting_query
           ENTRY                   ADDRESS         REF BY
           =====                   =======         ======
           BLE_ISFINDBT            000197EE        Hydrology_ProcessBLEReceieve (uart_config)
    -------------------------------------------------------------------------
DATA16_I
  Relative segment, address: 1C00 - 1C37 (0x38 bytes), align: 1
  Segment part 77.            Intra module refs:   BleDriverInstall
                                                   ble_init
                                                   ble_isCanUse
           ENTRY                   ADDRESS         REF BY
           =====                   =======         ======
           T_CommuteDevBLE         1C00 
    -------------------------------------------------------------------------
<CODE> 2 (was CODE)
  Relative segment, address: 00019C8C - 00019C8F (0x4 bytes), align: 1
  Segment part 110.           Intra module refs:   Segment part 78
                                                   ble_task_start
           ENTRY                   ADDRESS         REF BY
           =====                   =======         ======
           ble_rst                 00019C8C 
               calls direct
    -------------------------------------------------------------------------
<CODE> 2 (was CODE)
  Relative segment, address: 00019C18 - 00019C1D (0x6 bytes), align: 1
  Segment part 111.           Intra module refs:   Segment part 78
                                                   ble_task_end
           ENTRY                   ADDRESS         REF BY
           =====                   =======         ======
           ble_sppflag             00019C18 
    -------------------------------------------------------------------------
<CODE> 2 (was CODE)
  Relative segment, address: 00019C12 - 00019C17 (0x6 bytes), align: 1
  Segment part 112.           Intra module refs:   Segment part 78
           ENTRY                   ADDRESS         REF BY
           =====                   =======         ======
           ble_isinit              00019C12 
    -------------------------------------------------------------------------
<CODE> 2 (was CODE)
  Relative segment, address: 00019A6E - 00019A7B (0xe bytes), align: 1
  Segment part 113.           Intra module refs:   Segment part 78
                                                   ble_task_start
           ENTRY                   ADDRESS         REF BY
           =====                   =======         ======
           ble_adv                 00019A6E 
               calls direct
    -------------------------------------------------------------------------
<CODE> 2 (was CODE)
  Relative segment, address: 000185BE - 000185FB (0x3e bytes), align: 1
  Segment part 115.           Intra module refs:   Segment part 78
           ENTRY                   ADDRESS         REF BY
           =====                   =======         ======
           ble_task_start          000185BE 
               calls direct
    -------------------------------------------------------------------------
<CODE> 2 (was CODE)
  Relative segment, address: 000197AC - 000197C1 (0x16 bytes), align: 1
  Segment part 116.           Intra module refs:   Segment part 78
           ENTRY                   ADDRESS         REF BY
           =====                   =======         ======
           ble_task_end            000197AC 
               calls direct
    -------------------------------------------------------------------------
<CODE> 2 (was CODE)
  Relative segment, address: 000191B0 - 000191D5 (0x26 bytes), align: 1
  Segment part 117.           Intra module refs:   BleDriverInstall
                                                   Segment part 78
                                                   ble_task_start
           ENTRY                   ADDRESS         REF BY
           =====                   =======         ======
           ble_init                000191B0 
               calls direct
    -------------------------------------------------------------------------
<CODE> 2 (was CODE)
  Relative segment, address: 00019590 - 000195AB (0x1c bytes), align: 1
  Segment part 118.           Intra module refs:   Segment part 78
                                                   ble_task_start
           ENTRY                   ADDRESS         REF BY
           =====                   =======         ======
           ble_isCanUse            00019590 
               calls direct
    -------------------------------------------------------------------------
<CODE> 2 (was CODE)
  Relative segment, address: 0001981A - 0001982D (0x14 bytes), align: 1
  Segment part 119.           Intra module refs:   Segment part 78
                                                   ble_task_start
           ENTRY                   ADDRESS         REF BY
           =====                   =======         ======
           ble_open                0001981A 
               calls direct
    -------------------------------------------------------------------------
<CODE> 2 (was CODE)
  Relative segment, address: 000196EC - 00019703 (0x18 bytes), align: 1
  Segment part 120.           Intra module refs:   Segment part 78
                                                   ble_waiting_query
           ENTRY                   ADDRESS         REF BY
           =====                   =======         ======
           ble_getMsg              000196EC 
               calls direct
    -------------------------------------------------------------------------
<CODE> 2 (was CODE)
  Relative segment, address: 00019764 - 0001977B (0x18 bytes), align: 1
  Segment part 121.           Intra module refs:   Segment part 78
           ENTRY                   ADDRESS         REF BY
           =====                   =======         ======
           ble_getMsgNoWait        00019764 
               calls direct
    -------------------------------------------------------------------------
<CODE> 2 (was CODE)
  Relative segment, address: 0001946A - 00019487 (0x1e bytes), align: 1
  Segment part 122.           Intra module refs:   Segment part 78
                                                   ble_waiting_query
           ENTRY                   ADDRESS         REF BY
           =====                   =======         ======
           ble_sendMsg             0001946A 
               calls direct
    -------------------------------------------------------------------------
<CODE> 2 (was CODE)
  Relative segment, address: 00019BCA - 00019BD1 (0x8 bytes), align: 1
  Segment part 114.           Intra module refs:   Segment part 78
                                                   ble_task_end
                                                   ble_task_start
           ENTRY                   ADDRESS         REF BY
[...]
  Segment part 23.
           ENTRY                   ADDRESS         REF BY
           =====                   =======         ======
           _PrintfFullNoMb         C9D4            printf (?printf)
                                                   sprintf (?sprintf)
               calls direct
    -------------------------------------------------------------------------
<CODE> 2 (was CODE)
  Relative segment, address: 00019322 - 00019329 (0x8 bytes), align: 1
  Segment part 27.            Intra module refs:   Segment part 30
                                                   _PrintfFullNoMb
    -------------------------------------------------------------------------
<CODE> 2 (was CODE)
  Relative segment, address: 0001932A - 00019331 (0x8 bytes), align: 1
  Segment part 28.            Intra module refs:   _PrintfFullNoMb
    -------------------------------------------------------------------------
<CODE> 2 (was CODE)
  Relative segment, address: 00019332 - 0001933D (0xc bytes), align: 1
  Segment part 29.            Intra module refs:   Segment part 27
                                                   Segment part 28
    -------------------------------------------------------------------------
<CODE> 2 (was CODE)
  Relative segment, address: 0001933E - 00019343 (0x6 bytes), align: 1
  Segment part 30.            Intra module refs:   _PrintfFullNoMb
    -------------------------------------------------------------------------
<CODE> 1 (was CODE)
  Relative segment, address: 96DE - 9761 (0x84 bytes), align: 1
  Segment part 8.             Intra module refs:   _PrintfFullNoMb
           LOCAL                   ADDRESS         
           =====                   =======         
           LoadInt                 96DE 
    -------------------------------------------------------------------------
<CODE> 1 (was CODE)
  Relative segment, address: 9762 - 976F (0xe bytes), align: 1
  Segment part 9.             Intra module refs:   LoadInt
    -------------------------------------------------------------------------
<CODE> 1 (was CODE)
  Relative segment, address: 9770 - 99C9 (0x25a bytes), align: 1
  Segment part 10.            Intra module refs:   _LdtobFullNoMb
           LOCAL                   ADDRESS         
           =====                   =======         
           _GenldFullNoMb          9770 
               calls direct
    -------------------------------------------------------------------------
<CODE> 1 (was CODE)
  Relative segment, address: 99CA - 99D9 (0x10 bytes), align: 1
  Segment part 11.            Intra module refs:   _GenldFullNoMb
    -------------------------------------------------------------------------
<CODE> 1 (was CODE)
  Relative segment, address: 99DA - 99E7 (0xe bytes), align: 1
  Segment part 12.            Intra module refs:   Segment part 11
                                                   _GenldFullNoMb
    -------------------------------------------------------------------------
<CODE> 1 (was CODE)
  Relative segment, address: 99E8 - 9A05 (0x1e bytes), align: 1
  Segment part 13.            Intra module refs:   _GenldFullNoMb
    -------------------------------------------------------------------------
<CODE> 1 (was CODE)
  Relative segment, address: 9A06 - 9A47 (0x42 bytes), align: 1
  Segment part 14.            Intra module refs:   _LdtobFullNoMb
           LOCAL                   ADDRESS         
           =====                   =======         
           scale                   9A06 
               calls direct
    -------------------------------------------------------------------------
<CODE> 1 (was CODE)
  Relative segment, address: 9A48 - 9E2D (0x3e6 bytes), align: 1
  Segment part 15.            Intra module refs:   _PrintfFullNoMb
           LOCAL                   ADDRESS         
           =====                   =======         
           _LdtobFullNoMb          9A48 
               calls direct
    -------------------------------------------------------------------------
<CODE> 1 (was CODE)
  Relative segment, address: 9E2E - 9E33 (0x6 bytes), align: 1
  Segment part 16.            Intra module refs:   _LdtobFullNoMb
    -------------------------------------------------------------------------
<CODE> 1 (was CODE)
  Relative segment, address: 9E34 - 9E3D (0xa bytes), align: 1
  Segment part 17.            Intra module refs:   Segment part 16
                                                   _LdtobFullNoMb
    -------------------------------------------------------------------------
<CODE> 1 (was CODE)
  Relative segment, address: 9E3E - 9E47 (0xa bytes), align: 1
  Segment part 18.            Intra module refs:   _LdtobFullNoMb
    -------------------------------------------------------------------------
<CODE> 1 (was CODE)
  Relative segment, address: 9E48 - 9E57 (0x10 bytes), align: 1
  Segment part 19.            Intra module refs:   _LdtobFullNoMb
    -------------------------------------------------------------------------
<CODE> 1 (was CODE)
  Relative segment, address: 9E58 - 9FFD (0x1a6 bytes), align: 1
  Segment part 20.            Intra module refs:   _PrintfFullNoMb
           LOCAL                   ADDRESS         
           =====                   =======         
           _LitobFullNoMb          9E58 
               calls direct
    -------------------------------------------------------------------------
<CODE> 1 (was CODE)
  Relative segment, address: 9FFE - A00F (0x12 bytes), align: 1
  Segment part 21.            Intra module refs:   _LitobFullNoMb
    -------------------------------------------------------------------------
<CODE> 1 (was CODE)
  Relative segment, address: A010 - A019 (0xa bytes), align: 1
  Segment part 22.            Intra module refs:   LoadInt
                                                   _LitobFullNoMb
                                                   _PrintfFullNoMb
    -------------------------------------------------------------------------
<CODE> 2 (was CODE)
  Relative segment, address: 00018B02 - 00018B37 (0x36 bytes), align: 1
  Segment part 32.            Intra module refs:   Segment part 27
           LOCAL                   ADDRESS         
           =====                   =======         
           pad                     00018B02 
               calls direct
    -------------------------------------------------------------------------
<CODE> 2 (was CODE)
  Relative segment, address: 00019116 - 0001913D (0x28 bytes), align: 1
  Segment part 33.            Intra module refs:   _PrintfFullNoMb
                                                   _PutcharsFullNoMb
           LOCAL                   ADDRESS         
           =====                   =======         
           _PutcharFullNoMb        00019116 
               calls indirect
    -------------------------------------------------------------------------
<CODE> 2 (was CODE)
  Relative segment, address: 00019018 - 00019043 (0x2c bytes), align: 1
  Segment part 34.            Intra module refs:   Segment part 28
                                                   pad
           LOCAL                   ADDRESS         
           =====                   =======         
           _PutcharsFullNoMb       00019018 
               calls direct
    -------------------------------------------------------------------------
<CODE> 2 (was CODE)
  Relative segment, address: 00019BA6 - 00019BAF (0xa bytes), align: 1
  Segment part 24.            Intra module refs:   _PrintfFullNoMb
    -------------------------------------------------------------------------
<CODE> 2 (was CODE)
  Relative segment, address: 00019A28 - 00019A35 (0xe bytes), align: 1
  Segment part 25.            Intra module refs:   _PrintfFullNoMb
    -------------------------------------------------------------------------
<CODE> 2 (was CODE)
  Relative segment, address: 000198DA - 000198EB (0x12 bytes), align: 1
  Segment part 26.            Intra module refs:   _PrintfFullNoMb
    -------------------------------------------------------------------------
<CODE> 2 (was CODE)
  Relative segment, address: 00018678 - 000186B5 (0x3e bytes), align: 1
  Segment part 31.            Intra module refs:   _PrintfFullNoMb
    -------------------------------------------------------------------------
DATA16_C
  Relative segment, address: 7A2E - 7A34 (0x7 bytes), align: 0
  Segment part 2.             Intra module refs:   _PrintfFullNoMb
    -------------------------------------------------------------------------
DATA16_C
  Relative segment, address: 7A35 - 7A38 (0x4 bytes), align: 0
  Segment part 3.             Intra module refs:   _LdtobFullNoMb
    -------------------------------------------------------------------------
DATA16_C
  Relative segment, address: 7A39 - 7A3C (0x4 bytes), align: 0
  Segment part 4.             Intra module refs:   _LdtobFullNoMb
    -------------------------------------------------------------------------
DATA16_C
  Relative segment, address: 7A3D - 7A40 (0x4 bytes), align: 0
  Segment part 5.             Intra module refs:   _LdtobFullNoMb
    -------------------------------------------------------------------------
DATA16_C
  Relative segment, address: 7A41 - 7A44 (0x4 bytes), align: 0
  Segment part 6.             Intra module refs:   _LdtobFullNoMb
    -------------------------------------------------------------------------
DATA16_C
  Relative segment, address: 7A45 - 7A46 (0x2 bytes), align: 0
  Segment part 7.             Intra module refs:   _GenldFullNoMb

    -------------------------------------------------------------------------
  LIBRARY MODULE, NAME : ?xprout

  SEGMENTS IN THE MODULE
  ======================
<CODE> 2 (was CODE)
  Relative segment, address: 0001974C - 00019763 (0x18 bytes), align: 1
  Segment part 2.
           ENTRY                   ADDRESS         REF BY
           =====                   =======         ======
           _Prout                  0001974C        printf (?printf)
               calls direct

    -------------------------------------------------------------------------
  LIBRARY MODULE, NAME : ?xsprout

  SEGMENTS IN THE MODULE
  ======================
<CODE> 2 (was CODE)
  Relative segment, address: 00019B04 - 00019B0F (0xc bytes), align: 1
  Segment part 2.
           ENTRY                   ADDRESS         REF BY
           =====                   =======         ======
           _SProut                 00019B04        sprintf (?sprintf)

    -------------------------------------------------------------------------
  LIBRARY MODULE, NAME : ?xstoul

  SEGMENTS IN THE MODULE
  ======================
DATA16_C
  Relative segment, address: 7A47 - 7A6B (0x25 bytes), align: 0
  Segment part 2.             Intra module refs:   __iar_Stoulx
    -------------------------------------------------------------------------
DATA16_C
  Relative segment, address: 7A6C - 7A90 (0x25 bytes), align: 0
  Segment part 3.             Intra module refs:   __iar_Stoulx
    -------------------------------------------------------------------------
<CODE> 2 (was CODE)
  Relative segment, address: 0001032E - 000104B5 (0x188 bytes), align: 1
  Segment part 4.             Intra module refs:   __iar_Stoul
           ENTRY                   ADDRESS         REF BY
           =====                   =======         ======
           __iar_Stoulx            0001032E 
               calls direct
    -------------------------------------------------------------------------
<CODE> 2 (was CODE)
  Relative segment, address: 00019A8A - 00019A97 (0xe bytes), align: 1
  Segment part 5.             Intra module refs:   __iar_Stoulx
    -------------------------------------------------------------------------
<CODE> 2 (was CODE)
  Relative segment, address: 00019C2A - 00019C2F (0x6 bytes), align: 1
  Segment part 6.
           ENTRY                   ADDRESS         REF BY
           =====                   =======         ======
           __iar_Stoul             00019C2A        atoi (?atoi)
               calls direct

    -------------------------------------------------------------------------
  LIBRARY MODULE, NAME : ?xxmemxfree

  SEGMENTS IN THE MODULE
  ======================
<CODE> 2 (was CODE)
  Relative segment, address: 00015D28 - 00015DAD (0x86 bytes), align: 1
  Segment part 2.
           ENTRY                   ADDRESS         REF BY
           =====                   =======         ======
           __data16_free           00015D28        __data16_findmem (?xxmemxmalloc)
                                                   free (BC95)

    -------------------------------------------------------------------------
  LIBRARY MODULE, NAME : ?xxmemxmalloc

  SEGMENTS IN THE MODULE
  ======================
DATA16_Z
  Relative segment, address: 1D88 - 1D8B (0x4 bytes), align: 1
  Segment part 2.             Intra module refs:   __data16_findmem
                                                   __data16_malloc
           ENTRY                   ADDRESS         REF BY
           =====                   =======         ======
           __data16_Aldata         1D88            __data16_free (?xxmemxfree)
    -------------------------------------------------------------------------
<CODE> 2 (was CODE)
  Relative segment, address: 00017154 - 000171B7 (0x64 bytes), align: 1
  Segment part 3.             Intra module refs:   __data16_malloc
           LOCAL                   ADDRESS         
           =====                   =======         
           __data16_findmem        00017154 
               calls direct
    -------------------------------------------------------------------------
<CODE> 2 (was CODE)
  Relative segment, address: 00016B88 - 00016BF5 (0x6e bytes), align: 1
  Segment part 4.
           ENTRY                   ADDRESS         REF BY
           =====                   =======         ======
           __data16_malloc         00016B88        malloc (BC95)
               calls direct




                ****************************************
                *                                      *
                *      SEGMENTS IN ADDRESS ORDER       *
                *                                      *
                ****************************************


SEGMENT              SPACE    START ADDRESS   END ADDRESS     SIZE  TYPE  ALIGN
=======              =====    =============   ===========     ====  ====  =====
DATA16_AN                              0100 - 0103               4   rel    0
                                       0120 - 0121               2 
                                       0124 - 0127               4 
                                       012C - 012D               2 
                                       0140 - 0141               2 
                                       0144 - 0145               2 
                                       015C - 015D               2 
                                       0168 - 016F               8 
                                       0200 - 0205               6 
                                       020A - 020B               2 
                                       021A - 021D               4 
                                       0220 - 0225               6 
                                       022A - 022B               2 
                                       0242 - 0245               4 
                                       024A - 024B               2 
                                       0260 - 0265               6 
                                       026A - 026B               2 
                                       0280 - 0285               6 
                                       028A - 028B               2 
                                       02A2 - 02A5               4 
                                       0340 - 0343               4 
                                       0352 - 0353               2 
                                       0380 - 0383               4 
                                       0392 - 0393               2 
                                       03C0 - 03C7               8 
                                       03D2 - 03D7               6 
                                       03EE - 03EF               2 
                                       05C0 - 05C1               2 
                                       05C6 - 05C8               3 
                                       05CC - 05CC               1 
                                       05CE - 05CE               1 
                                       05DC - 05DD               2 
                                       0600 - 0601               2 
                                       0606 - 0608               3 
                                       060C - 060C               1 
                                       060E - 060E               1 
                                       061C - 061D               2 
                                       0640 - 0641               2 
                                       0646 - 0648               3 
                                       064C - 064C               1 
                                       064E - 064E               1 
                                       065C - 065D               2 
                                       0680 - 0681               2 
                                       0686 - 0688               3 
                                       068C - 068C               1 
                                       068E - 068E               1 
                                       069C - 069D               2 
                                       0700 - 0703               4 
                                       0710 - 073F              30 
DATA16_I                               1C00 - 1C6E              6F   rel    1
DATA16_Z                               1C70 - 2E3B            11CC   rel    1
DATA16_HEAP                            2E3C - 45AB            1770   rel    1
CODE_I                                    45AC                       rel    1
DATA20_I                                  45AC                       rel    1
DATA20_Z                                  45AC                       rel    1
DATA20_N                                  45AC                       rel    1
CSTACK                                 4848 - 5BFF            13B8   rel    1
DATA16_C                               5C00 - 7A90            1E91   rel    1
DATA16_ID                              7A92 - 7B00              6F   rel    1
CSTART                                 7B02 - 7B2F              2E   rel    1
ISR_CODE                               7B30 - 8959             E2A   rel    1
<CODE> 1                               895A - FF7F            7626   rel    1
INTVEC                                 FF80 - FFF9              7A   com    1
RESET                                  FFFE - FFFF               2   rel    1
<CODE> 2                           00010000 - 00019CCF        9CD0   rel    1
DATA20_ID                               00019CD0                     rel    1
CODE_ID                                 00019CD0                     rel    1
DATA20_C                                00019CD0                     rel    1

                ****************************************
                *                                      *
                *        END OF CROSS REFERENCE        *
                *                                      *
                ****************************************

 74 186 bytes of CODE  memory
 15 715 bytes of DATA  memory (+ 188 absolute )
  7 936 bytes of CONST memory

Errors: none
Warnings: 28

