Warning[w6]: Type conflict for external/entry "sys_errorcode_runcode", in module uart_config against external/entry in module timer; different basic types
  /* In module uart_config: */
  bool sys_errorcode_runcode;
  /* In module timer: */
  unsigned int sys_errorcode_runcode;
################################################################################
#                                                                              #
#      IAR Universal Linker V6.5.4.100                                         #
#                                                                              #
#           Link time     =  17/Oct/2020  10:22:38                             #
#           Target CPU    =  MSP430                                            #
#           List file     =  \\Mac\Home\work\ETL\Debug\List\RTUtest_GP.map     #
#           Output file 1 =  \\Mac\Home\work\ETL\Debug\Exe\RTUtest_GP.d43      #
#                            Format: ubrof10                                   #
#                            UBROF version 10.0.6                              #
#                            Using library modules for C-SPY (-rt)             #
#           Command line  =  -f C:\Users\83797\AppData\Local\Temp\EW131.tmp    #
#                            (\\Mac\Home\work\ETL\Debug\Obj\adc10_a.r43        #
#                            \\Mac\Home\work\ETL\Debug\Obj\adc12_a.r43         #
#                            \\Mac\Home\work\ETL\Debug\Obj\aes.r43             #
#                            \\Mac\Home\work\ETL\Debug\Obj\battbak.r43         #
#                            \\Mac\Home\work\ETL\Debug\Obj\common.r43          #
#                            \\Mac\Home\work\ETL\Debug\Obj\comp_b.r43          #
#                            \\Mac\Home\work\ETL\Debug\Obj\Console.r43         #
#                            \\Mac\Home\work\ETL\Debug\Obj\crc.r43             #
#                            \\Mac\Home\work\ETL\Debug\Obj\ctsd16.r43          #
#                            \\Mac\Home\work\ETL\Debug\Obj\dac12_a.r43         #
#                            \\Mac\Home\work\ETL\Debug\Obj\debug.r43           #
#                            \\Mac\Home\work\ETL\Debug\Obj\dma.r43             #
#                            \\Mac\Home\work\ETL\Debug\Obj\dualpool.r43        #
#                            \\Mac\Home\work\ETL\Debug\Obj\etl.r43             #
#                            \\Mac\Home\work\ETL\Debug\Obj\etlforat24c1024.r43 #
#                            \\Mac\Home\work\ETL\Debug\Obj\etltest.r43         #
#                            \\Mac\Home\work\ETL\Debug\Obj\eusci_a_spi.r43     #
#                            \\Mac\Home\work\ETL\Debug\Obj\eusci_a_uart.r43    #
#                            \\Mac\Home\work\ETL\Debug\Obj\eusci_b_i2c.r43     #
#                            \\Mac\Home\work\ETL\Debug\Obj\eusci_b_spi.r43     #
#                            \\Mac\Home\work\ETL\Debug\Obj\flashctl.r43        #
#                            \\Mac\Home\work\ETL\Debug\Obj\gpio.r43            #
#                            \\Mac\Home\work\ETL\Debug\Obj\lcd_b.r43           #
#                            \\Mac\Home\work\ETL\Debug\Obj\lcd_c.r43           #
#                            \\Mac\Home\work\ETL\Debug\Obj\ldopwr.r43          #
#                            \\Mac\Home\work\ETL\Debug\Obj\led.r43             #
#                            \\Mac\Home\work\ETL\Debug\Obj\lowpower.r43        #
#                            \\Mac\Home\work\ETL\Debug\Obj\main.r43            #
#                            \\Mac\Home\work\ETL\Debug\Obj\mpy32.r43           #
#                            \\Mac\Home\work\ETL\Debug\Obj\oa.r43              #
#                            \\Mac\Home\work\ETL\Debug\Obj\pmap.r43            #
#                            \\Mac\Home\work\ETL\Debug\Obj\pmm.r43             #
#                            \\Mac\Home\work\ETL\Debug\Obj\ram.r43             #
#                            \\Mac\Home\work\ETL\Debug\Obj\ref.r43             #
#                            \\Mac\Home\work\ETL\Debug\Obj\rom.r43             #
#                            \\Mac\Home\work\ETL\Debug\Obj\rtc.r43             #
#                            \\Mac\Home\work\ETL\Debug\Obj\rtc_a.r43           #
#                            \\Mac\Home\work\ETL\Debug\Obj\rtc_b.r43           #
#                            \\Mac\Home\work\ETL\Debug\Obj\rtc_c.r43           #
#                            \\Mac\Home\work\ETL\Debug\Obj\sd24_b.r43          #
#                            \\Mac\Home\work\ETL\Debug\Obj\sfr.r43             #
#                            \\Mac\Home\work\ETL\Debug\Obj\sys_status.r43      #
#                            \\Mac\Home\work\ETL\Debug\Obj\sysctl.r43          #
#                            \\Mac\Home\work\ETL\Debug\Obj\tec.r43             #
#                            \\Mac\Home\work\ETL\Debug\Obj\timer.r43           #
#                            \\Mac\Home\work\ETL\Debug\Obj\timer_a.r43         #
#                            \\Mac\Home\work\ETL\Debug\Obj\timer_b.r43         #
#                            \\Mac\Home\work\ETL\Debug\Obj\timer_d.r43         #
#                            \\Mac\Home\work\ETL\Debug\Obj\tlv.r43             #
#                            \\Mac\Home\work\ETL\Debug\Obj\uart0.r43           #
#                            \\Mac\Home\work\ETL\Debug\Obj\uart1.r43           #
#                            \\Mac\Home\work\ETL\Debug\Obj\uart3.r43           #
#                            \\Mac\Home\work\ETL\Debug\Obj\uart_config.r43     #
#                            \\Mac\Home\work\ETL\Debug\Obj\ucs.r43             #
#                            \\Mac\Home\work\ETL\Debug\Obj\usci_a_spi.r43      #
#                            \\Mac\Home\work\ETL\Debug\Obj\usci_a_uart.r43     #
#                            \\Mac\Home\work\ETL\Debug\Obj\usci_b_i2c.r43      #
#                            \\Mac\Home\work\ETL\Debug\Obj\usci_b_spi.r43      #
#                            \\Mac\Home\work\ETL\Debug\Obj\wdt_a.r43 -o        #
#                            \\Mac\Home\work\ETL\Debug\Exe\RTUtest_GP.d43 -l   #
#                            \\Mac\Home\work\ETL\Debug\List\RTUtest_GP.map     #
#                            -xms                                              #
#                            "-IC:\Program Files (x86)\IAR Systems\Embedded Wo #
#                            rkbench 8.0\430\LIB\"                             #
#                            -f                                                #
#                            "C:\Program Files (x86)\IAR Systems\Embedded Work #
#                            bench 8.0\430\config\linker\lnk430f5438a.xcl"     #
#                            (-cmsp430 -D?CPU30_OFFSET=2 -QCODE_I=CODE_ID      #
#                            -QTLS16_I=TLS16_ID -D__iar_HWMUL=4C0              #
#                            -Z(CONST)INFO=1800-19FF                           #
#                            -Z(CONST)INFOA=1980-19FF                          #
#                            -Z(CONST)INFOB=1900-197F                          #
#                            -Z(CONST)INFOC=1880-18FF                          #
#                            -Z(CONST)INFOD=1800-187F                          #
#                            -Z(DATA)DATA16_I,DATA16_Z,DATA16_N,TLS16_I=1C00-5 #
#                            BFF                                               #
#                            -Z(DATA)DATA16_HEAP+_DATA16_HEAP_SIZE             #
#                            -Z(DATA)CODE_I                                    #
#                            -Z(DATA)DATA20_I,DATA20_Z,DATA20_N,DATA20_HEAP+_D #
#                            ATA20_HEAP_SIZE                                   #
#                            -Z(DATA)CSTACK+_STACK_SIZE#                       #
#                            -Z(CONST)DATA16_C,DATA16_ID,TLS16_ID,DIFUNCT,CHEC #
#                            KSUM=5C00-FF7F                                    #
#                            -Z(CODE)CSTART,ISR_CODE,CODE16=5C00-FF7F          #
#                            -P(CODE)CODE=5C00-FF7F,10000-45BFF                #
#                            -Z(CONST)DATA20_C,DATA20_ID,CODE_ID=5C00-FF7F,100 #
#                            40-45BFF                                          #
#                            -Z(CODE)INTVEC=FF80-FFFF                          #
#                            -Z(CODE)RESET=FFFE-FFFF) -f                       #
#                            "C:\Program Files (x86)\IAR Systems\Embedded Work #
#                            bench 8.0\430\config\linker\multiplier32.xcl"     #
#                            (-e?Mul8Hw=?Mul8 -e?Mul16Hw=?Mul16                #
#                            -e?Mul16to32uHw=?Mul16to32u                       #
#                            -e?Mul16to32sHw=?Mul16to32s -e?Mul32Hw32=?Mul32   #
#                            -e?Mul64Hw32=_Mul64i                              #
#                            -e?Mul32u32uto64iHw32=_Mul32u32uto64i             #
#                            -e?Mul32fHw32=_Mul32f                             #
#                            -e_Mul64fHw32Ptr=_Mul64fPtr) -D_STACK_SIZE=13B8   #
#                            -rt                                               #
#                            "C:\Program Files (x86)\IAR Systems\Embedded Work #
#                            bench 8.0\430\lib\dlib\dl430xlsfn.r43"            #
#                            -D_DATA16_HEAP_SIZE=1770 -s __program_start       #
#                            -D_DATA20_HEAP_SIZE=50)                           #
#                                                                              #
#                           Copyright (C) 1987-2018 IAR Systems AB.            #
################################################################################





                ****************************************
                *                                      *
                *           CROSS REFERENCE            *
                *                                      *
                ****************************************

       Program entry at :           5CD4  Relocatable, from module : ?cstart




                ****************************************
                *                                      *
                *            RUNTIME MODEL             *
                *                                      *
                ****************************************

  __Heap_Handler             = Basic
  __SystemLibrary            = DLib
  __code_model               = large
  __core                     = 430X
  __data_model               = small
  __dlib_file_descriptor     = 0
  __dlib_full_locale_support = 0
  __double_size              = 32
  __pic                      = no
  __reg_r4                   = free
  __reg_r5                   = free
  __rt_version               = 3

                ****************************************
                *                                      *
                *    AUTOMATIC SYMBOL REDIRECTIONS     *
                *                                      *
                ****************************************

       All references to: _Printf
         were redirected to: _PrintfSmallNoMb



                ****************************************
                *                                      *
                *              MODULE MAP              *
                *                                      *
                ****************************************


  DEFINED ABSOLUTE ENTRIES
    *************************************************************************

  DEFINED ABSOLUTE ENTRIES
  PROGRAM MODULE, NAME : ?ABS_ENTRY_MOD

Absolute parts
           ENTRY                   ADDRESS         REF BY
           =====                   =======         ======
           _DATA20_HEAP_SIZE       0050 
           _DATA16_HEAP_SIZE       1770 
           _STACK_SIZE             13B8 
           __iar_HWMUL             04C0            ETL::ReadDataPage(int, DataPage *) (etl)
                                                   ETL::WriteDataPage(int, DataPage *) (etl)
                                                   Segment part 1 (?Mul8Hw)
           ?CPU30_OFFSET           0002 
    *************************************************************************

  FILE NAME : \\Mac\Home\work\ETL\Debug\Obj\adc10_a.r43
    *************************************************************************

  FILE NAME : \\Mac\Home\work\ETL\Debug\Obj\adc12_a.r43
    *************************************************************************

  FILE NAME : \\Mac\Home\work\ETL\Debug\Obj\aes.r43
    *************************************************************************

  FILE NAME : \\Mac\Home\work\ETL\Debug\Obj\battbak.r43
    *************************************************************************

  FILE NAME : \\Mac\Home\work\ETL\Debug\Obj\common.r43
  PROGRAM MODULE, NAME : common

  SEGMENTS IN THE MODULE
  ======================
DATA16_AN
  Relative segment, address: 021A - 021B (0x2 bytes), align: 0
  Segment part 1. ROOT        Intra module refs:   Restart_Init() (main)
           ENTRY                   ADDRESS         REF BY
           =====                   =======         ======
           _A_PAIE_L               021A 
           LOCAL                   ADDRESS         
           =====                   =======         
           PAIE                    021A 
           PAIE_H                  021B 
           PAIE_L                  021A 
    -------------------------------------------------------------------------
DATA16_AN
  Relative segment, address: 021C - 021D (0x2 bytes), align: 0
  Segment part 2. ROOT 
           ENTRY                   ADDRESS         REF BY
           =====                   =======         ======
           _A_PAIFG_L              021C 
           LOCAL                   ADDRESS         
           =====                   =======         
           PAIFG                   021C 
           PAIFG_H                 021D 
           PAIFG_L                 021C 
    -------------------------------------------------------------------------
DATA16_AN
  Relative segment, address: 024A - 024B (0x2 bytes), align: 0
  Segment part 3. ROOT        Intra module refs:   Clock_Init()
           ENTRY                   ADDRESS         REF BY
           =====                   =======         ======
           _A_PCSEL_L              024A 
           LOCAL                   ADDRESS         
           =====                   =======         
           PCSEL                   024A 
           PCSEL_H                 024B 
           PCSEL_L                 024A 
    -------------------------------------------------------------------------
DATA16_AN
  Relative segment, address: 0262 - 0263 (0x2 bytes), align: 0
  Segment part 4. ROOT        Intra module refs:   Clear_ExternWatchdog()
                                                   Restart_Init() (main)
                                                   TimerB_Init(unsigned int) (timer)
           ENTRY                   ADDRESS         REF BY
           =====                   =======         ======
           _A_PDOUT_L              0262 
           LOCAL                   ADDRESS         
           =====                   =======         
           PDOUT                   0262 
           PDOUT_H                 0263 
           PDOUT_L                 0262 
    -------------------------------------------------------------------------
DATA16_AN
  Relative segment, address: 026A - 026B (0x2 bytes), align: 0
  Segment part 5. ROOT        Intra module refs:   Clock_Init()
           ENTRY                   ADDRESS         REF BY
           =====                   =======         ======
           _A_PDSEL_L              026A 
           LOCAL                   ADDRESS         
           =====                   =======         
           PDSEL                   026A 
           PDSEL_H                 026B 
           PDSEL_L                 026A 
    -------------------------------------------------------------------------
DATA16_AN
  Relative segment, address: 0282 - 0283 (0x2 bytes), align: 0
  Segment part 6. ROOT        Intra module refs:   IIC_SCL_HIGH() (rtc)
                                                   IIC_SCL_LOW() (rtc)
                                                   IIC_SDA_HIGH() (rtc)
                                                   IIC_SDA_LOW() (rtc)
                                                   Max3222_Open()
                                                   Restart_Init() (main)
           ENTRY                   ADDRESS         REF BY
           =====                   =======         ======
           _A_PEOUT_L              0282 
           LOCAL                   ADDRESS         
           =====                   =======         
           PEOUT                   0282 
           PEOUT_H                 0283 
           PEOUT_L                 0282 
    -------------------------------------------------------------------------
DATA16_AN
  Relative segment, address: 0284 - 0285 (0x2 bytes), align: 0
  Segment part 7. ROOT        Intra module refs:   IIC_Send_Byte(unsigned char) (rtc)
                                                   IIC_Start() (rtc)
                                                   IIC_Stop() (rtc)
                                                   IIC_Wait_Ack() (rtc)
                                                   Max3222_Open()
                                                   RTC_Open() (rtc)
                                                   Restart_Init() (main)
                                                   UART3_Open(int) (uart3)
           ENTRY                   ADDRESS         REF BY
           =====                   =======         ======
           _A_PEDIR_L              0284 
           LOCAL                   ADDRESS         
           =====                   =======         
           PEDIR                   0284 
           PEDIR_H                 0285 
           PEDIR_L                 0284 
    -------------------------------------------------------------------------
DATA16_AN
  Relative segment, address: 0120 - 0121 (0x2 bytes), align: 0
  Segment part 8. ROOT        Intra module refs:   Set_Vcore(unsigned int)
           ENTRY                   ADDRESS         REF BY
           =====                   =======         ======
           _A_PMMCTL0_L            0120 
           LOCAL                   ADDRESS         
           =====                   =======         
           PMMCTL0                 0120 
           PMMCTL0_H               0121 
           PMMCTL0_L               0120 
    -------------------------------------------------------------------------
DATA16_AN
  Relative segment, address: 0124 - 0125 (0x2 bytes), align: 0
  Segment part 9. ROOT        Intra module refs:   Set_Vcore(unsigned int)
           ENTRY                   ADDRESS         REF BY
           =====                   =======         ======
           _A_SVSMHCTL_L           0124 
           LOCAL                   ADDRESS         
           =====                   =======         
           SVSMHCTL                0124 
           SVSMHCTL_H              0125 
           SVSMHCTL_L              0124 
    -------------------------------------------------------------------------
DATA16_AN
  Relative segment, address: 0126 - 0127 (0x2 bytes), align: 0
  Segment part 10. ROOT       Intra module refs:   Set_Vcore(unsigned int)
           ENTRY                   ADDRESS         REF BY
           =====                   =======         ======
           _A_SVSMLCTL_L           0126 
           LOCAL                   ADDRESS         
           =====                   =======         
           SVSMLCTL                0126 
           SVSMLCTL_H              0127 
           SVSMLCTL_L              0126 
    -------------------------------------------------------------------------
DATA16_AN
  Relative segment, address: 012C - 012D (0x2 bytes), align: 0
  Segment part 11. ROOT       Intra module refs:   Set_Vcore(unsigned int)
           ENTRY                   ADDRESS         REF BY
           =====                   =======         ======
           _A_PMMIFG_L             012C 
           LOCAL                   ADDRESS         
           =====                   =======         
           PMMIFG                  012C 
           PMMIFG_H                012D 
           PMMIFG_L                012C 
    -------------------------------------------------------------------------
DATA16_AN
  Relative segment, address: 0102 - 0103 (0x2 bytes), align: 0
  Segment part 12. ROOT       Intra module refs:   Clock_ACLK_DIV(int)
                                                   Clock_Init()
                                                   Clock_SMCLK_DIV(int)
           ENTRY                   ADDRESS         REF BY
           =====                   =======         ======
           _A_SFRIFG1_L            0102 
           LOCAL                   ADDRESS         
           =====                   =======         
           SFRIFG1                 0102 
           SFRIFG1_H               0103 
           SFRIFG1_L               0102 
    -------------------------------------------------------------------------
DATA16_AN
  Relative segment, address: 0168 - 0169 (0x2 bytes), align: 0
  Segment part 13. ROOT       Intra module refs:   Clock_Init()
           ENTRY                   ADDRESS         REF BY
           =====                   =======         ======
           _A_UCSCTL4_L            0168 
           LOCAL                   ADDRESS         
           =====                   =======         
           UCSCTL4                 0168 
           UCSCTL4_H               0169 
           UCSCTL4_L               0168 
    -------------------------------------------------------------------------
DATA16_AN
  Relative segment, address: 016A - 016B (0x2 bytes), align: 0
  Segment part 14. ROOT       Intra module refs:   Clock_ACLK_DIV(int)
                                                   Clock_SMCLK_DIV(int)
           ENTRY                   ADDRESS         REF BY
           =====                   =======         ======
           _A_UCSCTL5_L            016A 
           LOCAL                   ADDRESS         
           =====                   =======         
           UCSCTL5                 016A 
           UCSCTL5_H               016B 
           UCSCTL5_L               016A 
    -------------------------------------------------------------------------
DATA16_AN
  Relative segment, address: 016C - 016D (0x2 bytes), align: 0
  Segment part 15. ROOT       Intra module refs:   Clock_Init()
           ENTRY                   ADDRESS         REF BY
           =====                   =======         ======
           _A_UCSCTL6_L            016C 
           LOCAL                   ADDRESS         
           =====                   =======         
           UCSCTL6                 016C 
           UCSCTL6_H               016D 
           UCSCTL6_L               016C 
    -------------------------------------------------------------------------
DATA16_AN
  Relative segment, address: 016E - 016F (0x2 bytes), align: 0
  Segment part 16. ROOT       Intra module refs:   Clock_Init()
           ENTRY                   ADDRESS         REF BY
           =====                   =======         ======
           _A_UCSCTL7_L            016E 
           LOCAL                   ADDRESS         
           =====                   =======         
           UCSCTL7                 016E 
           UCSCTL7_H               016F 
           UCSCTL7_L               016E 
    -------------------------------------------------------------------------
DATA16_AN
  Relative segment, address: 015C - 015D (0x2 bytes), align: 0
  Segment part 17. ROOT       Intra module refs:   Clock_Init()
                                                   System_Reset()
                                                   WatchDog_Clear() (timer)
                                                   WatchDog_Init() (timer)
           ENTRY                   ADDRESS         REF BY
           =====                   =======         ======
           _A_WDTCTL_L             015C 
           LOCAL                   ADDRESS         
           =====                   =======         
           WDTCTL                  015C 
           WDTCTL_H                015D 
           WDTCTL_L                015C 
    -------------------------------------------------------------------------
DATA16_Z
  Relative segment, address: 1C02 - 1C03 (0x2 bytes), align: 1
  Segment part 36.            Intra module refs:   TraceFunctionLine(char const *, int)
                                                   TraceMsgFuncLine(char *, int, char const *, int)
                                                   TraceOpen()
           ENTRY                   ADDRESS         REF BY
           =====                   =======         ======
           trace_open              1C02 
    -------------------------------------------------------------------------
DATA16_Z
  Relative segment, address: 1C04 - 1C05 (0x2 bytes), align: 1
  Segment part 37.            Intra module refs:   System_Delayms(unsigned int)
           LOCAL                   ADDRESS         
           =====                   =======         
           s_clock                 1C04 
    -------------------------------------------------------------------------
DATA16_Z
  Relative segment, address: 1C06 - 1C07 (0x2 bytes), align: 1
  Segment part 38.            Intra module refs:   DownInt()
                                                   UpInt()
           LOCAL                   ADDRESS         
           =====                   =======         
           _int                    1C06 
    -------------------------------------------------------------------------
DATA16_Z
  Relative segment, address: 1C08 - 1C09 (0x2 bytes), align: 1
  Segment part 39.            Intra module refs:   Clear_ExternWatchdog()
           LOCAL                   ADDRESS         
           =====                   =======         
           s_reset_pin             1C08 
    -------------------------------------------------------------------------
<CODE> 1 (was CODE)
  Relative segment, address: 77DC - 77E9 (0xe bytes), align: 1
  Segment part 40.
           ENTRY                   ADDRESS         REF BY
           =====                   =======         ======
           TraceOpen()             77DC            Main_Init() (main)
               calls direct
    -------------------------------------------------------------------------
<CODE> 1 (was CODE)
  Relative segment, address: 748C - 74AB (0x20 bytes), align: 1
  Segment part 41.            Intra module refs:   TraceMsgFuncLine(char *, int, char const *, int)
           ENTRY                   ADDRESS         REF BY
           =====                   =======         ======
           TraceFunctionLine(char const *, int)
                                   748C 
               calls direct
    -------------------------------------------------------------------------
<CODE> 1 (was CODE)
  Relative segment, address: 71DC - 720D (0x32 bytes), align: 1
  Segment part 43.            Intra module refs:   System_Reset()
           ENTRY                   ADDRESS         REF BY
           =====                   =======         ======
           TraceMsgFuncLine(char *, int, char const *, int)
                                   71DC            main (main)
               calls direct
    -------------------------------------------------------------------------
<CODE> 1 (was CODE)
  Relative segment, address: 7104 - 713B (0x38 bytes), align: 1
  Segment part 51.            Intra module refs:   Clock_Init()
                                                   System_Reset()
           ENTRY                   ADDRESS         REF BY
           =====                   =======         ======
           System_Delayms(unsigned int)
                                   7104            I2C_STOP() (rom)
                                                   Led_Round() (led)
                                                   RTC_Open() (rtc)
                                                   UART3_Send(char *, int, int) (uart3)
                                                   main (main)
    -------------------------------------------------------------------------
<CODE> 1 (was CODE)
  Relative segment, address: 7816 - 781F (0xa bytes), align: 1
  Segment part 53.
           ENTRY                   ADDRESS         REF BY
           =====                   =======         ======
           DownInt()               7816            ROM_ReadByte(unsigned long long, char *) (rom)
                                                   ROM_WriteByte(unsigned long long, char) (rom)
                                                   RTC_Open() (rtc)
                                                   UART3_ClearBuffer() (uart3)
    -------------------------------------------------------------------------
<CODE> 1 (was CODE)
  Relative segment, address: 75B2 - 75C9 (0x18 bytes), align: 1
  Segment part 54.
           ENTRY                   ADDRESS         REF BY
           =====                   =======         ======
           UpInt()                 75B2            ROM_ReadByte(unsigned long long, char *) (rom)
                                                   ROM_WriteByte(unsigned long long, char) (rom)
                                                   RTC_Open() (rtc)
                                                   UART3_ClearBuffer() (uart3)
    -------------------------------------------------------------------------
<CODE> 1 (was CODE)
  Relative segment, address: 784C - 7851 (0x6 bytes), align: 1
  Segment part 58.
           ENTRY                   ADDRESS         REF BY
           =====                   =======         ======
           EnInt()                 784C            Main_Init() (main)
    -------------------------------------------------------------------------
<CODE> 1 (was CODE)
  Relative segment, address: 7788 - 7795 (0xe bytes), align: 1
  Segment part 59.
           ENTRY                   ADDRESS         REF BY
           =====                   =======         ======
           Max3222_Open()          7788            main (main)
    -------------------------------------------------------------------------
<CODE> 1 (was CODE)
  Relative segment, address: 74EC - 750B (0x20 bytes), align: 1
  Segment part 61.
           ENTRY                   ADDRESS         REF BY
           =====                   =======         ======
           System_Reset()          74EC            TIMERB1_ISR() (timer)
               calls direct
    -------------------------------------------------------------------------
<CODE> 1 (was CODE)
  Relative segment, address: 6B88 - 6BEF (0x68 bytes), align: 1
  Segment part 62.            Intra module refs:   Clock_Init()
           ENTRY                   ADDRESS         REF BY
           =====                   =======         ======
           Clock_SMCLK_DIV(int)    6B88 
    -------------------------------------------------------------------------
<CODE> 1 (was CODE)
  Relative segment, address: 6B20 - 6B87 (0x68 bytes), align: 1
  Segment part 63.            Intra module refs:   Clock_Init()
           ENTRY                   ADDRESS         REF BY
           =====                   =======         ======
           Clock_ACLK_DIV(int)     6B20 
    -------------------------------------------------------------------------
<CODE> 1 (was CODE)
  Relative segment, address: 6D64 - 6DB9 (0x56 bytes), align: 1
  Segment part 64.            Intra module refs:   Clock_Init()
           ENTRY                   ADDRESS         REF BY
           =====                   =======         ======
           Set_Vcore(unsigned int)
                                   6D64 
    -------------------------------------------------------------------------
<CODE> 1 (was CODE)
  Relative segment, address: 6C54 - 6CAF (0x5c bytes), align: 1
  Segment part 65.
           ENTRY                   ADDRESS         REF BY
           =====                   =======         ======
           Clock_Init()            6C54            Restart_Init() (main)
               calls direct
    -------------------------------------------------------------------------
<CODE> 1 (was CODE)
  Relative segment, address: 763C - 7651 (0x16 bytes), align: 1
  Segment part 72.
           ENTRY                   ADDRESS         REF BY
           =====                   =======         ======
           Utility_Strlen(char *)
                                   763C            Console_WriteString(char *) (Console)
                                                   Console_WriteStringln(char *) (Console)
    -------------------------------------------------------------------------
<CODE> 1 (was CODE)
  Relative segment, address: 6A4C - 6AB7 (0x6c bytes), align: 1
  Segment part 45.
           ENTRY                   ADDRESS         REF BY
           =====                   =======         ======
           Utility_UintToStr4(unsigned int, char *)
                                   6A4C            Console_WriteInt(int) (Console)
               calls direct
    -------------------------------------------------------------------------
<CODE> 1 (was CODE)
  Relative segment, address: 750C - 7529 (0x1e bytes), align: 1
  Segment part 95.
           ENTRY                   ADDRESS         REF BY
           =====                   =======         ======
           Clear_ExternWatchdog()
                                   750C            TIMERB1_ISR() (timer)
    -------------------------------------------------------------------------
DATA16_C
  Relative segment, address: 5C24 - 5C25 (0x2 bytes), align: 0
  Segment part 19.            Intra module refs:   TraceFunctionLine(char const *, int)
    -------------------------------------------------------------------------
DATA16_C
  Relative segment, address: 5C26 - 5C32 (0xd bytes), align: 0
  Segment part 21.            Intra module refs:   System_Reset()
           LOCAL                   ADDRESS         
           =====                   =======         
           System_Reset()::__FUNCTION__
                                   5C26 
    -------------------------------------------------------------------------
DATA16_C
  Relative segment, address: 5C33 - 5C3F (0xd bytes), align: 0
  Segment part 22.            Intra module refs:   System_Reset()

    *************************************************************************

  FILE NAME : \\Mac\Home\work\ETL\Debug\Obj\comp_b.r43
    *************************************************************************

  FILE NAME : \\Mac\Home\work\ETL\Debug\Obj\Console.r43
  PROGRAM MODULE, NAME : Console

  SEGMENTS IN THE MODULE
  ======================
<CODE> 1 (was CODE)
  Relative segment, address: 78AA - 78AD (0x4 bytes), align: 1
  Segment part 4.             Intra module refs:   DataPage::~DataPage() (dualpool)
           ENTRY                   ADDRESS         REF BY
           =====                   =======         ======
           free                    78AA 
               calls direct
    -------------------------------------------------------------------------
<CODE> 1 (was CODE)
  Relative segment, address: 780C - 7815 (0xa bytes), align: 1
  Segment part 6.
           ENTRY                   ADDRESS         REF BY
           =====                   =======         ======
           Console_Open()          780C            Restart_Init() (main)
                                                   TraceOpen() (common)
               calls direct
    -------------------------------------------------------------------------
<CODE> 1 (was CODE)
  Relative segment, address: 783C - 7843 (0x8 bytes), align: 1
  Segment part 7.
           ENTRY                   ADDRESS         REF BY
           =====                   =======         ======
           Console_Close()         783C            TraceOpen() (common)
               calls direct
    -------------------------------------------------------------------------
<CODE> 1 (was CODE)
  Relative segment, address: 7402 - 7425 (0x24 bytes), align: 1
  Segment part 11.
           ENTRY                   ADDRESS         REF BY
           =====                   =======         ======
           Console_WriteString(char *)
                                   7402            TraceFunctionLine(char const *, int) (common)
                                                   TraceMsgFuncLine(char *, int, char const *, int) (common)
               calls direct
    -------------------------------------------------------------------------
<CODE> 1 (was CODE)
  Relative segment, address: 73DE - 7401 (0x24 bytes), align: 1
  Segment part 9.
           ENTRY                   ADDRESS         REF BY
           =====                   =======         ======
           Console_WriteStringln(char *)
                                   73DE            TraceMsgFuncLine(char *, int, char const *, int) (common)
               calls direct
    -------------------------------------------------------------------------
<CODE> 1 (was CODE)
  Relative segment, address: 767C - 768F (0x14 bytes), align: 1
  Segment part 8.             Intra module refs:   Console_WriteInt(int)
           ENTRY                   ADDRESS         REF BY
           =====                   =======         ======
           Console_WriteBytesln(char *, int)
                                   767C 
               calls direct
    -------------------------------------------------------------------------
<CODE> 1 (was CODE)
  Relative segment, address: 7564 - 757D (0x1a bytes), align: 1
  Segment part 13.
           ENTRY                   ADDRESS         REF BY
           =====                   =======         ======
           Console_WriteInt(int)   7564            TraceFunctionLine(char const *, int) (common)
               calls direct

    *************************************************************************

  FILE NAME : \\Mac\Home\work\ETL\Debug\Obj\crc.r43
    *************************************************************************

  FILE NAME : \\Mac\Home\work\ETL\Debug\Obj\ctsd16.r43
    *************************************************************************

  FILE NAME : \\Mac\Home\work\ETL\Debug\Obj\dac12_a.r43
    *************************************************************************

  FILE NAME : \\Mac\Home\work\ETL\Debug\Obj\debug.r43
    *************************************************************************

  FILE NAME : \\Mac\Home\work\ETL\Debug\Obj\dma.r43
    *************************************************************************

  FILE NAME : \\Mac\Home\work\ETL\Debug\Obj\dualpool.r43
  PROGRAM MODULE, NAME : dualpool

  SEGMENTS IN THE MODULE
  ======================
<CODE> 1 (was CODE)
  Relative segment, address: 7740 - 774F (0x10 bytes), align: 1
  Segment part 32.            Intra module refs:   ETLWriteDataPage() (etltest)
           ENTRY                   ADDRESS         REF BY
           =====                   =======         ======
           DataPage::~DataPage()   7740 
               calls direct
    -------------------------------------------------------------------------
<CODE> 1 (was CODE)
  Relative segment, address: 78B0 - 78B1 (0x2 bytes), align: 1
  Segment part 5.             Intra module refs:   _Tree_algobase<allocator<void>>::_Tree_algobase(allocator<void> const &)
           ENTRY                   ADDRESS         REF BY
           =====                   =======         ======
           _ClassUtil::_AllocHolder<><_Alloc, false>[with _Alloc=allocator<void>]::_AllocHolder(allocator<void>)
                                   78B0 
    -------------------------------------------------------------------------
<CODE> 1 (was CODE)
  Relative segment, address: 7548 - 7563 (0x1c bytes), align: 1
  Segment part 6.             Intra module refs:   _Tree_nod<_Tmap_traits<unsigned int, unsigned int, less<unsigned int>, allocator<pair<unsigned int const, unsigned int>>, 0>>::_Tree_nod(less<unsigned int> const &, allocator<pair<unsigned int const, unsigned int>>) (etl)
           ENTRY                   ADDRESS         REF BY
           =====                   =======         ======
           _Tree_algobase<allocator<void>>::_Tree_algobase(allocator<void> const &)
                                   7548 
               calls direct
    -------------------------------------------------------------------------
<CODE> 1 (was CODE)
  Relative segment, address: 7598 - 75B1 (0x1a bytes), align: 1
  Segment part 4.             Intra module refs:   _Tree_algobase<allocator<void>>::_Tree_algobase(allocator<void> const &)
           ENTRY                   ADDRESS         REF BY
           =====                   =======         ======
           _Tree_algobase<allocator<void>>::_Clear()
                                   7598 

    *************************************************************************

  FILE NAME : \\Mac\Home\work\ETL\Debug\Obj\etl.r43
  PROGRAM MODULE, NAME : etl

  SEGMENTS IN THE MODULE
  ======================
<CODE> 1 (was CODE)
  Relative segment, address: 789A - 789D (0x4 bytes), align: 1
  Segment part 30.            Intra module refs:   DataPage::DataPage(int)
                                                   ETL::ReadDataPage(int, DataPage *)
                                                   ETL::WriteDataPage(int, DataPage *)
           ENTRY                   ADDRESS         REF BY
           =====                   =======         ======
           calloc                  789A 
               calls direct
    -------------------------------------------------------------------------
<CODE> 1 (was CODE)
  Relative segment, address: 7626 - 763B (0x16 bytes), align: 1
  Segment part 31.            Intra module refs:   ETLWriteDataPage() (etltest)
           ENTRY                   ADDRESS         REF BY
           =====                   =======         ======
           DataPage::DataPage(int)
                                   7626 
               calls direct
    -------------------------------------------------------------------------
<CODE> 1 (was CODE)
  Relative segment, address: 7858 - 785D (0x6 bytes), align: 1
  Segment part 5.             Intra module refs:   void _ClassUtil::_MemHolder<pair<unsigned int const, unsigned int>, less<unsigned int>>::_MemHolder(_Ty1 const &)[with _Ty1=less<unsigned int>]
           ENTRY                   ADDRESS         REF BY
           =====                   =======         ======
           void _ClassUtil::_MemHolder<pair<unsigned int const, unsigned int>, less<unsigned int>>::_Helper<less<unsigned int>, 0>::_Helper(_Ty2 const &)[with _Ty2=less<unsigned int>]
                                   7858 
    -------------------------------------------------------------------------
<CODE> 1 (was CODE)
  Relative segment, address: 7720 - 772F (0x10 bytes), align: 1
  Segment part 6.             Intra module refs:   _Tree_nod<_Tmap_traits<unsigned int, unsigned int, less<unsigned int>, allocator<pair<unsigned int const, unsigned int>>, 0>>::_Tree_nod(less<unsigned int> const &, allocator<pair<unsigned int const, unsigned int>>)
           ENTRY                   ADDRESS         REF BY
           =====                   =======         ======
           void _ClassUtil::_MemHolder<pair<unsigned int const, unsigned int>, less<unsigned int>>::_MemHolder(_Ty1 const &)[with _Ty1=less<unsigned int>]
                                   7720 
               calls direct
    -------------------------------------------------------------------------
<CODE> 1 (was CODE)
  Relative segment, address: 7396 - 73B9 (0x24 bytes), align: 1
  Segment part 10.            Intra module refs:   _Tree_val<_Tmap_traits<unsigned int, unsigned int, less<unsigned int>, allocator<pair<unsigned int const, unsigned int>>, 0>>::_Tree_val(less<unsigned int> const &, allocator<pair<unsigned int const, unsigned int>>)
           ENTRY                   ADDRESS         REF BY
           =====                   =======         ======
           _Tree_nod<_Tmap_traits<unsigned int, unsigned int, less<unsigned int>, allocator<pair<unsigned int const, unsigned int>>, 0>>::_Tree_nod(less<unsigned int> const &, allocator<pair<unsigned int const, unsigned int>>)
                                   7396 
               calls direct
    -------------------------------------------------------------------------
<CODE> 1 (was CODE)
  Relative segment, address: 75FA - 760F (0x16 bytes), align: 1
  Segment part 11.            Intra module refs:   _Tree<_Tmap_traits<unsigned int, unsigned int, less<unsigned int>, allocator<pair<unsigned int const, unsigned int>>, 0>>::_Tree(less<unsigned int> const &, allocator<pair<unsigned int const, unsigned int>> const &)
           ENTRY                   ADDRESS         REF BY
           =====                   =======         ======
           _Tree_val<_Tmap_traits<unsigned int, unsigned int, less<unsigned int>, allocator<pair<unsigned int const, unsigned int>>, 0>>::_Tree_val(less<unsigned int> const &, allocator<pair<unsigned int const, unsigned int>>)
                                   75FA 
               calls direct
    -------------------------------------------------------------------------
<CODE> 1 (was CODE)
  Relative segment, address: 7652 - 7667 (0x16 bytes), align: 1
  Segment part 12.            Intra module refs:   map<unsigned int, unsigned int>::map()
           ENTRY                   ADDRESS         REF BY
           =====                   =======         ======
           _Tree<_Tmap_traits<unsigned int, unsigned int, less<unsigned int>, allocator<pair<unsigned int const, unsigned int>>, 0>>::_Tree(less<unsigned int> const &, allocator<pair<unsigned int const, unsigned int>> const &)
                                   7652 
               calls direct
    -------------------------------------------------------------------------
<CODE> 1 (was CODE)
  Relative segment, address: 757E - 7597 (0x1a bytes), align: 1
  Segment part 13.            Intra module refs:   ETL::ETL(unsigned long long)
           ENTRY                   ADDRESS         REF BY
           =====                   =======         ======
           map<unsigned int, unsigned int>::map()
                                   757E 
               calls direct
    -------------------------------------------------------------------------
<CODE> 1 (was CODE)
  Relative segment, address: 7426 - 7449 (0x24 bytes), align: 1
  Segment part 14.
           ENTRY                   ADDRESS         REF BY
           =====                   =======         ======
           ETL::ETL(unsigned long long)
                                   7426            EtlForAt24c1024::EtlForAt24c1024(unsigned long long) (etlforat24c1024)
               calls direct
    -------------------------------------------------------------------------
<CODE> 1 (was CODE)
  Relative segment, address: 6E0E - 6E61 (0x54 bytes), align: 1
  Segment part 22.            Intra module refs:   ETL::WriteDataPage(int, DataPage *)
           ENTRY                   ADDRESS         REF BY
           =====                   =======         ======
           ETL::RomWriteBytes(unsigned long long, char const *, int)
                                   6E0E 
               calls indirect
    -------------------------------------------------------------------------
<CODE> 1 (was CODE)
  Relative segment, address: 6DBA - 6E0D (0x54 bytes), align: 1
  Segment part 16.            Intra module refs:   ETL::ReadDataPage(int, DataPage *)
           ENTRY                   ADDRESS         REF BY
           =====                   =======         ======
           ETL::RomReadBytes(unsigned long long, char *, int)
                                   6DBA 
               calls indirect
    -------------------------------------------------------------------------
<CODE> 1 (was CODE)
  Relative segment, address: 679C - 6847 (0xac bytes), align: 1
  Segment part 23.
           ENTRY                   ADDRESS         REF BY
           =====                   =======         ======
           ETL::WriteDataPage(int, DataPage *)
                                   679C            ETLWriteDataPage() (etltest)
               calls direct
    -------------------------------------------------------------------------
<CODE> 1 (was CODE)
  Relative segment, address: 66F0 - 679B (0xac bytes), align: 1
  Segment part 20.
           ENTRY                   ADDRESS         REF BY
           =====                   =======         ======
           ETL::ReadDataPage(int, DataPage *)
                                   66F0            ETLWriteDataPage() (etltest)
               calls direct
    -------------------------------------------------------------------------
<CODE> 1 (was CODE)
  Relative segment, address: 7820 - 7829 (0xa bytes), align: 1
  Segment part 19.            Intra module refs:   ETL::ReadDataPage(int, DataPage *)
                                                   ETL::WriteDataPage(int, DataPage *)
           ENTRY                   ADDRESS         REF BY
           =====                   =======         ======
           ETL::GetDataPageSize()
                                   7820 

    *************************************************************************

  FILE NAME : \\Mac\Home\work\ETL\Debug\Obj\etlforat24c1024.r43
  PROGRAM MODULE, NAME : etlforat24c1024

  SEGMENTS IN THE MODULE
  ======================
<CODE> 1 (was CODE)
  Relative segment, address: 7610 - 7625 (0x16 bytes), align: 1
  Segment part 3.
           ENTRY                   ADDRESS         REF BY
           =====                   =======         ======
           EtlForAt24c1024::EtlForAt24c1024(unsigned long long)
                                   7610            ETLWriteDataPage() (etltest)
               calls direct
    -------------------------------------------------------------------------
<CODE> 1 (was CODE)
  Relative segment, address: 76EE - 76FF (0x12 bytes), align: 1
  Segment part 5.             Intra module refs:   EtlForAt24c1024::__vtbl
           ENTRY                   ADDRESS         REF BY
           =====                   =======         ======
           EtlForAt24c1024::RomWriteByte(unsigned long long, char)
                                   76EE 
               calls direct
    -------------------------------------------------------------------------
<CODE> 1 (was CODE)
  Relative segment, address: 76B8 - 76C9 (0x12 bytes), align: 1
  Segment part 6.             Intra module refs:   EtlForAt24c1024::__vtbl
           ENTRY                   ADDRESS         REF BY
           =====                   =======         ======
           EtlForAt24c1024::RomReadByte(unsigned long long, char *)
                                   76B8 
               calls direct
    -------------------------------------------------------------------------
DATA16_C
  Relative segment, address: 5C00 - 5C07 (0x8 bytes), align: 1
  Segment part 2.             Intra module refs:   EtlForAt24c1024::EtlForAt24c1024(unsigned long long)
           ENTRY                   ADDRESS         REF BY
           =====                   =======         ======
           EtlForAt24c1024::__vtbl
                                   5C00 

    *************************************************************************

  FILE NAME : \\Mac\Home\work\ETL\Debug\Obj\etltest.r43
  PROGRAM MODULE, NAME : etltest

  SEGMENTS IN THE MODULE
  ======================
<CODE> 1 (was CODE)
  Relative segment, address: 6D0A - 6D63 (0x5a bytes), align: 1
  Segment part 15.            Intra module refs:   ETLWriteDataPage()
           LOCAL                   ADDRESS         
           =====                   =======         
           PrintDataPage(DataPage *)
                                   6D0A 
               calls direct
    -------------------------------------------------------------------------
<CODE> 1 (was CODE)
  Relative segment, address: 6962 - 69DD (0x7c bytes), align: 1
  Segment part 17.
           ENTRY                   ADDRESS         REF BY
           =====                   =======         ======
           ETLWriteDataPage()      6962            main (main)
               calls direct
    -------------------------------------------------------------------------
DATA16_C
  Relative segment, address: 5C40 - 5C52 (0x13 bytes), align: 0
  Segment part 2.             Intra module refs:   PrintDataPage(DataPage *)
    -------------------------------------------------------------------------
DATA16_C
  Relative segment, address: 5C53 - 5C6F (0x1d bytes), align: 0
  Segment part 3.             Intra module refs:   PrintDataPage(DataPage *)
    -------------------------------------------------------------------------
DATA16_C
  Relative segment, address: 5C70 - 5C85 (0x16 bytes), align: 0
  Segment part 4.             Intra module refs:   PrintDataPage(DataPage *)
    -------------------------------------------------------------------------
DATA16_C
  Relative segment, address: 5C86 - 5C90 (0xb bytes), align: 0
  Segment part 5.             Intra module refs:   PrintDataPage(DataPage *)
    -------------------------------------------------------------------------
DATA16_C
  Relative segment, address: 5C91 - 5CA1 (0x11 bytes), align: 0
  Segment part 6.             Intra module refs:   PrintDataPage(DataPage *)
    -------------------------------------------------------------------------
DATA16_C
  Relative segment, address: 5CA2 - 5CAD (0xc bytes), align: 0
  Segment part 7.             Intra module refs:   PrintDataPage(DataPage *)

    *************************************************************************

  FILE NAME : \\Mac\Home\work\ETL\Debug\Obj\eusci_a_spi.r43
    *************************************************************************

  FILE NAME : \\Mac\Home\work\ETL\Debug\Obj\eusci_a_uart.r43
    *************************************************************************

  FILE NAME : \\Mac\Home\work\ETL\Debug\Obj\eusci_b_i2c.r43
    *************************************************************************

  FILE NAME : \\Mac\Home\work\ETL\Debug\Obj\eusci_b_spi.r43
    *************************************************************************

  FILE NAME : \\Mac\Home\work\ETL\Debug\Obj\flashctl.r43
    *************************************************************************

  FILE NAME : \\Mac\Home\work\ETL\Debug\Obj\gpio.r43
  PROGRAM MODULE, NAME : gpio

  SEGMENTS IN THE MODULE
  ======================
DATA16_C
  Relative segment, address: 5C08 - 5C23 (0x1c bytes), align: 1
  Segment part 2.             Intra module refs:   GPIO_clearInterrupt
                                                   GPIO_getInterruptStatus
           LOCAL                   ADDRESS         
           =====                   =======         
           GPIO_PORT_TO_BASE       5C08 
    -------------------------------------------------------------------------
<CODE> 1 (was CODE)
  Relative segment, address: 6F30 - 6F6D (0x3e bytes), align: 1
  Segment part 15.
           ENTRY                   ADDRESS         REF BY
           =====                   =======         ======
           GPIO_getInterruptStatus
                                   6F30            Port_2() (main)
    -------------------------------------------------------------------------
<CODE> 1 (was CODE)
  Relative segment, address: 744A - 746B (0x22 bytes), align: 1
  Segment part 16.
           ENTRY                   ADDRESS         REF BY
           =====                   =======         ======
           GPIO_clearInterrupt     744A            Port_2() (main)

    *************************************************************************

  FILE NAME : \\Mac\Home\work\ETL\Debug\Obj\lcd_b.r43
    *************************************************************************

  FILE NAME : \\Mac\Home\work\ETL\Debug\Obj\lcd_c.r43
    *************************************************************************

  FILE NAME : \\Mac\Home\work\ETL\Debug\Obj\ldopwr.r43
    *************************************************************************

  FILE NAME : \\Mac\Home\work\ETL\Debug\Obj\led.r43
  PROGRAM MODULE, NAME : led

  SEGMENTS IN THE MODULE
  ======================
DATA16_AN
  Relative segment, address: 0222 - 0223 (0x2 bytes), align: 0
  Segment part 1. ROOT        Intra module refs:   I2C_Set_sck_high() (rom)
                                                   I2C_Set_sck_low() (rom)
                                                   I2C_Set_sda_high() (rom)
                                                   I2C_Set_sda_low() (rom)
                                                   Led1_Off()
                                                   Led1_On()
                                                   Led2_Off()
                                                   Led2_On()
                                                   Led_Init()
           ENTRY                   ADDRESS         REF BY
           =====                   =======         ======
           _A_PBOUT_L              0222 
           LOCAL                   ADDRESS         
           =====                   =======         
           PBOUT                   0222 
           PBOUT_H                 0223 
           PBOUT_L                 0222 
    -------------------------------------------------------------------------
DATA16_AN
  Relative segment, address: 0224 - 0225 (0x2 bytes), align: 0
  Segment part 2. ROOT        Intra module refs:   I2C_GetACK() (rom)
                                                   I2C_RxByte() (rom)
                                                   I2C_Set_sck_high() (rom)
                                                   I2C_Set_sck_low() (rom)
                                                   I2C_Set_sda_high() (rom)
                                                   I2C_Set_sda_low() (rom)
                                                   Led_Init()
           ENTRY                   ADDRESS         REF BY
           =====                   =======         ======
           _A_PBDIR_L              0224 
           LOCAL                   ADDRESS         
           =====                   =======         
           PBDIR                   0224 
           PBDIR_H                 0225 
           PBDIR_L                 0224 
    -------------------------------------------------------------------------
DATA16_AN
  Relative segment, address: 022A - 022B (0x2 bytes), align: 0
  Segment part 3. ROOT        Intra module refs:   Led_Init()
           ENTRY                   ADDRESS         REF BY
           =====                   =======         ======
           _A_PBSEL_L              022A 
           LOCAL                   ADDRESS         
           =====                   =======         
           PBSEL                   022A 
           PBSEL_H                 022B 
           PBSEL_L                 022A 
    -------------------------------------------------------------------------
<CODE> 1 (was CODE)
  Relative segment, address: 7690 - 76A3 (0x14 bytes), align: 1
  Segment part 5.
           ENTRY                   ADDRESS         REF BY
           =====                   =======         ======
           Led_Init()              7690            Restart_Init() (main)
    -------------------------------------------------------------------------
<CODE> 1 (was CODE)
  Relative segment, address: 74CC - 74EB (0x20 bytes), align: 1
  Segment part 10.
           ENTRY                   ADDRESS         REF BY
           =====                   =======         ======
           Led_Round()             74CC            main (main)
               calls direct
    -------------------------------------------------------------------------
<CODE> 1 (was CODE)
  Relative segment, address: 7888 - 788D (0x6 bytes), align: 1
  Segment part 9.             Intra module refs:   Led_Round()
           ENTRY                   ADDRESS         REF BY
           =====                   =======         ======
           Led1_On()               7888 
    -------------------------------------------------------------------------
<CODE> 1 (was CODE)
  Relative segment, address: 7882 - 7887 (0x6 bytes), align: 1
  Segment part 7.             Intra module refs:   Led_Round()
           ENTRY                   ADDRESS         REF BY
           =====                   =======         ======
           Led2_On()               7882 
    -------------------------------------------------------------------------
<CODE> 1 (was CODE)
  Relative segment, address: 787C - 7881 (0x6 bytes), align: 1
  Segment part 8.             Intra module refs:   Led_Round()
           ENTRY                   ADDRESS         REF BY
           =====                   =======         ======
           Led1_Off()              787C 
    -------------------------------------------------------------------------
<CODE> 1 (was CODE)
  Relative segment, address: 7876 - 787B (0x6 bytes), align: 1
  Segment part 6.             Intra module refs:   Led_Round()
           ENTRY                   ADDRESS         REF BY
           =====                   =======         ======
           Led2_Off()              7876 
    -------------------------------------------------------------------------
<CODE> 1 (was CODE)
  Relative segment, address: 78AE - 78AF (0x2 bytes), align: 1
  Segment part 18.
           ENTRY                   ADDRESS         REF BY
           =====                   =======         ======
           Led1_WorkLightOff()     78AE            Restart_Init() (main)

    *************************************************************************

  FILE NAME : \\Mac\Home\work\ETL\Debug\Obj\lowpower.r43
  PROGRAM MODULE, NAME : lowpower

  SEGMENTS IN THE MODULE
  ======================
DATA16_AN
  Relative segment, address: 0202 - 0203 (0x2 bytes), align: 0
  Segment part 1. ROOT        Intra module refs:   BoardPowerOn()
                                                   ROM_WP_OFF() (rom)
                                                   ROM_WP_ON() (rom)
           ENTRY                   ADDRESS         REF BY
           =====                   =======         ======
           _A_PAOUT_L              0202 
           LOCAL                   ADDRESS         
           =====                   =======         
           PAOUT                   0202 
           PAOUT_H                 0203 
           PAOUT_L                 0202 
    -------------------------------------------------------------------------
DATA16_AN
  Relative segment, address: 0204 - 0205 (0x2 bytes), align: 0
  Segment part 2. ROOT        Intra module refs:   BoardPowerOn()
                                                   ROM_WP_OFF() (rom)
                                                   ROM_WP_ON() (rom)
                                                   Restart_Init() (main)
           ENTRY                   ADDRESS         REF BY
           =====                   =======         ======
           _A_PADIR_L              0204 
           LOCAL                   ADDRESS         
           =====                   =======         
           PADIR                   0204 
           PADIR_H                 0205 
           PADIR_L                 0204 
    -------------------------------------------------------------------------
<CODE> 1 (was CODE)
  Relative segment, address: 782A - 7833 (0xa bytes), align: 1
  Segment part 13.
           ENTRY                   ADDRESS         REF BY
           =====                   =======         ======
           BoardPowerOn()          782A            main (main)

    *************************************************************************

  FILE NAME : \\Mac\Home\work\ETL\Debug\Obj\main.r43
  PROGRAM MODULE, NAME : main

  SEGMENTS IN THE MODULE
  ======================
DATA16_AN
  Relative segment, address: 020A - 020B (0x2 bytes), align: 0
  Segment part 2. ROOT        Intra module refs:   Restart_Init()
           ENTRY                   ADDRESS         REF BY
           =====                   =======         ======
           _A_PASEL_L              020A 
           LOCAL                   ADDRESS         
           =====                   =======         
           PASEL                   020A 
           PASEL_H                 020B 
           PASEL_L                 020A 
    -------------------------------------------------------------------------
DATA16_AN
  Relative segment, address: 0264 - 0265 (0x2 bytes), align: 0
  Segment part 5. ROOT        Intra module refs:   Restart_Init()
                                                   TimerB_Init(unsigned int) (timer)
           ENTRY                   ADDRESS         REF BY
           =====                   =======         ======
           _A_PDDIR_L              0264 
           LOCAL                   ADDRESS         
           =====                   =======         
           PDDIR                   0264 
           PDDIR_H                 0265 
           PDDIR_L                 0264 
    -------------------------------------------------------------------------
DATA16_AN
  Relative segment, address: 02A4 - 02A5 (0x2 bytes), align: 0
  Segment part 8. ROOT        Intra module refs:   Restart_Init()
           ENTRY                   ADDRESS         REF BY
           =====                   =======         ======
           _A_PFDIR_L              02A4 
           LOCAL                   ADDRESS         
           =====                   =======         
           PFDIR                   02A4 
           PFDIR_H                 02A5 
           PFDIR_L                 02A4 
    -------------------------------------------------------------------------
DATA16_AN
  Relative segment, address: 0100 - 0101 (0x2 bytes), align: 0
  Segment part 9. ROOT        Intra module refs:   Restart_Init()
           ENTRY                   ADDRESS         REF BY
           =====                   =======         ======
           _A_SFRIE1_L             0100 
           LOCAL                   ADDRESS         
           =====                   =======         
           SFRIE1                  0100 
           SFRIE1_H                0101 
           SFRIE1_L                0100 
    -------------------------------------------------------------------------
DATA16_I
  Relative segment, address: 1C00 - 1C01 (0x2 bytes), align: 1
  Segment part 17.
           ENTRY                   ADDRESS         REF BY
           =====                   =======         ======
           Opened                  1C00            Console_WriteBytesln(char *, int) (Console)
                                                   Console_WriteString(char *) (Console)
                                                   Console_WriteStringln(char *) (Console)
    -------------------------------------------------------------------------
DATA16_Z
  Relative segment, address: 1C40 - 1C40 (0x1 bytes), align: 0
  Segment part 21.            Intra module refs:   Restart_Init()
           ENTRY                   ADDRESS         REF BY
           =====                   =======         ======
           Is_RS485_1              1C40 
    -------------------------------------------------------------------------
DATA16_Z
  Relative segment, address: 1C41 - 1C41 (0x1 bytes), align: 0
  Segment part 23.
           ENTRY                   ADDRESS         REF BY
           =====                   =======         ======
           Is_uart1_RX_INT         1C41            UART1_RX_ISR() (uart1)
    -------------------------------------------------------------------------
<CODE> 1 (was CODE)
  Relative segment, address: 713C - 7171 (0x36 bytes), align: 1
  Segment part 26.
           ENTRY                   ADDRESS         REF BY
           =====                   =======         ======
           main                    713C            Segment part 27 (?cstart)
               calls direct
    -------------------------------------------------------------------------
ISR_CODE
  Relative segment, address: 5CFC - 5D23 (0x28 bytes), align: 1
  Segment part 29.            Intra module refs:   Port_2()::??INTVEC 84
           ENTRY                   ADDRESS         REF BY
           =====                   =======         ======
           Port_2()                5CFC 
               interrupt function
               calls direct
    -------------------------------------------------------------------------
<CODE> 1 (was CODE)
  Relative segment, address: 6CB0 - 6D09 (0x5a bytes), align: 1
  Segment part 25.            Intra module refs:   main
           ENTRY                   ADDRESS         REF BY
           =====                   =======         ======
           Restart_Init()          6CB0 
               calls direct
    -------------------------------------------------------------------------
<CODE> 1 (was CODE)
  Relative segment, address: 74AC - 74CB (0x20 bytes), align: 1
  Segment part 24.            Intra module refs:   main
           ENTRY                   ADDRESS         REF BY
           =====                   =======         ======
           Main_Init()             74AC 
               calls direct
    -------------------------------------------------------------------------
INTVEC
  Common segment, address: FF80 - FFD5 (0x56 bytes), align: 1
  Segment part 10. ROOT 
           ENTRY                   ADDRESS         REF BY
           =====                   =======         ======
           Port_2()::??INTVEC 84   FFD4 
    -------------------------------------------------------------------------
DATA16_ID
  Relative segment, address: 5CD2 - 5CD3 (0x2 bytes), align: 1
  Segment part 18.            Intra module refs:   Opened
    -------------------------------------------------------------------------
DATA16_C
  Relative segment, address: 5CAE - 5CB2 (0x5 bytes), align: 0
  Segment part 12.            Intra module refs:   main
           LOCAL                   ADDRESS         
           =====                   =======         
           main::__FUNCTION__      5CAE 
    -------------------------------------------------------------------------
DATA16_C
  Relative segment, address: 5CB3 - 5CC0 (0xe bytes), align: 0
  Segment part 13.            Intra module refs:   main
    -------------------------------------------------------------------------
DATA16_C
  Relative segment, address: 5CC1 - 5CCB (0xb bytes), align: 0
  Segment part 14.            Intra module refs:   Port_2()

    *************************************************************************

  FILE NAME : \\Mac\Home\work\ETL\Debug\Obj\mpy32.r43
    *************************************************************************

  FILE NAME : \\Mac\Home\work\ETL\Debug\Obj\oa.r43
    *************************************************************************

  FILE NAME : \\Mac\Home\work\ETL\Debug\Obj\pmap.r43
    *************************************************************************

  FILE NAME : \\Mac\Home\work\ETL\Debug\Obj\pmm.r43
    *************************************************************************

  FILE NAME : \\Mac\Home\work\ETL\Debug\Obj\ram.r43
    *************************************************************************

  FILE NAME : \\Mac\Home\work\ETL\Debug\Obj\ref.r43
    *************************************************************************

  FILE NAME : \\Mac\Home\work\ETL\Debug\Obj\rom.r43
  PROGRAM MODULE, NAME : rom

  SEGMENTS IN THE MODULE
  ======================
DATA16_AN
  Relative segment, address: 0220 - 0221 (0x2 bytes), align: 0
  Segment part 3. ROOT        Intra module refs:   I2C_GetACK()
                                                   I2C_RxByte()
           ENTRY                   ADDRESS         REF BY
           =====                   =======         ======
           _A_PBIN_L               0220 
           LOCAL                   ADDRESS         
           =====                   =======         
           PBIN                    0220 
           PBIN_H                  0221 
           PBIN_L                  0220 
    -------------------------------------------------------------------------
<CODE> 1 (was CODE)
  Relative segment, address: 77B2 - 77BF (0xe bytes), align: 1
  Segment part 27.            Intra module refs:   ROM_WriteByte(unsigned long long, char)
           ENTRY                   ADDRESS         REF BY
           =====                   =======         ======
           ROM_WP_OFF()            77B2 
    -------------------------------------------------------------------------
<CODE> 1 (was CODE)
  Relative segment, address: 77A4 - 77B1 (0xe bytes), align: 1
  Segment part 28.            Intra module refs:   ROM_WriteByte(unsigned long long, char)
           ENTRY                   ADDRESS         REF BY
           =====                   =======         ======
           ROM_WP_ON()             77A4 
    -------------------------------------------------------------------------
<CODE> 1 (was CODE)
  Relative segment, address: 657E - 663D (0xc0 bytes), align: 1
  Segment part 39.
           ENTRY                   ADDRESS         REF BY
           =====                   =======         ======
           ROM_WriteByte(unsigned long long, char)
                                   657E            EtlForAt24c1024::RomWriteByte(unsigned long long, char) (etlforat24c1024)
               calls direct
    -------------------------------------------------------------------------
<CODE> 1 (was CODE)
  Relative segment, address: 663E - 66EF (0xb2 bytes), align: 1
  Segment part 48.
           ENTRY                   ADDRESS         REF BY
           =====                   =======         ======
           ROM_ReadByte(unsigned long long, char *)
                                   663E            EtlForAt24c1024::RomReadByte(unsigned long long, char *) (etlforat24c1024)
               calls direct
    -------------------------------------------------------------------------
<CODE> 1 (was CODE)
  Relative segment, address: 7796 - 77A3 (0xe bytes), align: 1
  Segment part 30.            Intra module refs:   I2C_RxByte()
                                                   I2C_START()
                                                   I2C_STOP()
                                                   I2C_TxByte(char)
           ENTRY                   ADDRESS         REF BY
           =====                   =======         ======
           I2C_Set_sda_high()      7796 
    -------------------------------------------------------------------------
<CODE> 1 (was CODE)
  Relative segment, address: 777A - 7787 (0xe bytes), align: 1
  Segment part 32.            Intra module refs:   I2C_START()
                                                   I2C_STOP()
                                                   I2C_TxByte(char)
           ENTRY                   ADDRESS         REF BY
           =====                   =======         ======
           I2C_Set_sda_low()       777A 
    -------------------------------------------------------------------------
<CODE> 1 (was CODE)
  Relative segment, address: 776C - 7779 (0xe bytes), align: 1
  Segment part 31.            Intra module refs:   I2C_GetACK()
                                                   I2C_RxByte()
                                                   I2C_START()
                                                   I2C_STOP()
                                                   I2C_TxByte(char)
           ENTRY                   ADDRESS         REF BY
           =====                   =======         ======
           I2C_Set_sck_high()      776C 
    -------------------------------------------------------------------------
<CODE> 1 (was CODE)
  Relative segment, address: 775E - 776B (0xe bytes), align: 1
  Segment part 29.            Intra module refs:   I2C_GetACK()
                                                   I2C_RxByte()
                                                   I2C_START()
                                                   I2C_STOP()
                                                   I2C_TxByte(char)
           ENTRY                   ADDRESS         REF BY
           =====                   =======         ======
           I2C_Set_sck_low()       775E 
    -------------------------------------------------------------------------
<CODE> 1 (was CODE)
  Relative segment, address: 7020 - 7059 (0x3a bytes), align: 1
  Segment part 49.            Intra module refs:   ROM_ReadByte(unsigned long long, char *)
                                                   ROM_WriteByte(unsigned long long, char)
           ENTRY                   ADDRESS         REF BY
           =====                   =======         ======
           I2C_GetACK()            7020 
               calls direct
    -------------------------------------------------------------------------
<CODE> 1 (was CODE)
  Relative segment, address: 71A8 - 71DB (0x34 bytes), align: 1
  Segment part 37.            Intra module refs:   ROM_ReadByte(unsigned long long, char *)
                                                   ROM_WriteByte(unsigned long long, char)
           ENTRY                   ADDRESS         REF BY
           =====                   =======         ======
           I2C_START()             71A8 
               calls direct
    -------------------------------------------------------------------------
<CODE> 1 (was CODE)
  Relative segment, address: 6FAA - 6FE5 (0x3c bytes), align: 1
  Segment part 33.            Intra module refs:   ROM_ReadByte(unsigned long long, char *)
                                                   ROM_WriteByte(unsigned long long, char)
           ENTRY                   ADDRESS         REF BY
           =====                   =======         ======
           I2C_STOP()              6FAA 
               calls direct
    -------------------------------------------------------------------------
<CODE> 1 (was CODE)
  Relative segment, address: 6F6E - 6FA9 (0x3c bytes), align: 1
[...]
  LIBRARY MODULE, NAME : ?memchr

  SEGMENTS IN THE MODULE
  ======================
<CODE> 1 (was CODE)
  Relative segment, address: 76A4 - 76B7 (0x14 bytes), align: 1
  Segment part 2.
           ENTRY                   ADDRESS         REF BY
           =====                   =======         ======
           __iar_Memchr            76A4            _PrintfSmallNoMb (?xprintfsmall_nomb)

    -------------------------------------------------------------------------
  LIBRARY MODULE, NAME : ?memcpy

  SEGMENTS IN THE MODULE
  ======================
<CODE> 1 (was CODE)
  Relative segment, address: 76CA - 76DB (0x12 bytes), align: 1
  Segment part 2.
           ENTRY                   ADDRESS         REF BY
           =====                   =======         ======
           memcpy                  76CA            ETL::ReadDataPage(int, DataPage *) (etl)
                                                   ETL::WriteDataPage(int, DataPage *) (etl)
                                                   __data16_memcpy (?memzero)

    -------------------------------------------------------------------------
  LIBRARY MODULE, NAME : ?memzero

  SEGMENTS IN THE MODULE
  ======================
<CODE> 1 (was CODE)
  Relative segment, address: 7730 - 773F (0x10 bytes), align: 1
  Segment part 2.
           ENTRY                   ADDRESS         REF BY
           =====                   =======         ======
           __data16_memzero        7730            ?cstart_init_zero (?cstart)
                                                   __data16_calloc (?xxmemxcalloc)
    -------------------------------------------------------------------------
<CODE> 1 (was CODE)
  Relative segment, address: 789E - 78A1 (0x4 bytes), align: 1
  Segment part 3.
           ENTRY                   ADDRESS         REF BY
           =====                   =======         ======
           __data16_memcpy         789E            ?cstart_init_copy (?cstart)
               calls direct

    -------------------------------------------------------------------------
  LIBRARY MODULE, NAME : ?Mul8Hw

  SEGMENTS IN THE MODULE
  ======================
<CODE> 1 (was CODE)
  Relative segment, address: 746C - 746F (0x4 bytes), align: 1
  Segment part 0.
           ENTRY                   ADDRESS         REF BY
           =====                   =======         ======
           ?Mul8Hw                 746C            _LitobSmallNoMb (?xprintfsmall_nomb)
    -------------------------------------------------------------------------
<CODE> 1 (was CODE)
  Relative segment, address: 7470 - 748B (0x1c bytes), align: 1
  Segment part 1.             Intra module refs:   ?Mul8Hw
           ENTRY                   ADDRESS         REF BY
           =====                   =======         ======
           ?Mul16Hw                7470            __data16_calloc (?xxmemxcalloc)
           ?Mul16to32uHw           7470 

    -------------------------------------------------------------------------
  LIBRARY MODULE, NAME : ?new

  SEGMENTS IN THE MODULE
  ======================
DATA16_Z
  Relative segment, address: 1C36 - 1C39 (0x4 bytes), align: 1
  Segment part 2.
           ENTRY                   ADDRESS         REF BY
           =====                   =======         ======
           __iar_New_hand          1C36            operator new(size_t) (?newop_0)

    -------------------------------------------------------------------------
  LIBRARY MODULE, NAME : ?newop_0

  SEGMENTS IN THE MODULE
  ======================
<CODE> 1 (was CODE)
  Relative segment, address: 72CE - 72F7 (0x2a bytes), align: 1
  Segment part 2.
           ENTRY                   ADDRESS         REF BY
           =====                   =======         ======
           operator new(size_t)    72CE            ETLWriteDataPage() (etltest)
               calls direct and indirect

    -------------------------------------------------------------------------
  LIBRARY MODULE, NAME : ?nomemory

  SEGMENTS IN THE MODULE
  ======================
<CODE> 1 (was CODE)
  Relative segment, address: 788E - 7891 (0x4 bytes), align: 1
  Segment part 10.
           ENTRY                   ADDRESS         REF BY
           =====                   =======         ======
           _Nomemory()             788E            operator new(size_t) (?newop_0)
               calls direct

    -------------------------------------------------------------------------
  LIBRARY MODULE, NAME : ?printf

  SEGMENTS IN THE MODULE
  ======================
<CODE> 1 (was CODE)
  Relative segment, address: 734A - 736F (0x26 bytes), align: 1
  Segment part 2.
           ENTRY                   ADDRESS         REF BY
           =====                   =======         ======
           printf                  734A            Port_2() (main)
                                                   PrintDataPage(DataPage *) (etltest)
               calls direct

    -------------------------------------------------------------------------
  LIBRARY MODULE, NAME : ?IndCallR11

  SEGMENTS IN THE MODULE
  ======================
<CODE> 1 (was CODE)
  Relative segment, address: 7896 - 7899 (0x4 bytes), align: 1
  Segment part 0.
           ENTRY                   ADDRESS         REF BY
           =====                   =======         ======
           ?IndCallR11             7896            _PutcharSmallNoMb (?xprintfsmall_nomb)

    -------------------------------------------------------------------------
  LIBRARY MODULE, NAME : ?IndCallR15

  SEGMENTS IN THE MODULE
  ======================
<CODE> 1 (was CODE)
  Relative segment, address: 7892 - 7895 (0x4 bytes), align: 1
  Segment part 0.
           ENTRY                   ADDRESS         REF BY
           =====                   =======         ======
           ?IndCallR15             7892            ETL::RomReadBytes(unsigned long long, char *, int) (etl)
                                                   ETL::RomWriteBytes(unsigned long long, char const *, int) (etl)

    -------------------------------------------------------------------------
  LIBRARY MODULE, NAME : ?strchr

  SEGMENTS IN THE MODULE
  ======================
<CODE> 1 (was CODE)
  Relative segment, address: 77C0 - 77CD (0xe bytes), align: 1
  Segment part 2.
           ENTRY                   ADDRESS         REF BY
           =====                   =======         ======
           __iar_Strchr            77C0            _PrintfSmallNoMb (?xprintfsmall_nomb)

    -------------------------------------------------------------------------
  LIBRARY MODULE, NAME : ?strlen

  SEGMENTS IN THE MODULE
  ======================
<CODE> 1 (was CODE)
  Relative segment, address: 76DC - 76ED (0x12 bytes), align: 1
  Segment part 2.
           ENTRY                   ADDRESS         REF BY
           =====                   =======         ======
           strlen                  76DC            _PrintfSmallNoMb (?xprintfsmall_nomb)

    -------------------------------------------------------------------------
  LIBRARY MODULE, NAME : ?xgetmemchunk

  SEGMENTS IN THE MODULE
  ======================
<CODE> 1 (was CODE)
  Relative segment, address: 752A - 7547 (0x1e bytes), align: 1
  Segment part 3.
           ENTRY                   ADDRESS         REF BY
           =====                   =======         ======
           __data16_GetMemChunk    752A            __data16_findmem (?xxmemxmalloc)
    -------------------------------------------------------------------------
DATA16_Z
  Relative segment, address: 1C3A - 1C3B (0x2 bytes), align: 1
  Segment part 2.             Intra module refs:   __data16_GetMemChunk
    -------------------------------------------------------------------------
DATA16_HEAP
  Relative segment, address: 2508, align: 1
  Segment part 4.

    -------------------------------------------------------------------------
  LIBRARY MODULE, NAME : ?xprintfsmall_nomb

  SEGMENTS IN THE MODULE
  ======================
<CODE> 1 (was CODE)
  Relative segment, address: 6090 - 6439 (0x3aa bytes), align: 1
  Segment part 4.
           ENTRY                   ADDRESS         REF BY
           =====                   =======         ======
           _PrintfSmallNoMb        6090            printf (?printf)
               calls direct
    -------------------------------------------------------------------------
<CODE> 1 (was CODE)
  Relative segment, address: 77CE - 77DB (0xe bytes), align: 1
  Segment part 5.             Intra module refs:   _PrintfSmallNoMb
    -------------------------------------------------------------------------
<CODE> 1 (was CODE)
  Relative segment, address: 7700 - 7701 (0x2 bytes), align: 1
  Segment part 6.             Intra module refs:   _PrintfSmallNoMb
    -------------------------------------------------------------------------
<CODE> 1 (was CODE)
  Relative segment, address: 7702 - 770F (0xe bytes), align: 1
  Segment part 7.             Intra module refs:   Segment part 6
                                                   _PrintfSmallNoMb
    -------------------------------------------------------------------------
<CODE> 1 (was CODE)
  Relative segment, address: 6AB8 - 6B1F (0x68 bytes), align: 1
  Segment part 8.             Intra module refs:   _PrintfSmallNoMb
           LOCAL                   ADDRESS         
           =====                   =======         
           LoadInt                 6AB8 
    -------------------------------------------------------------------------
<CODE> 1 (was CODE)
  Relative segment, address: 77EA - 77F5 (0xc bytes), align: 1
  Segment part 9.             Intra module refs:   LoadInt
    -------------------------------------------------------------------------
<CODE> 1 (was CODE)
  Relative segment, address: 7172 - 71A7 (0x36 bytes), align: 1
  Segment part 10.            Intra module refs:   Segment part 7
           LOCAL                   ADDRESS         
           =====                   =======         
           pad                     7172 
               calls direct
    -------------------------------------------------------------------------
<CODE> 1 (was CODE)
  Relative segment, address: 643A - 657D (0x144 bytes), align: 1
  Segment part 3.             Intra module refs:   _PrintfSmallNoMb
           LOCAL                   ADDRESS         
           =====                   =======         
           _LitobSmallNoMb         643A 
               calls direct
    -------------------------------------------------------------------------
<CODE> 1 (was CODE)
  Relative segment, address: 7322 - 7349 (0x28 bytes), align: 1
  Segment part 11.            Intra module refs:   _PrintfSmallNoMb
                                                   _PutcharsSmallNoMb
           LOCAL                   ADDRESS         
           =====                   =======         
           _PutcharSmallNoMb       7322 
               calls indirect
    -------------------------------------------------------------------------
<CODE> 1 (was CODE)
  Relative segment, address: 72A2 - 72CD (0x2c bytes), align: 1
  Segment part 12.            Intra module refs:   Segment part 5
                                                   pad
           LOCAL                   ADDRESS         
           =====                   =======         
           _PutcharsSmallNoMb      72A2 
               calls direct
    -------------------------------------------------------------------------
DATA16_C
  Relative segment, address: 5CCC - 5CD1 (0x6 bytes), align: 0
  Segment part 2.             Intra module refs:   _PrintfSmallNoMb

    -------------------------------------------------------------------------
  LIBRARY MODULE, NAME : ?xprout

  SEGMENTS IN THE MODULE
  ======================
<CODE> 1 (was CODE)
  Relative segment, address: 75CA - 75E1 (0x18 bytes), align: 1
  Segment part 2.
           ENTRY                   ADDRESS         REF BY
           =====                   =======         ======
           _Prout                  75CA            printf (?printf)
               calls direct

    -------------------------------------------------------------------------
  LIBRARY MODULE, NAME : ?xxmemxcalloc

  SEGMENTS IN THE MODULE
  ======================
<CODE> 1 (was CODE)
  Relative segment, address: 705A - 7093 (0x3a bytes), align: 1
  Segment part 2.
           ENTRY                   ADDRESS         REF BY
           =====                   =======         ======
           __data16_calloc         705A            calloc (etl)
               calls direct

    -------------------------------------------------------------------------
  LIBRARY MODULE, NAME : ?xxmemxfree

  SEGMENTS IN THE MODULE
  ======================
<CODE> 1 (was CODE)
  Relative segment, address: 68DC - 6961 (0x86 bytes), align: 1
  Segment part 2.
           ENTRY                   ADDRESS         REF BY
           =====                   =======         ======
           __data16_free           68DC            __data16_findmem (?xxmemxmalloc)
                                                   free (Console)

    -------------------------------------------------------------------------
  LIBRARY MODULE, NAME : ?xxmemxmalloc

  SEGMENTS IN THE MODULE
  ======================
DATA16_Z
  Relative segment, address: 1C3C - 1C3F (0x4 bytes), align: 1
  Segment part 2.             Intra module refs:   __data16_findmem
                                                   __data16_malloc
           ENTRY                   ADDRESS         REF BY
           =====                   =======         ======
           __data16_Aldata         1C3C            __data16_free (?xxmemxfree)
    -------------------------------------------------------------------------
<CODE> 1 (was CODE)
  Relative segment, address: 6BF0 - 6C53 (0x64 bytes), align: 1
  Segment part 3.             Intra module refs:   __data16_malloc
           LOCAL                   ADDRESS         
           =====                   =======         
           __data16_findmem        6BF0 
               calls direct
    -------------------------------------------------------------------------
<CODE> 1 (was CODE)
  Relative segment, address: 69DE - 6A4B (0x6e bytes), align: 1
  Segment part 4.
           ENTRY                   ADDRESS         REF BY
           =====                   =======         ======
           __data16_malloc         69DE            __data16_calloc (?xxmemxcalloc)
                                                   operator new(size_t) (?newop_0)
               calls direct




                ****************************************
                *                                      *
                *      SEGMENTS IN ADDRESS ORDER       *
                *                                      *
                ****************************************


SEGMENT              SPACE    START ADDRESS   END ADDRESS     SIZE  TYPE  ALIGN
=======              =====    =============   ===========     ====  ====  =====
DATA16_AN                              0100 - 0103               4   rel    0
                                       0120 - 0121               2 
                                       0124 - 0127               4 
                                       012C - 012D               2 
                                       015C - 015D               2 
                                       0168 - 016F               8 
                                       0200 - 0205               6 
                                       020A - 020B               2 
                                       021A - 021D               4 
                                       0220 - 0225               6 
                                       022A - 022B               2 
                                       0244 - 0245               2 
                                       024A - 024B               2 
                                       0262 - 0265               4 
                                       026A - 026B               2 
                                       0280 - 0285               6 
                                       028A - 028B               2 
                                       02A4 - 02A5               2 
                                       0340 - 0343               4 
                                       0352 - 0353               2 
                                       0380 - 0383               4 
                                       0392 - 0393               2 
                                       03C0 - 03C7               8 
                                       03D2 - 03D7               6 
                                       03EE - 03EF               2 
                                       05C0 - 05C1               2 
                                       05C6 - 05C8               3 
                                       05CC - 05CC               1 
                                       05CE - 05CE               1 
                                       05DC - 05DD               2 
                                       0600 - 0601               2 
                                       0606 - 0608               3 
                                       060C - 060C               1 
                                       060E - 060E               1 
                                       061C - 061D               2 
                                       0680 - 0681               2 
                                       0686 - 0688               3 
                                       068C - 068C               1 
                                       068E - 068E               1 
                                       069C - 069D               2 
DATA16_I                               1C00 - 1C01               2   rel    1
DATA16_Z                               1C02 - 2507             906   rel    1
DATA16_HEAP                            2508 - 3C77            1770   rel    1
DATA20_I                                  3C78                       rel    1
DATA20_Z                                  3C78                       rel    1
DATA20_N                                  3C78                       rel    1
CODE_I                                    3C78                       rel    1
CSTACK                                 4848 - 5BFF            13B8   rel    1
DATA16_C                               5C00 - 5CD1              D2   rel    1
DATA16_ID                              5CD2 - 5CD3               2   rel    1
CSTART                                 5CD4 - 5CFB              28   rel    1
ISR_CODE                               5CFC - 608F             394   rel    1
<CODE> 1                               6090 - 78B3            1824   rel    1
CODE_ID                                   78B4                       rel    1
DATA20_ID                                 78B4                       rel    1
DATA20_C                                  78B4                       rel    1
INTVEC                                 FF80 - FFF9              7A   com    1
RESET                                  FFFE - FFFF               2   rel    1

                ****************************************
                *                                      *
                *        END OF CROSS REFERENCE        *
                *                                      *
                ****************************************

  7 260 bytes of CODE  memory
 13 360 bytes of DATA  memory (+ 117 absolute )
    212 bytes of CONST memory

Errors: none
Warnings: 1

